2026-02-14T07:14:04.2002808Z Current runner version: '2.331.0'
2026-02-14T07:14:04.2027729Z ##[group]Runner Image Provisioner
2026-02-14T07:14:04.2028684Z Hosted Compute Agent
2026-02-14T07:14:04.2029276Z Version: 20260123.484
2026-02-14T07:14:04.2029840Z Commit: 6bd6555ca37d84114959e1c76d2c01448ff61c5d
2026-02-14T07:14:04.2030487Z Build Date: 2026-01-23T19:41:17Z
2026-02-14T07:14:04.2031115Z Worker ID: {fa804944-2160-403a-abcf-ee580594977e}
2026-02-14T07:14:04.2031697Z Azure Region: northcentralus
2026-02-14T07:14:04.2032199Z ##[endgroup]
2026-02-14T07:14:04.2033640Z ##[group]Operating System
2026-02-14T07:14:04.2034385Z Ubuntu
2026-02-14T07:14:04.2034933Z 24.04.3
2026-02-14T07:14:04.2035463Z LTS
2026-02-14T07:14:04.2035843Z ##[endgroup]
2026-02-14T07:14:04.2036285Z ##[group]Runner Image
2026-02-14T07:14:04.2036790Z Image: ubuntu-24.04
2026-02-14T07:14:04.2037211Z Version: 20260209.23.1
2026-02-14T07:14:04.2038249Z Included Software: https://github.com/actions/runner-images/blob/ubuntu24/20260209.23/images/ubuntu/Ubuntu2404-Readme.md
2026-02-14T07:14:04.2039630Z Image Release: https://github.com/actions/runner-images/releases/tag/ubuntu24%2F20260209.23
2026-02-14T07:14:04.2040449Z ##[endgroup]
2026-02-14T07:14:04.2041458Z ##[group]GITHUB_TOKEN Permissions
2026-02-14T07:14:04.2043582Z Contents: read
2026-02-14T07:14:04.2044356Z Metadata: read
2026-02-14T07:14:04.2044881Z Packages: read
2026-02-14T07:14:04.2045320Z ##[endgroup]
2026-02-14T07:14:04.2047338Z Secret source: Actions
2026-02-14T07:14:04.2048229Z Prepare workflow directory
2026-02-14T07:14:04.2354926Z Prepare all required actions
2026-02-14T07:14:04.2392563Z Getting action download info
2026-02-14T07:14:04.5788231Z Download action repository 'actions/checkout@v4' (SHA:34e114876b0b11c390a56381ad16ebd13914f8d5)
2026-02-14T07:14:04.7292887Z Download action repository 'actions/setup-node@v4' (SHA:49933ea5288caeca8642d1e84afbd3f7d6820020)
2026-02-14T07:14:04.8024002Z Download action repository 'actions/github-script@v7' (SHA:f28e40c7f34bde8b3046d885e986cb6290c5673b)
2026-02-14T07:14:05.2058489Z Complete job name: Run tests
2026-02-14T07:14:05.2819255Z ##[group]Run actions/checkout@v4
2026-02-14T07:14:05.2819938Z with:
2026-02-14T07:14:05.2820266Z   ref: refs/pull/125/merge
2026-02-14T07:14:05.2820741Z   repository: tyngw/interactive-markdown-table-editor
2026-02-14T07:14:05.2821400Z   token: ***
2026-02-14T07:14:05.2821729Z   ssh-strict: true
2026-02-14T07:14:05.2822063Z   ssh-user: git
2026-02-14T07:14:05.2822411Z   persist-credentials: true
2026-02-14T07:14:05.2822791Z   clean: true
2026-02-14T07:14:05.2823137Z   sparse-checkout-cone-mode: true
2026-02-14T07:14:05.2823550Z   fetch-depth: 1
2026-02-14T07:14:05.2823900Z   fetch-tags: false
2026-02-14T07:14:05.2824521Z   show-progress: true
2026-02-14T07:14:05.2824863Z   lfs: false
2026-02-14T07:14:05.2825180Z   submodules: false
2026-02-14T07:14:05.2825527Z   set-safe-directory: true
2026-02-14T07:14:05.2826128Z ##[endgroup]
2026-02-14T07:14:05.3822881Z Syncing repository: tyngw/interactive-markdown-table-editor
2026-02-14T07:14:05.3824979Z ##[group]Getting Git version info
2026-02-14T07:14:05.3826186Z Working directory is '/home/runner/work/interactive-markdown-table-editor/interactive-markdown-table-editor'
2026-02-14T07:14:05.3827359Z [command]/usr/bin/git version
2026-02-14T07:14:05.3827755Z git version 2.52.0
2026-02-14T07:14:05.3847206Z ##[endgroup]
2026-02-14T07:14:05.3859853Z Temporarily overriding HOME='/home/runner/work/_temp/09af96ce-ecb8-418d-9bfb-10454d59d5a2' before making global git config changes
2026-02-14T07:14:05.3861512Z Adding repository directory to the temporary git global config as a safe directory
2026-02-14T07:14:05.3864703Z [command]/usr/bin/git config --global --add safe.directory /home/runner/work/interactive-markdown-table-editor/interactive-markdown-table-editor
2026-02-14T07:14:05.3900608Z Deleting the contents of '/home/runner/work/interactive-markdown-table-editor/interactive-markdown-table-editor'
2026-02-14T07:14:05.3903126Z ##[group]Initializing the repository
2026-02-14T07:14:05.3907312Z [command]/usr/bin/git init /home/runner/work/interactive-markdown-table-editor/interactive-markdown-table-editor
2026-02-14T07:14:05.4020997Z hint: Using 'master' as the name for the initial branch. This default branch name
2026-02-14T07:14:05.4022450Z hint: will change to "main" in Git 3.0. To configure the initial branch name
2026-02-14T07:14:05.4023227Z hint: to use in all of your new repositories, which will suppress this warning,
2026-02-14T07:14:05.4023999Z hint: call:
2026-02-14T07:14:05.4024585Z hint:
2026-02-14T07:14:05.4025267Z hint: 	git config --global init.defaultBranch <name>
2026-02-14T07:14:05.4026154Z hint:
2026-02-14T07:14:05.4026972Z hint: Names commonly chosen instead of 'master' are 'main', 'trunk' and
2026-02-14T07:14:05.4027860Z hint: 'development'. The just-created branch can be renamed via this command:
2026-02-14T07:14:05.4028451Z hint:
2026-02-14T07:14:05.4028770Z hint: 	git branch -m <name>
2026-02-14T07:14:05.4029130Z hint:
2026-02-14T07:14:05.4029624Z hint: Disable this message with "git config set advice.defaultBranchName false"
2026-02-14T07:14:05.4031036Z Initialized empty Git repository in /home/runner/work/interactive-markdown-table-editor/interactive-markdown-table-editor/.git/
2026-02-14T07:14:05.4036804Z [command]/usr/bin/git remote add origin https://github.com/tyngw/interactive-markdown-table-editor
2026-02-14T07:14:05.4066988Z ##[endgroup]
2026-02-14T07:14:05.4067615Z ##[group]Disabling automatic garbage collection
2026-02-14T07:14:05.4071273Z [command]/usr/bin/git config --local gc.auto 0
2026-02-14T07:14:05.4093193Z ##[endgroup]
2026-02-14T07:14:05.4093778Z ##[group]Setting up auth
2026-02-14T07:14:05.4099402Z [command]/usr/bin/git config --local --name-only --get-regexp core\.sshCommand
2026-02-14T07:14:05.4122530Z [command]/usr/bin/git submodule foreach --recursive sh -c "git config --local --name-only --get-regexp 'core\.sshCommand' && git config --local --unset-all 'core.sshCommand' || :"
2026-02-14T07:14:05.4433847Z [command]/usr/bin/git config --local --name-only --get-regexp http\.https\:\/\/github\.com\/\.extraheader
2026-02-14T07:14:05.4460380Z [command]/usr/bin/git submodule foreach --recursive sh -c "git config --local --name-only --get-regexp 'http\.https\:\/\/github\.com\/\.extraheader' && git config --local --unset-all 'http.https://github.com/.extraheader' || :"
2026-02-14T07:14:05.4631313Z [command]/usr/bin/git config --local --name-only --get-regexp ^includeIf\.gitdir:
2026-02-14T07:14:05.4656965Z [command]/usr/bin/git submodule foreach --recursive git config --local --show-origin --name-only --get-regexp remote.origin.url
2026-02-14T07:14:05.4825420Z [command]/usr/bin/git config --local http.https://github.com/.extraheader AUTHORIZATION: basic ***
2026-02-14T07:14:05.4853208Z ##[endgroup]
2026-02-14T07:14:05.4854432Z ##[group]Fetching the repository
2026-02-14T07:14:05.4862024Z [command]/usr/bin/git -c protocol.version=2 fetch --no-tags --prune --no-recurse-submodules --depth=1 origin +refs/pull/125/merge:refs/remotes/pull/125/merge
2026-02-14T07:14:06.0085991Z From https://github.com/tyngw/interactive-markdown-table-editor
2026-02-14T07:14:06.0087637Z  * [new ref]         refs/pull/125/merge -> pull/125/merge
2026-02-14T07:14:06.0113278Z ##[endgroup]
2026-02-14T07:14:06.0115399Z ##[group]Determining the checkout info
2026-02-14T07:14:06.0117601Z ##[endgroup]
2026-02-14T07:14:06.0120996Z [command]/usr/bin/git sparse-checkout disable
2026-02-14T07:14:06.0159034Z [command]/usr/bin/git config --local --unset-all extensions.worktreeConfig
2026-02-14T07:14:06.0181169Z ##[group]Checking out the ref
2026-02-14T07:14:06.0184961Z [command]/usr/bin/git checkout --progress --force refs/remotes/pull/125/merge
2026-02-14T07:14:06.0475199Z Note: switching to 'refs/remotes/pull/125/merge'.
2026-02-14T07:14:06.0476434Z 
2026-02-14T07:14:06.0477734Z You are in 'detached HEAD' state. You can look around, make experimental
2026-02-14T07:14:06.0481018Z changes and commit them, and you can discard any commits you make in this
2026-02-14T07:14:06.0484540Z state without impacting any branches by switching back to a branch.
2026-02-14T07:14:06.0487031Z 
2026-02-14T07:14:06.0488229Z If you want to create a new branch to retain commits you create, you may
2026-02-14T07:14:06.0490854Z do so (now or later) by using -c with the switch command. Example:
2026-02-14T07:14:06.0492298Z 
2026-02-14T07:14:06.0492870Z   git switch -c <new-branch-name>
2026-02-14T07:14:06.0493835Z 
2026-02-14T07:14:06.0494624Z Or undo this operation with:
2026-02-14T07:14:06.0495636Z 
2026-02-14T07:14:06.0495936Z   git switch -
2026-02-14T07:14:06.0496353Z 
2026-02-14T07:14:06.0497059Z Turn off this advice by setting config variable advice.detachedHead to false
2026-02-14T07:14:06.0498193Z 
2026-02-14T07:14:06.0499799Z HEAD is now at a0c35bd Merge 550452ff777668fcbebeba926cba7cf60be209c8 into 5e3d153f5de9eb4ee09feb82727ec0dd9486427c
2026-02-14T07:14:06.0504893Z ##[endgroup]
2026-02-14T07:14:06.0517956Z [command]/usr/bin/git log -1 --format=%H
2026-02-14T07:14:06.0536024Z a0c35bdd2460669ed51acc49f05579b03e950fbf
2026-02-14T07:14:06.0801758Z ##[group]Run actions/setup-node@v4
2026-02-14T07:14:06.0802765Z with:
2026-02-14T07:14:06.0803480Z   node-version: 20
2026-02-14T07:14:06.0804481Z   cache: npm
2026-02-14T07:14:06.0805237Z   always-auth: false
2026-02-14T07:14:06.0806047Z   check-latest: false
2026-02-14T07:14:06.0807155Z   token: ***
2026-02-14T07:14:06.0807888Z ##[endgroup]
2026-02-14T07:14:06.2478524Z Found in cache @ /opt/hostedtoolcache/node/20.20.0/x64
2026-02-14T07:14:06.2484720Z ##[group]Environment details
2026-02-14T07:14:11.8538296Z node: v20.20.0
2026-02-14T07:14:11.8539657Z npm: 10.8.2
2026-02-14T07:14:11.8540036Z yarn: 1.22.22
2026-02-14T07:14:11.8541827Z ##[endgroup]
2026-02-14T07:14:11.8559478Z [command]/opt/hostedtoolcache/node/20.20.0/x64/bin/npm config get cache
2026-02-14T07:14:12.3743939Z /home/runner/.npm
2026-02-14T07:14:12.5205628Z Cache hit for: node-cache-Linux-x64-npm-ead362536a87f1251300bcf30bc2dfbdef683bfdfdd95676ff4205159b18467d
2026-02-14T07:14:13.2792934Z Received 64607180 of 64607180 (100.0%), 98.6 MBs/sec
2026-02-14T07:14:13.2793717Z Cache Size: ~62 MB (64607180 B)
2026-02-14T07:14:13.2831060Z [command]/usr/bin/tar -xf /home/runner/work/_temp/0ec8bc8b-78c6-4095-9f88-c17659a603f7/cache.tzst -P -C /home/runner/work/interactive-markdown-table-editor/interactive-markdown-table-editor --use-compress-program unzstd
2026-02-14T07:14:13.4057575Z Cache restored successfully
2026-02-14T07:14:13.4142732Z Cache restored from key: node-cache-Linux-x64-npm-ead362536a87f1251300bcf30bc2dfbdef683bfdfdd95676ff4205159b18467d
2026-02-14T07:14:13.4258881Z ##[group]Run npm ci
2026-02-14T07:14:13.4259199Z [36;1mnpm ci[0m
2026-02-14T07:14:13.4300018Z shell: /usr/bin/bash -e {0}
2026-02-14T07:14:13.4300318Z ##[endgroup]
2026-02-14T07:14:17.5047812Z npm warn deprecated inflight@1.0.6: This module is not supported, and leaks memory. Do not use it. Check out lru-cache if you want a good and tested way to coalesce async requests by a key value, which is much more comprehensive and powerful.
2026-02-14T07:14:17.5665678Z npm warn deprecated whatwg-encoding@3.1.1: Use @exodus/bytes instead for a more spec-conformant and faster implementation
2026-02-14T07:14:17.5830924Z npm warn deprecated @humanwhocodes/config-array@0.13.0: Use @eslint/config-array instead
2026-02-14T07:14:17.5881531Z npm warn deprecated rimraf@3.0.2: Rimraf versions prior to v4 are no longer supported
2026-02-14T07:14:17.6319782Z npm warn deprecated glob@8.1.0: Glob versions prior to v9 are no longer supported
2026-02-14T07:14:17.6369161Z npm warn deprecated @humanwhocodes/object-schema@2.0.3: Use @eslint/object-schema instead
2026-02-14T07:14:17.6381237Z npm warn deprecated glob@7.2.3: Old versions of glob are not supported, and contain widely publicized security vulnerabilities, which have been fixed in the current version. Please update. Support for old versions may be purchased (at exorbitant rates) by contacting i@izs.me
2026-02-14T07:14:17.6383884Z npm warn deprecated glob@7.2.3: Glob versions prior to v9 are no longer supported
2026-02-14T07:14:17.6385935Z npm warn deprecated glob@7.2.3: Old versions of glob are not supported, and contain widely publicized security vulnerabilities, which have been fixed in the current version. Please update. Support for old versions may be purchased (at exorbitant rates) by contacting i@izs.me
2026-02-14T07:14:18.7475080Z npm warn deprecated eslint@8.57.1: This version is no longer supported. Please see https://eslint.org/version-support for other options.
2026-02-14T07:14:19.7246629Z 
2026-02-14T07:14:19.7248321Z added 620 packages, and audited 621 packages in 6s
2026-02-14T07:14:19.7248860Z 
2026-02-14T07:14:19.7249203Z 154 packages are looking for funding
2026-02-14T07:14:19.7249712Z   run `npm fund` for details
2026-02-14T07:14:19.7298846Z 
2026-02-14T07:14:19.7308419Z 3 vulnerabilities (1 low, 1 moderate, 1 high)
2026-02-14T07:14:19.7309025Z 
2026-02-14T07:14:19.7309497Z To address all issues, run:
2026-02-14T07:14:19.7310093Z   npm audit fix
2026-02-14T07:14:19.7310306Z 
2026-02-14T07:14:19.7310509Z Run `npm audit` for details.
2026-02-14T07:14:19.7541790Z ##[group]Run npm ci --prefix webview-react
2026-02-14T07:14:19.7542130Z [36;1mnpm ci --prefix webview-react[0m
2026-02-14T07:14:19.7571646Z shell: /usr/bin/bash -e {0}
2026-02-14T07:14:19.7571914Z ##[endgroup]
2026-02-14T07:14:21.3771286Z npm warn deprecated inflight@1.0.6: This module is not supported, and leaks memory. Do not use it. Check out lru-cache if you want a good and tested way to coalesce async requests by a key value, which is much more comprehensive and powerful.
2026-02-14T07:14:21.4576070Z npm warn deprecated abab@2.0.6: Use your platform's native atob() and btoa() methods instead
2026-02-14T07:14:21.5094710Z npm warn deprecated glob@7.2.3: Glob versions prior to v9 are no longer supported
2026-02-14T07:14:21.5461029Z npm warn deprecated domexception@4.0.0: Use your platform's native DOMException instead
2026-02-14T07:14:22.3863131Z 
2026-02-14T07:14:22.3863994Z added 528 packages, and audited 529 packages in 3s
2026-02-14T07:14:22.3865395Z 
2026-02-14T07:14:22.3865885Z 88 packages are looking for funding
2026-02-14T07:14:22.3866309Z   run `npm fund` for details
2026-02-14T07:14:22.3874904Z 
2026-02-14T07:14:22.3875480Z found 0 vulnerabilities
2026-02-14T07:14:22.4045558Z ##[group]Run npx playwright install --with-deps
2026-02-14T07:14:22.4045908Z [36;1mnpx playwright install --with-deps[0m
2026-02-14T07:14:22.4074005Z shell: /usr/bin/bash -e {0}
2026-02-14T07:14:22.4074489Z ##[endgroup]
2026-02-14T07:14:23.2332539Z Installing dependencies...
2026-02-14T07:14:23.2392922Z Switching to root user to install dependencies...
2026-02-14T07:14:23.5274525Z Get:1 file:/etc/apt/apt-mirrors.txt Mirrorlist [144 B]
2026-02-14T07:14:23.5280848Z Get:2 https://packages.microsoft.com/repos/azure-cli noble InRelease [3564 B]
2026-02-14T07:14:23.5556054Z Get:3 https://packages.microsoft.com/ubuntu/24.04/prod noble InRelease [3600 B]
2026-02-14T07:14:23.5840548Z Hit:4 http://azure.archive.ubuntu.com/ubuntu noble InRelease
2026-02-14T07:14:23.5860005Z Get:5 http://azure.archive.ubuntu.com/ubuntu noble-updates InRelease [126 kB]
2026-02-14T07:14:23.5906238Z Get:6 http://azure.archive.ubuntu.com/ubuntu noble-backports InRelease [126 kB]
2026-02-14T07:14:23.5953074Z Get:7 http://azure.archive.ubuntu.com/ubuntu noble-security InRelease [126 kB]
2026-02-14T07:14:23.8148116Z Get:8 https://packages.microsoft.com/repos/azure-cli noble/main amd64 Packages [2129 B]
2026-02-14T07:14:23.8701370Z Get:9 https://packages.microsoft.com/ubuntu/24.04/prod noble/main amd64 Packages [89.5 kB]
2026-02-14T07:14:23.8743418Z Get:10 https://packages.microsoft.com/ubuntu/24.04/prod noble/main arm64 Packages [68.9 kB]
2026-02-14T07:14:23.8766236Z Get:11 https://packages.microsoft.com/ubuntu/24.04/prod noble/main all Packages [643 B]
2026-02-14T07:14:23.8785639Z Get:12 https://packages.microsoft.com/ubuntu/24.04/prod noble/main armhf Packages [11.4 kB]
2026-02-14T07:14:23.9842555Z Get:13 http://azure.archive.ubuntu.com/ubuntu noble-updates/main amd64 Packages [1742 kB]
2026-02-14T07:14:23.9927726Z Get:14 http://azure.archive.ubuntu.com/ubuntu noble-updates/main Translation-en [325 kB]
2026-02-14T07:14:23.9955082Z Get:15 http://azure.archive.ubuntu.com/ubuntu noble-updates/main amd64 Components [175 kB]
2026-02-14T07:14:23.9973822Z Get:16 http://azure.archive.ubuntu.com/ubuntu noble-updates/main amd64 c-n-f Metadata [16.5 kB]
2026-02-14T07:14:23.9986419Z Get:17 http://azure.archive.ubuntu.com/ubuntu noble-updates/universe amd64 Packages [1529 kB]
2026-02-14T07:14:24.0072389Z Get:18 http://azure.archive.ubuntu.com/ubuntu noble-updates/universe Translation-en [313 kB]
2026-02-14T07:14:24.0096475Z Get:19 http://azure.archive.ubuntu.com/ubuntu noble-updates/universe amd64 Components [386 kB]
2026-02-14T07:14:24.0124917Z Get:20 http://azure.archive.ubuntu.com/ubuntu noble-updates/universe amd64 c-n-f Metadata [31.9 kB]
2026-02-14T07:14:24.0138998Z Get:21 http://azure.archive.ubuntu.com/ubuntu noble-updates/restricted amd64 Packages [2594 kB]
2026-02-14T07:14:24.0313894Z Get:22 http://azure.archive.ubuntu.com/ubuntu noble-updates/restricted Translation-en [595 kB]
2026-02-14T07:14:24.0712332Z Get:23 http://azure.archive.ubuntu.com/ubuntu noble-updates/restricted amd64 Components [212 B]
2026-02-14T07:14:24.0773556Z Get:24 http://azure.archive.ubuntu.com/ubuntu noble-updates/multiverse amd64 Components [940 B]
2026-02-14T07:14:24.0776161Z Get:25 http://azure.archive.ubuntu.com/ubuntu noble-backports/main amd64 Components [7284 B]
2026-02-14T07:14:24.0777577Z Get:26 http://azure.archive.ubuntu.com/ubuntu noble-backports/universe amd64 Components [10.5 kB]
2026-02-14T07:14:24.0779040Z Get:27 http://azure.archive.ubuntu.com/ubuntu noble-backports/restricted amd64 Components [216 B]
2026-02-14T07:14:24.0780487Z Get:28 http://azure.archive.ubuntu.com/ubuntu noble-backports/multiverse amd64 Components [212 B]
2026-02-14T07:14:24.0802200Z Get:29 http://azure.archive.ubuntu.com/ubuntu noble-security/main amd64 Packages [1448 kB]
2026-02-14T07:14:24.0872161Z Get:30 http://azure.archive.ubuntu.com/ubuntu noble-security/main Translation-en [234 kB]
2026-02-14T07:14:24.0894520Z Get:31 http://azure.archive.ubuntu.com/ubuntu noble-security/main amd64 Components [21.5 kB]
2026-02-14T07:14:24.0902983Z Get:32 http://azure.archive.ubuntu.com/ubuntu noble-security/main amd64 c-n-f Metadata [9892 B]
2026-02-14T07:14:24.0916048Z Get:33 http://azure.archive.ubuntu.com/ubuntu noble-security/universe amd64 Packages [930 kB]
2026-02-14T07:14:24.0967713Z Get:34 http://azure.archive.ubuntu.com/ubuntu noble-security/universe Translation-en [212 kB]
2026-02-14T07:14:24.0988242Z Get:35 http://azure.archive.ubuntu.com/ubuntu noble-security/universe amd64 Components [74.3 kB]
2026-02-14T07:14:24.1002476Z Get:36 http://azure.archive.ubuntu.com/ubuntu noble-security/universe amd64 c-n-f Metadata [19.9 kB]
2026-02-14T07:14:24.1431217Z Get:37 http://azure.archive.ubuntu.com/ubuntu noble-security/restricted amd64 Packages [2452 kB]
2026-02-14T07:14:24.1548779Z Get:38 http://azure.archive.ubuntu.com/ubuntu noble-security/restricted Translation-en [564 kB]
2026-02-14T07:14:24.1585749Z Get:39 http://azure.archive.ubuntu.com/ubuntu noble-security/restricted amd64 Components [212 B]
2026-02-14T07:14:24.1596543Z Get:40 http://azure.archive.ubuntu.com/ubuntu noble-security/multiverse amd64 Components [212 B]
2026-02-14T07:14:31.6578770Z Fetched 14.3 MB in 2s (7274 kB/s)
2026-02-14T07:14:32.4696724Z Reading package lists...
2026-02-14T07:14:32.4966522Z Reading package lists...
2026-02-14T07:14:32.6692308Z Building dependency tree...
2026-02-14T07:14:32.6697115Z Reading state information...
2026-02-14T07:14:32.6875550Z libasound2t64 is already the newest version (1.2.11-1ubuntu0.1).
2026-02-14T07:14:32.6876347Z libasound2t64 set to manually installed.
2026-02-14T07:14:32.6876856Z libatk-bridge2.0-0t64 is already the newest version (2.52.0-1build1).
2026-02-14T07:14:32.6877344Z libatk-bridge2.0-0t64 set to manually installed.
2026-02-14T07:14:32.6877869Z libatk1.0-0t64 is already the newest version (2.52.0-1build1).
2026-02-14T07:14:32.6878300Z libatk1.0-0t64 set to manually installed.
2026-02-14T07:14:32.6879184Z libatspi2.0-0t64 is already the newest version (2.52.0-1build1).
2026-02-14T07:14:32.6879633Z libatspi2.0-0t64 set to manually installed.
2026-02-14T07:14:32.6880090Z libcairo2 is already the newest version (1.18.0-3build1).
2026-02-14T07:14:32.6880488Z libcairo2 set to manually installed.
2026-02-14T07:14:32.6880942Z libcups2t64 is already the newest version (2.4.7-1.2ubuntu7.9).
2026-02-14T07:14:32.6881379Z libcups2t64 set to manually installed.
2026-02-14T07:14:32.6881822Z libdbus-1-3 is already the newest version (1.14.10-4ubuntu4.1).
2026-02-14T07:14:32.6882236Z libdbus-1-3 set to manually installed.
2026-02-14T07:14:32.6882693Z libdrm2 is already the newest version (2.4.125-1ubuntu0.1~24.04.1).
2026-02-14T07:14:32.6883128Z libdrm2 set to manually installed.
2026-02-14T07:14:32.6883561Z libgbm1 is already the newest version (25.2.8-0ubuntu0.24.04.1).
2026-02-14T07:14:32.6883972Z libgbm1 set to manually installed.
2026-02-14T07:14:32.6884596Z libnspr4 is already the newest version (2:4.35-1.1build1).
2026-02-14T07:14:32.6885011Z libnspr4 set to manually installed.
2026-02-14T07:14:32.6885422Z libnss3 is already the newest version (2:3.98-1build1).
2026-02-14T07:14:32.6885819Z libnss3 set to manually installed.
2026-02-14T07:14:32.6886264Z libpango-1.0-0 is already the newest version (1.52.1+ds-1build1).
2026-02-14T07:14:32.6886712Z libpango-1.0-0 set to manually installed.
2026-02-14T07:14:32.6887146Z libx11-6 is already the newest version (2:1.8.7-1build1).
2026-02-14T07:14:32.6887542Z libx11-6 set to manually installed.
2026-02-14T07:14:32.6887929Z libxcb1 is already the newest version (1.15-1ubuntu2).
2026-02-14T07:14:32.6888316Z libxcb1 set to manually installed.
2026-02-14T07:14:32.6888760Z libxcomposite1 is already the newest version (1:0.4.5-1build3).
2026-02-14T07:14:32.6889202Z libxcomposite1 set to manually installed.
2026-02-14T07:14:32.6889645Z libxdamage1 is already the newest version (1:1.1.6-1build1).
2026-02-14T07:14:32.6890061Z libxdamage1 set to manually installed.
2026-02-14T07:14:32.6890487Z libxext6 is already the newest version (2:1.3.4-1build2).
2026-02-14T07:14:32.6890884Z libxext6 set to manually installed.
2026-02-14T07:14:32.6891379Z libxfixes3 is already the newest version (1:6.0.0-2build1).
2026-02-14T07:14:32.6891736Z libxfixes3 set to manually installed.
2026-02-14T07:14:32.6892108Z libxkbcommon0 is already the newest version (1.6.0-1build1).
2026-02-14T07:14:32.6892473Z libxkbcommon0 set to manually installed.
2026-02-14T07:14:32.6892849Z libxrandr2 is already the newest version (2:1.5.2-2build1).
2026-02-14T07:14:32.6893188Z libxrandr2 set to manually installed.
2026-02-14T07:14:32.6893587Z libcairo-gobject2 is already the newest version (1.18.0-3build1).
2026-02-14T07:14:32.6893989Z libcairo-gobject2 set to manually installed.
2026-02-14T07:14:32.6894466Z libfontconfig1 is already the newest version (2.15.0-1.1ubuntu2).
2026-02-14T07:14:32.6894824Z libfontconfig1 set to manually installed.
2026-02-14T07:14:32.6895209Z libfreetype6 is already the newest version (2.13.2+dfsg-1build3).
2026-02-14T07:14:32.6895578Z libfreetype6 set to manually installed.
2026-02-14T07:14:32.6896005Z libgdk-pixbuf-2.0-0 is already the newest version (2.42.10+dfsg-3ubuntu3.2).
2026-02-14T07:14:32.6896423Z libgdk-pixbuf-2.0-0 set to manually installed.
2026-02-14T07:14:32.6896822Z libgtk-3-0t64 is already the newest version (3.24.41-4ubuntu1.3).
2026-02-14T07:14:32.6897186Z libgtk-3-0t64 set to manually installed.
2026-02-14T07:14:32.6897586Z libpangocairo-1.0-0 is already the newest version (1.52.1+ds-1build1).
2026-02-14T07:14:32.6897981Z libpangocairo-1.0-0 set to manually installed.
2026-02-14T07:14:32.6898356Z libx11-xcb1 is already the newest version (2:1.8.7-1build1).
2026-02-14T07:14:32.6898694Z libx11-xcb1 set to manually installed.
2026-02-14T07:14:32.6899048Z libxcb-shm0 is already the newest version (1.15-1ubuntu2).
2026-02-14T07:14:32.6899477Z libxcb-shm0 set to manually installed.
2026-02-14T07:14:32.6899833Z libxcursor1 is already the newest version (1:1.2.1-1build1).
2026-02-14T07:14:32.6900259Z libxcursor1 set to manually installed.
2026-02-14T07:14:32.6900602Z libxi6 is already the newest version (2:1.8.1-1build1).
2026-02-14T07:14:32.6900924Z libxi6 set to manually installed.
2026-02-14T07:14:32.6901278Z libxrender1 is already the newest version (1:0.9.10-1.1build1).
2026-02-14T07:14:32.6901669Z libxrender1 set to manually installed.
2026-02-14T07:14:32.6902122Z libicu74 is already the newest version (74.2-1ubuntu3.1).
2026-02-14T07:14:32.6902545Z libatomic1 is already the newest version (14.2.0-4ubuntu2~24.04).
2026-02-14T07:14:32.6902904Z libatomic1 set to manually installed.
2026-02-14T07:14:32.6903270Z libenchant-2-2 is already the newest version (2.3.3-2build2).
2026-02-14T07:14:32.6903624Z libenchant-2-2 set to manually installed.
2026-02-14T07:14:32.6903982Z libepoxy0 is already the newest version (1.5.10-1build1).
2026-02-14T07:14:32.6904398Z libepoxy0 set to manually installed.
2026-02-14T07:14:32.6904784Z libgstreamer1.0-0 is already the newest version (1.24.2-1ubuntu0.1).
2026-02-14T07:14:32.6905173Z libgstreamer1.0-0 set to manually installed.
2026-02-14T07:14:32.6905548Z libharfbuzz0b is already the newest version (8.3.0-2build2).
2026-02-14T07:14:32.6905906Z libharfbuzz0b set to manually installed.
2026-02-14T07:14:32.6906288Z libjpeg-turbo8 is already the newest version (2.1.5-2ubuntu2).
2026-02-14T07:14:32.6906644Z libjpeg-turbo8 set to manually installed.
2026-02-14T07:14:32.6907004Z liblcms2-2 is already the newest version (2.14-2build1).
2026-02-14T07:14:32.6907363Z liblcms2-2 set to manually installed.
2026-02-14T07:14:32.6907754Z libwayland-client0 is already the newest version (1.22.0-2.1build1).
2026-02-14T07:14:32.6908154Z libwayland-client0 set to manually installed.
2026-02-14T07:14:32.8425713Z libwayland-egl1 is already the newest version (1.22.0-2.1build1).
2026-02-14T07:14:32.8426464Z libwayland-egl1 set to manually installed.
2026-02-14T07:14:32.8426945Z libwebp7 is already the newest version (1.3.2-0.4build3).
2026-02-14T07:14:32.8427375Z libwebp7 set to manually installed.
2026-02-14T07:14:32.8427851Z libwebpdemux2 is already the newest version (1.3.2-0.4build3).
2026-02-14T07:14:32.8428588Z libwebpdemux2 set to manually installed.
2026-02-14T07:14:32.8429256Z libxml2 is already the newest version (2.9.14+dfsg-1.3ubuntu3.7).
2026-02-14T07:14:32.8430058Z libxml2 set to manually installed.
2026-02-14T07:14:32.8430529Z libxslt1.1 is already the newest version (1.1.39-0exp1ubuntu0.24.04.3).
2026-02-14T07:14:32.8430987Z libxslt1.1 set to manually installed.
2026-02-14T07:14:32.8431427Z xvfb is already the newest version (2:21.1.12-1ubuntu1.5).
2026-02-14T07:14:32.8432009Z fonts-noto-color-emoji is already the newest version (2.047-0ubuntu0.24.04.1).
2026-02-14T07:14:32.8432602Z fonts-liberation is already the newest version (1:2.1.5-3).
2026-02-14T07:14:32.8433174Z fonts-liberation set to manually installed.
2026-02-14T07:14:32.8433701Z The following additional packages will be installed:
2026-02-14T07:14:32.8434698Z   gir1.2-glib-2.0 glib-networking glib-networking-common
2026-02-14T07:14:32.8435315Z   glib-networking-services gsettings-desktop-schemas libaa1 libabsl20220623t64
2026-02-14T07:14:32.8435945Z   libass9 libasyncns0 libavc1394-0 libavcodec60 libavfilter9 libavformat60
2026-02-14T07:14:32.8436475Z   libavtp0 libavutil58 libblas3 libbluray2 libbs2b0 libcaca0
2026-02-14T07:14:32.8437014Z   libcairo-script-interpreter2 libcdparanoia0 libchromaprint1 libcjson1
2026-02-14T07:14:32.8437539Z   libcodec2-1.2 libdav1d7 libdc1394-25 libdca0 libdecor-0-0
2026-02-14T07:14:32.8438046Z   libdirectfb-1.7-7t64 libdv4t64 libdvdnav4 libdvdread8t64 libegl-mesa0
2026-02-14T07:14:32.8438580Z   libegl1 libfaad2 libflac12t64 libfluidsynth3 libfreeaptx0 libgav1-1
2026-02-14T07:14:32.8439111Z   libglib2.0-bin libglib2.0-data libgme0 libgraphene-1.0-0 libgsm1
2026-02-14T07:14:32.8439759Z   libgssdp-1.6-0 libgstreamer-plugins-good1.0-0 libgtk-4-common libgupnp-1.6-0
2026-02-14T07:14:32.8440323Z   libgupnp-igd-1.6-0 libhwy1t64 libiec61883-0 libimath-3-1-29t64
2026-02-14T07:14:32.8441014Z   libinstpatch-1.0-2 libjack-jackd2-0 libjxl0.7 liblapack3 liblc3-1
2026-02-14T07:14:32.8441600Z   libldacbt-enc2 liblilv-0-0 liblrdf0 libltc11 libmbedcrypto7t64 libmfx1
2026-02-14T07:14:32.8442132Z   libmjpegutils-2.1-0t64 libmodplug1 libmp3lame0 libmpcdec6
2026-02-14T07:14:32.8442856Z   libmpeg2encpp-2.1-0t64 libmpg123-0t64 libmplex2-2.1-0t64 libmysofa1
2026-02-14T07:14:32.8443630Z   libneon27t64 libnice10 libopenal-data libopenal1 libopenexr-3-1-30
2026-02-14T07:14:32.8444299Z   libopenh264-7 libopenmpt0t64 libopenni2-0 liborc-0.4-0t64
2026-02-14T07:14:32.8444723Z   libpipewire-0.3-0t64 libplacebo338 libpocketsphinx3 libpostproc57
2026-02-14T07:14:32.8445214Z   libproxy1v5 libpulse0 libqrencode4 libraptor2-0 librav1e0 libraw1394-11
2026-02-14T07:14:32.8445696Z   librist4 librsvg2-2 librubberband2 libsamplerate0 libsbc1 libsdl2-2.0-0
2026-02-14T07:14:32.8446180Z   libsecret-common libserd-0-0 libshine3 libshout3 libsndfile1 libsndio7.0
2026-02-14T07:14:32.8446658Z   libsord-0-0 libsoundtouch1 libsoup-3.0-0 libsoup-3.0-common libsoxr0
2026-02-14T07:14:32.8447151Z   libspa-0.2-modules libspandsp2t64 libspeex1 libsphinxbase3t64 libsratom-0-0
2026-02-14T07:14:32.8447657Z   libsrt1.5-gnutls libsrtp2-1 libssh-gcrypt-4 libsvtav1enc1d1 libswresample4
2026-02-14T07:14:32.8448163Z   libswscale7 libtag1v5 libtag1v5-vanilla libtheora0 libtwolame0 libudfread0
2026-02-14T07:14:32.8448655Z   libunibreak5 libv4l-0t64 libv4lconvert0t64 libva-drm2 libva-x11-2 libva2
2026-02-14T07:14:32.8449124Z   libvdpau1 libvidstab1.1 libvisual-0.4-0 libvo-aacenc0 libvo-amrwbenc0
2026-02-14T07:14:32.8449608Z   libvorbisenc2 libvpl2 libwavpack1 libwebrtc-audio-processing1 libwildmidi2
2026-02-14T07:14:32.8450096Z   libx265-199 libxcb-xkb1 libxkbcommon-x11-0 libxvidcore4 libyuv0 libzbar0t64
2026-02-14T07:14:32.8450590Z   libzimg2 libzix-0-0 libzvbi-common libzvbi0t64 libzxing3 ocl-icd-libopencl1
2026-02-14T07:14:32.8451076Z   session-migration timgm6mb-soundfont xfonts-encodings xfonts-utils
2026-02-14T07:14:32.8451428Z Suggested packages:
2026-02-14T07:14:32.8451773Z   frei0r-plugins gvfs libcuda1 libnvcuvid1 libnvidia-encode1 libbluray-bdj
2026-02-14T07:14:32.8452401Z   libdirectfb-extra libdv-bin oss-compat libdvdcss2 low-memory-monitor
2026-02-14T07:14:32.8452897Z   libvisual-0.4-plugins jackd2 liblrdf0-dev libportaudio2 opus-tools pipewire
2026-02-14T07:14:32.8453407Z   pulseaudio raptor2-utils libraw1394-doc librsvg2-bin serdi sndiod sordi
2026-02-14T07:14:32.8453849Z   speex libwildmidi-config opencl-icd fluid-soundfont-gm
2026-02-14T07:14:32.8454266Z Recommended packages:
2026-02-14T07:14:32.8454571Z   fonts-ipafont-mincho fonts-tlwg-loma gstreamer1.0-x libaacs0
2026-02-14T07:14:32.8455019Z   default-libdecor-0-plugin-1 | libdecor-0-plugin-1 gstreamer1.0-gl
2026-02-14T07:14:32.8455511Z   libgtk-4-bin librsvg2-common libgtk-4-media-gstreamer libpipewire-0.3-common
2026-02-14T07:14:32.8456029Z   pocketsphinx-en-us va-driver-all | va-driver vdpau-driver-all | vdpau-driver
2026-02-14T07:14:32.8456407Z   libmagickcore-6.q16-7-extra
2026-02-14T07:14:33.0471184Z The following NEW packages will be installed:
2026-02-14T07:14:33.0472079Z   fonts-freefont-ttf fonts-ipafont-gothic fonts-tlwg-loma-otf fonts-unifont
2026-02-14T07:14:33.0473073Z   fonts-wqy-zenhei glib-networking glib-networking-common
2026-02-14T07:14:33.0473872Z   glib-networking-services gsettings-desktop-schemas gstreamer1.0-libav
2026-02-14T07:14:33.0474818Z   gstreamer1.0-plugins-bad gstreamer1.0-plugins-base gstreamer1.0-plugins-good
2026-02-14T07:14:33.0475439Z   libaa1 libabsl20220623t64 libass9 libasyncns0 libavc1394-0 libavcodec60
2026-02-14T07:14:33.0475993Z   libavfilter9 libavformat60 libavif16 libavtp0 libavutil58 libblas3
2026-02-14T07:14:33.0476568Z   libbluray2 libbs2b0 libcaca0 libcairo-script-interpreter2 libcdparanoia0
2026-02-14T07:14:33.0477240Z   libchromaprint1 libcjson1 libcodec2-1.2 libdav1d7 libdc1394-25 libdca0
2026-02-14T07:14:33.0478088Z   libdecor-0-0 libdirectfb-1.7-7t64 libdv4t64 libdvdnav4 libdvdread8t64
2026-02-14T07:14:33.0478863Z   libegl-mesa0 libegl1 libevent-2.1-7t64 libfaad2 libflac12t64 libflite1
2026-02-14T07:14:33.0479740Z   libfluidsynth3 libfreeaptx0 libgav1-1 libgles2 libgme0 libgraphene-1.0-0
2026-02-14T07:14:33.0480343Z   libgsm1 libgssdp-1.6-0 libgstreamer-gl1.0-0 libgstreamer-plugins-bad1.0-0
2026-02-14T07:14:33.0480948Z   libgstreamer-plugins-base1.0-0 libgstreamer-plugins-good1.0-0 libgtk-4-1
2026-02-14T07:14:33.0481677Z   libgtk-4-common libgupnp-1.6-0 libgupnp-igd-1.6-0 libharfbuzz-icu0
2026-02-14T07:14:33.0482238Z   libhwy1t64 libhyphen0 libiec61883-0 libimath-3-1-29t64 libinstpatch-1.0-2
2026-02-14T07:14:33.0482820Z   libjack-jackd2-0 libjxl0.7 liblapack3 liblc3-1 libldacbt-enc2 liblilv-0-0
2026-02-14T07:14:33.0483429Z   liblrdf0 libltc11 libmanette-0.2-0 libmbedcrypto7t64 libmfx1
2026-02-14T07:14:33.0484186Z   libmjpegutils-2.1-0t64 libmodplug1 libmp3lame0 libmpcdec6
2026-02-14T07:14:33.0484622Z   libmpeg2encpp-2.1-0t64 libmpg123-0t64 libmplex2-2.1-0t64 libmysofa1
2026-02-14T07:14:33.0485070Z   libneon27t64 libnice10 libopenal-data libopenal1 libopenexr-3-1-30
2026-02-14T07:14:33.0485518Z   libopenh264-7 libopenmpt0t64 libopenni2-0 libopus0 liborc-0.4-0t64
2026-02-14T07:14:33.0485966Z   libpipewire-0.3-0t64 libplacebo338 libpocketsphinx3 libpostproc57
2026-02-14T07:14:33.0486430Z   libproxy1v5 libpulse0 libqrencode4 libraptor2-0 librav1e0 libraw1394-11
2026-02-14T07:14:33.0486906Z   librist4 librsvg2-2 librubberband2 libsamplerate0 libsbc1 libsdl2-2.0-0
2026-02-14T07:14:33.0487394Z   libsecret-1-0 libsecret-common libserd-0-0 libshine3 libshout3 libsndfile1
2026-02-14T07:14:33.0487876Z   libsndio7.0 libsord-0-0 libsoundtouch1 libsoup-3.0-0 libsoup-3.0-common
2026-02-14T07:14:33.0488437Z   libsoxr0 libspa-0.2-modules libspandsp2t64 libspeex1 libsphinxbase3t64
2026-02-14T07:14:33.0488911Z   libsratom-0-0 libsrt1.5-gnutls libsrtp2-1 libssh-gcrypt-4 libsvtav1enc1d1
2026-02-14T07:14:33.0489372Z   libswresample4 libswscale7 libtag1v5 libtag1v5-vanilla libtheora0
2026-02-14T07:14:33.0489818Z   libtwolame0 libudfread0 libunibreak5 libv4l-0t64 libv4lconvert0t64
2026-02-14T07:14:33.0490290Z   libva-drm2 libva-x11-2 libva2 libvdpau1 libvidstab1.1 libvisual-0.4-0
2026-02-14T07:14:33.0490985Z   libvo-aacenc0 libvo-amrwbenc0 libvorbisenc2 libvpl2 libvpx9 libwavpack1
2026-02-14T07:14:33.0491466Z   libwayland-server0 libwebrtc-audio-processing1 libwildmidi2 libwoff1
2026-02-14T07:14:33.0491957Z   libx264-164 libx265-199 libxcb-xkb1 libxkbcommon-x11-0 libxvidcore4 libyuv0
2026-02-14T07:14:33.0492429Z   libzbar0t64 libzimg2 libzix-0-0 libzvbi-common libzvbi0t64 libzxing3
2026-02-14T07:14:33.0492915Z   ocl-icd-libopencl1 session-migration timgm6mb-soundfont xfonts-cyrillic
2026-02-14T07:14:33.0493327Z   xfonts-encodings xfonts-scalable xfonts-utils
2026-02-14T07:14:33.0493668Z The following packages will be upgraded:
2026-02-14T07:14:33.0494130Z   gir1.2-glib-2.0 libglib2.0-0t64 libglib2.0-bin libglib2.0-data
2026-02-14T07:14:33.0495637Z   libpng16-16t64
2026-02-14T07:14:33.0669840Z 5 upgraded, 180 newly installed, 0 to remove and 13 not upgraded.
2026-02-14T07:14:33.0670551Z Need to get 116 MB of archives.
2026-02-14T07:14:33.0671281Z After this operation, 363 MB of additional disk space will be used.
2026-02-14T07:14:33.0672126Z Get:1 file:/etc/apt/apt-mirrors.txt Mirrorlist [144 B]
2026-02-14T07:14:33.1115758Z Get:2 http://azure.archive.ubuntu.com/ubuntu noble/universe amd64 fonts-ipafont-gothic all 00303-21ubuntu1 [3513 kB]
2026-02-14T07:14:33.1746197Z Get:3 http://azure.archive.ubuntu.com/ubuntu noble-updates/main amd64 libglib2.0-data all 2.80.0-6ubuntu3.8 [49.6 kB]
2026-02-14T07:14:33.2043346Z Get:4 http://azure.archive.ubuntu.com/ubuntu noble-updates/main amd64 libglib2.0-bin amd64 2.80.0-6ubuntu3.8 [97.9 kB]
2026-02-14T07:14:33.2344719Z Get:5 http://azure.archive.ubuntu.com/ubuntu noble-updates/main amd64 gir1.2-glib-2.0 amd64 2.80.0-6ubuntu3.8 [183 kB]
2026-02-14T07:14:33.2650686Z Get:6 http://azure.archive.ubuntu.com/ubuntu noble-updates/main amd64 libglib2.0-0t64 amd64 2.80.0-6ubuntu3.8 [1545 kB]
2026-02-14T07:14:33.3080718Z Get:7 http://azure.archive.ubuntu.com/ubuntu noble-updates/main amd64 libpng16-16t64 amd64 1.6.43-5ubuntu0.5 [188 kB]
2026-02-14T07:14:33.3386016Z Get:8 http://azure.archive.ubuntu.com/ubuntu noble/main amd64 fonts-freefont-ttf all 20211204+svn4273-2 [5641 kB]
2026-02-14T07:14:33.4189881Z Get:9 http://azure.archive.ubuntu.com/ubuntu noble/universe amd64 fonts-tlwg-loma-otf all 1:0.7.3-1 [107 kB]
2026-02-14T07:14:33.4493052Z Get:10 http://azure.archive.ubuntu.com/ubuntu noble/universe amd64 fonts-unifont all 1:15.1.01-1build1 [2993 kB]
2026-02-14T07:14:33.5075627Z Get:11 http://azure.archive.ubuntu.com/ubuntu noble/universe amd64 fonts-wqy-zenhei all 0.9.45-8 [7472 kB]
2026-02-14T07:14:33.6007934Z Get:12 http://azure.archive.ubuntu.com/ubuntu noble/main amd64 libproxy1v5 amd64 0.5.4-4build1 [26.5 kB]
2026-02-14T07:14:33.6302451Z Get:13 http://azure.archive.ubuntu.com/ubuntu noble/main amd64 glib-networking-common all 2.80.0-1build1 [6702 B]
2026-02-14T07:14:33.6591711Z Get:14 http://azure.archive.ubuntu.com/ubuntu noble/main amd64 glib-networking-services amd64 2.80.0-1build1 [12.8 kB]
2026-02-14T07:14:33.6879576Z Get:15 http://azure.archive.ubuntu.com/ubuntu noble/main amd64 session-migration amd64 0.3.9build1 [9034 B]
2026-02-14T07:14:33.7172865Z Get:16 http://azure.archive.ubuntu.com/ubuntu noble-updates/main amd64 gsettings-desktop-schemas all 46.1-0ubuntu1 [35.6 kB]
2026-02-14T07:14:33.7465302Z Get:17 http://azure.archive.ubuntu.com/ubuntu noble/main amd64 glib-networking amd64 2.80.0-1build1 [64.1 kB]
2026-02-14T07:14:33.7764512Z Get:18 http://azure.archive.ubuntu.com/ubuntu noble-updates/universe amd64 libva2 amd64 2.20.0-2ubuntu0.1 [66.3 kB]
2026-02-14T07:14:33.8060229Z Get:19 http://azure.archive.ubuntu.com/ubuntu noble-updates/universe amd64 libva-drm2 amd64 2.20.0-2ubuntu0.1 [7132 B]
2026-02-14T07:14:33.8797195Z Get:20 http://azure.archive.ubuntu.com/ubuntu noble-updates/universe amd64 libva-x11-2 amd64 2.20.0-2ubuntu0.1 [12.0 kB]
2026-02-14T07:14:33.9088436Z Get:21 http://azure.archive.ubuntu.com/ubuntu noble/main amd64 libvdpau1 amd64 1.5-2build1 [27.8 kB]
2026-02-14T07:14:33.9380382Z Get:22 http://azure.archive.ubuntu.com/ubuntu noble/universe amd64 libvpl2 amd64 2023.3.0-1build1 [99.8 kB]
2026-02-14T07:14:33.9675992Z Get:23 http://azure.archive.ubuntu.com/ubuntu noble/universe amd64 ocl-icd-libopencl1 amd64 2.3.2-1build1 [38.5 kB]
2026-02-14T07:14:33.9977445Z Get:24 http://azure.archive.ubuntu.com/ubuntu noble/universe amd64 libavutil58 amd64 7:6.1.1-3ubuntu5 [401 kB]
2026-02-14T07:14:34.0294578Z Get:25 http://azure.archive.ubuntu.com/ubuntu noble/universe amd64 libcodec2-1.2 amd64 1.2.0-2build1 [8998 kB]
2026-02-14T07:14:34.1492378Z Get:26 http://azure.archive.ubuntu.com/ubuntu noble/universe amd64 libdav1d7 amd64 1.4.1-1build1 [604 kB]
2026-02-14T07:14:34.1833201Z Get:27 http://azure.archive.ubuntu.com/ubuntu noble/universe amd64 libgsm1 amd64 1.0.22-1build1 [27.8 kB]
2026-02-14T07:14:34.2123950Z Get:28 http://azure.archive.ubuntu.com/ubuntu noble/universe amd64 libhwy1t64 amd64 1.0.7-8.1build1 [584 kB]
2026-02-14T07:14:34.2455588Z Get:29 http://azure.archive.ubuntu.com/ubuntu noble-updates/universe amd64 libjxl0.7 amd64 0.7.0-10.2ubuntu6.1 [1001 kB]
2026-02-14T07:14:34.2835354Z Get:30 http://azure.archive.ubuntu.com/ubuntu noble/main amd64 libmp3lame0 amd64 3.100-6build1 [142 kB]
2026-02-14T07:14:34.3130741Z Get:31 http://azure.archive.ubuntu.com/ubuntu noble/main amd64 libopus0 amd64 1.4-1build1 [208 kB]
2026-02-14T07:14:34.3442076Z Get:32 http://azure.archive.ubuntu.com/ubuntu noble/universe amd64 librav1e0 amd64 0.7.1-2 [1022 kB]
2026-02-14T07:14:34.3839437Z Get:33 http://azure.archive.ubuntu.com/ubuntu noble/main amd64 librsvg2-2 amd64 2.58.0+dfsg-1build1 [2135 kB]
2026-02-14T07:14:34.4260826Z Get:34 http://azure.archive.ubuntu.com/ubuntu noble/universe amd64 libshine3 amd64 3.1.1-2build1 [23.2 kB]
2026-02-14T07:14:34.4481119Z Get:35 http://azure.archive.ubuntu.com/ubuntu noble-updates/main amd64 libspeex1 amd64 1.2.1-2ubuntu2.24.04.1 [59.6 kB]
2026-02-14T07:14:34.4711290Z Get:36 http://azure.archive.ubuntu.com/ubuntu noble/universe amd64 libsvtav1enc1d1 amd64 1.7.0+dfsg-2build1 [2425 kB]
2026-02-14T07:14:34.5153035Z Get:37 http://azure.archive.ubuntu.com/ubuntu noble/universe amd64 libsoxr0 amd64 0.1.3-4build3 [80.0 kB]
2026-02-14T07:14:34.5381082Z Get:38 http://azure.archive.ubuntu.com/ubuntu noble/universe amd64 libswresample4 amd64 7:6.1.1-3ubuntu5 [63.8 kB]
2026-02-14T07:14:34.6362826Z Get:39 http://azure.archive.ubuntu.com/ubuntu noble/main amd64 libtheora0 amd64 1.1.1+dfsg.1-16.1build3 [211 kB]
2026-02-14T07:14:34.7667475Z Get:40 http://azure.archive.ubuntu.com/ubuntu noble/main amd64 libtwolame0 amd64 0.4.0-2build3 [52.3 kB]
2026-02-14T07:14:34.7959531Z Get:41 http://azure.archive.ubuntu.com/ubuntu noble/main amd64 libvorbisenc2 amd64 1.3.7-1build3 [80.8 kB]
2026-02-14T07:14:34.8283841Z Get:42 http://azure.archive.ubuntu.com/ubuntu noble-updates/main amd64 libvpx9 amd64 1.14.0-1ubuntu2.2 [1143 kB]
2026-02-14T07:14:34.9190379Z Get:43 http://azure.archive.ubuntu.com/ubuntu noble/universe amd64 libx264-164 amd64 2:0.164.3108+git31e19f9-1 [604 kB]
2026-02-14T07:14:34.9546370Z Get:44 http://azure.archive.ubuntu.com/ubuntu noble/universe amd64 libx265-199 amd64 3.5-2build1 [1226 kB]
2026-02-14T07:14:34.9941095Z Get:45 http://azure.archive.ubuntu.com/ubuntu noble/universe amd64 libxvidcore4 amd64 2:1.3.7-1build1 [219 kB]
2026-02-14T07:14:35.0227058Z Get:46 http://azure.archive.ubuntu.com/ubuntu noble/universe amd64 libzvbi-common all 0.2.42-2 [42.4 kB]
2026-02-14T07:14:35.0494750Z Get:47 http://azure.archive.ubuntu.com/ubuntu noble/universe amd64 libzvbi0t64 amd64 0.2.42-2 [261 kB]
2026-02-14T07:14:35.0782671Z Get:48 http://azure.archive.ubuntu.com/ubuntu noble/universe amd64 libavcodec60 amd64 7:6.1.1-3ubuntu5 [5851 kB]
2026-02-14T07:14:35.1635803Z Get:49 http://azure.archive.ubuntu.com/ubuntu noble/universe amd64 libunibreak5 amd64 5.1-2build1 [25.0 kB]
2026-02-14T07:14:35.1903323Z Get:50 http://azure.archive.ubuntu.com/ubuntu noble/universe amd64 libass9 amd64 1:0.17.1-2build1 [104 kB]
2026-02-14T07:14:35.2180401Z Get:51 http://azure.archive.ubuntu.com/ubuntu noble/universe amd64 libudfread0 amd64 1.1.2-1build1 [19.0 kB]
2026-02-14T07:14:35.2454681Z Get:52 http://azure.archive.ubuntu.com/ubuntu noble/universe amd64 libbluray2 amd64 1:1.3.4-1build1 [159 kB]
2026-02-14T07:14:35.2739114Z Get:53 http://azure.archive.ubuntu.com/ubuntu noble/universe amd64 libchromaprint1 amd64 1.5.1-5 [30.5 kB]
2026-02-14T07:14:35.3007276Z Get:54 http://azure.archive.ubuntu.com/ubuntu noble/universe amd64 libgme0 amd64 0.6.3-7build1 [134 kB]
2026-02-14T07:14:35.3284514Z Get:55 http://azure.archive.ubuntu.com/ubuntu noble-updates/main amd64 libmpg123-0t64 amd64 1.32.5-1ubuntu1.1 [169 kB]
2026-02-14T07:14:35.3559916Z Get:56 http://azure.archive.ubuntu.com/ubuntu noble/universe amd64 libopenmpt0t64 amd64 0.7.3-1.1build3 [647 kB]
2026-02-14T07:14:35.3884947Z Get:57 http://azure.archive.ubuntu.com/ubuntu noble/universe amd64 libcjson1 amd64 1.7.17-1 [24.8 kB]
2026-02-14T07:14:35.4567182Z Get:58 http://azure.archive.ubuntu.com/ubuntu noble/universe amd64 libmbedcrypto7t64 amd64 2.28.8-1 [209 kB]
2026-02-14T07:14:35.4852441Z Get:59 http://azure.archive.ubuntu.com/ubuntu noble/universe amd64 librist4 amd64 0.2.10+dfsg-2 [74.9 kB]
2026-02-14T07:14:35.5124951Z Get:60 http://azure.archive.ubuntu.com/ubuntu noble/universe amd64 libsrt1.5-gnutls amd64 1.5.3-1build2 [316 kB]
2026-02-14T07:14:35.5415498Z Get:61 http://azure.archive.ubuntu.com/ubuntu noble-updates/main amd64 libssh-gcrypt-4 amd64 0.10.6-2ubuntu0.2 [224 kB]
2026-02-14T07:14:35.5701282Z Get:62 http://azure.archive.ubuntu.com/ubuntu noble/universe amd64 libavformat60 amd64 7:6.1.1-3ubuntu5 [1153 kB]
2026-02-14T07:14:35.6082657Z Get:63 http://azure.archive.ubuntu.com/ubuntu noble/universe amd64 libbs2b0 amd64 3.1.0+dfsg-7build1 [10.6 kB]
2026-02-14T07:14:35.6349534Z Get:64 http://azure.archive.ubuntu.com/ubuntu noble/universe amd64 libflite1 amd64 2.2-6build3 [13.6 MB]
2026-02-14T07:14:35.7862469Z Get:65 http://azure.archive.ubuntu.com/ubuntu noble/universe amd64 libserd-0-0 amd64 0.32.2-1 [43.6 kB]
2026-02-14T07:14:35.8129679Z Get:66 http://azure.archive.ubuntu.com/ubuntu noble/universe amd64 libzix-0-0 amd64 0.4.2-2build1 [23.6 kB]
2026-02-14T07:14:35.8405874Z Get:67 http://azure.archive.ubuntu.com/ubuntu noble/universe amd64 libsord-0-0 amd64 0.16.16-2build1 [15.8 kB]
2026-02-14T07:14:35.8679870Z Get:68 http://azure.archive.ubuntu.com/ubuntu noble/universe amd64 libsratom-0-0 amd64 0.6.16-1build1 [17.3 kB]
2026-02-14T07:14:35.8946851Z Get:69 http://azure.archive.ubuntu.com/ubuntu noble/universe amd64 liblilv-0-0 amd64 0.24.22-1build1 [41.0 kB]
2026-02-14T07:14:35.9213745Z Get:70 http://azure.archive.ubuntu.com/ubuntu noble/universe amd64 libmysofa1 amd64 1.3.2+dfsg-2ubuntu2 [1158 kB]
2026-02-14T07:14:35.9564761Z Get:71 http://azure.archive.ubuntu.com/ubuntu noble/universe amd64 libplacebo338 amd64 6.338.2-2build1 [2654 kB]
2026-02-14T07:14:36.0038038Z Get:72 http://azure.archive.ubuntu.com/ubuntu noble-updates/main amd64 libblas3 amd64 3.12.0-3build1.1 [238 kB]
2026-02-14T07:14:36.0316628Z Get:73 http://azure.archive.ubuntu.com/ubuntu noble-updates/main amd64 liblapack3 amd64 3.12.0-3build1.1 [2646 kB]
2026-02-14T07:14:36.0795764Z Get:74 http://azure.archive.ubuntu.com/ubuntu noble/main amd64 libasyncns0 amd64 0.8-6build4 [11.3 kB]
2026-02-14T07:14:36.1059286Z Get:75 http://azure.archive.ubuntu.com/ubuntu noble/main amd64 libflac12t64 amd64 1.4.3+ds-2.1ubuntu2 [197 kB]
2026-02-14T07:14:36.1776342Z Get:76 http://azure.archive.ubuntu.com/ubuntu noble-updates/main amd64 libsndfile1 amd64 1.2.2-1ubuntu5.24.04.1 [209 kB]
2026-02-14T07:14:36.2065758Z Get:77 http://azure.archive.ubuntu.com/ubuntu noble-updates/main amd64 libpulse0 amd64 1:16.1+dfsg1-2ubuntu10.1 [292 kB]
2026-02-14T07:14:36.2350978Z Get:78 http://azure.archive.ubuntu.com/ubuntu noble/universe amd64 libsphinxbase3t64 amd64 0.8+5prealpha+1-17build2 [126 kB]
2026-02-14T07:14:36.2618852Z Get:79 http://azure.archive.ubuntu.com/ubuntu noble/universe amd64 libpocketsphinx3 amd64 0.8.0+real5prealpha+1-15ubuntu5 [133 kB]
2026-02-14T07:14:36.2895343Z Get:80 http://azure.archive.ubuntu.com/ubuntu noble/universe amd64 libpostproc57 amd64 7:6.1.1-3ubuntu5 [49.9 kB]
2026-02-14T07:14:36.3165779Z Get:81 http://azure.archive.ubuntu.com/ubuntu noble/main amd64 libsamplerate0 amd64 0.2.2-4build1 [1344 kB]
2026-02-14T07:14:36.3582828Z Get:82 http://azure.archive.ubuntu.com/ubuntu noble/universe amd64 librubberband2 amd64 3.3.0+dfsg-2build1 [130 kB]
2026-02-14T07:14:36.3861030Z Get:83 http://azure.archive.ubuntu.com/ubuntu noble/universe amd64 libswscale7 amd64 7:6.1.1-3ubuntu5 [193 kB]
2026-02-14T07:14:36.4194749Z Get:84 http://azure.archive.ubuntu.com/ubuntu noble/universe amd64 libvidstab1.1 amd64 1.1.0-2build1 [38.5 kB]
2026-02-14T07:14:36.4456785Z Get:85 http://azure.archive.ubuntu.com/ubuntu noble/universe amd64 libzimg2 amd64 3.0.5+ds1-1build1 [254 kB]
2026-02-14T07:14:36.4768093Z Get:86 http://azure.archive.ubuntu.com/ubuntu noble/universe amd64 libavfilter9 amd64 7:6.1.1-3ubuntu5 [4235 kB]
2026-02-14T07:14:36.5869685Z Get:87 http://azure.archive.ubuntu.com/ubuntu noble-updates/main amd64 liborc-0.4-0t64 amd64 1:0.4.38-1ubuntu0.1 [207 kB]
2026-02-14T07:14:36.6195658Z Get:88 http://azure.archive.ubuntu.com/ubuntu noble-updates/main amd64 libgstreamer-plugins-base1.0-0 amd64 1.24.2-1ubuntu0.3 [862 kB]
2026-02-14T07:14:36.6589090Z Get:89 http://azure.archive.ubuntu.com/ubuntu noble/universe amd64 gstreamer1.0-libav amd64 1.24.1-1build1 [103 kB]
2026-02-14T07:14:36.6869872Z Get:90 http://azure.archive.ubuntu.com/ubuntu noble/main amd64 libcdparanoia0 amd64 3.10.2+debian-14build3 [48.5 kB]
2026-02-14T07:14:36.7135127Z Get:91 http://azure.archive.ubuntu.com/ubuntu noble/main amd64 libvisual-0.4-0 amd64 0.4.2-2build1 [115 kB]
2026-02-14T07:14:36.7407088Z Get:92 http://azure.archive.ubuntu.com/ubuntu noble-updates/main amd64 gstreamer1.0-plugins-base amd64 1.24.2-1ubuntu0.3 [721 kB]
2026-02-14T07:14:36.7763722Z Get:93 http://azure.archive.ubuntu.com/ubuntu noble/main amd64 libaa1 amd64 1.4p5-51.1 [49.9 kB]
2026-02-14T07:14:36.8030660Z Get:94 http://azure.archive.ubuntu.com/ubuntu noble/main amd64 libraw1394-11 amd64 2.1.2-2build3 [26.2 kB]
2026-02-14T07:14:36.8725681Z Get:95 http://azure.archive.ubuntu.com/ubuntu noble/main amd64 libavc1394-0 amd64 0.5.4-5build3 [15.4 kB]
2026-02-14T07:14:36.8991228Z Get:96 http://azure.archive.ubuntu.com/ubuntu noble-updates/main amd64 libcaca0 amd64 0.99.beta20-4ubuntu0.1 [209 kB]
2026-02-14T07:14:36.9270991Z Get:97 http://azure.archive.ubuntu.com/ubuntu noble/main amd64 libdv4t64 amd64 1.0.0-17.1build1 [63.2 kB]
2026-02-14T07:14:36.9541011Z Get:98 http://azure.archive.ubuntu.com/ubuntu noble-updates/main amd64 libgstreamer-plugins-good1.0-0 amd64 1.24.2-1ubuntu1.2 [33.0 kB]
2026-02-14T07:14:36.9803975Z Get:99 http://azure.archive.ubuntu.com/ubuntu noble/main amd64 libiec61883-0 amd64 1.2.0-6build1 [24.5 kB]
2026-02-14T07:14:37.0071156Z Get:100 http://azure.archive.ubuntu.com/ubuntu noble/main amd64 libshout3 amd64 2.4.6-1build2 [50.3 kB]
2026-02-14T07:14:37.0346774Z Get:101 http://azure.archive.ubuntu.com/ubuntu noble/main amd64 libtag1v5-vanilla amd64 1.13.1-1build1 [326 kB]
2026-02-14T07:14:37.0627737Z Get:102 http://azure.archive.ubuntu.com/ubuntu noble/main amd64 libtag1v5 amd64 1.13.1-1build1 [11.7 kB]
2026-02-14T07:14:37.0886544Z Get:103 http://azure.archive.ubuntu.com/ubuntu noble/main amd64 libv4lconvert0t64 amd64 1.26.1-4build3 [87.6 kB]
2026-02-14T07:14:37.1131585Z Get:104 http://azure.archive.ubuntu.com/ubuntu noble/main amd64 libv4l-0t64 amd64 1.26.1-4build3 [46.9 kB]
2026-02-14T07:14:37.1361761Z Get:105 http://azure.archive.ubuntu.com/ubuntu noble/main amd64 libwavpack1 amd64 5.6.0-1build1 [84.6 kB]
2026-02-14T07:14:37.1592985Z Get:106 http://azure.archive.ubuntu.com/ubuntu noble-updates/main amd64 libsoup-3.0-common all 3.4.4-5ubuntu0.7 [11.6 kB]
2026-02-14T07:14:37.1817087Z Get:107 http://azure.archive.ubuntu.com/ubuntu noble-updates/main amd64 libsoup-3.0-0 amd64 3.4.4-5ubuntu0.7 [292 kB]
2026-02-14T07:14:37.2076646Z Get:108 http://azure.archive.ubuntu.com/ubuntu noble-updates/main amd64 gstreamer1.0-plugins-good amd64 1.24.2-1ubuntu1.2 [2238 kB]
2026-02-14T07:14:37.2473438Z Get:109 http://azure.archive.ubuntu.com/ubuntu noble-updates/main amd64 libabsl20220623t64 amd64 20220623.1-3.1ubuntu3.2 [423 kB]
2026-02-14T07:14:37.2728278Z Get:110 http://azure.archive.ubuntu.com/ubuntu noble/universe amd64 libgav1-1 amd64 0.18.0-1build3 [357 kB]
2026-02-14T07:14:37.3011527Z Get:111 http://azure.archive.ubuntu.com/ubuntu noble/universe amd64 libyuv0 amd64 0.0~git202401110.af6ac82-1 [178 kB]
2026-02-14T07:14:37.3250043Z Get:112 http://azure.archive.ubuntu.com/ubuntu noble/universe amd64 libavif16 amd64 1.0.4-1ubuntu3 [91.2 kB]
2026-02-14T07:14:37.3477996Z Get:113 http://azure.archive.ubuntu.com/ubuntu noble/universe amd64 libavtp0 amd64 0.2.0-1build1 [6414 B]
2026-02-14T07:14:37.3698551Z Get:114 http://azure.archive.ubuntu.com/ubuntu noble/main amd64 libcairo-script-interpreter2 amd64 1.18.0-3build1 [60.3 kB]
2026-02-14T07:14:37.3921963Z Get:115 http://azure.archive.ubuntu.com/ubuntu noble/universe amd64 libdc1394-25 amd64 2.2.6-4build1 [90.1 kB]
2026-02-14T07:14:37.4149181Z Get:116 http://azure.archive.ubuntu.com/ubuntu noble/main amd64 libdecor-0-0 amd64 0.2.2-1build2 [16.5 kB]
2026-02-14T07:14:37.4371006Z Get:117 http://azure.archive.ubuntu.com/ubuntu noble/main amd64 libgles2 amd64 1.7.0-1build1 [17.1 kB]
2026-02-14T07:14:37.4599482Z Get:118 http://azure.archive.ubuntu.com/ubuntu noble/universe amd64 libdirectfb-1.7-7t64 amd64 1.7.7-11.1ubuntu2 [1035 kB]
2026-02-14T07:14:37.4912312Z Get:119 http://azure.archive.ubuntu.com/ubuntu noble/universe amd64 libdvdread8t64 amd64 6.1.3-1.1build1 [54.7 kB]
2026-02-14T07:14:37.5141337Z Get:120 http://azure.archive.ubuntu.com/ubuntu noble/universe amd64 libdvdnav4 amd64 6.1.1-3build1 [39.5 kB]
2026-02-14T07:14:37.5812403Z Get:121 http://azure.archive.ubuntu.com/ubuntu noble-updates/main amd64 libegl-mesa0 amd64 25.2.8-0ubuntu0.24.04.1 [117 kB]
2026-02-14T07:14:37.6047435Z Get:122 http://azure.archive.ubuntu.com/ubuntu noble/main amd64 libevent-2.1-7t64 amd64 2.1.12-stable-9ubuntu2 [145 kB]
2026-02-14T07:14:37.6281951Z Get:123 http://azure.archive.ubuntu.com/ubuntu noble/universe amd64 libfaad2 amd64 2.11.1-1build1 [207 kB]
2026-02-14T07:14:37.6538239Z Get:124 http://azure.archive.ubuntu.com/ubuntu noble/universe amd64 libinstpatch-1.0-2 amd64 1.1.6-1build2 [251 kB]
2026-02-14T07:14:37.6789115Z Get:125 http://azure.archive.ubuntu.com/ubuntu noble/main amd64 libjack-jackd2-0 amd64 1.9.21~dfsg-3ubuntu3 [289 kB]
2026-02-14T07:14:37.7033478Z Get:126 http://azure.archive.ubuntu.com/ubuntu noble/main amd64 libwebrtc-audio-processing1 amd64 0.3.1-0ubuntu6 [290 kB]
2026-02-14T07:14:37.7265460Z Get:127 http://azure.archive.ubuntu.com/ubuntu noble-updates/main amd64 libspa-0.2-modules amd64 1.0.5-1ubuntu3.2 [627 kB]
2026-02-14T07:14:37.7541752Z Get:128 http://azure.archive.ubuntu.com/ubuntu noble-updates/main amd64 libpipewire-0.3-0t64 amd64 1.0.5-1ubuntu3.2 [252 kB]
2026-02-14T07:14:37.7788714Z Get:129 http://azure.archive.ubuntu.com/ubuntu noble-updates/main amd64 libsdl2-2.0-0 amd64 2.30.0+dfsg-1ubuntu3.1 [686 kB]
2026-02-14T07:14:37.8062709Z Get:130 http://azure.archive.ubuntu.com/ubuntu noble/universe amd64 timgm6mb-soundfont all 1.3-5 [5427 kB]
2026-02-14T07:14:37.8698648Z Get:131 http://azure.archive.ubuntu.com/ubuntu noble/universe amd64 libfluidsynth3 amd64 2.3.4-1build3 [249 kB]
2026-02-14T07:14:37.8941462Z Get:132 http://azure.archive.ubuntu.com/ubuntu noble/main amd64 libfreeaptx0 amd64 0.1.1-2build1 [13.5 kB]
2026-02-14T07:14:37.9196060Z Get:133 http://azure.archive.ubuntu.com/ubuntu noble/main amd64 libgraphene-1.0-0 amd64 1.10.8-3build2 [46.2 kB]
2026-02-14T07:14:37.9413989Z Get:134 http://azure.archive.ubuntu.com/ubuntu noble/main amd64 libgssdp-1.6-0 amd64 1.6.3-1build3 [40.4 kB]
2026-02-14T07:14:37.9633556Z Get:135 http://azure.archive.ubuntu.com/ubuntu noble/main amd64 libegl1 amd64 1.7.0-1build1 [28.7 kB]
2026-02-14T07:14:37.9849304Z Get:136 http://azure.archive.ubuntu.com/ubuntu noble-updates/main amd64 libgstreamer-gl1.0-0 amd64 1.24.2-1ubuntu0.3 [214 kB]
2026-02-14T07:14:38.0094433Z Get:137 http://azure.archive.ubuntu.com/ubuntu noble-updates/main amd64 libgtk-4-common all 4.14.5+ds-0ubuntu0.7 [1496 kB]
2026-02-14T07:14:38.0492201Z Get:138 http://azure.archive.ubuntu.com/ubuntu noble-updates/main amd64 libgtk-4-1 amd64 4.14.5+ds-0ubuntu0.7 [3294 kB]
2026-02-14T07:14:38.1523336Z Get:139 http://azure.archive.ubuntu.com/ubuntu noble/main amd64 libgupnp-1.6-0 amd64 1.6.6-1build3 [92.7 kB]
2026-02-14T07:14:38.1757946Z Get:140 http://azure.archive.ubuntu.com/ubuntu noble/universe amd64 libgupnp-igd-1.6-0 amd64 1.6.0-3build3 [16.5 kB]
2026-02-14T07:14:38.1978733Z Get:141 http://azure.archive.ubuntu.com/ubuntu noble/main amd64 libharfbuzz-icu0 amd64 8.3.0-2build2 [13.3 kB]
2026-02-14T07:14:38.2195005Z Get:142 http://azure.archive.ubuntu.com/ubuntu noble/main amd64 libhyphen0 amd64 2.8.8-7build3 [26.5 kB]
2026-02-14T07:14:38.2412163Z Get:143 http://azure.archive.ubuntu.com/ubuntu noble/universe amd64 libimath-3-1-29t64 amd64 3.1.9-3.1ubuntu2 [72.2 kB]
2026-02-14T07:14:38.2652406Z Get:144 http://azure.archive.ubuntu.com/ubuntu noble/main amd64 liblc3-1 amd64 1.0.4-3build1 [69.7 kB]
2026-02-14T07:14:38.2877263Z Get:145 http://azure.archive.ubuntu.com/ubuntu noble/main amd64 libldacbt-enc2 amd64 2.0.2.3+git20200429+ed310a0-4ubuntu2 [27.1 kB]
2026-02-14T07:14:38.3098281Z Get:146 http://azure.archive.ubuntu.com/ubuntu noble-updates/main amd64 libraptor2-0 amd64 2.0.16-3ubuntu0.1 [165 kB]
2026-02-14T07:14:38.3331423Z Get:147 http://azure.archive.ubuntu.com/ubuntu noble/universe amd64 liblrdf0 amd64 0.6.1-4build1 [18.5 kB]
2026-02-14T07:14:38.3549896Z Get:148 http://azure.archive.ubuntu.com/ubuntu noble/universe amd64 libltc11 amd64 1.3.2-1build1 [13.0 kB]
2026-02-14T07:14:38.3765827Z Get:149 http://azure.archive.ubuntu.com/ubuntu noble/main amd64 libmanette-0.2-0 amd64 0.2.7-1build2 [30.6 kB]
2026-02-14T07:14:38.4034880Z Get:150 http://azure.archive.ubuntu.com/ubuntu noble/universe amd64 libmfx1 amd64 22.5.4-1 [3124 kB]
2026-02-14T07:14:38.4599191Z Get:151 http://azure.archive.ubuntu.com/ubuntu noble/universe amd64 libmjpegutils-2.1-0t64 amd64 1:2.1.0+debian-8.1build1 [25.5 kB]
2026-02-14T07:14:38.4819344Z Get:152 http://azure.archive.ubuntu.com/ubuntu noble/universe amd64 libmodplug1 amd64 1:0.8.9.0-3build1 [166 kB]
2026-02-14T07:14:38.5059976Z Get:153 http://azure.archive.ubuntu.com/ubuntu noble/universe amd64 libmpcdec6 amd64 2:0.1~r495-2build1 [32.7 kB]
2026-02-14T07:14:38.5292587Z Get:154 http://azure.archive.ubuntu.com/ubuntu noble/universe amd64 libmpeg2encpp-2.1-0t64 amd64 1:2.1.0+debian-8.1build1 [75.6 kB]
2026-02-14T07:14:38.5519962Z Get:155 http://azure.archive.ubuntu.com/ubuntu noble/universe amd64 libmplex2-2.1-0t64 amd64 1:2.1.0+debian-8.1build1 [46.1 kB]
2026-02-14T07:14:38.5741694Z Get:156 http://azure.archive.ubuntu.com/ubuntu noble/universe amd64 libneon27t64 amd64 0.33.0-1.1build3 [102 kB]
2026-02-14T07:14:38.5974629Z Get:157 http://azure.archive.ubuntu.com/ubuntu noble/universe amd64 libnice10 amd64 0.1.21-2build3 [157 kB]
2026-02-14T07:14:38.6647731Z Get:158 http://azure.archive.ubuntu.com/ubuntu noble/universe amd64 libopenal-data all 1:1.23.1-4build1 [161 kB]
2026-02-14T07:14:38.6887615Z Get:159 http://azure.archive.ubuntu.com/ubuntu noble/universe amd64 libopenexr-3-1-30 amd64 3.1.5-5.1build3 [1004 kB]
2026-02-14T07:14:38.7224706Z Get:160 http://azure.archive.ubuntu.com/ubuntu noble/universe amd64 libopenh264-7 amd64 2.4.1+dfsg-1 [409 kB]
2026-02-14T07:14:38.7579268Z Get:161 http://azure.archive.ubuntu.com/ubuntu noble/universe amd64 libopenni2-0 amd64 2.2.0.33+dfsg-18 [370 kB]
2026-02-14T07:14:38.7836295Z Get:162 http://azure.archive.ubuntu.com/ubuntu noble/universe amd64 libqrencode4 amd64 4.1.1-1build2 [25.0 kB]
2026-02-14T07:14:38.8060198Z Get:163 http://azure.archive.ubuntu.com/ubuntu noble/main amd64 libsecret-common all 0.21.4-1build3 [4962 B]
2026-02-14T07:14:38.8282523Z Get:164 http://azure.archive.ubuntu.com/ubuntu noble/main amd64 libsecret-1-0 amd64 0.21.4-1build3 [116 kB]
2026-02-14T07:14:38.8506839Z Get:165 http://azure.archive.ubuntu.com/ubuntu noble/universe amd64 libsndio7.0 amd64 1.9.0-0.3build3 [29.6 kB]
2026-02-14T07:14:38.8725058Z Get:166 http://azure.archive.ubuntu.com/ubuntu noble/universe amd64 libsoundtouch1 amd64 2.3.2+ds1-1build1 [60.5 kB]
2026-02-14T07:14:38.8949252Z Get:167 http://azure.archive.ubuntu.com/ubuntu noble/universe amd64 libspandsp2t64 amd64 0.0.6+dfsg-2.1build1 [311 kB]
2026-02-14T07:14:38.9213806Z Get:168 http://azure.archive.ubuntu.com/ubuntu noble/universe amd64 libsrtp2-1 amd64 2.5.0-3build1 [41.9 kB]
2026-02-14T07:14:38.9431379Z Get:169 http://azure.archive.ubuntu.com/ubuntu noble/main amd64 libwayland-server0 amd64 1.22.0-2.1build1 [33.9 kB]
2026-02-14T07:14:38.9647658Z Get:170 http://azure.archive.ubuntu.com/ubuntu noble/universe amd64 libwildmidi2 amd64 0.4.3-1build3 [68.5 kB]
2026-02-14T07:14:38.9865715Z Get:171 http://azure.archive.ubuntu.com/ubuntu noble/main amd64 libwoff1 amd64 1.0.2-2build1 [45.3 kB]
2026-02-14T07:14:39.0087737Z Get:172 http://azure.archive.ubuntu.com/ubuntu noble/main amd64 libxcb-xkb1 amd64 1.15-1ubuntu2 [32.3 kB]
2026-02-14T07:14:39.0313945Z Get:173 http://azure.archive.ubuntu.com/ubuntu noble/main amd64 libxkbcommon-x11-0 amd64 1.6.0-1build1 [14.5 kB]
2026-02-14T07:14:39.0533993Z Get:174 http://azure.archive.ubuntu.com/ubuntu noble/universe amd64 libzbar0t64 amd64 0.23.93-4build3 [123 kB]
2026-02-14T07:14:39.0762335Z Get:175 http://azure.archive.ubuntu.com/ubuntu noble/universe amd64 libzxing3 amd64 2.2.1-3 [583 kB]
2026-02-14T07:14:39.1477878Z Get:176 http://azure.archive.ubuntu.com/ubuntu noble/main amd64 xfonts-encodings all 1:1.0.5-0ubuntu2 [578 kB]
2026-02-14T07:14:39.1767787Z Get:177 http://azure.archive.ubuntu.com/ubuntu noble/main amd64 xfonts-utils amd64 1:7.7+6build3 [94.4 kB]
2026-02-14T07:14:39.1994831Z Get:178 http://azure.archive.ubuntu.com/ubuntu noble/universe amd64 xfonts-cyrillic all 1:1.0.5+nmu1 [384 kB]
2026-02-14T07:14:39.2455241Z Get:179 http://azure.archive.ubuntu.com/ubuntu noble/main amd64 xfonts-scalable all 1:1.0.3-1.3 [304 kB]
2026-02-14T07:14:39.3609449Z Get:180 http://azure.archive.ubuntu.com/ubuntu noble/universe amd64 libgstreamer-plugins-bad1.0-0 amd64 1.24.2-1ubuntu4 [797 kB]
2026-02-14T07:14:39.4228977Z Get:181 http://azure.archive.ubuntu.com/ubuntu noble/universe amd64 libdca0 amd64 0.0.7-2build1 [93.8 kB]
2026-02-14T07:14:39.4454659Z Get:182 http://azure.archive.ubuntu.com/ubuntu noble/universe amd64 libopenal1 amd64 1:1.23.1-4build1 [540 kB]
2026-02-14T07:14:39.4796492Z Get:183 http://azure.archive.ubuntu.com/ubuntu noble/main amd64 libsbc1 amd64 2.0-1build1 [33.9 kB]
2026-02-14T07:14:39.5019405Z Get:184 http://azure.archive.ubuntu.com/ubuntu noble/universe amd64 libvo-aacenc0 amd64 0.1.3-2build1 [67.8 kB]
2026-02-14T07:14:39.5250896Z Get:185 http://azure.archive.ubuntu.com/ubuntu noble/universe amd64 libvo-amrwbenc0 amd64 0.1.3-2build1 [76.7 kB]
2026-02-14T07:14:39.5481778Z Get:186 http://azure.archive.ubuntu.com/ubuntu noble/universe amd64 gstreamer1.0-plugins-bad amd64 1.24.2-1ubuntu4 [3081 kB]
2026-02-14T07:14:40.0152942Z Fetched 116 MB in 7s (17.7 MB/s)
2026-02-14T07:14:40.1190389Z Selecting previously unselected package fonts-ipafont-gothic.
2026-02-14T07:14:40.1645623Z (Reading database ... 
2026-02-14T07:14:40.1645990Z (Reading database ... 5%
2026-02-14T07:14:40.1646337Z (Reading database ... 10%
2026-02-14T07:14:40.1646612Z (Reading database ... 15%
2026-02-14T07:14:40.1646999Z (Reading database ... 20%
2026-02-14T07:14:40.1647559Z (Reading database ... 25%
2026-02-14T07:14:40.1648079Z (Reading database ... 30%
2026-02-14T07:14:40.1648453Z (Reading database ... 35%
2026-02-14T07:14:40.1648719Z (Reading database ... 40%
2026-02-14T07:14:40.1648986Z (Reading database ... 45%
2026-02-14T07:14:40.1649250Z (Reading database ... 50%
2026-02-14T07:14:40.3724541Z (Reading database ... 55%
2026-02-14T07:14:40.9613563Z (Reading database ... 60%
2026-02-14T07:14:41.0617828Z (Reading database ... 65%
2026-02-14T07:14:41.1941407Z (Reading database ... 70%
2026-02-14T07:14:41.5391377Z (Reading database ... 75%
2026-02-14T07:14:42.8200288Z (Reading database ... 80%
2026-02-14T07:14:45.5222672Z (Reading database ... 85%
2026-02-14T07:14:47.6463245Z (Reading database ... 90%
2026-02-14T07:14:49.8215854Z (Reading database ... 95%
2026-02-14T07:14:49.8216463Z (Reading database ... 100%
2026-02-14T07:14:49.8217706Z (Reading database ... 218331 files and directories currently installed.)
2026-02-14T07:14:49.8262728Z Preparing to unpack .../000-fonts-ipafont-gothic_00303-21ubuntu1_all.deb ...
2026-02-14T07:14:49.8343261Z Unpacking fonts-ipafont-gothic (00303-21ubuntu1) ...
2026-02-14T07:14:50.0761566Z Preparing to unpack .../001-libglib2.0-data_2.80.0-6ubuntu3.8_all.deb ...
2026-02-14T07:14:50.0790214Z Unpacking libglib2.0-data (2.80.0-6ubuntu3.8) over (2.80.0-6ubuntu3.7) ...
2026-02-14T07:14:50.1113168Z Preparing to unpack .../002-libglib2.0-bin_2.80.0-6ubuntu3.8_amd64.deb ...
2026-02-14T07:14:50.1149264Z Unpacking libglib2.0-bin (2.80.0-6ubuntu3.8) over (2.80.0-6ubuntu3.7) ...
2026-02-14T07:14:50.2742176Z Preparing to unpack .../003-gir1.2-glib-2.0_2.80.0-6ubuntu3.8_amd64.deb ...
2026-02-14T07:14:50.2772758Z Unpacking gir1.2-glib-2.0:amd64 (2.80.0-6ubuntu3.8) over (2.80.0-6ubuntu3.7) ...
2026-02-14T07:14:50.3148122Z Preparing to unpack .../004-libglib2.0-0t64_2.80.0-6ubuntu3.8_amd64.deb ...
2026-02-14T07:14:50.3398374Z Unpacking libglib2.0-0t64:amd64 (2.80.0-6ubuntu3.8) over (2.80.0-6ubuntu3.7) ...
2026-02-14T07:14:50.3965441Z Preparing to unpack .../005-libpng16-16t64_1.6.43-5ubuntu0.5_amd64.deb ...
2026-02-14T07:14:50.4141737Z Unpacking libpng16-16t64:amd64 (1.6.43-5ubuntu0.5) over (1.6.43-5ubuntu0.3) ...
2026-02-14T07:14:50.4330235Z Selecting previously unselected package fonts-freefont-ttf.
2026-02-14T07:14:50.4449659Z Preparing to unpack .../006-fonts-freefont-ttf_20211204+svn4273-2_all.deb ...
2026-02-14T07:14:50.4461056Z Unpacking fonts-freefont-ttf (20211204+svn4273-2) ...
2026-02-14T07:14:50.5184827Z Selecting previously unselected package fonts-tlwg-loma-otf.
2026-02-14T07:14:50.5301050Z Preparing to unpack .../007-fonts-tlwg-loma-otf_1%3a0.7.3-1_all.deb ...
2026-02-14T07:14:50.5317483Z Unpacking fonts-tlwg-loma-otf (1:0.7.3-1) ...
2026-02-14T07:14:50.5480051Z Selecting previously unselected package fonts-unifont.
2026-02-14T07:14:50.5596536Z Preparing to unpack .../008-fonts-unifont_1%3a15.1.01-1build1_all.deb ...
2026-02-14T07:14:50.5608011Z Unpacking fonts-unifont (1:15.1.01-1build1) ...
2026-02-14T07:14:50.6891056Z Selecting previously unselected package fonts-wqy-zenhei.
2026-02-14T07:14:50.7009151Z Preparing to unpack .../009-fonts-wqy-zenhei_0.9.45-8_all.deb ...
2026-02-14T07:14:50.7330073Z Unpacking fonts-wqy-zenhei (0.9.45-8) ...
2026-02-14T07:14:51.2018765Z Selecting previously unselected package libproxy1v5:amd64.
2026-02-14T07:14:51.2135880Z Preparing to unpack .../010-libproxy1v5_0.5.4-4build1_amd64.deb ...
2026-02-14T07:14:51.2151248Z Unpacking libproxy1v5:amd64 (0.5.4-4build1) ...
2026-02-14T07:14:51.2322789Z Selecting previously unselected package glib-networking-common.
2026-02-14T07:14:51.2441063Z Preparing to unpack .../011-glib-networking-common_2.80.0-1build1_all.deb ...
2026-02-14T07:14:51.2457127Z Unpacking glib-networking-common (2.80.0-1build1) ...
2026-02-14T07:14:51.2623567Z Selecting previously unselected package glib-networking-services.
2026-02-14T07:14:51.2739127Z Preparing to unpack .../012-glib-networking-services_2.80.0-1build1_amd64.deb ...
2026-02-14T07:14:51.2754381Z Unpacking glib-networking-services (2.80.0-1build1) ...
2026-02-14T07:14:51.2928479Z Selecting previously unselected package session-migration.
2026-02-14T07:14:51.3045193Z Preparing to unpack .../013-session-migration_0.3.9build1_amd64.deb ...
2026-02-14T07:14:51.3054367Z Unpacking session-migration (0.3.9build1) ...
2026-02-14T07:14:51.3304528Z Selecting previously unselected package gsettings-desktop-schemas.
2026-02-14T07:14:51.3421293Z Preparing to unpack .../014-gsettings-desktop-schemas_46.1-0ubuntu1_all.deb ...
2026-02-14T07:14:51.3431953Z Unpacking gsettings-desktop-schemas (46.1-0ubuntu1) ...
2026-02-14T07:14:51.3637011Z Selecting previously unselected package glib-networking:amd64.
2026-02-14T07:14:51.3754521Z Preparing to unpack .../015-glib-networking_2.80.0-1build1_amd64.deb ...
2026-02-14T07:14:51.3765715Z Unpacking glib-networking:amd64 (2.80.0-1build1) ...
2026-02-14T07:14:51.3942756Z Selecting previously unselected package libva2:amd64.
2026-02-14T07:14:51.4058204Z Preparing to unpack .../016-libva2_2.20.0-2ubuntu0.1_amd64.deb ...
2026-02-14T07:14:51.4069991Z Unpacking libva2:amd64 (2.20.0-2ubuntu0.1) ...
2026-02-14T07:14:51.4244549Z Selecting previously unselected package libva-drm2:amd64.
2026-02-14T07:14:51.4360396Z Preparing to unpack .../017-libva-drm2_2.20.0-2ubuntu0.1_amd64.deb ...
2026-02-14T07:14:51.4380443Z Unpacking libva-drm2:amd64 (2.20.0-2ubuntu0.1) ...
2026-02-14T07:14:51.4553412Z Selecting previously unselected package libva-x11-2:amd64.
2026-02-14T07:14:51.4669163Z Preparing to unpack .../018-libva-x11-2_2.20.0-2ubuntu0.1_amd64.deb ...
2026-02-14T07:14:51.4678746Z Unpacking libva-x11-2:amd64 (2.20.0-2ubuntu0.1) ...
2026-02-14T07:14:51.4853788Z Selecting previously unselected package libvdpau1:amd64.
2026-02-14T07:14:51.4971134Z Preparing to unpack .../019-libvdpau1_1.5-2build1_amd64.deb ...
2026-02-14T07:14:51.4986154Z Unpacking libvdpau1:amd64 (1.5-2build1) ...
2026-02-14T07:14:51.5161776Z Selecting previously unselected package libvpl2.
2026-02-14T07:14:51.5278232Z Preparing to unpack .../020-libvpl2_2023.3.0-1build1_amd64.deb ...
2026-02-14T07:14:51.5288462Z Unpacking libvpl2 (2023.3.0-1build1) ...
2026-02-14T07:14:51.5488379Z Selecting previously unselected package ocl-icd-libopencl1:amd64.
2026-02-14T07:14:51.5605088Z Preparing to unpack .../021-ocl-icd-libopencl1_2.3.2-1build1_amd64.deb ...
2026-02-14T07:14:51.5625073Z Unpacking ocl-icd-libopencl1:amd64 (2.3.2-1build1) ...
2026-02-14T07:14:51.5816426Z Selecting previously unselected package libavutil58:amd64.
2026-02-14T07:14:51.5932413Z Preparing to unpack .../022-libavutil58_7%3a6.1.1-3ubuntu5_amd64.deb ...
2026-02-14T07:14:51.5946263Z Unpacking libavutil58:amd64 (7:6.1.1-3ubuntu5) ...
2026-02-14T07:14:51.6182009Z Selecting previously unselected package libcodec2-1.2:amd64.
2026-02-14T07:14:51.6300228Z Preparing to unpack .../023-libcodec2-1.2_1.2.0-2build1_amd64.deb ...
2026-02-14T07:14:51.6316697Z Unpacking libcodec2-1.2:amd64 (1.2.0-2build1) ...
2026-02-14T07:14:51.7042001Z Selecting previously unselected package libdav1d7:amd64.
2026-02-14T07:14:51.7158543Z Preparing to unpack .../024-libdav1d7_1.4.1-1build1_amd64.deb ...
2026-02-14T07:14:51.7170210Z Unpacking libdav1d7:amd64 (1.4.1-1build1) ...
2026-02-14T07:14:51.7440352Z Selecting previously unselected package libgsm1:amd64.
2026-02-14T07:14:51.7556682Z Preparing to unpack .../025-libgsm1_1.0.22-1build1_amd64.deb ...
2026-02-14T07:14:51.7564513Z Unpacking libgsm1:amd64 (1.0.22-1build1) ...
2026-02-14T07:14:51.7754138Z Selecting previously unselected package libhwy1t64:amd64.
2026-02-14T07:14:51.7871779Z Preparing to unpack .../026-libhwy1t64_1.0.7-8.1build1_amd64.deb ...
2026-02-14T07:14:51.7882031Z Unpacking libhwy1t64:amd64 (1.0.7-8.1build1) ...
2026-02-14T07:14:51.8187932Z Selecting previously unselected package libjxl0.7:amd64.
2026-02-14T07:14:51.8303557Z Preparing to unpack .../027-libjxl0.7_0.7.0-10.2ubuntu6.1_amd64.deb ...
2026-02-14T07:14:51.8312967Z Unpacking libjxl0.7:amd64 (0.7.0-10.2ubuntu6.1) ...
2026-02-14T07:14:51.8634417Z Selecting previously unselected package libmp3lame0:amd64.
2026-02-14T07:14:51.8751071Z Preparing to unpack .../028-libmp3lame0_3.100-6build1_amd64.deb ...
2026-02-14T07:14:51.8771579Z Unpacking libmp3lame0:amd64 (3.100-6build1) ...
2026-02-14T07:14:51.8973724Z Selecting previously unselected package libopus0:amd64.
2026-02-14T07:14:51.9091720Z Preparing to unpack .../029-libopus0_1.4-1build1_amd64.deb ...
2026-02-14T07:14:51.9105749Z Unpacking libopus0:amd64 (1.4-1build1) ...
2026-02-14T07:14:51.9326073Z Selecting previously unselected package librav1e0:amd64.
2026-02-14T07:14:51.9441465Z Preparing to unpack .../030-librav1e0_0.7.1-2_amd64.deb ...
2026-02-14T07:14:51.9455768Z Unpacking librav1e0:amd64 (0.7.1-2) ...
2026-02-14T07:14:51.9793736Z Selecting previously unselected package librsvg2-2:amd64.
2026-02-14T07:14:51.9911320Z Preparing to unpack .../031-librsvg2-2_2.58.0+dfsg-1build1_amd64.deb ...
2026-02-14T07:14:51.9922041Z Unpacking librsvg2-2:amd64 (2.58.0+dfsg-1build1) ...
2026-02-14T07:14:52.0364217Z Selecting previously unselected package libshine3:amd64.
2026-02-14T07:14:52.0480068Z Preparing to unpack .../032-libshine3_3.1.1-2build1_amd64.deb ...
2026-02-14T07:14:52.0491313Z Unpacking libshine3:amd64 (3.1.1-2build1) ...
2026-02-14T07:14:52.0661289Z Selecting previously unselected package libspeex1:amd64.
2026-02-14T07:14:52.0777717Z Preparing to unpack .../033-libspeex1_1.2.1-2ubuntu2.24.04.1_amd64.deb ...
2026-02-14T07:14:52.0787865Z Unpacking libspeex1:amd64 (1.2.1-2ubuntu2.24.04.1) ...
2026-02-14T07:14:52.0971834Z Selecting previously unselected package libsvtav1enc1d1:amd64.
2026-02-14T07:14:52.1088228Z Preparing to unpack .../034-libsvtav1enc1d1_1.7.0+dfsg-2build1_amd64.deb ...
2026-02-14T07:14:52.1106056Z Unpacking libsvtav1enc1d1:amd64 (1.7.0+dfsg-2build1) ...
2026-02-14T07:14:52.1560307Z Selecting previously unselected package libsoxr0:amd64.
2026-02-14T07:14:52.1677188Z Preparing to unpack .../035-libsoxr0_0.1.3-4build3_amd64.deb ...
2026-02-14T07:14:52.1696848Z Unpacking libsoxr0:amd64 (0.1.3-4build3) ...
2026-02-14T07:14:52.1893967Z Selecting previously unselected package libswresample4:amd64.
2026-02-14T07:14:52.2011849Z Preparing to unpack .../036-libswresample4_7%3a6.1.1-3ubuntu5_amd64.deb ...
2026-02-14T07:14:52.2029363Z Unpacking libswresample4:amd64 (7:6.1.1-3ubuntu5) ...
2026-02-14T07:14:52.2215952Z Selecting previously unselected package libtheora0:amd64.
2026-02-14T07:14:52.2332239Z Preparing to unpack .../037-libtheora0_1.1.1+dfsg.1-16.1build3_amd64.deb ...
2026-02-14T07:14:52.2346362Z Unpacking libtheora0:amd64 (1.1.1+dfsg.1-16.1build3) ...
2026-02-14T07:14:52.2574817Z Selecting previously unselected package libtwolame0:amd64.
2026-02-14T07:14:52.2691307Z Preparing to unpack .../038-libtwolame0_0.4.0-2build3_amd64.deb ...
2026-02-14T07:14:52.2706304Z Unpacking libtwolame0:amd64 (0.4.0-2build3) ...
2026-02-14T07:14:52.2890762Z Selecting previously unselected package libvorbisenc2:amd64.
2026-02-14T07:14:52.3006867Z Preparing to unpack .../039-libvorbisenc2_1.3.7-1build3_amd64.deb ...
2026-02-14T07:14:52.3019225Z Unpacking libvorbisenc2:amd64 (1.3.7-1build3) ...
2026-02-14T07:14:52.3234358Z Selecting previously unselected package libvpx9:amd64.
2026-02-14T07:14:52.3350766Z Preparing to unpack .../040-libvpx9_1.14.0-1ubuntu2.2_amd64.deb ...
2026-02-14T07:14:52.3362210Z Unpacking libvpx9:amd64 (1.14.0-1ubuntu2.2) ...
2026-02-14T07:14:52.3664235Z Selecting previously unselected package libx264-164:amd64.
2026-02-14T07:14:52.3780551Z Preparing to unpack .../041-libx264-164_2%3a0.164.3108+git31e19f9-1_amd64.deb ...
2026-02-14T07:14:52.3801165Z Unpacking libx264-164:amd64 (2:0.164.3108+git31e19f9-1) ...
2026-02-14T07:14:52.4090141Z Selecting previously unselected package libx265-199:amd64.
2026-02-14T07:14:52.4206906Z Preparing to unpack .../042-libx265-199_3.5-2build1_amd64.deb ...
2026-02-14T07:14:52.4220504Z Unpacking libx265-199:amd64 (3.5-2build1) ...
2026-02-14T07:14:52.4824777Z Selecting previously unselected package libxvidcore4:amd64.
2026-02-14T07:14:52.4941068Z Preparing to unpack .../043-libxvidcore4_2%3a1.3.7-1build1_amd64.deb ...
2026-02-14T07:14:52.4951834Z Unpacking libxvidcore4:amd64 (2:1.3.7-1build1) ...
2026-02-14T07:14:52.5192008Z Selecting previously unselected package libzvbi-common.
2026-02-14T07:14:52.5307523Z Preparing to unpack .../044-libzvbi-common_0.2.42-2_all.deb ...
2026-02-14T07:14:52.5321532Z Unpacking libzvbi-common (0.2.42-2) ...
2026-02-14T07:14:52.6139545Z Selecting previously unselected package libzvbi0t64:amd64.
2026-02-14T07:14:52.6256062Z Preparing to unpack .../045-libzvbi0t64_0.2.42-2_amd64.deb ...
2026-02-14T07:14:52.6266608Z Unpacking libzvbi0t64:amd64 (0.2.42-2) ...
2026-02-14T07:14:52.6476377Z Selecting previously unselected package libavcodec60:amd64.
2026-02-14T07:14:52.6591947Z Preparing to unpack .../046-libavcodec60_7%3a6.1.1-3ubuntu5_amd64.deb ...
2026-02-14T07:14:52.6604001Z Unpacking libavcodec60:amd64 (7:6.1.1-3ubuntu5) ...
2026-02-14T07:14:52.7383821Z Selecting previously unselected package libunibreak5:amd64.
2026-02-14T07:14:52.7501232Z Preparing to unpack .../047-libunibreak5_5.1-2build1_amd64.deb ...
2026-02-14T07:14:52.7515837Z Unpacking libunibreak5:amd64 (5.1-2build1) ...
2026-02-14T07:14:52.7710542Z Selecting previously unselected package libass9:amd64.
2026-02-14T07:14:52.7826352Z Preparing to unpack .../048-libass9_1%3a0.17.1-2build1_amd64.deb ...
2026-02-14T07:14:52.7835841Z Unpacking libass9:amd64 (1:0.17.1-2build1) ...
2026-02-14T07:14:52.8026246Z Selecting previously unselected package libudfread0:amd64.
2026-02-14T07:14:52.8141471Z Preparing to unpack .../049-libudfread0_1.1.2-1build1_amd64.deb ...
2026-02-14T07:14:52.8156148Z Unpacking libudfread0:amd64 (1.1.2-1build1) ...
2026-02-14T07:14:52.8342934Z Selecting previously unselected package libbluray2:amd64.
2026-02-14T07:14:52.8458906Z Preparing to unpack .../050-libbluray2_1%3a1.3.4-1build1_amd64.deb ...
2026-02-14T07:14:52.8467991Z Unpacking libbluray2:amd64 (1:1.3.4-1build1) ...
2026-02-14T07:14:52.8802294Z Selecting previously unselected package libchromaprint1:amd64.
2026-02-14T07:14:52.8919115Z Preparing to unpack .../051-libchromaprint1_1.5.1-5_amd64.deb ...
2026-02-14T07:14:52.8932129Z Unpacking libchromaprint1:amd64 (1.5.1-5) ...
2026-02-14T07:14:52.9123544Z Selecting previously unselected package libgme0:amd64.
2026-02-14T07:14:52.9239058Z Preparing to unpack .../052-libgme0_0.6.3-7build1_amd64.deb ...
2026-02-14T07:14:52.9248659Z Unpacking libgme0:amd64 (0.6.3-7build1) ...
2026-02-14T07:14:52.9435671Z Selecting previously unselected package libmpg123-0t64:amd64.
2026-02-14T07:14:52.9551233Z Preparing to unpack .../053-libmpg123-0t64_1.32.5-1ubuntu1.1_amd64.deb ...
2026-02-14T07:14:52.9563184Z Unpacking libmpg123-0t64:amd64 (1.32.5-1ubuntu1.1) ...
2026-02-14T07:14:52.9777467Z Selecting previously unselected package libopenmpt0t64:amd64.
2026-02-14T07:14:52.9893385Z Preparing to unpack .../054-libopenmpt0t64_0.7.3-1.1build3_amd64.deb ...
2026-02-14T07:14:52.9907670Z Unpacking libopenmpt0t64:amd64 (0.7.3-1.1build3) ...
2026-02-14T07:14:53.0157489Z Selecting previously unselected package libcjson1:amd64.
2026-02-14T07:14:53.0272942Z Preparing to unpack .../055-libcjson1_1.7.17-1_amd64.deb ...
2026-02-14T07:14:53.0293638Z Unpacking libcjson1:amd64 (1.7.17-1) ...
2026-02-14T07:14:53.0484845Z Selecting previously unselected package libmbedcrypto7t64:amd64.
2026-02-14T07:14:53.0600520Z Preparing to unpack .../056-libmbedcrypto7t64_2.28.8-1_amd64.deb ...
2026-02-14T07:14:53.0614160Z Unpacking libmbedcrypto7t64:amd64 (2.28.8-1) ...
2026-02-14T07:14:53.0825721Z Selecting previously unselected package librist4:amd64.
2026-02-14T07:14:53.0942830Z Preparing to unpack .../057-librist4_0.2.10+dfsg-2_amd64.deb ...
2026-02-14T07:14:53.0956638Z Unpacking librist4:amd64 (0.2.10+dfsg-2) ...
2026-02-14T07:14:53.1138229Z Selecting previously unselected package libsrt1.5-gnutls:amd64.
2026-02-14T07:14:53.1256064Z Preparing to unpack .../058-libsrt1.5-gnutls_1.5.3-1build2_amd64.deb ...
2026-02-14T07:14:53.1267188Z Unpacking libsrt1.5-gnutls:amd64 (1.5.3-1build2) ...
2026-02-14T07:14:53.1499082Z Selecting previously unselected package libssh-gcrypt-4:amd64.
2026-02-14T07:14:53.1615437Z Preparing to unpack .../059-libssh-gcrypt-4_0.10.6-2ubuntu0.2_amd64.deb ...
2026-02-14T07:14:53.1633823Z Unpacking libssh-gcrypt-4:amd64 (0.10.6-2ubuntu0.2) ...
2026-02-14T07:14:53.1864565Z Selecting previously unselected package libavformat60:amd64.
2026-02-14T07:14:53.1980983Z Preparing to unpack .../060-libavformat60_7%3a6.1.1-3ubuntu5_amd64.deb ...
2026-02-14T07:14:53.1997203Z Unpacking libavformat60:amd64 (7:6.1.1-3ubuntu5) ...
2026-02-14T07:14:53.2284741Z Selecting previously unselected package libbs2b0:amd64.
2026-02-14T07:14:53.2402743Z Preparing to unpack .../061-libbs2b0_3.1.0+dfsg-7build1_amd64.deb ...
2026-02-14T07:14:53.2418286Z Unpacking libbs2b0:amd64 (3.1.0+dfsg-7build1) ...
2026-02-14T07:14:53.2652652Z Selecting previously unselected package libflite1:amd64.
2026-02-14T07:14:53.2770243Z Preparing to unpack .../062-libflite1_2.2-6build3_amd64.deb ...
2026-02-14T07:14:53.2790866Z Unpacking libflite1:amd64 (2.2-6build3) ...
2026-02-14T07:14:53.3798978Z Selecting previously unselected package libserd-0-0:amd64.
2026-02-14T07:14:53.3915644Z Preparing to unpack .../063-libserd-0-0_0.32.2-1_amd64.deb ...
2026-02-14T07:14:53.3929274Z Unpacking libserd-0-0:amd64 (0.32.2-1) ...
2026-02-14T07:14:53.4153442Z Selecting previously unselected package libzix-0-0:amd64.
2026-02-14T07:14:53.4269965Z Preparing to unpack .../064-libzix-0-0_0.4.2-2build1_amd64.deb ...
2026-02-14T07:14:53.4281687Z Unpacking libzix-0-0:amd64 (0.4.2-2build1) ...
2026-02-14T07:14:53.4475573Z Selecting previously unselected package libsord-0-0:amd64.
2026-02-14T07:14:53.4592514Z Preparing to unpack .../065-libsord-0-0_0.16.16-2build1_amd64.deb ...
2026-02-14T07:14:53.4603243Z Unpacking libsord-0-0:amd64 (0.16.16-2build1) ...
2026-02-14T07:14:53.4780481Z Selecting previously unselected package libsratom-0-0:amd64.
2026-02-14T07:14:53.4899492Z Preparing to unpack .../066-libsratom-0-0_0.6.16-1build1_amd64.deb ...
2026-02-14T07:14:53.4909319Z Unpacking libsratom-0-0:amd64 (0.6.16-1build1) ...
2026-02-14T07:14:53.5088595Z Selecting previously unselected package liblilv-0-0:amd64.
2026-02-14T07:14:53.5207270Z Preparing to unpack .../067-liblilv-0-0_0.24.22-1build1_amd64.deb ...
2026-02-14T07:14:53.5226472Z Unpacking liblilv-0-0:amd64 (0.24.22-1build1) ...
2026-02-14T07:14:53.5418265Z Selecting previously unselected package libmysofa1:amd64.
2026-02-14T07:14:53.5533981Z Preparing to unpack .../068-libmysofa1_1.3.2+dfsg-2ubuntu2_amd64.deb ...
2026-02-14T07:14:53.5544682Z Unpacking libmysofa1:amd64 (1.3.2+dfsg-2ubuntu2) ...
2026-02-14T07:14:53.5779433Z Selecting previously unselected package libplacebo338:amd64.
2026-02-14T07:14:53.5895229Z Preparing to unpack .../069-libplacebo338_6.338.2-2build1_amd64.deb ...
2026-02-14T07:14:53.5907041Z Unpacking libplacebo338:amd64 (6.338.2-2build1) ...
2026-02-14T07:14:53.6427023Z Selecting previously unselected package libblas3:amd64.
2026-02-14T07:14:53.6543198Z Preparing to unpack .../070-libblas3_3.12.0-3build1.1_amd64.deb ...
2026-02-14T07:14:53.6570780Z Unpacking libblas3:amd64 (3.12.0-3build1.1) ...
2026-02-14T07:14:53.6810041Z Selecting previously unselected package liblapack3:amd64.
2026-02-14T07:14:53.6926246Z Preparing to unpack .../071-liblapack3_3.12.0-3build1.1_amd64.deb ...
2026-02-14T07:14:53.6957609Z Unpacking liblapack3:amd64 (3.12.0-3build1.1) ...
2026-02-14T07:14:53.7457392Z Selecting previously unselected package libasyncns0:amd64.
2026-02-14T07:14:53.7574622Z Preparing to unpack .../072-libasyncns0_0.8-6build4_amd64.deb ...
2026-02-14T07:14:53.7585612Z Unpacking libasyncns0:amd64 (0.8-6build4) ...
2026-02-14T07:14:53.7771503Z Selecting previously unselected package libflac12t64:amd64.
2026-02-14T07:14:53.7891380Z Preparing to unpack .../073-libflac12t64_1.4.3+ds-2.1ubuntu2_amd64.deb ...
2026-02-14T07:14:53.7911308Z Unpacking libflac12t64:amd64 (1.4.3+ds-2.1ubuntu2) ...
2026-02-14T07:14:53.8111413Z Selecting previously unselected package libsndfile1:amd64.
2026-02-14T07:14:53.8228644Z Preparing to unpack .../074-libsndfile1_1.2.2-1ubuntu5.24.04.1_amd64.deb ...
2026-02-14T07:14:53.8241785Z Unpacking libsndfile1:amd64 (1.2.2-1ubuntu5.24.04.1) ...
2026-02-14T07:14:53.8534577Z Selecting previously unselected package libpulse0:amd64.
2026-02-14T07:14:53.8653932Z Preparing to unpack .../075-libpulse0_1%3a16.1+dfsg1-2ubuntu10.1_amd64.deb ...
2026-02-14T07:14:53.8710756Z Unpacking libpulse0:amd64 (1:16.1+dfsg1-2ubuntu10.1) ...
2026-02-14T07:14:53.8925900Z Selecting previously unselected package libsphinxbase3t64:amd64.
2026-02-14T07:14:53.9042396Z Preparing to unpack .../076-libsphinxbase3t64_0.8+5prealpha+1-17build2_amd64.deb ...
2026-02-14T07:14:53.9052455Z Unpacking libsphinxbase3t64:amd64 (0.8+5prealpha+1-17build2) ...
2026-02-14T07:14:53.9256662Z Selecting previously unselected package libpocketsphinx3:amd64.
2026-02-14T07:14:53.9373585Z Preparing to unpack .../077-libpocketsphinx3_0.8.0+real5prealpha+1-15ubuntu5_amd64.deb ...
2026-02-14T07:14:53.9389116Z Unpacking libpocketsphinx3:amd64 (0.8.0+real5prealpha+1-15ubuntu5) ...
2026-02-14T07:14:53.9675988Z Selecting previously unselected package libpostproc57:amd64.
2026-02-14T07:14:53.9796777Z Preparing to unpack .../078-libpostproc57_7%3a6.1.1-3ubuntu5_amd64.deb ...
2026-02-14T07:14:53.9807158Z Unpacking libpostproc57:amd64 (7:6.1.1-3ubuntu5) ...
2026-02-14T07:14:54.0012314Z Selecting previously unselected package libsamplerate0:amd64.
2026-02-14T07:14:54.0129074Z Preparing to unpack .../079-libsamplerate0_0.2.2-4build1_amd64.deb ...
2026-02-14T07:14:54.0146612Z Unpacking libsamplerate0:amd64 (0.2.2-4build1) ...
2026-02-14T07:14:54.0379813Z Selecting previously unselected package librubberband2:amd64.
2026-02-14T07:14:54.0497381Z Preparing to unpack .../080-librubberband2_3.3.0+dfsg-2build1_amd64.deb ...
2026-02-14T07:14:54.0508669Z Unpacking librubberband2:amd64 (3.3.0+dfsg-2build1) ...
2026-02-14T07:14:54.0706015Z Selecting previously unselected package libswscale7:amd64.
2026-02-14T07:14:54.0822391Z Preparing to unpack .../081-libswscale7_7%3a6.1.1-3ubuntu5_amd64.deb ...
2026-02-14T07:14:54.0837650Z Unpacking libswscale7:amd64 (7:6.1.1-3ubuntu5) ...
2026-02-14T07:14:54.1047559Z Selecting previously unselected package libvidstab1.1:amd64.
2026-02-14T07:14:54.1166122Z Preparing to unpack .../082-libvidstab1.1_1.1.0-2build1_amd64.deb ...
2026-02-14T07:14:54.1175858Z Unpacking libvidstab1.1:amd64 (1.1.0-2build1) ...
2026-02-14T07:14:54.1361361Z Selecting previously unselected package libzimg2:amd64.
2026-02-14T07:14:54.1478116Z Preparing to unpack .../083-libzimg2_3.0.5+ds1-1build1_amd64.deb ...
2026-02-14T07:14:54.1487957Z Unpacking libzimg2:amd64 (3.0.5+ds1-1build1) ...
2026-02-14T07:14:54.1689745Z Selecting previously unselected package libavfilter9:amd64.
2026-02-14T07:14:54.1807644Z Preparing to unpack .../084-libavfilter9_7%3a6.1.1-3ubuntu5_amd64.deb ...
2026-02-14T07:14:54.1819541Z Unpacking libavfilter9:amd64 (7:6.1.1-3ubuntu5) ...
2026-02-14T07:14:54.2541030Z Selecting previously unselected package liborc-0.4-0t64:amd64.
2026-02-14T07:14:54.2659477Z Preparing to unpack .../085-liborc-0.4-0t64_1%3a0.4.38-1ubuntu0.1_amd64.deb ...
2026-02-14T07:14:54.2671745Z Unpacking liborc-0.4-0t64:amd64 (1:0.4.38-1ubuntu0.1) ...
2026-02-14T07:14:54.2898862Z Selecting previously unselected package libgstreamer-plugins-base1.0-0:amd64.
2026-02-14T07:14:54.3015184Z Preparing to unpack .../086-libgstreamer-plugins-base1.0-0_1.24.2-1ubuntu0.3_amd64.deb ...
2026-02-14T07:14:54.3026019Z Unpacking libgstreamer-plugins-base1.0-0:amd64 (1.24.2-1ubuntu0.3) ...
2026-02-14T07:14:54.3304679Z Selecting previously unselected package gstreamer1.0-libav:amd64.
2026-02-14T07:14:54.3421345Z Preparing to unpack .../087-gstreamer1.0-libav_1.24.1-1build1_amd64.deb ...
2026-02-14T07:14:54.3432301Z Unpacking gstreamer1.0-libav:amd64 (1.24.1-1build1) ...
2026-02-14T07:14:54.3602043Z Selecting previously unselected package libcdparanoia0:amd64.
2026-02-14T07:14:54.3718673Z Preparing to unpack .../088-libcdparanoia0_3.10.2+debian-14build3_amd64.deb ...
2026-02-14T07:14:54.3730700Z Unpacking libcdparanoia0:amd64 (3.10.2+debian-14build3) ...
2026-02-14T07:14:54.3913492Z Selecting previously unselected package libvisual-0.4-0:amd64.
2026-02-14T07:14:54.4030624Z Preparing to unpack .../089-libvisual-0.4-0_0.4.2-2build1_amd64.deb ...
2026-02-14T07:14:54.4052204Z Unpacking libvisual-0.4-0:amd64 (0.4.2-2build1) ...
2026-02-14T07:14:54.4239141Z Selecting previously unselected package gstreamer1.0-plugins-base:amd64.
2026-02-14T07:14:54.4355989Z Preparing to unpack .../090-gstreamer1.0-plugins-base_1.24.2-1ubuntu0.3_amd64.deb ...
2026-02-14T07:14:54.4366623Z Unpacking gstreamer1.0-plugins-base:amd64 (1.24.2-1ubuntu0.3) ...
2026-02-14T07:14:54.4639729Z Selecting previously unselected package libaa1:amd64.
2026-02-14T07:14:54.4756056Z Preparing to unpack .../091-libaa1_1.4p5-51.1_amd64.deb ...
2026-02-14T07:14:54.4773356Z Unpacking libaa1:amd64 (1.4p5-51.1) ...
2026-02-14T07:14:54.4945043Z Selecting previously unselected package libraw1394-11:amd64.
2026-02-14T07:14:54.5062513Z Preparing to unpack .../092-libraw1394-11_2.1.2-2build3_amd64.deb ...
2026-02-14T07:14:54.5073099Z Unpacking libraw1394-11:amd64 (2.1.2-2build3) ...
2026-02-14T07:14:54.5261528Z Selecting previously unselected package libavc1394-0:amd64.
2026-02-14T07:14:54.5378645Z Preparing to unpack .../093-libavc1394-0_0.5.4-5build3_amd64.deb ...
2026-02-14T07:14:54.5389830Z Unpacking libavc1394-0:amd64 (0.5.4-5build3) ...
2026-02-14T07:14:54.5576916Z Selecting previously unselected package libcaca0:amd64.
2026-02-14T07:14:54.5697328Z Preparing to unpack .../094-libcaca0_0.99.beta20-4ubuntu0.1_amd64.deb ...
2026-02-14T07:14:54.5706240Z Unpacking libcaca0:amd64 (0.99.beta20-4ubuntu0.1) ...
2026-02-14T07:14:54.5934729Z Selecting previously unselected package libdv4t64:amd64.
2026-02-14T07:14:54.6052063Z Preparing to unpack .../095-libdv4t64_1.0.0-17.1build1_amd64.deb ...
2026-02-14T07:14:54.6066890Z Unpacking libdv4t64:amd64 (1.0.0-17.1build1) ...
2026-02-14T07:14:54.6260905Z Selecting previously unselected package libgstreamer-plugins-good1.0-0:amd64.
2026-02-14T07:14:54.6375912Z Preparing to unpack .../096-libgstreamer-plugins-good1.0-0_1.24.2-1ubuntu1.2_amd64.deb ...
2026-02-14T07:14:54.6386355Z Unpacking libgstreamer-plugins-good1.0-0:amd64 (1.24.2-1ubuntu1.2) ...
2026-02-14T07:14:54.6552930Z Selecting previously unselected package libiec61883-0:amd64.
2026-02-14T07:14:54.6670077Z Preparing to unpack .../097-libiec61883-0_1.2.0-6build1_amd64.deb ...
2026-02-14T07:14:54.6682634Z Unpacking libiec61883-0:amd64 (1.2.0-6build1) ...
2026-02-14T07:14:54.6858353Z Selecting previously unselected package libshout3:amd64.
2026-02-14T07:14:54.6975657Z Preparing to unpack .../098-libshout3_2.4.6-1build2_amd64.deb ...
2026-02-14T07:14:54.6992950Z Unpacking libshout3:amd64 (2.4.6-1build2) ...
2026-02-14T07:14:54.7173734Z Selecting previously unselected package libtag1v5-vanilla:amd64.
2026-02-14T07:14:54.7290360Z Preparing to unpack .../099-libtag1v5-vanilla_1.13.1-1build1_amd64.deb ...
2026-02-14T07:14:54.7304571Z Unpacking libtag1v5-vanilla:amd64 (1.13.1-1build1) ...
2026-02-14T07:14:54.7503273Z Selecting previously unselected package libtag1v5:amd64.
2026-02-14T07:14:54.7619954Z Preparing to unpack .../100-libtag1v5_1.13.1-1build1_amd64.deb ...
2026-02-14T07:14:54.7630553Z Unpacking libtag1v5:amd64 (1.13.1-1build1) ...
2026-02-14T07:14:54.7812102Z Selecting previously unselected package libv4lconvert0t64:amd64.
2026-02-14T07:14:54.7930189Z Preparing to unpack .../101-libv4lconvert0t64_1.26.1-4build3_amd64.deb ...
2026-02-14T07:14:54.7945364Z Unpacking libv4lconvert0t64:amd64 (1.26.1-4build3) ...
2026-02-14T07:14:54.8127446Z Selecting previously unselected package libv4l-0t64:amd64.
2026-02-14T07:14:54.8244507Z Preparing to unpack .../102-libv4l-0t64_1.26.1-4build3_amd64.deb ...
2026-02-14T07:14:54.8261035Z Unpacking libv4l-0t64:amd64 (1.26.1-4build3) ...
2026-02-14T07:14:54.8452081Z Selecting previously unselected package libwavpack1:amd64.
2026-02-14T07:14:54.8569324Z Preparing to unpack .../103-libwavpack1_5.6.0-1build1_amd64.deb ...
2026-02-14T07:14:54.8583322Z Unpacking libwavpack1:amd64 (5.6.0-1build1) ...
2026-02-14T07:14:54.8768058Z Selecting previously unselected package libsoup-3.0-common.
2026-02-14T07:14:54.8884633Z Preparing to unpack .../104-libsoup-3.0-common_3.4.4-5ubuntu0.7_all.deb ...
2026-02-14T07:14:54.8901310Z Unpacking libsoup-3.0-common (3.4.4-5ubuntu0.7) ...
2026-02-14T07:14:54.9093878Z Selecting previously unselected package libsoup-3.0-0:amd64.
2026-02-14T07:14:54.9211703Z Preparing to unpack .../105-libsoup-3.0-0_3.4.4-5ubuntu0.7_amd64.deb ...
2026-02-14T07:14:54.9226541Z Unpacking libsoup-3.0-0:amd64 (3.4.4-5ubuntu0.7) ...
2026-02-14T07:14:54.9423678Z Selecting previously unselected package gstreamer1.0-plugins-good:amd64.
2026-02-14T07:14:54.9540740Z Preparing to unpack .../106-gstreamer1.0-plugins-good_1.24.2-1ubuntu1.2_amd64.deb ...
2026-02-14T07:14:54.9556848Z Unpacking gstreamer1.0-plugins-good:amd64 (1.24.2-1ubuntu1.2) ...
2026-02-14T07:14:55.0037522Z Selecting previously unselected package libabsl20220623t64:amd64.
2026-02-14T07:14:55.0154256Z Preparing to unpack .../107-libabsl20220623t64_20220623.1-3.1ubuntu3.2_amd64.deb ...
2026-02-14T07:14:55.0173864Z Unpacking libabsl20220623t64:amd64 (20220623.1-3.1ubuntu3.2) ...
2026-02-14T07:14:55.0521444Z Selecting previously unselected package libgav1-1:amd64.
2026-02-14T07:14:55.0640178Z Preparing to unpack .../108-libgav1-1_0.18.0-1build3_amd64.deb ...
2026-02-14T07:14:55.0652083Z Unpacking libgav1-1:amd64 (0.18.0-1build3) ...
2026-02-14T07:14:55.0882123Z Selecting previously unselected package libyuv0:amd64.
2026-02-14T07:14:55.1000440Z Preparing to unpack .../109-libyuv0_0.0~git202401110.af6ac82-1_amd64.deb ...
2026-02-14T07:14:55.1013663Z Unpacking libyuv0:amd64 (0.0~git202401110.af6ac82-1) ...
2026-02-14T07:14:55.1221571Z Selecting previously unselected package libavif16:amd64.
2026-02-14T07:14:55.1338802Z Preparing to unpack .../110-libavif16_1.0.4-1ubuntu3_amd64.deb ...
2026-02-14T07:14:55.1349545Z Unpacking libavif16:amd64 (1.0.4-1ubuntu3) ...
2026-02-14T07:14:55.1529614Z Selecting previously unselected package libavtp0:amd64.
2026-02-14T07:14:55.1646252Z Preparing to unpack .../111-libavtp0_0.2.0-1build1_amd64.deb ...
2026-02-14T07:14:55.1657691Z Unpacking libavtp0:amd64 (0.2.0-1build1) ...
2026-02-14T07:14:55.1839049Z Selecting previously unselected package libcairo-script-interpreter2:amd64.
2026-02-14T07:14:55.1956777Z Preparing to unpack .../112-libcairo-script-interpreter2_1.18.0-3build1_amd64.deb ...
2026-02-14T07:14:55.1969073Z Unpacking libcairo-script-interpreter2:amd64 (1.18.0-3build1) ...
2026-02-14T07:14:55.2154422Z Selecting previously unselected package libdc1394-25:amd64.
2026-02-14T07:14:55.2273836Z Preparing to unpack .../113-libdc1394-25_2.2.6-4build1_amd64.deb ...
2026-02-14T07:14:55.2287412Z Unpacking libdc1394-25:amd64 (2.2.6-4build1) ...
2026-02-14T07:14:55.2519883Z Selecting previously unselected package libdecor-0-0:amd64.
2026-02-14T07:14:55.2640051Z Preparing to unpack .../114-libdecor-0-0_0.2.2-1build2_amd64.deb ...
2026-02-14T07:14:55.2651829Z Unpacking libdecor-0-0:amd64 (0.2.2-1build2) ...
2026-02-14T07:14:55.2849039Z Selecting previously unselected package libgles2:amd64.
2026-02-14T07:14:55.2966593Z Preparing to unpack .../115-libgles2_1.7.0-1build1_amd64.deb ...
2026-02-14T07:14:55.2979302Z Unpacking libgles2:amd64 (1.7.0-1build1) ...
2026-02-14T07:14:55.3160959Z Selecting previously unselected package libdirectfb-1.7-7t64:amd64.
2026-02-14T07:14:55.3281375Z Preparing to unpack .../116-libdirectfb-1.7-7t64_1.7.7-11.1ubuntu2_amd64.deb ...
2026-02-14T07:14:55.3293269Z Unpacking libdirectfb-1.7-7t64:amd64 (1.7.7-11.1ubuntu2) ...
2026-02-14T07:14:55.3637913Z Selecting previously unselected package libdvdread8t64:amd64.
2026-02-14T07:14:55.3756184Z Preparing to unpack .../117-libdvdread8t64_6.1.3-1.1build1_amd64.deb ...
2026-02-14T07:14:55.3768038Z Unpacking libdvdread8t64:amd64 (6.1.3-1.1build1) ...
2026-02-14T07:14:55.3965282Z Selecting previously unselected package libdvdnav4:amd64.
2026-02-14T07:14:55.4081575Z Preparing to unpack .../118-libdvdnav4_6.1.1-3build1_amd64.deb ...
2026-02-14T07:14:55.4093517Z Unpacking libdvdnav4:amd64 (6.1.1-3build1) ...
2026-02-14T07:14:55.4289609Z Selecting previously unselected package libegl-mesa0:amd64.
2026-02-14T07:14:55.4409070Z Preparing to unpack .../119-libegl-mesa0_25.2.8-0ubuntu0.24.04.1_amd64.deb ...
2026-02-14T07:14:55.4421211Z Unpacking libegl-mesa0:amd64 (25.2.8-0ubuntu0.24.04.1) ...
2026-02-14T07:14:55.4627960Z Selecting previously unselected package libevent-2.1-7t64:amd64.
2026-02-14T07:14:55.4744565Z Preparing to unpack .../120-libevent-2.1-7t64_2.1.12-stable-9ubuntu2_amd64.deb ...
2026-02-14T07:14:55.4759327Z Unpacking libevent-2.1-7t64:amd64 (2.1.12-stable-9ubuntu2) ...
2026-02-14T07:14:55.4973021Z Selecting previously unselected package libfaad2:amd64.
2026-02-14T07:14:55.5091146Z Preparing to unpack .../121-libfaad2_2.11.1-1build1_amd64.deb ...
2026-02-14T07:14:55.5099702Z Unpacking libfaad2:amd64 (2.11.1-1build1) ...
2026-02-14T07:14:55.5290054Z Selecting previously unselected package libinstpatch-1.0-2:amd64.
2026-02-14T07:14:55.5406741Z Preparing to unpack .../122-libinstpatch-1.0-2_1.1.6-1build2_amd64.deb ...
2026-02-14T07:14:55.5420926Z Unpacking libinstpatch-1.0-2:amd64 (1.1.6-1build2) ...
2026-02-14T07:14:55.5634766Z Selecting previously unselected package libjack-jackd2-0:amd64.
2026-02-14T07:14:55.5751928Z Preparing to unpack .../123-libjack-jackd2-0_1.9.21~dfsg-3ubuntu3_amd64.deb ...
2026-02-14T07:14:55.5764492Z Unpacking libjack-jackd2-0:amd64 (1.9.21~dfsg-3ubuntu3) ...
2026-02-14T07:14:55.6004863Z Selecting previously unselected package libwebrtc-audio-processing1:amd64.
2026-02-14T07:14:55.6123005Z Preparing to unpack .../124-libwebrtc-audio-processing1_0.3.1-0ubuntu6_amd64.deb ...
2026-02-14T07:14:55.6135129Z Unpacking libwebrtc-audio-processing1:amd64 (0.3.1-0ubuntu6) ...
2026-02-14T07:14:55.6350543Z Selecting previously unselected package libspa-0.2-modules:amd64.
2026-02-14T07:14:55.6467500Z Preparing to unpack .../125-libspa-0.2-modules_1.0.5-1ubuntu3.2_amd64.deb ...
2026-02-14T07:14:55.6480194Z Unpacking libspa-0.2-modules:amd64 (1.0.5-1ubuntu3.2) ...
2026-02-14T07:14:55.6744460Z Selecting previously unselected package libpipewire-0.3-0t64:amd64.
2026-02-14T07:14:55.6862678Z Preparing to unpack .../126-libpipewire-0.3-0t64_1.0.5-1ubuntu3.2_amd64.deb ...
2026-02-14T07:14:55.6872647Z Unpacking libpipewire-0.3-0t64:amd64 (1.0.5-1ubuntu3.2) ...
2026-02-14T07:14:55.7107132Z Selecting previously unselected package libsdl2-2.0-0:amd64.
2026-02-14T07:14:55.7225035Z Preparing to unpack .../127-libsdl2-2.0-0_2.30.0+dfsg-1ubuntu3.1_amd64.deb ...
2026-02-14T07:14:55.7234734Z Unpacking libsdl2-2.0-0:amd64 (2.30.0+dfsg-1ubuntu3.1) ...
2026-02-14T07:14:55.7497743Z Selecting previously unselected package timgm6mb-soundfont.
2026-02-14T07:14:55.7618858Z Preparing to unpack .../128-timgm6mb-soundfont_1.3-5_all.deb ...
2026-02-14T07:14:55.7633254Z Unpacking timgm6mb-soundfont (1.3-5) ...
2026-02-14T07:14:56.1146733Z Selecting previously unselected package libfluidsynth3:amd64.
2026-02-14T07:14:56.1264238Z Preparing to unpack .../129-libfluidsynth3_2.3.4-1build3_amd64.deb ...
2026-02-14T07:14:56.1277154Z Unpacking libfluidsynth3:amd64 (2.3.4-1build3) ...
2026-02-14T07:14:56.1482318Z Selecting previously unselected package libfreeaptx0:amd64.
2026-02-14T07:14:56.1599175Z Preparing to unpack .../130-libfreeaptx0_0.1.1-2build1_amd64.deb ...
2026-02-14T07:14:56.1614786Z Unpacking libfreeaptx0:amd64 (0.1.1-2build1) ...
2026-02-14T07:14:56.1800768Z Selecting previously unselected package libgraphene-1.0-0:amd64.
2026-02-14T07:14:56.1918301Z Preparing to unpack .../131-libgraphene-1.0-0_1.10.8-3build2_amd64.deb ...
2026-02-14T07:14:56.1927105Z Unpacking libgraphene-1.0-0:amd64 (1.10.8-3build2) ...
2026-02-14T07:14:56.2128414Z Selecting previously unselected package libgssdp-1.6-0:amd64.
2026-02-14T07:14:56.2246842Z Preparing to unpack .../132-libgssdp-1.6-0_1.6.3-1build3_amd64.deb ...
2026-02-14T07:14:56.2262499Z Unpacking libgssdp-1.6-0:amd64 (1.6.3-1build3) ...
2026-02-14T07:14:56.2454856Z Selecting previously unselected package libegl1:amd64.
2026-02-14T07:14:56.2573820Z Preparing to unpack .../133-libegl1_1.7.0-1build1_amd64.deb ...
2026-02-14T07:14:56.2590243Z Unpacking libegl1:amd64 (1.7.0-1build1) ...
2026-02-14T07:14:56.2779253Z Selecting previously unselected package libgstreamer-gl1.0-0:amd64.
2026-02-14T07:14:56.2895589Z Preparing to unpack .../134-libgstreamer-gl1.0-0_1.24.2-1ubuntu0.3_amd64.deb ...
2026-02-14T07:14:56.2915073Z Unpacking libgstreamer-gl1.0-0:amd64 (1.24.2-1ubuntu0.3) ...
2026-02-14T07:14:56.3110184Z Selecting previously unselected package libgtk-4-common.
2026-02-14T07:14:56.3226464Z Preparing to unpack .../135-libgtk-4-common_4.14.5+ds-0ubuntu0.7_all.deb ...
2026-02-14T07:14:56.3241170Z Unpacking libgtk-4-common (4.14.5+ds-0ubuntu0.7) ...
2026-02-14T07:14:56.3672664Z Selecting previously unselected package libgtk-4-1:amd64.
2026-02-14T07:14:56.3791231Z Preparing to unpack .../136-libgtk-4-1_4.14.5+ds-0ubuntu0.7_amd64.deb ...
2026-02-14T07:14:56.3802366Z Unpacking libgtk-4-1:amd64 (4.14.5+ds-0ubuntu0.7) ...
2026-02-14T07:14:56.4428178Z Selecting previously unselected package libgupnp-1.6-0:amd64.
2026-02-14T07:14:56.4545707Z Preparing to unpack .../137-libgupnp-1.6-0_1.6.6-1build3_amd64.deb ...
2026-02-14T07:14:56.4554711Z Unpacking libgupnp-1.6-0:amd64 (1.6.6-1build3) ...
2026-02-14T07:14:56.4767016Z Selecting previously unselected package libgupnp-igd-1.6-0:amd64.
2026-02-14T07:14:56.4884304Z Preparing to unpack .../138-libgupnp-igd-1.6-0_1.6.0-3build3_amd64.deb ...
2026-02-14T07:14:56.4893869Z Unpacking libgupnp-igd-1.6-0:amd64 (1.6.0-3build3) ...
2026-02-14T07:14:56.5074538Z Selecting previously unselected package libharfbuzz-icu0:amd64.
2026-02-14T07:14:56.5190704Z Preparing to unpack .../139-libharfbuzz-icu0_8.3.0-2build2_amd64.deb ...
2026-02-14T07:14:56.5201125Z Unpacking libharfbuzz-icu0:amd64 (8.3.0-2build2) ...
2026-02-14T07:14:56.5396940Z Selecting previously unselected package libhyphen0:amd64.
2026-02-14T07:14:56.5514869Z Preparing to unpack .../140-libhyphen0_2.8.8-7build3_amd64.deb ...
2026-02-14T07:14:56.5527125Z Unpacking libhyphen0:amd64 (2.8.8-7build3) ...
2026-02-14T07:14:56.5715414Z Selecting previously unselected package libimath-3-1-29t64:amd64.
2026-02-14T07:14:56.5832554Z Preparing to unpack .../141-libimath-3-1-29t64_3.1.9-3.1ubuntu2_amd64.deb ...
2026-02-14T07:14:56.5843054Z Unpacking libimath-3-1-29t64:amd64 (3.1.9-3.1ubuntu2) ...
2026-02-14T07:14:56.6058344Z Selecting previously unselected package liblc3-1:amd64.
2026-02-14T07:14:56.6176777Z Preparing to unpack .../142-liblc3-1_1.0.4-3build1_amd64.deb ...
2026-02-14T07:14:56.6195333Z Unpacking liblc3-1:amd64 (1.0.4-3build1) ...
2026-02-14T07:14:56.6396783Z Selecting previously unselected package libldacbt-enc2:amd64.
2026-02-14T07:14:56.6517322Z Preparing to unpack .../143-libldacbt-enc2_2.0.2.3+git20200429+ed310a0-4ubuntu2_amd64.deb ...
2026-02-14T07:14:56.6538811Z Unpacking libldacbt-enc2:amd64 (2.0.2.3+git20200429+ed310a0-4ubuntu2) ...
2026-02-14T07:14:56.6713966Z Selecting previously unselected package libraptor2-0:amd64.
2026-02-14T07:14:56.6830002Z Preparing to unpack .../144-libraptor2-0_2.0.16-3ubuntu0.1_amd64.deb ...
2026-02-14T07:14:56.6843545Z Unpacking libraptor2-0:amd64 (2.0.16-3ubuntu0.1) ...
2026-02-14T07:14:56.7054444Z Selecting previously unselected package liblrdf0:amd64.
2026-02-14T07:14:56.7170612Z Preparing to unpack .../145-liblrdf0_0.6.1-4build1_amd64.deb ...
2026-02-14T07:14:56.7180776Z Unpacking liblrdf0:amd64 (0.6.1-4build1) ...
2026-02-14T07:14:56.7385903Z Selecting previously unselected package libltc11:amd64.
2026-02-14T07:14:56.7502766Z Preparing to unpack .../146-libltc11_1.3.2-1build1_amd64.deb ...
2026-02-14T07:14:56.7512000Z Unpacking libltc11:amd64 (1.3.2-1build1) ...
2026-02-14T07:14:56.7710462Z Selecting previously unselected package libmanette-0.2-0:amd64.
2026-02-14T07:14:56.7826777Z Preparing to unpack .../147-libmanette-0.2-0_0.2.7-1build2_amd64.deb ...
2026-02-14T07:14:56.7838023Z Unpacking libmanette-0.2-0:amd64 (0.2.7-1build2) ...
2026-02-14T07:14:56.8026245Z Selecting previously unselected package libmfx1:amd64.
2026-02-14T07:14:56.8142637Z Preparing to unpack .../148-libmfx1_22.5.4-1_amd64.deb ...
2026-02-14T07:14:56.8155279Z Unpacking libmfx1:amd64 (22.5.4-1) ...
2026-02-14T07:14:56.9043330Z Selecting previously unselected package libmjpegutils-2.1-0t64:amd64.
2026-02-14T07:14:56.9162280Z Preparing to unpack .../149-libmjpegutils-2.1-0t64_1%3a2.1.0+debian-8.1build1_amd64.deb ...
2026-02-14T07:14:56.9171872Z Unpacking libmjpegutils-2.1-0t64:amd64 (1:2.1.0+debian-8.1build1) ...
2026-02-14T07:14:56.9371610Z Selecting previously unselected package libmodplug1:amd64.
2026-02-14T07:14:56.9489155Z Preparing to unpack .../150-libmodplug1_1%3a0.8.9.0-3build1_amd64.deb ...
2026-02-14T07:14:56.9501906Z Unpacking libmodplug1:amd64 (1:0.8.9.0-3build1) ...
2026-02-14T07:14:56.9716360Z Selecting previously unselected package libmpcdec6:amd64.
2026-02-14T07:14:56.9833249Z Preparing to unpack .../151-libmpcdec6_2%3a0.1~r495-2build1_amd64.deb ...
2026-02-14T07:14:56.9840977Z Unpacking libmpcdec6:amd64 (2:0.1~r495-2build1) ...
2026-02-14T07:14:57.0015714Z Selecting previously unselected package libmpeg2encpp-2.1-0t64:amd64.
2026-02-14T07:14:57.0132779Z Preparing to unpack .../152-libmpeg2encpp-2.1-0t64_1%3a2.1.0+debian-8.1build1_amd64.deb ...
2026-02-14T07:14:57.0144407Z Unpacking libmpeg2encpp-2.1-0t64:amd64 (1:2.1.0+debian-8.1build1) ...
2026-02-14T07:14:57.0359126Z Selecting previously unselected package libmplex2-2.1-0t64:amd64.
2026-02-14T07:14:57.0477428Z Preparing to unpack .../153-libmplex2-2.1-0t64_1%3a2.1.0+debian-8.1build1_amd64.deb ...
2026-02-14T07:14:57.0486015Z Unpacking libmplex2-2.1-0t64:amd64 (1:2.1.0+debian-8.1build1) ...
2026-02-14T07:14:57.0669852Z Selecting previously unselected package libneon27t64:amd64.
2026-02-14T07:14:57.0787696Z Preparing to unpack .../154-libneon27t64_0.33.0-1.1build3_amd64.deb ...
2026-02-14T07:14:57.0805094Z Unpacking libneon27t64:amd64 (0.33.0-1.1build3) ...
2026-02-14T07:14:57.1016826Z Selecting previously unselected package libnice10:amd64.
2026-02-14T07:14:57.1133689Z Preparing to unpack .../155-libnice10_0.1.21-2build3_amd64.deb ...
2026-02-14T07:14:57.1144535Z Unpacking libnice10:amd64 (0.1.21-2build3) ...
2026-02-14T07:14:57.1339417Z Selecting previously unselected package libopenal-data.
2026-02-14T07:14:57.1456770Z Preparing to unpack .../156-libopenal-data_1%3a1.23.1-4build1_all.deb ...
2026-02-14T07:14:57.1466916Z Unpacking libopenal-data (1:1.23.1-4build1) ...
2026-02-14T07:14:57.1683965Z Selecting previously unselected package libopenexr-3-1-30:amd64.
2026-02-14T07:14:57.1802405Z Preparing to unpack .../157-libopenexr-3-1-30_3.1.5-5.1build3_amd64.deb ...
2026-02-14T07:14:57.1813319Z Unpacking libopenexr-3-1-30:amd64 (3.1.5-5.1build3) ...
2026-02-14T07:14:57.2159398Z Selecting previously unselected package libopenh264-7:amd64.
2026-02-14T07:14:57.2279059Z Preparing to unpack .../158-libopenh264-7_2.4.1+dfsg-1_amd64.deb ...
2026-02-14T07:14:57.2290655Z Unpacking libopenh264-7:amd64 (2.4.1+dfsg-1) ...
2026-02-14T07:14:57.2548749Z Selecting previously unselected package libopenni2-0:amd64.
2026-02-14T07:14:57.2668510Z Preparing to unpack .../159-libopenni2-0_2.2.0.33+dfsg-18_amd64.deb ...
2026-02-14T07:14:57.2701344Z Unpacking libopenni2-0:amd64 (2.2.0.33+dfsg-18) ...
2026-02-14T07:14:57.2945033Z Selecting previously unselected package libqrencode4:amd64.
2026-02-14T07:14:57.3064959Z Preparing to unpack .../160-libqrencode4_4.1.1-1build2_amd64.deb ...
2026-02-14T07:14:57.3075801Z Unpacking libqrencode4:amd64 (4.1.1-1build2) ...
2026-02-14T07:14:57.3262181Z Selecting previously unselected package libsecret-common.
2026-02-14T07:14:57.3382363Z Preparing to unpack .../161-libsecret-common_0.21.4-1build3_all.deb ...
2026-02-14T07:14:57.3491677Z Unpacking libsecret-common (0.21.4-1build3) ...
2026-02-14T07:14:57.3683940Z Selecting previously unselected package libsecret-1-0:amd64.
2026-02-14T07:14:57.3802313Z Preparing to unpack .../162-libsecret-1-0_0.21.4-1build3_amd64.deb ...
2026-02-14T07:14:57.3830524Z Unpacking libsecret-1-0:amd64 (0.21.4-1build3) ...
2026-02-14T07:14:57.4038955Z Selecting previously unselected package libsndio7.0:amd64.
2026-02-14T07:14:57.4157659Z Preparing to unpack .../163-libsndio7.0_1.9.0-0.3build3_amd64.deb ...
2026-02-14T07:14:57.4175454Z Unpacking libsndio7.0:amd64 (1.9.0-0.3build3) ...
2026-02-14T07:14:57.4370453Z Selecting previously unselected package libsoundtouch1:amd64.
2026-02-14T07:14:57.4488432Z Preparing to unpack .../164-libsoundtouch1_2.3.2+ds1-1build1_amd64.deb ...
2026-02-14T07:14:57.4500064Z Unpacking libsoundtouch1:amd64 (2.3.2+ds1-1build1) ...
2026-02-14T07:14:57.4699052Z Selecting previously unselected package libspandsp2t64:amd64.
2026-02-14T07:14:57.4818697Z Preparing to unpack .../165-libspandsp2t64_0.0.6+dfsg-2.1build1_amd64.deb ...
2026-02-14T07:14:57.4828858Z Unpacking libspandsp2t64:amd64 (0.0.6+dfsg-2.1build1) ...
2026-02-14T07:14:57.5065961Z Selecting previously unselected package libsrtp2-1:amd64.
2026-02-14T07:14:57.5182690Z Preparing to unpack .../166-libsrtp2-1_2.5.0-3build1_amd64.deb ...
2026-02-14T07:14:57.5194933Z Unpacking libsrtp2-1:amd64 (2.5.0-3build1) ...
2026-02-14T07:14:57.5393528Z Selecting previously unselected package libwayland-server0:amd64.
2026-02-14T07:14:57.5511388Z Preparing to unpack .../167-libwayland-server0_1.22.0-2.1build1_amd64.deb ...
2026-02-14T07:14:57.5538524Z Unpacking libwayland-server0:amd64 (1.22.0-2.1build1) ...
2026-02-14T07:14:57.5768595Z Selecting previously unselected package libwildmidi2:amd64.
2026-02-14T07:14:57.5884782Z Preparing to unpack .../168-libwildmidi2_0.4.3-1build3_amd64.deb ...
2026-02-14T07:14:57.5898338Z Unpacking libwildmidi2:amd64 (0.4.3-1build3) ...
2026-02-14T07:14:57.6115018Z Selecting previously unselected package libwoff1:amd64.
2026-02-14T07:14:57.6230842Z Preparing to unpack .../169-libwoff1_1.0.2-2build1_amd64.deb ...
2026-02-14T07:14:57.6240917Z Unpacking libwoff1:amd64 (1.0.2-2build1) ...
2026-02-14T07:14:57.6434598Z Selecting previously unselected package libxcb-xkb1:amd64.
2026-02-14T07:14:57.6552033Z Preparing to unpack .../170-libxcb-xkb1_1.15-1ubuntu2_amd64.deb ...
2026-02-14T07:14:57.6560888Z Unpacking libxcb-xkb1:amd64 (1.15-1ubuntu2) ...
2026-02-14T07:14:57.6760921Z Selecting previously unselected package libxkbcommon-x11-0:amd64.
2026-02-14T07:14:57.6878406Z Preparing to unpack .../171-libxkbcommon-x11-0_1.6.0-1build1_amd64.deb ...
2026-02-14T07:14:57.6890624Z Unpacking libxkbcommon-x11-0:amd64 (1.6.0-1build1) ...
2026-02-14T07:14:57.7091406Z Selecting previously unselected package libzbar0t64:amd64.
2026-02-14T07:14:57.7208011Z Preparing to unpack .../172-libzbar0t64_0.23.93-4build3_amd64.deb ...
2026-02-14T07:14:57.7220952Z Unpacking libzbar0t64:amd64 (0.23.93-4build3) ...
2026-02-14T07:14:57.7425959Z Selecting previously unselected package libzxing3:amd64.
2026-02-14T07:14:57.7545059Z Preparing to unpack .../173-libzxing3_2.2.1-3_amd64.deb ...
2026-02-14T07:14:57.7557458Z Unpacking libzxing3:amd64 (2.2.1-3) ...
2026-02-14T07:14:57.7774160Z Selecting previously unselected package xfonts-encodings.
2026-02-14T07:14:57.7891579Z Preparing to unpack .../174-xfonts-encodings_1%3a1.0.5-0ubuntu2_all.deb ...
2026-02-14T07:14:57.7903070Z Unpacking xfonts-encodings (1:1.0.5-0ubuntu2) ...
2026-02-14T07:14:57.8138855Z Selecting previously unselected package xfonts-utils.
2026-02-14T07:14:57.8255818Z Preparing to unpack .../175-xfonts-utils_1%3a7.7+6build3_amd64.deb ...
2026-02-14T07:14:57.8266230Z Unpacking xfonts-utils (1:7.7+6build3) ...
2026-02-14T07:14:57.9946778Z Selecting previously unselected package xfonts-cyrillic.
2026-02-14T07:14:58.0066302Z Preparing to unpack .../176-xfonts-cyrillic_1%3a1.0.5+nmu1_all.deb ...
2026-02-14T07:14:58.0083938Z Unpacking xfonts-cyrillic (1:1.0.5+nmu1) ...
2026-02-14T07:14:58.0339243Z Selecting previously unselected package xfonts-scalable.
2026-02-14T07:14:58.0456465Z Preparing to unpack .../177-xfonts-scalable_1%3a1.0.3-1.3_all.deb ...
2026-02-14T07:14:58.0474482Z Unpacking xfonts-scalable (1:1.0.3-1.3) ...
2026-02-14T07:14:58.0667478Z Selecting previously unselected package libgstreamer-plugins-bad1.0-0:amd64.
2026-02-14T07:14:58.0784363Z Preparing to unpack .../178-libgstreamer-plugins-bad1.0-0_1.24.2-1ubuntu4_amd64.deb ...
2026-02-14T07:14:58.0805646Z Unpacking libgstreamer-plugins-bad1.0-0:amd64 (1.24.2-1ubuntu4) ...
2026-02-14T07:14:58.1136399Z Selecting previously unselected package libdca0:amd64.
2026-02-14T07:14:58.1252873Z Preparing to unpack .../179-libdca0_0.0.7-2build1_amd64.deb ...
2026-02-14T07:14:58.1270697Z Unpacking libdca0:amd64 (0.0.7-2build1) ...
2026-02-14T07:14:58.1508569Z Selecting previously unselected package libopenal1:amd64.
2026-02-14T07:14:58.1626523Z Preparing to unpack .../180-libopenal1_1%3a1.23.1-4build1_amd64.deb ...
2026-02-14T07:14:58.1653356Z Unpacking libopenal1:amd64 (1:1.23.1-4build1) ...
2026-02-14T07:14:58.1887563Z Selecting previously unselected package libsbc1:amd64.
2026-02-14T07:14:58.2005020Z Preparing to unpack .../181-libsbc1_2.0-1build1_amd64.deb ...
2026-02-14T07:14:58.2015511Z Unpacking libsbc1:amd64 (2.0-1build1) ...
2026-02-14T07:14:58.2194987Z Selecting previously unselected package libvo-aacenc0:amd64.
2026-02-14T07:14:58.2311308Z Preparing to unpack .../182-libvo-aacenc0_0.1.3-2build1_amd64.deb ...
2026-02-14T07:14:58.2323995Z Unpacking libvo-aacenc0:amd64 (0.1.3-2build1) ...
2026-02-14T07:14:58.2514590Z Selecting previously unselected package libvo-amrwbenc0:amd64.
2026-02-14T07:14:58.2631211Z Preparing to unpack .../183-libvo-amrwbenc0_0.1.3-2build1_amd64.deb ...
2026-02-14T07:14:58.2641266Z Unpacking libvo-amrwbenc0:amd64 (0.1.3-2build1) ...
2026-02-14T07:14:58.2856754Z Selecting previously unselected package gstreamer1.0-plugins-bad:amd64.
2026-02-14T07:14:58.2973593Z Preparing to unpack .../184-gstreamer1.0-plugins-bad_1.24.2-1ubuntu4_amd64.deb ...
2026-02-14T07:14:58.2985384Z Unpacking gstreamer1.0-plugins-bad:amd64 (1.24.2-1ubuntu4) ...
2026-02-14T07:14:58.4879677Z Setting up libgme0:amd64 (0.6.3-7build1) ...
2026-02-14T07:14:58.4909335Z Setting up libchromaprint1:amd64 (1.5.1-5) ...
2026-02-14T07:14:58.4940345Z Setting up libssh-gcrypt-4:amd64 (0.10.6-2ubuntu0.2) ...
2026-02-14T07:14:58.4980079Z Setting up libhwy1t64:amd64 (1.0.7-8.1build1) ...
2026-02-14T07:14:58.5004755Z Setting up libcairo-script-interpreter2:amd64 (1.18.0-3build1) ...
2026-02-14T07:14:58.5029842Z Setting up libfreeaptx0:amd64 (0.1.1-2build1) ...
2026-02-14T07:14:58.5055924Z Setting up libdvdread8t64:amd64 (6.1.3-1.1build1) ...
2026-02-14T07:14:58.5083650Z Setting up libudfread0:amd64 (1.1.2-1build1) ...
2026-02-14T07:14:58.5103711Z Setting up libmodplug1:amd64 (1:0.8.9.0-3build1) ...
2026-02-14T07:14:58.5125525Z Setting up libcdparanoia0:amd64 (3.10.2+debian-14build3) ...
2026-02-14T07:14:58.5146876Z Setting up libwayland-server0:amd64 (1.22.0-2.1build1) ...
2026-02-14T07:14:58.5172028Z Setting up libvo-amrwbenc0:amd64 (0.1.3-2build1) ...
2026-02-14T07:14:58.5208777Z Setting up libraw1394-11:amd64 (2.1.2-2build3) ...
2026-02-14T07:14:58.5238147Z Setting up libsbc1:amd64 (2.0-1build1) ...
2026-02-14T07:14:58.5269696Z Setting up libneon27t64:amd64 (0.33.0-1.1build3) ...
2026-02-14T07:14:58.5293744Z Setting up libtag1v5-vanilla:amd64 (1.13.1-1build1) ...
2026-02-14T07:14:58.5312372Z Setting up libharfbuzz-icu0:amd64 (8.3.0-2build2) ...
2026-02-14T07:14:58.5330405Z Setting up libopenni2-0:amd64 (2.2.0.33+dfsg-18) ...
2026-02-14T07:14:58.5496204Z Setting up libspeex1:amd64 (1.2.1-2ubuntu2.24.04.1) ...
2026-02-14T07:14:58.5523093Z Setting up libshine3:amd64 (3.1.1-2build1) ...
2026-02-14T07:14:58.5569524Z Setting up libcaca0:amd64 (0.99.beta20-4ubuntu0.1) ...
2026-02-14T07:14:58.5600524Z Setting up libvpl2 (2023.3.0-1build1) ...
2026-02-14T07:14:58.5639945Z Setting up libv4lconvert0t64:amd64 (1.26.1-4build3) ...
2026-02-14T07:14:58.5674743Z Setting up libx264-164:amd64 (2:0.164.3108+git31e19f9-1) ...
2026-02-14T07:14:58.5702022Z Setting up libtwolame0:amd64 (0.4.0-2build3) ...
2026-02-14T07:14:58.5729682Z Setting up libmbedcrypto7t64:amd64 (2.28.8-1) ...
2026-02-14T07:14:58.5760829Z Setting up libwoff1:amd64 (1.0.2-2build1) ...
2026-02-14T07:14:58.5787495Z Setting up liblc3-1:amd64 (1.0.4-3build1) ...
2026-02-14T07:14:58.5827434Z Setting up libqrencode4:amd64 (4.1.1-1build2) ...
2026-02-14T07:14:58.5879318Z Setting up libhyphen0:amd64 (2.8.8-7build3) ...
2026-02-14T07:14:58.5912076Z Setting up libgsm1:amd64 (1.0.22-1build1) ...
2026-02-14T07:14:58.5948303Z Setting up libvisual-0.4-0:amd64 (0.4.2-2build1) ...
2026-02-14T07:14:58.5978461Z Setting up libsoxr0:amd64 (0.1.3-4build3) ...
2026-02-14T07:14:58.6015521Z Setting up libzix-0-0:amd64 (0.4.2-2build1) ...
2026-02-14T07:14:58.6042678Z Setting up libcodec2-1.2:amd64 (1.2.0-2build1) ...
2026-02-14T07:14:58.6082676Z Setting up libsrtp2-1:amd64 (2.5.0-3build1) ...
2026-02-14T07:14:58.6102866Z Setting up libmysofa1:amd64 (1.3.2+dfsg-2ubuntu2) ...
2026-02-14T07:14:58.6126688Z Setting up libraptor2-0:amd64 (2.0.16-3ubuntu0.1) ...
2026-02-14T07:14:58.6150917Z Setting up libldacbt-enc2:amd64 (2.0.2.3+git20200429+ed310a0-4ubuntu2) ...
2026-02-14T07:14:58.6170012Z Setting up fonts-wqy-zenhei (0.9.45-8) ...
2026-02-14T07:14:58.6301618Z Setting up libwebrtc-audio-processing1:amd64 (0.3.1-0ubuntu6) ...
2026-02-14T07:14:58.6331465Z Setting up fonts-freefont-ttf (20211204+svn4273-2) ...
2026-02-14T07:14:58.6358743Z Setting up libevent-2.1-7t64:amd64 (2.1.12-stable-9ubuntu2) ...
2026-02-14T07:14:58.6390400Z Setting up libsvtav1enc1d1:amd64 (1.7.0+dfsg-2build1) ...
2026-02-14T07:14:58.6419591Z Setting up libsoup-3.0-common (3.4.4-5ubuntu0.7) ...
2026-02-14T07:14:58.6444824Z Setting up libmpg123-0t64:amd64 (1.32.5-1ubuntu1.1) ...
2026-02-14T07:14:58.6470709Z Setting up libcjson1:amd64 (1.7.17-1) ...
2026-02-14T07:14:58.6497627Z Setting up libxvidcore4:amd64 (2:1.3.7-1build1) ...
2026-02-14T07:14:58.6522098Z Setting up libmpcdec6:amd64 (2:0.1~r495-2build1) ...
2026-02-14T07:14:58.6544411Z Setting up libmjpegutils-2.1-0t64:amd64 (1:2.1.0+debian-8.1build1) ...
2026-02-14T07:14:58.6570146Z Setting up librav1e0:amd64 (0.7.1-2) ...
2026-02-14T07:14:58.6599448Z Setting up liborc-0.4-0t64:amd64 (1:0.4.38-1ubuntu0.1) ...
2026-02-14T07:14:58.6633032Z Setting up libxcb-xkb1:amd64 (1.15-1ubuntu2) ...
2026-02-14T07:14:58.6657635Z Setting up libvo-aacenc0:amd64 (0.1.3-2build1) ...
2026-02-14T07:14:58.6679787Z Setting up librist4:amd64 (0.2.10+dfsg-2) ...
2026-02-14T07:14:58.6703921Z Setting up libglib2.0-0t64:amd64 (2.80.0-6ubuntu3.8) ...
2026-02-14T07:14:58.6951758Z Setting up libblas3:amd64 (3.12.0-3build1.1) ...
2026-02-14T07:14:58.7004393Z update-alternatives: using /usr/lib/x86_64-linux-gnu/blas/libblas.so.3 to provide /usr/lib/x86_64-linux-gnu/libblas.so.3 (libblas.so.3-x86_64-linux-gnu) in auto mode
2026-02-14T07:14:58.7033653Z Setting up libegl-mesa0:amd64 (25.2.8-0ubuntu0.24.04.1) ...
2026-02-14T07:14:58.7060957Z Setting up libsoundtouch1:amd64 (2.3.2+ds1-1build1) ...
2026-02-14T07:14:58.7092224Z Setting up libglib2.0-data (2.80.0-6ubuntu3.8) ...
2026-02-14T07:14:58.7112459Z Setting up libplacebo338:amd64 (6.338.2-2build1) ...
2026-02-14T07:14:58.7139251Z Setting up libgles2:amd64 (1.7.0-1build1) ...
2026-02-14T07:14:58.7168979Z Setting up fonts-tlwg-loma-otf (1:0.7.3-1) ...
2026-02-14T07:14:58.7199791Z Setting up libva2:amd64 (2.20.0-2ubuntu0.1) ...
2026-02-14T07:14:58.7236491Z Setting up libspa-0.2-modules:amd64 (1.0.5-1ubuntu3.2) ...
2026-02-14T07:14:58.7266031Z Setting up libzxing3:amd64 (2.2.1-3) ...
2026-02-14T07:14:58.7289298Z Setting up xfonts-encodings (1:1.0.5-0ubuntu2) ...
2026-02-14T07:14:58.7320491Z Setting up libopus0:amd64 (1.4-1build1) ...
2026-02-14T07:14:58.7344915Z Setting up libfaad2:amd64 (2.11.1-1build1) ...
2026-02-14T07:14:58.7377892Z Setting up libxkbcommon-x11-0:amd64 (1.6.0-1build1) ...
2026-02-14T07:14:58.7413875Z Setting up libdc1394-25:amd64 (2.2.6-4build1) ...
2026-02-14T07:14:58.7434534Z Setting up libpng16-16t64:amd64 (1.6.43-5ubuntu0.5) ...
2026-02-14T07:14:58.7471732Z Setting up libimath-3-1-29t64:amd64 (3.1.9-3.1ubuntu2) ...
2026-02-14T07:14:58.7517845Z Setting up libunibreak5:amd64 (5.1-2build1) ...
2026-02-14T07:14:58.7537879Z Setting up libdv4t64:amd64 (1.0.0-17.1build1) ...
2026-02-14T07:14:58.7566762Z Setting up gir1.2-glib-2.0:amd64 (2.80.0-6ubuntu3.8) ...
2026-02-14T07:14:58.7591789Z Setting up libjxl0.7:amd64 (0.7.0-10.2ubuntu6.1) ...
2026-02-14T07:14:58.7622163Z Setting up libopenh264-7:amd64 (2.4.1+dfsg-1) ...
2026-02-14T07:14:58.7655289Z Setting up libltc11:amd64 (1.3.2-1build1) ...
2026-02-14T07:14:58.7684381Z Setting up libx265-199:amd64 (3.5-2build1) ...
2026-02-14T07:14:58.7707140Z Setting up libv4l-0t64:amd64 (1.26.1-4build3) ...
2026-02-14T07:14:58.7740354Z Setting up libavtp0:amd64 (0.2.0-1build1) ...
2026-02-14T07:14:58.7766946Z Setting up libsndio7.0:amd64 (1.9.0-0.3build3) ...
2026-02-14T07:14:58.7886663Z Setting up libdirectfb-1.7-7t64:amd64 (1.7.7-11.1ubuntu2) ...
2026-02-14T07:14:58.7909620Z Setting up libspandsp2t64:amd64 (0.0.6+dfsg-2.1build1) ...
2026-02-14T07:14:58.7939327Z Setting up libvidstab1.1:amd64 (1.1.0-2build1) ...
2026-02-14T07:14:58.7965689Z Setting up libvpx9:amd64 (1.14.0-1ubuntu2.2) ...
2026-02-14T07:14:58.7994355Z Setting up libsrt1.5-gnutls:amd64 (1.5.3-1build2) ...
2026-02-14T07:14:58.8015963Z Setting up libtag1v5:amd64 (1.13.1-1build1) ...
2026-02-14T07:14:58.8041307Z Setting up libflite1:amd64 (2.2-6build3) ...
2026-02-14T07:14:58.8061373Z Setting up libdav1d7:amd64 (1.4.1-1build1) ...
2026-02-14T07:14:58.8082511Z Setting up libva-drm2:amd64 (2.20.0-2ubuntu0.1) ...
2026-02-14T07:14:58.8117209Z Setting up fonts-ipafont-gothic (00303-21ubuntu1) ...
2026-02-14T07:14:58.8185036Z update-alternatives: using /usr/share/fonts/opentype/ipafont-gothic/ipag.ttf to provide /usr/share/fonts/truetype/fonts-japanese-gothic.ttf (fonts-japanese-gothic.ttf) in auto mode
2026-02-14T07:14:58.8205421Z Setting up ocl-icd-libopencl1:amd64 (2.3.2-1build1) ...
2026-02-14T07:14:58.8240786Z Setting up libasyncns0:amd64 (0.8-6build4) ...
2026-02-14T07:14:58.8275669Z Setting up libwildmidi2:amd64 (0.4.3-1build3) ...
2026-02-14T07:14:58.8309168Z Setting up libvdpau1:amd64 (1.5-2build1) ...
2026-02-14T07:14:58.8345942Z Setting up libwavpack1:amd64 (5.6.0-1build1) ...
2026-02-14T07:14:58.8373705Z Setting up libbs2b0:amd64 (3.1.0+dfsg-7build1) ...
2026-02-14T07:14:58.8403764Z Setting up libtheora0:amd64 (1.1.1+dfsg.1-16.1build3) ...
2026-02-14T07:14:58.8441368Z Setting up libegl1:amd64 (1.7.0-1build1) ...
2026-02-14T07:14:58.8480171Z Setting up libdecor-0-0:amd64 (0.2.2-1build2) ...
2026-02-14T07:14:58.8515810Z Setting up libdca0:amd64 (0.0.7-2build1) ...
2026-02-14T07:14:58.8558951Z Setting up libzimg2:amd64 (3.0.5+ds1-1build1) ...
2026-02-14T07:14:58.8579836Z Setting up libopenal-data (1:1.23.1-4build1) ...
2026-02-14T07:14:58.8614556Z Setting up libabsl20220623t64:amd64 (20220623.1-3.1ubuntu3.2) ...
2026-02-14T07:14:58.8638201Z Setting up libflac12t64:amd64 (1.4.3+ds-2.1ubuntu2) ...
2026-02-14T07:14:58.8680313Z Setting up libgtk-4-common (4.14.5+ds-0ubuntu0.7) ...
2026-02-14T07:14:58.8713686Z Setting up libmpeg2encpp-2.1-0t64:amd64 (1:2.1.0+debian-8.1build1) ...
2026-02-14T07:14:58.8744394Z Setting up glib-networking-common (2.80.0-1build1) ...
2026-02-14T07:14:58.8792809Z Setting up libmfx1:amd64 (22.5.4-1) ...
2026-02-14T07:14:58.8813106Z Setting up libbluray2:amd64 (1:1.3.4-1build1) ...
2026-02-14T07:14:58.8833758Z Setting up libsamplerate0:amd64 (0.2.2-4build1) ...
2026-02-14T07:14:58.8862569Z Setting up timgm6mb-soundfont (1.3-5) ...
2026-02-14T07:14:58.8933579Z update-alternatives: using /usr/share/sounds/sf2/TimGM6mb.sf2 to provide /usr/share/sounds/sf2/default-GM.sf2 (default-GM.sf2) in auto mode
2026-02-14T07:14:58.8967780Z update-alternatives: using /usr/share/sounds/sf2/TimGM6mb.sf2 to provide /usr/share/sounds/sf3/default-GM.sf3 (default-GM.sf3) in auto mode
2026-02-14T07:14:58.8987213Z Setting up libva-x11-2:amd64 (2.20.0-2ubuntu0.1) ...
2026-02-14T07:14:58.9015999Z Setting up libyuv0:amd64 (0.0~git202401110.af6ac82-1) ...
2026-02-14T07:14:58.9060411Z Setting up libmplex2-2.1-0t64:amd64 (1:2.1.0+debian-8.1build1) ...
2026-02-14T07:14:58.9087693Z Setting up libpipewire-0.3-0t64:amd64 (1.0.5-1ubuntu3.2) ...
2026-02-14T07:14:58.9115324Z Setting up libopenmpt0t64:amd64 (0.7.3-1.1build3) ...
2026-02-14T07:14:58.9152431Z Setting up libzvbi-common (0.2.42-2) ...
2026-02-14T07:14:58.9197139Z Setting up libsecret-common (0.21.4-1build3) ...
2026-02-14T07:14:58.9240168Z Setting up libmp3lame0:amd64 (3.100-6build1) ...
2026-02-14T07:14:58.9272338Z Setting up libgraphene-1.0-0:amd64 (1.10.8-3build2) ...
2026-02-14T07:14:58.9304281Z Setting up libvorbisenc2:amd64 (1.3.7-1build3) ...
2026-02-14T07:14:58.9335291Z Setting up libdvdnav4:amd64 (6.1.1-3build1) ...
2026-02-14T07:14:58.9377168Z Setting up fonts-unifont (1:15.1.01-1build1) ...
2026-02-14T07:14:58.9402671Z Setting up libaa1:amd64 (1.4p5-51.1) ...
2026-02-14T07:14:58.9431047Z Setting up libiec61883-0:amd64 (1.2.0-6build1) ...
2026-02-14T07:14:58.9471030Z Setting up libserd-0-0:amd64 (0.32.2-1) ...
2026-02-14T07:14:58.9500575Z Setting up libavc1394-0:amd64 (0.5.4-5build3) ...
2026-02-14T07:14:58.9548393Z Setting up session-migration (0.3.9build1) ...
2026-02-14T07:14:59.1161070Z Created symlink /etc/systemd/user/graphical-session-pre.target.wants/session-migration.service → /usr/lib/systemd/user/session-migration.service.
2026-02-14T07:14:59.1161669Z 
2026-02-14T07:14:59.1199453Z Setting up liblapack3:amd64 (3.12.0-3build1.1) ...
2026-02-14T07:14:59.1255181Z update-alternatives: using /usr/lib/x86_64-linux-gnu/lapack/liblapack.so.3 to provide /usr/lib/x86_64-linux-gnu/liblapack.so.3 (liblapack.so.3-x86_64-linux-gnu) in auto mode
2026-02-14T07:14:59.1281433Z Setting up libproxy1v5:amd64 (0.5.4-4build1) ...
2026-02-14T07:14:59.1359430Z Setting up libzvbi0t64:amd64 (0.2.42-2) ...
2026-02-14T07:14:59.1400850Z Setting up liblrdf0:amd64 (0.6.1-4build1) ...
2026-02-14T07:14:59.1428967Z Setting up libmanette-0.2-0:amd64 (0.2.7-1build2) ...
2026-02-14T07:14:59.1452356Z Setting up libglib2.0-bin (2.80.0-6ubuntu3.8) ...
2026-02-14T07:14:59.1483683Z Setting up libzbar0t64:amd64 (0.23.93-4build3) ...
2026-02-14T07:14:59.1521979Z Setting up libgstreamer-plugins-base1.0-0:amd64 (1.24.2-1ubuntu0.3) ...
2026-02-14T07:14:59.1551484Z Setting up libavutil58:amd64 (7:6.1.1-3ubuntu5) ...
2026-02-14T07:14:59.1584789Z Setting up libopenal1:amd64 (1:1.23.1-4build1) ...
2026-02-14T07:14:59.1612471Z Setting up xfonts-utils (1:7.7+6build3) ...
2026-02-14T07:14:59.1664520Z Setting up librsvg2-2:amd64 (2.58.0+dfsg-1build1) ...
2026-02-14T07:14:59.1691382Z Setting up libsecret-1-0:amd64 (0.21.4-1build3) ...
2026-02-14T07:14:59.1719575Z Setting up libgstreamer-plugins-good1.0-0:amd64 (1.24.2-1ubuntu1.2) ...
2026-02-14T07:14:59.1758556Z Setting up libgstreamer-gl1.0-0:amd64 (1.24.2-1ubuntu0.3) ...
2026-02-14T07:14:59.1801798Z Setting up gstreamer1.0-plugins-base:amd64 (1.24.2-1ubuntu0.3) ...
2026-02-14T07:14:59.1830243Z Setting up libass9:amd64 (1:0.17.1-2build1) ...
2026-02-14T07:14:59.1864380Z Setting up libswresample4:amd64 (7:6.1.1-3ubuntu5) ...
2026-02-14T07:14:59.1888326Z Setting up libopenexr-3-1-30:amd64 (3.1.5-5.1build3) ...
2026-02-14T07:14:59.1919516Z Setting up libshout3:amd64 (2.4.6-1build2) ...
2026-02-14T07:14:59.1947592Z Setting up libgav1-1:amd64 (0.18.0-1build3) ...
2026-02-14T07:14:59.1987593Z Setting up libavcodec60:amd64 (7:6.1.1-3ubuntu5) ...
2026-02-14T07:14:59.2007931Z Setting up librubberband2:amd64 (3.3.0+dfsg-2build1) ...
2026-02-14T07:14:59.2042283Z Setting up libjack-jackd2-0:amd64 (1.9.21~dfsg-3ubuntu3) ...
2026-02-14T07:14:59.2070374Z Setting up libsord-0-0:amd64 (0.16.16-2build1) ...
2026-02-14T07:14:59.2095914Z Setting up xfonts-cyrillic (1:1.0.5+nmu1) ...
2026-02-14T07:14:59.2719142Z Setting up libpostproc57:amd64 (7:6.1.1-3ubuntu5) ...
2026-02-14T07:14:59.2770035Z Setting up libsratom-0-0:amd64 (0.6.16-1build1) ...
2026-02-14T07:14:59.2841293Z Setting up libgtk-4-1:amd64 (4.14.5+ds-0ubuntu0.7) ...
2026-02-14T07:15:00.0703069Z Setting up libsndfile1:amd64 (1.2.2-1ubuntu5.24.04.1) ...
2026-02-14T07:15:00.0746224Z Setting up liblilv-0-0:amd64 (0.24.22-1build1) ...
2026-02-14T07:15:00.0773569Z Setting up libinstpatch-1.0-2:amd64 (1.1.6-1build2) ...
2026-02-14T07:15:00.0806333Z Setting up xfonts-scalable (1:1.0.3-1.3) ...
2026-02-14T07:15:00.1123425Z Setting up libswscale7:amd64 (7:6.1.1-3ubuntu5) ...
2026-02-14T07:15:00.1154214Z Setting up gsettings-desktop-schemas (46.1-0ubuntu1) ...
2026-02-14T07:15:00.1190546Z Setting up glib-networking-services (2.80.0-1build1) ...
2026-02-14T07:15:00.1229692Z Setting up libavif16:amd64 (1.0.4-1ubuntu3) ...
2026-02-14T07:15:00.1268608Z Setting up libpulse0:amd64 (1:16.1+dfsg1-2ubuntu10.1) ...
2026-02-14T07:15:00.1366941Z Setting up libavformat60:amd64 (7:6.1.1-3ubuntu5) ...
2026-02-14T07:15:00.1396119Z Setting up libsphinxbase3t64:amd64 (0.8+5prealpha+1-17build2) ...
2026-02-14T07:15:00.1440868Z Setting up glib-networking:amd64 (2.80.0-1build1) ...
2026-02-14T07:15:00.1488136Z Setting up libsdl2-2.0-0:amd64 (2.30.0+dfsg-1ubuntu3.1) ...
2026-02-14T07:15:00.1525666Z Setting up libfluidsynth3:amd64 (2.3.4-1build3) ...
2026-02-14T07:15:00.1559395Z Setting up libsoup-3.0-0:amd64 (3.4.4-5ubuntu0.7) ...
2026-02-14T07:15:00.1598855Z Setting up libpocketsphinx3:amd64 (0.8.0+real5prealpha+1-15ubuntu5) ...
2026-02-14T07:15:00.1641319Z Setting up libgssdp-1.6-0:amd64 (1.6.3-1build3) ...
2026-02-14T07:15:00.1685118Z Setting up gstreamer1.0-plugins-good:amd64 (1.24.2-1ubuntu1.2) ...
2026-02-14T07:15:00.1711805Z Setting up libgupnp-1.6-0:amd64 (1.6.6-1build3) ...
2026-02-14T07:15:00.1741968Z Setting up libavfilter9:amd64 (7:6.1.1-3ubuntu5) ...
2026-02-14T07:15:00.1777519Z Setting up libgupnp-igd-1.6-0:amd64 (1.6.0-3build3) ...
2026-02-14T07:15:00.1806895Z Setting up gstreamer1.0-libav:amd64 (1.24.1-1build1) ...
2026-02-14T07:15:00.1843795Z Setting up libnice10:amd64 (0.1.21-2build3) ...
2026-02-14T07:15:00.1873701Z Setting up libgstreamer-plugins-bad1.0-0:amd64 (1.24.2-1ubuntu4) ...
2026-02-14T07:15:00.1898962Z Setting up gstreamer1.0-plugins-bad:amd64 (1.24.2-1ubuntu4) ...
2026-02-14T07:15:00.1961543Z Processing triggers for libc-bin (2.39-0ubuntu8.7) ...
2026-02-14T07:15:00.4251934Z Processing triggers for man-db (2.12.0-4build2) ...
2026-02-14T07:15:00.4335860Z Not building database; man-db/auto-update is not 'true'.
2026-02-14T07:15:00.4358428Z Processing triggers for fontconfig (2.15.0-1.1ubuntu2) ...
2026-02-14T07:15:02.5915570Z 
2026-02-14T07:15:02.5916312Z Running kernel seems to be up-to-date.
2026-02-14T07:15:02.5916674Z 
2026-02-14T07:15:02.5916860Z Restarting services...
2026-02-14T07:15:02.6653780Z  systemctl restart packagekit.service php8.3-fpm.service polkit.service udisks2.service
2026-02-14T07:15:02.7796425Z 
2026-02-14T07:15:02.7797322Z Service restarts being deferred:
2026-02-14T07:15:02.7799719Z  systemctl restart ModemManager.service
2026-02-14T07:15:02.7800344Z  systemctl restart networkd-dispatcher.service
2026-02-14T07:15:02.7824548Z 
2026-02-14T07:15:02.7824995Z No containers need to be restarted.
2026-02-14T07:15:02.7825353Z 
2026-02-14T07:15:02.7825662Z No user sessions are running outdated binaries.
2026-02-14T07:15:02.7826017Z 
2026-02-14T07:15:02.7826513Z No VM guests are running outdated hypervisor (qemu) binaries on this host.
2026-02-14T07:15:03.6314602Z Downloading Chromium 143.0.7499.4 (playwright build v1200) from https://cdn.playwright.dev/dbazure/download/playwright/builds/chromium/1200/chromium-linux.zip
2026-02-14T07:15:03.8262697Z |                                                                                |   0% of 164.7 MiB
2026-02-14T07:15:03.9649506Z |■■■■■■■■                                                                        |  10% of 164.7 MiB
2026-02-14T07:15:04.0290174Z |■■■■■■■■■■■■■■■■                                                                |  20% of 164.7 MiB
2026-02-14T07:15:04.0941515Z |■■■■■■■■■■■■■■■■■■■■■■■■                                                        |  30% of 164.7 MiB
2026-02-14T07:15:04.1703990Z |■■■■■■■■■■■■■■■■■■■■■■■■■■■■■■■■                                                |  40% of 164.7 MiB
2026-02-14T07:15:04.2415801Z |■■■■■■■■■■■■■■■■■■■■■■■■■■■■■■■■■■■■■■■■                                        |  50% of 164.7 MiB
2026-02-14T07:15:04.3153237Z |■■■■■■■■■■■■■■■■■■■■■■■■■■■■■■■■■■■■■■■■■■■■■■■■                                |  60% of 164.7 MiB
2026-02-14T07:15:04.3891873Z |■■■■■■■■■■■■■■■■■■■■■■■■■■■■■■■■■■■■■■■■■■■■■■■■■■■■■■■■                        |  70% of 164.7 MiB
2026-02-14T07:15:04.4573597Z |■■■■■■■■■■■■■■■■■■■■■■■■■■■■■■■■■■■■■■■■■■■■■■■■■■■■■■■■■■■■■■■■                |  80% of 164.7 MiB
2026-02-14T07:15:04.5295874Z |■■■■■■■■■■■■■■■■■■■■■■■■■■■■■■■■■■■■■■■■■■■■■■■■■■■■■■■■■■■■■■■■■■■■■■■■        |  90% of 164.7 MiB
2026-02-14T07:15:04.6049049Z |■■■■■■■■■■■■■■■■■■■■■■■■■■■■■■■■■■■■■■■■■■■■■■■■■■■■■■■■■■■■■■■■■■■■■■■■■■■■■■■■| 100% of 164.7 MiB
2026-02-14T07:15:07.3225694Z Chromium 143.0.7499.4 (playwright build v1200) downloaded to /home/runner/.cache/ms-playwright/chromium-1200
2026-02-14T07:15:07.3229479Z Downloading Chromium Headless Shell 143.0.7499.4 (playwright build v1200) from https://cdn.playwright.dev/dbazure/download/playwright/builds/chromium/1200/chromium-headless-shell-linux.zip
2026-02-14T07:15:07.5340042Z |                                                                                |   0% of 109.7 MiB
2026-02-14T07:15:07.6510748Z |■■■■■■■■                                                                        |  10% of 109.7 MiB
2026-02-14T07:15:07.7065102Z |■■■■■■■■■■■■■■■■                                                                |  20% of 109.7 MiB
2026-02-14T07:15:07.7526669Z |■■■■■■■■■■■■■■■■■■■■■■■■                                                        |  30% of 109.7 MiB
2026-02-14T07:15:07.8034494Z |■■■■■■■■■■■■■■■■■■■■■■■■■■■■■■■■                                                |  40% of 109.7 MiB
2026-02-14T07:15:07.8577768Z |■■■■■■■■■■■■■■■■■■■■■■■■■■■■■■■■■■■■■■■■                                        |  50% of 109.7 MiB
2026-02-14T07:15:07.9086680Z |■■■■■■■■■■■■■■■■■■■■■■■■■■■■■■■■■■■■■■■■■■■■■■■■                                |  60% of 109.7 MiB
2026-02-14T07:15:07.9605578Z |■■■■■■■■■■■■■■■■■■■■■■■■■■■■■■■■■■■■■■■■■■■■■■■■■■■■■■■■                        |  70% of 109.7 MiB
2026-02-14T07:15:08.0094315Z |■■■■■■■■■■■■■■■■■■■■■■■■■■■■■■■■■■■■■■■■■■■■■■■■■■■■■■■■■■■■■■■■                |  80% of 109.7 MiB
2026-02-14T07:15:08.0603527Z |■■■■■■■■■■■■■■■■■■■■■■■■■■■■■■■■■■■■■■■■■■■■■■■■■■■■■■■■■■■■■■■■■■■■■■■■        |  90% of 109.7 MiB
2026-02-14T07:15:08.1142630Z |■■■■■■■■■■■■■■■■■■■■■■■■■■■■■■■■■■■■■■■■■■■■■■■■■■■■■■■■■■■■■■■■■■■■■■■■■■■■■■■■| 100% of 109.7 MiB
2026-02-14T07:15:10.1281501Z Chromium Headless Shell 143.0.7499.4 (playwright build v1200) downloaded to /home/runner/.cache/ms-playwright/chromium_headless_shell-1200
2026-02-14T07:15:10.1285093Z Downloading Firefox 144.0.2 (playwright build v1497) from https://cdn.playwright.dev/dbazure/download/playwright/builds/firefox/1497/firefox-ubuntu-24.04.zip
2026-02-14T07:15:10.3173777Z |                                                                                |   0% of 98.4 MiB
2026-02-14T07:15:10.4843759Z |■■■■■■■■                                                                        |  10% of 98.4 MiB
2026-02-14T07:15:10.5791474Z |■■■■■■■■■■■■■■■■                                                                |  20% of 98.4 MiB
2026-02-14T07:15:10.6972262Z |■■■■■■■■■■■■■■■■■■■■■■■■                                                        |  30% of 98.4 MiB
2026-02-14T07:15:10.8160393Z |■■■■■■■■■■■■■■■■■■■■■■■■■■■■■■■■                                                |  40% of 98.4 MiB
2026-02-14T07:15:10.9889986Z |■■■■■■■■■■■■■■■■■■■■■■■■■■■■■■■■■■■■■■■■                                        |  50% of 98.4 MiB
2026-02-14T07:15:11.0542947Z |■■■■■■■■■■■■■■■■■■■■■■■■■■■■■■■■■■■■■■■■■■■■■■■■                                |  60% of 98.4 MiB
2026-02-14T07:15:11.1231753Z |■■■■■■■■■■■■■■■■■■■■■■■■■■■■■■■■■■■■■■■■■■■■■■■■■■■■■■■■                        |  70% of 98.4 MiB
2026-02-14T07:15:11.1840697Z |■■■■■■■■■■■■■■■■■■■■■■■■■■■■■■■■■■■■■■■■■■■■■■■■■■■■■■■■■■■■■■■■                |  80% of 98.4 MiB
2026-02-14T07:15:11.3122189Z |■■■■■■■■■■■■■■■■■■■■■■■■■■■■■■■■■■■■■■■■■■■■■■■■■■■■■■■■■■■■■■■■■■■■■■■■        |  90% of 98.4 MiB
2026-02-14T07:15:11.4320289Z |■■■■■■■■■■■■■■■■■■■■■■■■■■■■■■■■■■■■■■■■■■■■■■■■■■■■■■■■■■■■■■■■■■■■■■■■■■■■■■■■| 100% of 98.4 MiB
2026-02-14T07:15:13.1946015Z Firefox 144.0.2 (playwright build v1497) downloaded to /home/runner/.cache/ms-playwright/firefox-1497
2026-02-14T07:15:13.1949463Z Downloading Webkit 26.0 (playwright build v2227) from https://cdn.playwright.dev/dbazure/download/playwright/builds/webkit/2227/webkit-ubuntu-24.04.zip
2026-02-14T07:15:13.3559906Z |                                                                                |   0% of 95.9 MiB
2026-02-14T07:15:13.5265501Z |■■■■■■■■                                                                        |  10% of 95.9 MiB
2026-02-14T07:15:13.6996693Z |■■■■■■■■■■■■■■■■                                                                |  20% of 95.9 MiB
2026-02-14T07:15:13.7815805Z |■■■■■■■■■■■■■■■■■■■■■■■■                                                        |  30% of 95.9 MiB
2026-02-14T07:15:13.9146343Z |■■■■■■■■■■■■■■■■■■■■■■■■■■■■■■■■                                                |  40% of 95.9 MiB
2026-02-14T07:15:14.0029892Z |■■■■■■■■■■■■■■■■■■■■■■■■■■■■■■■■■■■■■■■■                                        |  50% of 95.9 MiB
2026-02-14T07:15:14.0996712Z |■■■■■■■■■■■■■■■■■■■■■■■■■■■■■■■■■■■■■■■■■■■■■■■■                                |  60% of 95.9 MiB
2026-02-14T07:15:14.2349456Z |■■■■■■■■■■■■■■■■■■■■■■■■■■■■■■■■■■■■■■■■■■■■■■■■■■■■■■■■                        |  70% of 95.9 MiB
2026-02-14T07:15:14.3227778Z |■■■■■■■■■■■■■■■■■■■■■■■■■■■■■■■■■■■■■■■■■■■■■■■■■■■■■■■■■■■■■■■■                |  80% of 95.9 MiB
2026-02-14T07:15:14.4193714Z |■■■■■■■■■■■■■■■■■■■■■■■■■■■■■■■■■■■■■■■■■■■■■■■■■■■■■■■■■■■■■■■■■■■■■■■■        |  90% of 95.9 MiB
2026-02-14T07:15:14.5076137Z |■■■■■■■■■■■■■■■■■■■■■■■■■■■■■■■■■■■■■■■■■■■■■■■■■■■■■■■■■■■■■■■■■■■■■■■■■■■■■■■■| 100% of 95.9 MiB
2026-02-14T07:15:16.2170659Z Webkit 26.0 (playwright build v2227) downloaded to /home/runner/.cache/ms-playwright/webkit-2227
2026-02-14T07:15:16.2173940Z Downloading FFMPEG playwright build v1011 from https://cdn.playwright.dev/dbazure/download/playwright/builds/ffmpeg/1011/ffmpeg-linux.zip
2026-02-14T07:15:16.3601275Z |                                                                                |   0% of 2.3 MiB
2026-02-14T07:15:16.3660575Z |■■■■■■■■                                                                        |  10% of 2.3 MiB
2026-02-14T07:15:16.3687142Z |■■■■■■■■■■■■■■■■                                                                |  20% of 2.3 MiB
2026-02-14T07:15:16.3707874Z |■■■■■■■■■■■■■■■■■■■■■■■■                                                        |  30% of 2.3 MiB
2026-02-14T07:15:16.3724394Z |■■■■■■■■■■■■■■■■■■■■■■■■■■■■■■■■                                                |  40% of 2.3 MiB
2026-02-14T07:15:16.3741273Z |■■■■■■■■■■■■■■■■■■■■■■■■■■■■■■■■■■■■■■■■                                        |  50% of 2.3 MiB
2026-02-14T07:15:16.3757975Z |■■■■■■■■■■■■■■■■■■■■■■■■■■■■■■■■■■■■■■■■■■■■■■■■                                |  60% of 2.3 MiB
2026-02-14T07:15:16.3775764Z |■■■■■■■■■■■■■■■■■■■■■■■■■■■■■■■■■■■■■■■■■■■■■■■■■■■■■■■■                        |  70% of 2.3 MiB
2026-02-14T07:15:16.3791409Z |■■■■■■■■■■■■■■■■■■■■■■■■■■■■■■■■■■■■■■■■■■■■■■■■■■■■■■■■■■■■■■■■                |  80% of 2.3 MiB
2026-02-14T07:15:16.3815936Z |■■■■■■■■■■■■■■■■■■■■■■■■■■■■■■■■■■■■■■■■■■■■■■■■■■■■■■■■■■■■■■■■■■■■■■■■        |  90% of 2.3 MiB
2026-02-14T07:15:16.3832454Z |■■■■■■■■■■■■■■■■■■■■■■■■■■■■■■■■■■■■■■■■■■■■■■■■■■■■■■■■■■■■■■■■■■■■■■■■■■■■■■■■| 100% of 2.3 MiB
2026-02-14T07:15:16.4381598Z FFMPEG playwright build v1011 downloaded to /home/runner/.cache/ms-playwright/ffmpeg-1011
2026-02-14T07:15:16.9377262Z ##[group]Run npm run compile
2026-02-14T07:15:16.9377536Z [36;1mnpm run compile[0m
2026-02-14T07:15:16.9405954Z shell: /usr/bin/bash -e {0}
2026-02-14T07:15:16.9406218Z ##[endgroup]
2026-02-14T07:15:17.0427421Z 
2026-02-14T07:15:17.0428210Z > interactive-markdown-table-editor@1.2.0 compile
2026-02-14T07:15:17.0429883Z > npm run lint && tsc -p ./ && npm run build-webview && npm run copy-mock
2026-02-14T07:15:17.0430677Z 
2026-02-14T07:15:17.1450419Z 
2026-02-14T07:15:17.1451005Z > interactive-markdown-table-editor@1.2.0 lint
2026-02-14T07:15:17.1451601Z > eslint src --ext ts
2026-02-14T07:15:17.1451821Z 
2026-02-14T07:15:23.0958076Z 
2026-02-14T07:15:23.0959134Z > interactive-markdown-table-editor@1.2.0 build-webview
2026-02-14T07:15:23.0960006Z > cd webview-react && npm install && npm run build
2026-02-14T07:15:23.0960436Z 
2026-02-14T07:15:23.9521716Z 
2026-02-14T07:15:23.9522345Z up to date, audited 529 packages in 800ms
2026-02-14T07:15:23.9522750Z 
2026-02-14T07:15:23.9522994Z 88 packages are looking for funding
2026-02-14T07:15:23.9523324Z   run `npm fund` for details
2026-02-14T07:15:23.9532370Z 
2026-02-14T07:15:23.9532586Z found 0 vulnerabilities
2026-02-14T07:15:24.0554934Z 
2026-02-14T07:15:24.0555555Z > markdown-table-editor-webview@1.0.0 build
2026-02-14T07:15:24.0556068Z > vite build
2026-02-14T07:15:24.0556209Z 
2026-02-14T07:15:24.2530580Z [36mvite v7.2.6 [32mbuilding client environment for production...[36m[39m
2026-02-14T07:15:24.3102028Z transforming...
2026-02-14T07:15:25.4514394Z [32m✓[39m 127 modules transformed.
2026-02-14T07:15:25.4527184Z [33m
2026-02-14T07:15:25.4528411Z [1m(!)[22m outDir [37m[2m/home/runner/work/interactive-markdown-table-editor/interactive-markdown-table-editor/out/webview[22m[33m is not inside project root and will not be emptied.
2026-02-14T07:15:25.4529352Z Use --emptyOutDir to override.
2026-02-14T07:15:25.4529647Z [39m
2026-02-14T07:15:28.1776568Z rendering chunks...
2026-02-14T07:15:28.1848637Z computing gzip size...
2026-02-14T07:15:28.1959780Z [2m../out/webview/[22m[32mindex.html       [39m[1m[2m  1.01 kB[22m[1m[22m[2m │ gzip:   0.53 kB[22m
2026-02-14T07:15:28.1961770Z [2m../out/webview/[22m[2massets/[22m[36mindex.js  [39m[1m[2m388.57 kB[22m[1m[22m[2m │ gzip: 112.33 kB[22m
2026-02-14T07:15:28.1963109Z [32m✓ built in 3.92s[39m
2026-02-14T07:15:28.3253033Z 
2026-02-14T07:15:28.3253940Z > interactive-markdown-table-editor@1.2.0 copy-mock
2026-02-14T07:15:28.3255199Z > mkdir -p out/src/mock out/mock && cp test/mock/* out/src/mock/ && cp test/mock/* out/mock/
2026-02-14T07:15:28.3255766Z 
2026-02-14T07:15:28.3442846Z ##[group]Run xvfb-run -a npm run test
2026-02-14T07:15:28.3443151Z [36;1mxvfb-run -a npm run test[0m
2026-02-14T07:15:28.3469573Z shell: /usr/bin/bash -e {0}
2026-02-14T07:15:28.3469812Z env:
2026-02-14T07:15:28.3469987Z   CI: true
2026-02-14T07:15:28.3470165Z ##[endgroup]
2026-02-14T07:15:35.7432335Z 
2026-02-14T07:15:35.7432950Z > interactive-markdown-table-editor@1.2.0 test
2026-02-14T07:15:35.7433533Z > npm run compile && npm run lint && node ./out/test/runTest.js
2026-02-14T07:15:35.7433821Z 
2026-02-14T07:15:35.8418464Z 
2026-02-14T07:15:35.8419172Z > interactive-markdown-table-editor@1.2.0 compile
2026-02-14T07:15:35.8420045Z > npm run lint && tsc -p ./ && npm run build-webview && npm run copy-mock
2026-02-14T07:15:35.8420349Z 
2026-02-14T07:15:35.9372865Z 
2026-02-14T07:15:35.9373576Z > interactive-markdown-table-editor@1.2.0 lint
2026-02-14T07:15:35.9374740Z > eslint src --ext ts
2026-02-14T07:15:35.9374984Z 
2026-02-14T07:15:41.8051272Z 
2026-02-14T07:15:41.8052069Z > interactive-markdown-table-editor@1.2.0 build-webview
2026-02-14T07:15:41.8052623Z > cd webview-react && npm install && npm run build
2026-02-14T07:15:41.8052885Z 
2026-02-14T07:15:42.6401052Z 
2026-02-14T07:15:42.6402028Z up to date, audited 529 packages in 781ms
2026-02-14T07:15:42.6402452Z 
2026-02-14T07:15:42.6402707Z 88 packages are looking for funding
2026-02-14T07:15:42.6403186Z   run `npm fund` for details
2026-02-14T07:15:42.6412530Z 
2026-02-14T07:15:42.6413035Z found 0 vulnerabilities
2026-02-14T07:15:42.7454683Z 
2026-02-14T07:15:42.7455337Z > markdown-table-editor-webview@1.0.0 build
2026-02-14T07:15:42.7455948Z > vite build
2026-02-14T07:15:42.7456171Z 
2026-02-14T07:15:42.9300922Z [36mvite v7.2.6 [32mbuilding client environment for production...[36m[39m
2026-02-14T07:15:42.9869911Z transforming...
2026-02-14T07:15:44.1337607Z [32m✓[39m 127 modules transformed.
2026-02-14T07:15:44.1353080Z [33m
2026-02-14T07:15:44.1355080Z [1m(!)[22m outDir [37m[2m/home/runner/work/interactive-markdown-table-editor/interactive-markdown-table-editor/out/webview[22m[33m is not inside project root and will not be emptied.
2026-02-14T07:15:44.1356476Z Use --emptyOutDir to override.
2026-02-14T07:15:44.1356908Z [39m
2026-02-14T07:15:46.8576691Z rendering chunks...
2026-02-14T07:15:46.8648856Z computing gzip size...
2026-02-14T07:15:46.8760384Z [2m../out/webview/[22m[32mindex.html       [39m[1m[2m  1.01 kB[22m[1m[22m[2m │ gzip:   0.53 kB[22m
2026-02-14T07:15:46.8761214Z [2m../out/webview/[22m[2massets/[22m[36mindex.js  [39m[1m[2m388.57 kB[22m[1m[22m[2m │ gzip: 112.33 kB[22m
2026-02-14T07:15:46.8762058Z [32m✓ built in 3.92s[39m
2026-02-14T07:15:47.0025458Z 
2026-02-14T07:15:47.0026156Z > interactive-markdown-table-editor@1.2.0 copy-mock
2026-02-14T07:15:47.0026858Z > mkdir -p out/src/mock out/mock && cp test/mock/* out/src/mock/ && cp test/mock/* out/mock/
2026-02-14T07:15:47.0027293Z 
2026-02-14T07:15:47.1113243Z 
2026-02-14T07:15:47.1113993Z > interactive-markdown-table-editor@1.2.0 lint
2026-02-14T07:15:47.1114716Z > eslint src --ext ts
2026-02-14T07:15:47.1114897Z 
2026-02-14T07:15:48.6781177Z - Resolving version...
2026-02-14T07:15:48.7717876Z ✔ Validated version: 1.109.3
2026-02-14T07:15:48.7735510Z - Found at https://update.code.visualstudio.com/1.109.3/linux-x64/stable?released=true
2026-02-14T07:15:48.8759613Z ✔ Found at https://update.code.visualstudio.com/1.109.3/linux-x64/stable?released=true
2026-02-14T07:15:48.8762504Z - Downloading (159.36 MB)
2026-02-14T07:15:52.9340482Z ✔ Downloaded VS Code into /home/runner/work/interactive-markdown-table-editor/interactive-markdown-table-editor/.vscode-test/vscode-linux-x64-1.109.3
2026-02-14T07:15:56.2302301Z [5813:0214/071556.229315:ERROR:dbus/bus.cc:408] Failed to connect to the bus: Could not parse server address: Unknown address type (examples of valid types are "tcp" and on UNIX "unix")
2026-02-14T07:15:56.2383395Z [5813:0214/071556.237842:ERROR:dbus/object_proxy.cc:573] Failed to call method: org.freedesktop.DBus.NameHasOwner: object_path= /org/freedesktop/DBus: unknown error type: 
2026-02-14T07:15:56.2388934Z [5813:0214/071556.238652:ERROR:dbus/bus.cc:408] Failed to connect to the bus: Could not parse server address: Unknown address type (examples of valid types are "tcp" and on UNIX "unix")
2026-02-14T07:15:56.2395685Z [5813:0214/071556.239062:ERROR:dbus/bus.cc:408] Failed to connect to the bus: Could not parse server address: Unknown address type (examples of valid types are "tcp" and on UNIX "unix")
2026-02-14T07:15:56.2397971Z [5813:0214/071556.239078:ERROR:dbus/bus.cc:408] Failed to connect to the bus: Could not parse server address: Unknown address type (examples of valid types are "tcp" and on UNIX "unix")
2026-02-14T07:15:56.2400219Z [5813:0214/071556.239091:ERROR:dbus/bus.cc:408] Failed to connect to the bus: Could not parse server address: Unknown address type (examples of valid types are "tcp" and on UNIX "unix")
2026-02-14T07:15:56.2402717Z [5813:0214/071556.239099:ERROR:dbus/object_proxy.cc:573] Failed to call method: org.freedesktop.DBus.NameHasOwner: object_path= /org/freedesktop/DBus: unknown error type: 
2026-02-14T07:15:56.4305744Z [90m[main 2026-02-14T07:15:56.429Z][0m update#setState disabled
2026-02-14T07:15:56.4307043Z [90m[main 2026-02-14T07:15:56.430Z][0m update#ctor - updates are disabled by the environment
2026-02-14T07:15:56.4319806Z [5813:0214/071556.431388:ERROR:dbus/bus.cc:408] Failed to connect to the bus: Could not parse server address: Unknown address type (examples of valid types are "tcp" and on UNIX "unix")
2026-02-14T07:15:59.1113248Z [5836:0214/071559.110833:ERROR:components/viz/service/main/viz_main_impl.cc:189] Exiting GPU process due to errors during initialization
2026-02-14T07:15:59.4771573Z workbench#open()
2026-02-14T07:15:59.9479709Z Started local extension host with pid 6081.
2026-02-14T07:15:59.9480443Z IExtensionHostStarter.start() took 13 ms.
2026-02-14T07:16:00.0541982Z Started initializing default profile extensions in extensions installation folder. file:///home/runner/work/interactive-markdown-table-editor/interactive-markdown-table-editor/.vscode-test/extensions
2026-02-14T07:16:00.4333228Z Completed initializing default profile extensions in extensions installation folder. file:///home/runner/work/interactive-markdown-table-editor/interactive-markdown-table-editor/.vscode-test/extensions
2026-02-14T07:16:00.4788872Z MCP Registry configured: https://api.mcp.github.com
2026-02-14T07:16:00.5561974Z Unable to read file '/home/runner/work/interactive-markdown-table-editor/interactive-markdown-table-editor/out/mock/package.json' (Error: Unable to resolve nonexistent file '/home/runner/work/interactive-markdown-table-editor/interactive-markdown-table-editor/out/mock/package.json')
2026-02-14T07:16:00.5567432Z Unable to read file '/home/runner/work/interactive-markdown-table-editor/interactive-markdown-table-editor/out/src/package.json' (Error: Unable to resolve nonexistent file '/home/runner/work/interactive-markdown-table-editor/interactive-markdown-table-editor/out/src/package.json')
2026-02-14T07:16:00.5571398Z Unable to read file '/home/runner/work/interactive-markdown-table-editor/interactive-markdown-table-editor/out/test/package.json' (Error: Unable to resolve nonexistent file '/home/runner/work/interactive-markdown-table-editor/interactive-markdown-table-editor/out/test/package.json')
2026-02-14T07:16:00.5575537Z Unable to read file '/home/runner/work/interactive-markdown-table-editor/interactive-markdown-table-editor/out/webview/package.json' (Error: Unable to resolve nonexistent file '/home/runner/work/interactive-markdown-table-editor/interactive-markdown-table-editor/out/webview/package.json')
2026-02-14T07:16:00.7647243Z NativeExtensionHostFactory._createLocalProcessExtensionHostDataProvider.scannedExtensions: vscode.bat,vscode.clojure,vscode.coffeescript,vscode.configuration-editing,vscode.cpp,vscode.csharp,vscode.css,vscode.css-language-features,vscode.dart,vscode.debug-auto-launch,vscode.debug-server-ready,vscode.diff,vscode.docker,vscode.dotenv,vscode.emmet,vscode.extension-editing,vscode.fsharp,vscode.git,vscode.git-base,vscode.github,vscode.github-authentication,vscode.go,vscode.groovy,vscode.grunt,vscode.gulp,vscode.handlebars,vscode.hlsl,vscode.html,vscode.html-language-features,vscode.ini,vscode.ipynb,vscode.jake,vscode.java,vscode.javascript,vscode.json,vscode.json-language-features,vscode.julia,vscode.latex,vscode.less,vscode.log,vscode.lua,vscode.make,vscode.markdown,vscode.markdown-language-features,vscode.markdown-math,vscode.media-preview,vscode.merge-conflict,vscode.mermaid-chat-features,vscode.microsoft-authentication,ms-vscode.js-debug,ms-vscode.js-debug-companion,ms-vscode.vscode-js-profile-table,vscode.builtin-notebook-renderers,vscode.npm,vscode.objective-c,vscode.perl,vscode.php,vscode.php-language-features,vscode.powershell,vscode.prompt,vscode.pug,vscode.python,vscode.r,vscode.razor,vscode.references-view,vscode.restructuredtext,vscode.ruby,vscode.rust,vscode.scss,vscode.search-result,vscode.shaderlab,vscode.shellscript,vscode.simple-browser,vscode.sql,vscode.swift,vscode.terminal-suggest,vscode.theme-2026,vscode.theme-abyss,vscode.theme-defaults,vscode.theme-kimbie-dark,vscode.theme-monokai,vscode.theme-monokai-dimmed,vscode.theme-quietlight,vscode.theme-red,vscode.vscode-theme-seti,vscode.theme-solarized-dark,vscode.theme-solarized-light,vscode.theme-tomorrow-night-blue,vscode.tunnel-forwarding,vscode.typescript,vscode.typescript-language-features,vscode.vb,vscode.xml,vscode.yaml
2026-02-14T07:16:00.7797687Z NativeExtensionHostFactory._createLocalProcessExtensionHostDataProvider.localExtensions: vscode.bat,vscode.clojure,vscode.coffeescript,vscode.configuration-editing,vscode.cpp,vscode.csharp,vscode.css,vscode.css-language-features,vscode.dart,vscode.debug-auto-launch,vscode.debug-server-ready,vscode.diff,vscode.docker,vscode.dotenv,vscode.emmet,vscode.extension-editing,vscode.fsharp,vscode.git,vscode.git-base,vscode.github,vscode.github-authentication,vscode.go,vscode.groovy,vscode.grunt,vscode.gulp,vscode.handlebars,vscode.hlsl,vscode.html,vscode.html-language-features,vscode.ini,vscode.ipynb,vscode.jake,vscode.java,vscode.javascript,vscode.json,vscode.json-language-features,vscode.julia,vscode.latex,vscode.less,vscode.log,vscode.lua,vscode.make,vscode.markdown,vscode.markdown-language-features,vscode.markdown-math,vscode.media-preview,vscode.merge-conflict,vscode.mermaid-chat-features,vscode.microsoft-authentication,ms-vscode.js-debug,ms-vscode.js-debug-companion,ms-vscode.vscode-js-profile-table,vscode.builtin-notebook-renderers,vscode.npm,vscode.objective-c,vscode.perl,vscode.php,vscode.php-language-features,vscode.powershell,vscode.prompt,vscode.pug,vscode.python,vscode.r,vscode.razor,vscode.references-view,vscode.restructuredtext,vscode.ruby,vscode.rust,vscode.scss,vscode.search-result,vscode.shaderlab,vscode.shellscript,vscode.simple-browser,vscode.sql,vscode.swift,vscode.terminal-suggest,vscode.theme-2026,vscode.theme-abyss,vscode.theme-defaults,vscode.theme-kimbie-dark,vscode.theme-monokai,vscode.theme-monokai-dimmed,vscode.theme-quietlight,vscode.theme-red,vscode.vscode-theme-seti,vscode.theme-solarized-dark,vscode.theme-solarized-light,vscode.theme-tomorrow-night-blue,vscode.tunnel-forwarding,vscode.typescript,vscode.typescript-language-features,vscode.vb,vscode.xml,vscode.yaml
2026-02-14T07:16:00.7924433Z NativeExtensionHostFactory._createLocalProcessExtensionHostDataProvider.myExtensions: vscode.bat,vscode.clojure,vscode.coffeescript,vscode.configuration-editing,vscode.cpp,vscode.csharp,vscode.css,vscode.css-language-features,vscode.dart,vscode.debug-auto-launch,vscode.debug-server-ready,vscode.diff,vscode.docker,vscode.dotenv,vscode.emmet,vscode.extension-editing,vscode.fsharp,vscode.git,vscode.git-base,vscode.github,vscode.github-authentication,vscode.go,vscode.groovy,vscode.grunt,vscode.gulp,vscode.handlebars,vscode.hlsl,vscode.html,vscode.html-language-features,vscode.ini,vscode.ipynb,vscode.jake,vscode.java,vscode.javascript,vscode.json,vscode.json-language-features,vscode.julia,vscode.latex,vscode.less,vscode.log,vscode.lua,vscode.make,vscode.markdown,vscode.markdown-language-features,vscode.markdown-math,vscode.media-preview,vscode.merge-conflict,vscode.mermaid-chat-features,vscode.microsoft-authentication,ms-vscode.js-debug,ms-vscode.js-debug-companion,ms-vscode.vscode-js-profile-table,vscode.builtin-notebook-renderers,vscode.npm,vscode.objective-c,vscode.perl,vscode.php,vscode.php-language-features,vscode.powershell,vscode.prompt,vscode.pug,vscode.python,vscode.r,vscode.razor,vscode.references-view,vscode.restructuredtext,vscode.ruby,vscode.rust,vscode.scss,vscode.search-result,vscode.shaderlab,vscode.shellscript,vscode.simple-browser,vscode.sql,vscode.swift,vscode.terminal-suggest,vscode.theme-2026,vscode.theme-abyss,vscode.theme-defaults,vscode.theme-kimbie-dark,vscode.theme-monokai,vscode.theme-monokai-dimmed,vscode.theme-quietlight,vscode.theme-red,vscode.vscode-theme-seti,vscode.theme-solarized-dark,vscode.theme-solarized-light,vscode.theme-tomorrow-night-blue,vscode.tunnel-forwarding,vscode.typescript,vscode.typescript-language-features,vscode.vb,vscode.xml,vscode.yaml
2026-02-14T07:16:01.3047428Z Settings Sync: Account status changed from uninitialized to unavailable
2026-02-14T07:16:01.5468008Z [0m[0m
2026-02-14T07:16:01.5510544Z [0m  VS Code Extension Tests[0m
2026-02-14T07:16:01.6148628Z   [32m  ✔[0m[90m Should be able to open markdown file[0m
2026-02-14T07:16:02.1253392Z (node:6081) [DEP0040] DeprecationWarning: The `punycode` module is deprecated. Please use a userland alternative instead.
2026-02-14T07:16:02.1257202Z (Use `exe --trace-deprecation ...` to show where the warning was created)
2026-02-14T07:16:02.1439973Z   [32m  ✔[0m[90m Should be able to execute openEditor command with document[0m[31m (421ms)[0m
2026-02-14T07:16:02.1885738Z   [32m  ✔[0m[90m Markdown file operations should work[0m
2026-02-14T07:16:02.1886828Z   [32m  ✔[0m[90m Should be able to read document content[0m
2026-02-14T07:16:02.2626253Z   [32m  ✔[0m[90m Should be able to modify and revert document[0m[31m (89ms)[0m
2026-02-14T07:16:02.2631922Z   [32m  ✔[0m[90m Extension workspace integration[0m
2026-02-14T07:16:02.2704618Z   [32m  ✔[0m[90m Table parsing capabilities[0m
2026-02-14T07:16:02.2727108Z [0m  GitDiffCoordinator[0m
2026-02-14T07:16:02.2737476Z   [32m  ✔[0m[90m skips redundant git diff updates when content is unchanged[0m
2026-02-14T07:16:02.2761619Z   [32m  ✔[0m[90m resetLastSent initializes lastSentDiffMap with empty arrays[0m
2026-02-14T07:16:02.2768397Z [GitDiffCoordinator] Failed to calculate git diff: Error: Git error
2026-02-14T07:16:02.2772592Z 	at Object.getGitDiffForTable (/home/runner/work/interactive-markdown-table-editor/interactive-markdown-table-editor/out/test/unit/activation/gitDiffCoordinator.test.js:101:53)
2026-02-14T07:16:02.2777290Z 	at /home/runner/work/interactive-markdown-table-editor/interactive-markdown-table-editor/out/src/activation/gitDiffCoordinator.js:34:61
2026-02-14T07:16:02.2780902Z 	at Array.map (<anonymous>)
2026-02-14T07:16:02.2784389Z 	at /home/runner/work/interactive-markdown-table-editor/interactive-markdown-table-editor/out/src/activation/gitDiffCoordinator.js:31:74
2026-02-14T07:16:02.2788532Z 	at async Context.<anonymous> (/home/runner/work/interactive-markdown-table-editor/interactive-markdown-table-editor/out/test/unit/activation/gitDiffCoordinator.test.js:109:9)
2026-02-14T07:16:02.2793409Z   [32m  ✔[0m[90m handles diff provider error gracefully[0m
2026-02-14T07:16:02.2797302Z   [32m  ✔[0m[90m handles comparison error by falling back to direct update[0m
2026-02-14T07:16:02.2800639Z   [32m  ✔[0m[90m sends update when diff content changes[0m
2026-02-14T07:16:02.2804276Z   [32m  ✔[0m[90m handles comparison error in lastSentDiffMap and falls back to direct update[0m
2026-02-14T07:16:02.2815955Z [GitDiffCoordinator] Diff calculation chain error: Error: previous chain failed
2026-02-14T07:16:02.2818831Z 	at Context.<anonymous> (/home/runner/work/interactive-markdown-table-editor/interactive-markdown-table-editor/out/test/unit/activation/gitDiffCoordinator.test.js:232:49)
2026-02-14T07:16:02.2821248Z 	at callFn (/home/runner/work/interactive-markdown-table-editor/interactive-markdown-table-editor/node_modules/mocha/lib/runnable.js:364:21)
2026-02-14T07:16:02.2823982Z 	at Runnable.run (/home/runner/work/interactive-markdown-table-editor/interactive-markdown-table-editor/node_modules/mocha/lib/runnable.js:352:5)
2026-02-14T07:16:02.2829496Z 	at Runner.runTest (/home/runner/work/interactive-markdown-table-editor/interactive-markdown-table-editor/node_modules/mocha/lib/runner.js:677:10)
2026-02-14T07:16:02.2833676Z 	at /home/runner/work/interactive-markdown-table-editor/interactive-markdown-table-editor/node_modules/mocha/lib/runner.js:800:12
2026-02-14T07:16:02.2835454Z 	at next (/home/runner/work/interactive-markdown-table-editor/interactive-markdown-table-editor/node_modules/mocha/lib/runner.js:592:14)
2026-02-14T07:16:02.2837326Z 	at /home/runner/work/interactive-markdown-table-editor/interactive-markdown-table-editor/node_modules/mocha/lib/runner.js:602:7
2026-02-14T07:16:02.2838932Z 	at next (/home/runner/work/interactive-markdown-table-editor/interactive-markdown-table-editor/node_modules/mocha/lib/runner.js:485:14)
2026-02-14T07:16:02.2840628Z 	at Immediate.<anonymous> (/home/runner/work/interactive-markdown-table-editor/interactive-markdown-table-editor/node_modules/mocha/lib/runner.js:570:5)
2026-02-14T07:16:02.2841848Z 	at process.processImmediate (node:internal/timers:485:21)
2026-02-14T07:16:02.2845801Z   [32m  ✔[0m[90m scheduleGitDiffCalculation handles chain error via catch[0m
2026-02-14T07:16:02.2847118Z [0m  PanelSessionManager[0m
2026-02-14T07:16:02.2848528Z   [32m  ✔[0m[90m normalizes various URI inputs[0m
2026-02-14T07:16:02.2849892Z   [32m  ✔[0m[90m resolves panel and managers by panelId preference[0m
2026-02-14T07:16:02.2851821Z   [32m  ✔[0m[90m falls back to uri when panel is not tracked yet[0m
2026-02-14T07:16:02.2855550Z   [32m  ✔[0m[90m normalizeUri handles falsy value[0m
2026-02-14T07:16:02.2859856Z   [32m  ✔[0m[90m normalizeUri handles undefined[0m
2026-02-14T07:16:02.2864419Z   [32m  ✔[0m[90m normalizeUri handles object with toString[0m
2026-02-14T07:16:02.2868234Z   [32m  ✔[0m[90m normalizeUri handles object with toString returning invalid URI[0m
2026-02-14T07:16:02.2875580Z   [32m  ✔[0m[90m normalizeUri handles object without toString[0m
2026-02-14T07:16:02.2881306Z   [32m  ✔[0m[90m resolvePanelContext resolves tableManagersMap from candidateKeys fallback[0m
2026-02-14T07:16:02.2886019Z   [32m  ✔[0m[90m getManagers returns undefined for unknown key[0m
2026-02-14T07:16:02.2906930Z   [32m  ✔[0m[90m getPanelAndManagers returns panel and managers[0m
2026-02-14T07:16:02.2911203Z   [32m  ✔[0m[90m clearAll clears all managers[0m
2026-02-14T07:16:02.2914199Z   [32m  ✔[0m[90m normalizeUri handles empty string[0m
2026-02-14T07:16:02.2929094Z   [32m  ✔[0m[90m normalizeUri handles string with double colons (:: check)[0m
2026-02-14T07:16:02.2930047Z   [32m  ✔[0m[90m normalizeUri handles file URI with no path[0m
2026-02-14T07:16:02.2932422Z   [32m  ✔[0m[90m normalizeUri string catch block when Uri.parse throws (L29)[0m
2026-02-14T07:16:02.2935232Z   [32m  ✔[0m[90m normalizeUri toString catch block when Uri.parse throws (L50)[0m
2026-02-14T07:16:02.2938357Z   [32m  ✔[0m[90m normalizeUri handles vscode.Uri instance with double colon toString[0m
2026-02-14T07:16:02.2941354Z   [32m  ✔[0m[90m normalizeUri handles object with toString returning non-parsable URI[0m
2026-02-14T07:16:02.2949990Z   [32m  ✔[0m[90m normalizeUri handles object with toString that produces valid URI[0m
2026-02-14T07:16:02.2952816Z   [32m  ✔[0m[90m normalizeUri string catch block - Uri.parse throws for string input (L29)[0m
2026-02-14T07:16:02.2956572Z   [32m  ✔[0m[90m normalizeUri toString object catch block - Uri.parse throws (L50)[0m
2026-02-14T07:16:02.2960529Z [0m  CommandRegistrar Test Suite[0m
2026-02-14T07:16:02.2967367Z   [32m  ✔[0m[90m should construct without errors[0m
2026-02-14T07:16:02.2973492Z   [32m  ✔[0m[90m register should register external and internal commands[0m
2026-02-14T07:16:02.2981346Z   [32m  ✔[0m[90m register should add subscriptions to context[0m
2026-02-14T07:16:02.2989577Z   [32m  ✔[0m[90m openEditor command with no active editor shows error[0m
2026-02-14T07:16:02.3043336Z   [32m  ✔[0m[90m openEditor command with URI and no tables shows info message[0m
2026-02-14T07:16:02.3047137Z   [32m  ✔[0m[90m openEditor command with tables creates panel[0m
2026-02-14T07:16:02.3050489Z   [32m  ✔[0m[90m openEditorNewPanel creates new panel with unique ID[0m
2026-02-14T07:16:02.3083312Z   [32m  ✔[0m[90m selectTheme calls themeApplier.showThemePicker[0m
2026-02-14T07:16:02.3097654Z   [32m  ✔[0m[90m requestTableData with no uri returns early[0m
2026-02-14T07:16:02.3098719Z   [32m  ✔[0m[90m requestTableData with valid uri but no panel returns early[0m
2026-02-14T07:16:02.3100059Z   [32m  ✔[0m[90m requestTableData with valid data sends table data[0m
2026-02-14T07:16:02.3100943Z   [32m  ✔[0m[90m updateCell with no URI returns early[0m
2026-02-14T07:16:02.3101952Z   [32m  ✔[0m[90m updateCell with valid data and auto-save saves file[0m
2026-02-14T07:16:02.3106974Z   [32m  ✔[0m[90m updateCell with auto-save disabled sets dirty state[0m
2026-02-14T07:16:02.3111369Z Error in updateCell: Error: Update failed
2026-02-14T07:16:02.3113362Z 	at Object.updateCell (/home/runner/work/interactive-markdown-table-editor/interactive-markdown-table-editor/out/test/unit/commandRegistrar.test.js:396:39)
2026-02-14T07:16:02.3115581Z 	at CommandRegistrar.handleUpdateCell (/home/runner/work/interactive-markdown-table-editor/interactive-markdown-table-editor/out/src/activation/commandRegistrar.js:338:34)
2026-02-14T07:16:02.3117521Z 	at async /home/runner/work/interactive-markdown-table-editor/interactive-markdown-table-editor/out/src/activation/commandRegistrar.js:48:13
2026-02-14T07:16:02.3119595Z 	at async Context.<anonymous> (/home/runner/work/interactive-markdown-table-editor/interactive-markdown-table-editor/out/test/unit/commandRegistrar.test.js:404:9)
2026-02-14T07:16:02.3131286Z   [32m  ✔[0m[90m updateCell error sends error message[0m
2026-02-14T07:16:02.3133268Z   [32m  ✔[0m[90m bulkUpdateCells with missing updates returns early[0m
2026-02-14T07:16:02.3138145Z   [32m  ✔[0m[90m bulkUpdateCells with valid data processes updates[0m
2026-02-14T07:16:02.3140008Z   [32m  ✔[0m[90m updateHeader with valid data updates header[0m
2026-02-14T07:16:02.3212519Z   [32m  ✔[0m[90m sort command delegates to handler[0m
2026-02-14T07:16:02.3235962Z   [32m  ✔[0m[90m moveRow command delegates to handler[0m
2026-02-14T07:16:02.3236966Z   [32m  ✔[0m[90m moveColumn command delegates to handler[0m
2026-02-14T07:16:02.3238248Z   [32m  ✔[0m[90m moveRow with no indices sends error[0m
2026-02-14T07:16:02.3238926Z   [32m  ✔[0m[90m addRow command delegates to tableEditRunner[0m
2026-02-14T07:16:02.3244841Z   [32m  ✔[0m[90m deleteRow command delegates to tableEditRunner[0m
2026-02-14T07:16:02.3254858Z   [32m  ✔[0m[90m addColumn command delegates to tableEditRunner[0m
2026-02-14T07:16:02.3258997Z   [32m  ✔[0m[90m deleteColumn command delegates to tableEditRunner[0m
2026-02-14T07:16:02.3276551Z   [32m  ✔[0m[90m deleteRows command delegates to tableEditRunner[0m
2026-02-14T07:16:02.3285484Z   [32m  ✔[0m[90m deleteColumns command delegates to tableEditRunner[0m
2026-02-14T07:16:02.3286391Z [CommandRegistrar] handleForceFileSave: Missing uri or panelId
2026-02-14T07:16:02.3300196Z   [32m  ✔[0m[90m forceFileSave with missing uri/panelId returns early[0m
2026-02-14T07:16:02.3301058Z   [32m  ✔[0m[90m forceFileSave with valid data saves all tables[0m
2026-02-14T07:16:02.3302429Z   [32m  ✔[0m[90m exportCSV with no panel returns early[0m
2026-02-14T07:16:02.3318808Z   [32m  ✔[0m[90m importCSV with no panel returns early[0m
2026-02-14T07:16:02.3325158Z   [32m  ✔[0m[90m openEditor with existing active panel clears previous session[0m
2026-02-14T07:16:02.3326334Z Error opening table editor: Error: Read error
2026-02-14T07:16:02.3328119Z 	at deps.fileHandler.readMarkdownFile (/home/runner/work/interactive-markdown-table-editor/interactive-markdown-table-editor/out/test/unit/commandRegistrar.test.js:680:19)
2026-02-14T07:16:02.3330170Z 	at CommandRegistrar.handleOpenEditor (/home/runner/work/interactive-markdown-table-editor/interactive-markdown-table-editor/out/src/activation/commandRegistrar.js:187:52)
2026-02-14T07:16:02.3337882Z 	at /home/runner/work/interactive-markdown-table-editor/interactive-markdown-table-editor/out/src/activation/commandRegistrar.js:33:24
2026-02-14T07:16:02.3339749Z 	at Context.<anonymous> (/home/runner/work/interactive-markdown-table-editor/interactive-markdown-table-editor/out/test/unit/commandRegistrar.test.js:687:15)
2026-02-14T07:16:02.3341853Z 	at callFn (/home/runner/work/interactive-markdown-table-editor/interactive-markdown-table-editor/node_modules/mocha/lib/runnable.js:364:21)
2026-02-14T07:16:02.3343793Z 	at Runnable.run (/home/runner/work/interactive-markdown-table-editor/interactive-markdown-table-editor/node_modules/mocha/lib/runnable.js:352:5)
2026-02-14T07:16:02.3345857Z 	at Runner.runTest (/home/runner/work/interactive-markdown-table-editor/interactive-markdown-table-editor/node_modules/mocha/lib/runner.js:677:10)
2026-02-14T07:16:02.3349850Z 	at /home/runner/work/interactive-markdown-table-editor/interactive-markdown-table-editor/node_modules/mocha/lib/runner.js:800:12
2026-02-14T07:16:02.3351791Z 	at next (/home/runner/work/interactive-markdown-table-editor/interactive-markdown-table-editor/node_modules/mocha/lib/runner.js:592:14)
2026-02-14T07:16:02.3353534Z 	at /home/runner/work/interactive-markdown-table-editor/interactive-markdown-table-editor/node_modules/mocha/lib/runner.js:602:7
2026-02-14T07:16:02.3355375Z 	at next (/home/runner/work/interactive-markdown-table-editor/interactive-markdown-table-editor/node_modules/mocha/lib/runner.js:485:14)
2026-02-14T07:16:02.3357121Z 	at cbHookRun (/home/runner/work/interactive-markdown-table-editor/interactive-markdown-table-editor/node_modules/mocha/lib/runner.js:550:7)
2026-02-14T07:16:02.3358749Z 	at done (/home/runner/work/interactive-markdown-table-editor/interactive-markdown-table-editor/node_modules/mocha/lib/runnable.js:308:5)
2026-02-14T07:16:02.3360601Z 	at callFn (/home/runner/work/interactive-markdown-table-editor/interactive-markdown-table-editor/node_modules/mocha/lib/runnable.js:387:7)
2026-02-14T07:16:02.3362570Z 	at Runnable.run (/home/runner/work/interactive-markdown-table-editor/interactive-markdown-table-editor/node_modules/mocha/lib/runnable.js:352:5)
2026-02-14T07:16:02.3364652Z 	at next (/home/runner/work/interactive-markdown-table-editor/interactive-markdown-table-editor/node_modules/mocha/lib/runner.js:509:10)
2026-02-14T07:16:02.3366601Z 	at Immediate.<anonymous> (/home/runner/work/interactive-markdown-table-editor/interactive-markdown-table-editor/node_modules/mocha/lib/runner.js:570:5)
2026-02-14T07:16:02.3367746Z 	at process.processImmediate (node:internal/timers:485:21)
2026-02-14T07:16:02.3368550Z   [32m  ✔[0m[90m openEditor handles error gracefully[0m
2026-02-14T07:16:02.3369381Z   [32m  ✔[0m[90m updateCell with Invalid cell position attempts refresh[0m
2026-02-14T07:16:02.3370174Z   [32m  ✔[0m[90m sort with missing panel returns early[0m
2026-02-14T07:16:02.3374940Z   [32m  ✔[0m[90m sort with missing tableManagersMap sends error[0m
2026-02-14T07:16:02.3379544Z   [32m  ✔[0m[90m bulkUpdateCells that needs row/column expansion[0m
2026-02-14T07:16:02.3380676Z   [32m  ✔[0m[90m updateHeader with Invalid position attempts refresh[0m
2026-02-14T07:16:02.3382254Z   [32m  ✔[0m[90m moveColumn with no indices sends error[0m
2026-02-14T07:16:02.3383023Z Error in sort: Error: Sort failed
2026-02-14T07:16:02.3385588Z 	at Object.sortByColumn (/home/runner/work/interactive-markdown-table-editor/interactive-markdown-table-editor/out/test/unit/commandRegistrar.test.js:835:53)
2026-02-14T07:16:02.3388021Z 	at CommandRegistrar.handleSort (/home/runner/work/interactive-markdown-table-editor/interactive-markdown-table-editor/out/src/activation/commandRegistrar.js:613:30)
2026-02-14T07:16:02.3397504Z 	at /home/runner/work/interactive-markdown-table-editor/interactive-markdown-table-editor/out/src/activation/commandRegistrar.js:148:24
2026-02-14T07:16:02.3399418Z 	at Context.<anonymous> (/home/runner/work/interactive-markdown-table-editor/interactive-markdown-table-editor/out/test/unit/commandRegistrar.test.js:842:15)
2026-02-14T07:16:02.3401150Z 	at callFn (/home/runner/work/interactive-markdown-table-editor/interactive-markdown-table-editor/node_modules/mocha/lib/runnable.js:364:21)
2026-02-14T07:16:02.3402850Z 	at Runnable.run (/home/runner/work/interactive-markdown-table-editor/interactive-markdown-table-editor/node_modules/mocha/lib/runnable.js:352:5)
2026-02-14T07:16:02.3408394Z 	at Runner.runTest (/home/runner/work/interactive-markdown-table-editor/interactive-markdown-table-editor/node_modules/mocha/lib/runner.js:677:10)
2026-02-14T07:16:02.3411369Z 	at /home/runner/work/interactive-markdown-table-editor/interactive-markdown-table-editor/node_modules/mocha/lib/runner.js:800:12
2026-02-14T07:16:02.3413145Z 	at next (/home/runner/work/interactive-markdown-table-editor/interactive-markdown-table-editor/node_modules/mocha/lib/runner.js:592:14)
2026-02-14T07:16:02.3415158Z 	at /home/runner/work/interactive-markdown-table-editor/interactive-markdown-table-editor/node_modules/mocha/lib/runner.js:602:7
2026-02-14T07:16:02.3416993Z 	at next (/home/runner/work/interactive-markdown-table-editor/interactive-markdown-table-editor/node_modules/mocha/lib/runner.js:485:14)
2026-02-14T07:16:02.3421706Z 	at cbHookRun (/home/runner/work/interactive-markdown-table-editor/interactive-markdown-table-editor/node_modules/mocha/lib/runner.js:550:7)
2026-02-14T07:16:02.3426279Z 	at done (/home/runner/work/interactive-markdown-table-editor/interactive-markdown-table-editor/node_modules/mocha/lib/runnable.js:308:5)
2026-02-14T07:16:02.3428237Z 	at callFn (/home/runner/work/interactive-markdown-table-editor/interactive-markdown-table-editor/node_modules/mocha/lib/runnable.js:387:7)
2026-02-14T07:16:02.3429956Z 	at Runnable.run (/home/runner/work/interactive-markdown-table-editor/interactive-markdown-table-editor/node_modules/mocha/lib/runnable.js:352:5)
2026-02-14T07:16:02.3432023Z 	at next (/home/runner/work/interactive-markdown-table-editor/interactive-markdown-table-editor/node_modules/mocha/lib/runner.js:509:10)
2026-02-14T07:16:02.3434235Z 	at Immediate._onImmediate (/home/runner/work/interactive-markdown-table-editor/interactive-markdown-table-editor/node_modules/mocha/lib/runner.js:570:5)
2026-02-14T07:16:02.3435470Z 	at process.processImmediate (node:internal/timers:485:21)
2026-02-14T07:16:02.3436290Z   [32m  ✔[0m[90m sort error sends error to panel[0m
2026-02-14T07:16:02.3437235Z [CommandRegistrar] handleForceFileSave failed: Error: Serialize failed
2026-02-14T07:16:02.3438700Z 	at Object.serializeToMarkdown (/home/runner/work/interactive-markdown-table-editor/interactive-markdown-table-editor/out/test/unit/commandRegistrar.test.js:852:48)
2026-02-14T07:16:02.3441462Z 	at CommandRegistrar.handleForceFileSave (/home/runner/work/interactive-markdown-table-editor/interactive-markdown-table-editor/out/src/activation/commandRegistrar.js:1018:58)
2026-02-14T07:16:02.3452785Z 	at /home/runner/work/interactive-markdown-table-editor/interactive-markdown-table-editor/out/src/activation/commandRegistrar.js:163:24
2026-02-14T07:16:02.3455048Z 	at Context.<anonymous> (/home/runner/work/interactive-markdown-table-editor/interactive-markdown-table-editor/out/test/unit/commandRegistrar.test.js:860:15)
2026-02-14T07:16:02.3456886Z 	at callFn (/home/runner/work/interactive-markdown-table-editor/interactive-markdown-table-editor/node_modules/mocha/lib/runnable.js:364:21)
2026-02-14T07:16:02.3458667Z 	at Runnable.run (/home/runner/work/interactive-markdown-table-editor/interactive-markdown-table-editor/node_modules/mocha/lib/runnable.js:352:5)
2026-02-14T07:16:02.3460986Z 	at Runner.runTest (/home/runner/work/interactive-markdown-table-editor/interactive-markdown-table-editor/node_modules/mocha/lib/runner.js:677:10)
2026-02-14T07:16:02.3463055Z 	at /home/runner/work/interactive-markdown-table-editor/interactive-markdown-table-editor/node_modules/mocha/lib/runner.js:800:12
2026-02-14T07:16:02.3465095Z 	at next (/home/runner/work/interactive-markdown-table-editor/interactive-markdown-table-editor/node_modules/mocha/lib/runner.js:592:14)
2026-02-14T07:16:02.3466727Z 	at /home/runner/work/interactive-markdown-table-editor/interactive-markdown-table-editor/node_modules/mocha/lib/runner.js:602:7
2026-02-14T07:16:02.3468399Z 	at next (/home/runner/work/interactive-markdown-table-editor/interactive-markdown-table-editor/node_modules/mocha/lib/runner.js:485:14)
2026-02-14T07:16:02.3470280Z 	at cbHookRun (/home/runner/work/interactive-markdown-table-editor/interactive-markdown-table-editor/node_modules/mocha/lib/runner.js:550:7)
2026-02-14T07:16:02.3472121Z 	at done (/home/runner/work/interactive-markdown-table-editor/interactive-markdown-table-editor/node_modules/mocha/lib/runnable.js:308:5)
2026-02-14T07:16:02.3477441Z 	at callFn (/home/runner/work/interactive-markdown-table-editor/interactive-markdown-table-editor/node_modules/mocha/lib/runnable.js:387:7)
2026-02-14T07:16:02.3479061Z 	at Runnable.run (/home/runner/work/interactive-markdown-table-editor/interactive-markdown-table-editor/node_modules/mocha/lib/runnable.js:352:5)
2026-02-14T07:16:02.3480733Z 	at next (/home/runner/work/interactive-markdown-table-editor/interactive-markdown-table-editor/node_modules/mocha/lib/runner.js:509:10)
2026-02-14T07:16:02.3482713Z 	at Immediate._onImmediate (/home/runner/work/interactive-markdown-table-editor/interactive-markdown-table-editor/node_modules/mocha/lib/runner.js:570:5)
2026-02-14T07:16:02.3484003Z 	at process.processImmediate (node:internal/timers:485:21)
2026-02-14T07:16:02.3484958Z   [32m  ✔[0m[90m forceFileSave error sends error to panel[0m
2026-02-14T07:16:02.3485801Z   [32m  ✔[0m[90m exportCSV with valid data and no save dialog cancellation[0m
2026-02-14T07:16:02.3486542Z   [32m  ✔[0m[90m exportCSV with empty content sends error[0m
2026-02-14T07:16:02.3488905Z   [32m  ✔[0m[90m sort with auto-save disabled sets dirty state[0m
2026-02-14T07:16:02.3502773Z   [32m  ✔[0m[90m requestTableData with no tables sends error[0m
2026-02-14T07:16:02.3503369Z Error in requestTableData: Error: File not found
2026-02-14T07:16:02.3504787Z 	at vscode.workspace.openTextDocument (/home/runner/work/interactive-markdown-table-editor/interactive-markdown-table-editor/out/test/unit/commandRegistrar.test.js:952:65)
2026-02-14T07:16:02.3506710Z 	at CommandRegistrar.handleRequestTableData (/home/runner/work/interactive-markdown-table-editor/interactive-markdown-table-editor/out/src/activation/commandRegistrar.js:245:48)
2026-02-14T07:16:02.3508598Z 	at /home/runner/work/interactive-markdown-table-editor/interactive-markdown-table-editor/out/src/activation/commandRegistrar.js:45:24
2026-02-14T07:16:02.3510207Z 	at Context.<anonymous> (/home/runner/work/interactive-markdown-table-editor/interactive-markdown-table-editor/out/test/unit/commandRegistrar.test.js:956:15)
2026-02-14T07:16:02.3511845Z 	at callFn (/home/runner/work/interactive-markdown-table-editor/interactive-markdown-table-editor/node_modules/mocha/lib/runnable.js:364:21)
2026-02-14T07:16:02.3513481Z 	at Runnable.run (/home/runner/work/interactive-markdown-table-editor/interactive-markdown-table-editor/node_modules/mocha/lib/runnable.js:352:5)
2026-02-14T07:16:02.3563351Z 	at Runner.runTest (/home/runner/work/interactive-markdown-table-editor/interactive-markdown-table-editor/node_modules/mocha/lib/runner.js:677:10)
2026-02-14T07:16:02.3565238Z 	at /home/runner/work/interactive-markdown-table-editor/interactive-markdown-table-editor/node_modules/mocha/lib/runner.js:800:12
2026-02-14T07:16:02.3566975Z 	at next (/home/runner/work/interactive-markdown-table-editor/interactive-markdown-table-editor/node_modules/mocha/lib/runner.js:592:14)
2026-02-14T07:16:02.3568852Z 	at /home/runner/work/interactive-markdown-table-editor/interactive-markdown-table-editor/node_modules/mocha/lib/runner.js:602:7
2026-02-14T07:16:02.3570505Z 	at next (/home/runner/work/interactive-markdown-table-editor/interactive-markdown-table-editor/node_modules/mocha/lib/runner.js:485:14)
2026-02-14T07:16:02.3571967Z 	at cbHookRun (/home/runner/work/interactive-markdown-table-editor/interactive-markdown-table-editor/node_modules/mocha/lib/runner.js:550:7)
2026-02-14T07:16:02.3576610Z 	at done (/home/runner/work/interactive-markdown-table-editor/interactive-markdown-table-editor/node_modules/mocha/lib/runnable.js:308:5)
2026-02-14T07:16:02.3578290Z 	at callFn (/home/runner/work/interactive-markdown-table-editor/interactive-markdown-table-editor/node_modules/mocha/lib/runnable.js:387:7)
2026-02-14T07:16:02.3580195Z 	at Runnable.run (/home/runner/work/interactive-markdown-table-editor/interactive-markdown-table-editor/node_modules/mocha/lib/runnable.js:352:5)
2026-02-14T07:16:02.3581932Z 	at next (/home/runner/work/interactive-markdown-table-editor/interactive-markdown-table-editor/node_modules/mocha/lib/runner.js:509:10)
2026-02-14T07:16:02.3583707Z 	at Immediate.<anonymous> (/home/runner/work/interactive-markdown-table-editor/interactive-markdown-table-editor/node_modules/mocha/lib/runner.js:570:5)
2026-02-14T07:16:02.3585172Z 	at process.processImmediate (node:internal/timers:485:21)
2026-02-14T07:16:02.3586087Z   [32m  ✔[0m[90m requestTableData error sends error to panel[0m
2026-02-14T07:16:02.3587057Z   [32m  ✔[0m[90m updateHeader with auto-save disabled sets dirty state[0m
2026-02-14T07:16:02.3588002Z Could not refresh table data: Error: Table index 0 not found in refreshed data
2026-02-14T07:16:02.3589545Z 	at CommandRegistrar.handleUpdateHeader (/home/runner/work/interactive-markdown-table-editor/interactive-markdown-table-editor/out/src/activation/commandRegistrar.js:552:35)
2026-02-14T07:16:02.3628972Z 	at async /home/runner/work/interactive-markdown-table-editor/interactive-markdown-table-editor/out/src/activation/commandRegistrar.js:54:13
2026-02-14T07:16:02.3630907Z 	at async Context.<anonymous> (/home/runner/work/interactive-markdown-table-editor/interactive-markdown-table-editor/out/test/unit/commandRegistrar.test.js:1001:9)
2026-02-14T07:16:02.3632192Z Error in updateHeader: Error: Non-Invalid error
2026-02-14T07:16:02.3633440Z 	at Object.updateHeader (/home/runner/work/interactive-markdown-table-editor/interactive-markdown-table-editor/out/test/unit/commandRegistrar.test.js:993:41)
2026-02-14T07:16:02.3635683Z 	at CommandRegistrar.handleUpdateHeader (/home/runner/work/interactive-markdown-table-editor/interactive-markdown-table-editor/out/src/activation/commandRegistrar.js:536:34)
2026-02-14T07:16:02.3637545Z 	at /home/runner/work/interactive-markdown-table-editor/interactive-markdown-table-editor/out/src/activation/commandRegistrar.js:54:24
2026-02-14T07:16:02.3639280Z 	at Context.<anonymous> (/home/runner/work/interactive-markdown-table-editor/interactive-markdown-table-editor/out/test/unit/commandRegistrar.test.js:1001:15)
2026-02-14T07:16:02.3641065Z 	at callFn (/home/runner/work/interactive-markdown-table-editor/interactive-markdown-table-editor/node_modules/mocha/lib/runnable.js:364:21)
2026-02-14T07:16:02.3642857Z 	at Runnable.run (/home/runner/work/interactive-markdown-table-editor/interactive-markdown-table-editor/node_modules/mocha/lib/runnable.js:352:5)
2026-02-14T07:16:02.3644688Z 	at Runner.runTest (/home/runner/work/interactive-markdown-table-editor/interactive-markdown-table-editor/node_modules/mocha/lib/runner.js:677:10)
2026-02-14T07:16:02.3646474Z 	at /home/runner/work/interactive-markdown-table-editor/interactive-markdown-table-editor/node_modules/mocha/lib/runner.js:800:12
2026-02-14T07:16:02.3648211Z 	at next (/home/runner/work/interactive-markdown-table-editor/interactive-markdown-table-editor/node_modules/mocha/lib/runner.js:592:14)
2026-02-14T07:16:02.3649892Z 	at /home/runner/work/interactive-markdown-table-editor/interactive-markdown-table-editor/node_modules/mocha/lib/runner.js:602:7
2026-02-14T07:16:02.3651325Z 	at next (/home/runner/work/interactive-markdown-table-editor/interactive-markdown-table-editor/node_modules/mocha/lib/runner.js:485:14)
2026-02-14T07:16:02.3652852Z 	at cbHookRun (/home/runner/work/interactive-markdown-table-editor/interactive-markdown-table-editor/node_modules/mocha/lib/runner.js:550:7)
2026-02-14T07:16:02.3657111Z 	at done (/home/runner/work/interactive-markdown-table-editor/interactive-markdown-table-editor/node_modules/mocha/lib/runnable.js:308:5)
2026-02-14T07:16:02.3658752Z 	at callFn (/home/runner/work/interactive-markdown-table-editor/interactive-markdown-table-editor/node_modules/mocha/lib/runnable.js:387:7)
2026-02-14T07:16:02.3660357Z 	at Runnable.run (/home/runner/work/interactive-markdown-table-editor/interactive-markdown-table-editor/node_modules/mocha/lib/runnable.js:352:5)
2026-02-14T07:16:02.3662399Z 	at next (/home/runner/work/interactive-markdown-table-editor/interactive-markdown-table-editor/node_modules/mocha/lib/runner.js:509:10)
2026-02-14T07:16:02.3664200Z 	at Immediate.<anonymous> (/home/runner/work/interactive-markdown-table-editor/interactive-markdown-table-editor/node_modules/mocha/lib/runner.js:570:5)
2026-02-14T07:16:02.3665378Z 	at process.processImmediate (node:internal/timers:485:21)
2026-02-14T07:16:02.3666266Z   [32m  ✔[0m[90m updateHeader error sends error and headerUpdateError[0m
2026-02-14T07:16:02.3666915Z Error in bulkUpdateCells: Error: Batch failed
2026-02-14T07:16:02.3668147Z 	at Object.batchUpdateCells (/home/runner/work/interactive-markdown-table-editor/interactive-markdown-table-editor/out/test/unit/commandRegistrar.test.js:1012:45)
2026-02-14T07:16:02.3670225Z 	at CommandRegistrar.handleBulkUpdateCells (/home/runner/work/interactive-markdown-table-editor/interactive-markdown-table-editor/out/src/activation/commandRegistrar.js:462:30)
2026-02-14T07:16:02.3672211Z 	at /home/runner/work/interactive-markdown-table-editor/interactive-markdown-table-editor/out/src/activation/commandRegistrar.js:51:24
2026-02-14T07:16:02.3674308Z 	at Context.<anonymous> (/home/runner/work/interactive-markdown-table-editor/interactive-markdown-table-editor/out/test/unit/commandRegistrar.test.js:1022:15)
2026-02-14T07:16:02.3676290Z 	at callFn (/home/runner/work/interactive-markdown-table-editor/interactive-markdown-table-editor/node_modules/mocha/lib/runnable.js:364:21)
2026-02-14T07:16:02.3677891Z 	at Runnable.run (/home/runner/work/interactive-markdown-table-editor/interactive-markdown-table-editor/node_modules/mocha/lib/runnable.js:352:5)
2026-02-14T07:16:02.3679503Z 	at Runner.runTest (/home/runner/work/interactive-markdown-table-editor/interactive-markdown-table-editor/node_modules/mocha/lib/runner.js:677:10)
2026-02-14T07:16:02.3681092Z 	at /home/runner/work/interactive-markdown-table-editor/interactive-markdown-table-editor/node_modules/mocha/lib/runner.js:800:12
2026-02-14T07:16:02.3682602Z 	at next (/home/runner/work/interactive-markdown-table-editor/interactive-markdown-table-editor/node_modules/mocha/lib/runner.js:592:14)
2026-02-14T07:16:02.3684386Z 	at /home/runner/work/interactive-markdown-table-editor/interactive-markdown-table-editor/node_modules/mocha/lib/runner.js:602:7
2026-02-14T07:16:02.3686030Z 	at next (/home/runner/work/interactive-markdown-table-editor/interactive-markdown-table-editor/node_modules/mocha/lib/runner.js:485:14)
2026-02-14T07:16:02.3687674Z 	at cbHookRun (/home/runner/work/interactive-markdown-table-editor/interactive-markdown-table-editor/node_modules/mocha/lib/runner.js:550:7)
2026-02-14T07:16:02.3689416Z 	at done (/home/runner/work/interactive-markdown-table-editor/interactive-markdown-table-editor/node_modules/mocha/lib/runnable.js:308:5)
2026-02-14T07:16:02.3691254Z 	at callFn (/home/runner/work/interactive-markdown-table-editor/interactive-markdown-table-editor/node_modules/mocha/lib/runnable.js:387:7)
2026-02-14T07:16:02.3693437Z 	at Runnable.run (/home/runner/work/interactive-markdown-table-editor/interactive-markdown-table-editor/node_modules/mocha/lib/runnable.js:352:5)
2026-02-14T07:16:02.3695547Z 	at next (/home/runner/work/interactive-markdown-table-editor/interactive-markdown-table-editor/node_modules/mocha/lib/runner.js:509:10)
2026-02-14T07:16:02.3697494Z 	at Immediate._onImmediate (/home/runner/work/interactive-markdown-table-editor/interactive-markdown-table-editor/node_modules/mocha/lib/runner.js:570:5)
2026-02-14T07:16:02.3698708Z 	at process.processImmediate (node:internal/timers:485:21)
2026-02-14T07:16:02.3699287Z Error in moveRow: Error: Move failed
2026-02-14T07:16:02.3700514Z 	at Object.moveRows (/home/runner/work/interactive-markdown-table-editor/interactive-markdown-table-editor/out/test/unit/commandRegistrar.test.js:1037:49)
2026-02-14T07:16:02.3702376Z 	at CommandRegistrar.handleMoveRow (/home/runner/work/interactive-markdown-table-editor/interactive-markdown-table-editor/out/src/activation/commandRegistrar.js:683:30)
2026-02-14T07:16:02.3704901Z 	at /home/runner/work/interactive-markdown-table-editor/interactive-markdown-table-editor/out/src/activation/commandRegistrar.js:151:24
2026-02-14T07:16:02.3706913Z 	at Context.<anonymous> (/home/runner/work/interactive-markdown-table-editor/interactive-markdown-table-editor/out/test/unit/commandRegistrar.test.js:1046:15)
2026-02-14T07:16:02.3708624Z 	at callFn (/home/runner/work/interactive-markdown-table-editor/interactive-markdown-table-editor/node_modules/mocha/lib/runnable.js:364:21)
2026-02-14T07:16:02.3710590Z 	at Runnable.run (/home/runner/work/interactive-markdown-table-editor/interactive-markdown-table-editor/node_modules/mocha/lib/runnable.js:352:5)
2026-02-14T07:16:02.3712146Z 	at Runner.runTest (/home/runner/work/interactive-markdown-table-editor/interactive-markdown-table-editor/node_modules/mocha/lib/runner.js:677:10)
2026-02-14T07:16:02.3713888Z 	at /home/runner/work/interactive-markdown-table-editor/interactive-markdown-table-editor/node_modules/mocha/lib/runner.js:800:12
2026-02-14T07:16:02.3715532Z 	at next (/home/runner/work/interactive-markdown-table-editor/interactive-markdown-table-editor/node_modules/mocha/lib/runner.js:592:14)
2026-02-14T07:16:02.3717090Z 	at /home/runner/work/interactive-markdown-table-editor/interactive-markdown-table-editor/node_modules/mocha/lib/runner.js:602:7
2026-02-14T07:16:02.3718577Z 	at next (/home/runner/work/interactive-markdown-table-editor/interactive-markdown-table-editor/node_modules/mocha/lib/runner.js:485:14)
2026-02-14T07:16:02.3723382Z 	at cbHookRun (/home/runner/work/interactive-markdown-table-editor/interactive-markdown-table-editor/node_modules/mocha/lib/runner.js:550:7)
2026-02-14T07:16:02.3725421Z 	at done (/home/runner/work/interactive-markdown-table-editor/interactive-markdown-table-editor/node_modules/mocha/lib/runnable.js:308:5)
2026-02-14T07:16:02.3727265Z 	at callFn (/home/runner/work/interactive-markdown-table-editor/interactive-markdown-table-editor/node_modules/mocha/lib/runnable.js:387:7)
2026-02-14T07:16:02.3729177Z 	at Runnable.run (/home/runner/work/interactive-markdown-table-editor/interactive-markdown-table-editor/node_modules/mocha/lib/runnable.js:352:5)
2026-02-14T07:16:02.3745459Z 	at next (/home/runner/work/interactive-markdown-table-editor/interactive-markdown-table-editor/node_modules/mocha/lib/runner.js:509:10)
2026-02-14T07:16:02.3747146Z 	at Immediate._onImmediate (/home/runner/work/interactive-markdown-table-editor/interactive-markdown-table-editor/node_modules/mocha/lib/runner.js:570:5)
2026-02-14T07:16:02.3748241Z 	at process.processImmediate (node:internal/timers:485:21)
2026-02-14T07:16:02.3748822Z Error in moveColumn: Error: Move failed
2026-02-14T07:16:02.3750005Z 	at Object.moveColumns (/home/runner/work/interactive-markdown-table-editor/interactive-markdown-table-editor/out/test/unit/commandRegistrar.test.js:1058:52)
2026-02-14T07:16:02.3751901Z 	at CommandRegistrar.handleMoveColumn (/home/runner/work/interactive-markdown-table-editor/interactive-markdown-table-editor/out/src/activation/commandRegistrar.js:744:30)
2026-02-14T07:16:02.3754868Z 	at /home/runner/work/interactive-markdown-table-editor/interactive-markdown-table-editor/out/src/activation/commandRegistrar.js:154:24
2026-02-14T07:16:02.3756768Z 	at Context.<anonymous> (/home/runner/work/interactive-markdown-table-editor/interactive-markdown-table-editor/out/test/unit/commandRegistrar.test.js:1067:15)
2026-02-14T07:16:02.3758528Z 	at callFn (/home/runner/work/interactive-markdown-table-editor/interactive-markdown-table-editor/node_modules/mocha/lib/runnable.js:364:21)
2026-02-14T07:16:02.3760188Z 	at Runnable.run (/home/runner/work/interactive-markdown-table-editor/interactive-markdown-table-editor/node_modules/mocha/lib/runnable.js:352:5)
2026-02-14T07:16:02.3761831Z 	at Runner.runTest (/home/runner/work/interactive-markdown-table-editor/interactive-markdown-table-editor/node_modules/mocha/lib/runner.js:677:10)
2026-02-14T07:16:02.3774426Z 	at /home/runner/work/interactive-markdown-table-editor/interactive-markdown-table-editor/node_modules/mocha/lib/runner.js:800:12
2026-02-14T07:16:02.3776357Z 	at next (/home/runner/work/interactive-markdown-table-editor/interactive-markdown-table-editor/node_modules/mocha/lib/runner.js:592:14)
2026-02-14T07:16:02.3778213Z 	at /home/runner/work/interactive-markdown-table-editor/interactive-markdown-table-editor/node_modules/mocha/lib/runner.js:602:7
2026-02-14T07:16:02.3779915Z 	at next (/home/runner/work/interactive-markdown-table-editor/interactive-markdown-table-editor/node_modules/mocha/lib/runner.js:485:14)
2026-02-14T07:16:02.3781825Z 	at cbHookRun (/home/runner/work/interactive-markdown-table-editor/interactive-markdown-table-editor/node_modules/mocha/lib/runner.js:550:7)
2026-02-14T07:16:02.3783657Z 	at done (/home/runner/work/interactive-markdown-table-editor/interactive-markdown-table-editor/node_modules/mocha/lib/runnable.js:308:5)
2026-02-14T07:16:02.3785614Z 	at callFn (/home/runner/work/interactive-markdown-table-editor/interactive-markdown-table-editor/node_modules/mocha/lib/runnable.js:387:7)
2026-02-14T07:16:02.3787369Z 	at Runnable.run (/home/runner/work/interactive-markdown-table-editor/interactive-markdown-table-editor/node_modules/mocha/lib/runnable.js:352:5)
2026-02-14T07:16:02.3789032Z 	at next (/home/runner/work/interactive-markdown-table-editor/interactive-markdown-table-editor/node_modules/mocha/lib/runner.js:509:10)
2026-02-14T07:16:02.3790894Z 	at Immediate._onImmediate (/home/runner/work/interactive-markdown-table-editor/interactive-markdown-table-editor/node_modules/mocha/lib/runner.js:570:5)
2026-02-14T07:16:02.3792072Z 	at process.processImmediate (node:internal/timers:485:21)
2026-02-14T07:16:02.3808960Z   [32m  ✔[0m[90m bulkUpdateCells error sends error to panel[0m
2026-02-14T07:16:02.3809760Z   [32m  ✔[0m[90m moveRow error sends error to panel[0m
2026-02-14T07:16:02.3810507Z   [32m  ✔[0m[90m moveColumn error sends error to panel[0m
2026-02-14T07:16:02.3811250Z   [32m  ✔[0m[90m exportCSV without panel returns early[0m
2026-02-14T07:16:02.3811969Z   [32m  ✔[0m[90m exportCSV with empty csvContent sends error[0m
2026-02-14T07:16:02.3812731Z   [32m  ✔[0m[90m exportCSV with missing URI sends error[0m
2026-02-14T07:16:02.3813493Z   [32m  ✔[0m[90m exportCSV with save dialog cancelled does nothing[0m
2026-02-14T07:16:02.3814435Z   [32m  ✔[0m[90m exportCSV with save dialog accepted writes file[0m
2026-02-14T07:16:02.3815177Z   [32m  ✔[0m[90m exportCSV with sjis encoding[0m
2026-02-14T07:16:02.3832343Z [File Watcher (node.js)] Watcher shutdown because watched path got deleted
2026-02-14T07:16:02.3869253Z Error in exportCSV: Error: dialog fail
2026-02-14T07:16:02.3872882Z 	at vscode.window.showSaveDialog (/home/runner/work/interactive-markdown-table-editor/interactive-markdown-table-editor/out/test/unit/commandRegistrar.test.js:1188:60)
2026-02-14T07:16:02.3877584Z 	at CommandRegistrar.handleExportCSV (/home/runner/work/interactive-markdown-table-editor/interactive-markdown-table-editor/out/src/activation/commandRegistrar.js:805:49)
2026-02-14T07:16:02.3921606Z 	at /home/runner/work/interactive-markdown-table-editor/interactive-markdown-table-editor/out/src/activation/commandRegistrar.js:157:24
2026-02-14T07:16:02.3926507Z 	at Context.<anonymous> (/home/runner/work/interactive-markdown-table-editor/interactive-markdown-table-editor/out/test/unit/commandRegistrar.test.js:1192:15)
2026-02-14T07:16:02.3928388Z 	at callFn (/home/runner/work/interactive-markdown-table-editor/interactive-markdown-table-editor/node_modules/mocha/lib/runnable.js:364:21)
2026-02-14T07:16:02.3930232Z 	at Runnable.run (/home/runner/work/interactive-markdown-table-editor/interactive-markdown-table-editor/node_modules/mocha/lib/runnable.js:352:5)
2026-02-14T07:16:02.3932130Z 	at Runner.runTest (/home/runner/work/interactive-markdown-table-editor/interactive-markdown-table-editor/node_modules/mocha/lib/runner.js:677:10)
2026-02-14T07:16:02.3933779Z 	at /home/runner/work/interactive-markdown-table-editor/interactive-markdown-table-editor/node_modules/mocha/lib/runner.js:800:12
2026-02-14T07:16:02.3935814Z 	at next (/home/runner/work/interactive-markdown-table-editor/interactive-markdown-table-editor/node_modules/mocha/lib/runner.js:592:14)
2026-02-14T07:16:02.3937484Z 	at /home/runner/work/interactive-markdown-table-editor/interactive-markdown-table-editor/node_modules/mocha/lib/runner.js:602:7
2026-02-14T07:16:02.3939086Z 	at next (/home/runner/work/interactive-markdown-table-editor/interactive-markdown-table-editor/node_modules/mocha/lib/runner.js:485:14)
2026-02-14T07:16:02.3940707Z 	at cbHookRun (/home/runner/work/interactive-markdown-table-editor/interactive-markdown-table-editor/node_modules/mocha/lib/runner.js:550:7)
2026-02-14T07:16:02.3942321Z 	at done (/home/runner/work/interactive-markdown-table-editor/interactive-markdown-table-editor/node_modules/mocha/lib/runnable.js:308:5)
2026-02-14T07:16:02.3943975Z 	at callFn (/home/runner/work/interactive-markdown-table-editor/interactive-markdown-table-editor/node_modules/mocha/lib/runnable.js:387:7)
2026-02-14T07:16:02.3945935Z 	at Runnable.run (/home/runner/work/interactive-markdown-table-editor/interactive-markdown-table-editor/node_modules/mocha/lib/runnable.js:352:5)
2026-02-14T07:16:02.3947668Z 	at next (/home/runner/work/interactive-markdown-table-editor/interactive-markdown-table-editor/node_modules/mocha/lib/runner.js:509:10)
2026-02-14T07:16:02.3949470Z 	at Immediate.<anonymous> (/home/runner/work/interactive-markdown-table-editor/interactive-markdown-table-editor/node_modules/mocha/lib/runner.js:570:5)
2026-02-14T07:16:02.3950754Z 	at process.processImmediate (node:internal/timers:485:21)
2026-02-14T07:16:02.3951657Z   [32m  ✔[0m[90m exportCSV error is caught and sent to panel[0m
2026-02-14T07:16:02.3952342Z   [32m  ✔[0m[90m importCSV without panel returns early[0m
2026-02-14T07:16:02.3953043Z   [32m  ✔[0m[90m importCSV without tableManagersMap sends error[0m
2026-02-14T07:16:02.3953615Z Error in importCSV: Error: dialog fail
2026-02-14T07:16:02.3955144Z 	at vscode.window.showOpenDialog (/home/runner/work/interactive-markdown-table-editor/interactive-markdown-table-editor/out/test/unit/commandRegistrar.test.js:1240:60)
2026-02-14T07:16:02.3957411Z 	at CommandRegistrar.handleImportCSV (/home/runner/work/interactive-markdown-table-editor/interactive-markdown-table-editor/out/src/activation/commandRegistrar.js:877:50)
2026-02-14T07:16:02.3959205Z 	at /home/runner/work/interactive-markdown-table-editor/interactive-markdown-table-editor/out/src/activation/commandRegistrar.js:160:24
2026-02-14T07:16:02.3960953Z 	at Context.<anonymous> (/home/runner/work/interactive-markdown-table-editor/interactive-markdown-table-editor/out/test/unit/commandRegistrar.test.js:1244:15)
2026-02-14T07:16:02.3962959Z 	at callFn (/home/runner/work/interactive-markdown-table-editor/interactive-markdown-table-editor/node_modules/mocha/lib/runnable.js:364:21)
2026-02-14T07:16:02.3964883Z 	at Runnable.run (/home/runner/work/interactive-markdown-table-editor/interactive-markdown-table-editor/node_modules/mocha/lib/runnable.js:352:5)
2026-02-14T07:16:02.3966909Z 	at Runner.runTest (/home/runner/work/interactive-markdown-table-editor/interactive-markdown-table-editor/node_modules/mocha/lib/runner.js:677:10)
2026-02-14T07:16:02.3968664Z 	at /home/runner/work/interactive-markdown-table-editor/interactive-markdown-table-editor/node_modules/mocha/lib/runner.js:800:12
2026-02-14T07:16:02.3970453Z 	at next (/home/runner/work/interactive-markdown-table-editor/interactive-markdown-table-editor/node_modules/mocha/lib/runner.js:592:14)
2026-02-14T07:16:02.3971997Z 	at /home/runner/work/interactive-markdown-table-editor/interactive-markdown-table-editor/node_modules/mocha/lib/runner.js:602:7
2026-02-14T07:16:02.3973604Z 	at next (/home/runner/work/interactive-markdown-table-editor/interactive-markdown-table-editor/node_modules/mocha/lib/runner.js:485:14)
2026-02-14T07:16:02.3975504Z 	at cbHookRun (/home/runner/work/interactive-markdown-table-editor/interactive-markdown-table-editor/node_modules/mocha/lib/runner.js:550:7)
2026-02-14T07:16:02.3977467Z 	at done (/home/runner/work/interactive-markdown-table-editor/interactive-markdown-table-editor/node_modules/mocha/lib/runnable.js:308:5)
2026-02-14T07:16:02.3979236Z 	at callFn (/home/runner/work/interactive-markdown-table-editor/interactive-markdown-table-editor/node_modules/mocha/lib/runnable.js:387:7)
2026-02-14T07:16:02.3981049Z 	at Runnable.run (/home/runner/work/interactive-markdown-table-editor/interactive-markdown-table-editor/node_modules/mocha/lib/runnable.js:352:5)
2026-02-14T07:16:02.3982895Z 	at next (/home/runner/work/interactive-markdown-table-editor/interactive-markdown-table-editor/node_modules/mocha/lib/runner.js:509:10)
2026-02-14T07:16:02.3984941Z 	at Immediate.<anonymous> (/home/runner/work/interactive-markdown-table-editor/interactive-markdown-table-editor/node_modules/mocha/lib/runner.js:570:5)
2026-02-14T07:16:02.3986185Z 	at process.processImmediate (node:internal/timers:485:21)
2026-02-14T07:16:02.3986992Z   [32m  ✔[0m[90m importCSV error is caught and sent to panel[0m
2026-02-14T07:16:02.3987784Z   [32m  ✔[0m[90m importCSV with cancelled open dialog returns early[0m
2026-02-14T07:16:02.3988563Z   [32m  ✔[0m[90m forceFileSave with valid data saves all tables[0m
2026-02-14T07:16:02.3989288Z [CommandRegistrar] handleForceFileSave: Missing uri or panelId
2026-02-14T07:16:02.3990125Z   [32m  ✔[0m[90m forceFileSave with missing panelId returns early[0m
2026-02-14T07:16:02.3990872Z [CommandRegistrar] handleForceFileSave: No table managers found
2026-02-14T07:16:02.3991717Z   [32m  ✔[0m[90m forceFileSave with no table managers returns early[0m
2026-02-14T07:16:02.3992542Z [CommandRegistrar] handleForceFileSave failed: Error: save fail
2026-02-14T07:16:02.3994195Z 	at deps.fileHandler.updateTableByIndex (/home/runner/work/interactive-markdown-table-editor/interactive-markdown-table-editor/out/test/unit/commandRegistrar.test.js:1324:67)
2026-02-14T07:16:02.3996528Z 	at CommandRegistrar.handleForceFileSave (/home/runner/work/interactive-markdown-table-editor/interactive-markdown-table-editor/out/src/activation/commandRegistrar.js:1020:40)
2026-02-14T07:16:02.3998774Z 	at /home/runner/work/interactive-markdown-table-editor/interactive-markdown-table-editor/out/src/activation/commandRegistrar.js:163:24
2026-02-14T07:16:02.4000685Z 	at Context.<anonymous> (/home/runner/work/interactive-markdown-table-editor/interactive-markdown-table-editor/out/test/unit/commandRegistrar.test.js:1328:15)
2026-02-14T07:16:02.4002705Z 	at callFn (/home/runner/work/interactive-markdown-table-editor/interactive-markdown-table-editor/node_modules/mocha/lib/runnable.js:364:21)
2026-02-14T07:16:02.4011774Z 	at Runnable.run (/home/runner/work/interactive-markdown-table-editor/interactive-markdown-table-editor/node_modules/mocha/lib/runnable.js:352:5)
2026-02-14T07:16:02.4015179Z 	at Runner.runTest (/home/runner/work/interactive-markdown-table-editor/interactive-markdown-table-editor/node_modules/mocha/lib/runner.js:677:10)
2026-02-14T07:16:02.4017084Z 	at /home/runner/work/interactive-markdown-table-editor/interactive-markdown-table-editor/node_modules/mocha/lib/runner.js:800:12
2026-02-14T07:16:02.4020257Z 	at next (/home/runner/work/interactive-markdown-table-editor/interactive-markdown-table-editor/node_modules/mocha/lib/runner.js:592:14)
2026-02-14T07:16:02.4022112Z 	at /home/runner/work/interactive-markdown-table-editor/interactive-markdown-table-editor/node_modules/mocha/lib/runner.js:602:7
2026-02-14T07:16:02.4024197Z 	at next (/home/runner/work/interactive-markdown-table-editor/interactive-markdown-table-editor/node_modules/mocha/lib/runner.js:485:14)
2026-02-14T07:16:02.4026201Z 	at cbHookRun (/home/runner/work/interactive-markdown-table-editor/interactive-markdown-table-editor/node_modules/mocha/lib/runner.js:550:7)
2026-02-14T07:16:02.4028188Z 	at done (/home/runner/work/interactive-markdown-table-editor/interactive-markdown-table-editor/node_modules/mocha/lib/runnable.js:308:5)
2026-02-14T07:16:02.4030165Z 	at callFn (/home/runner/work/interactive-markdown-table-editor/interactive-markdown-table-editor/node_modules/mocha/lib/runnable.js:387:7)
2026-02-14T07:16:02.4032266Z 	at Runnable.run (/home/runner/work/interactive-markdown-table-editor/interactive-markdown-table-editor/node_modules/mocha/lib/runnable.js:352:5)
2026-02-14T07:16:02.4034682Z 	at next (/home/runner/work/interactive-markdown-table-editor/interactive-markdown-table-editor/node_modules/mocha/lib/runner.js:509:10)
2026-02-14T07:16:02.4036833Z 	at Immediate.<anonymous> (/home/runner/work/interactive-markdown-table-editor/interactive-markdown-table-editor/node_modules/mocha/lib/runner.js:570:5)
2026-02-14T07:16:02.4038547Z 	at process.processImmediate (node:internal/timers:485:21)
2026-02-14T07:16:02.4039517Z   [32m  ✔[0m[90m forceFileSave error sends error to panel[0m
2026-02-14T07:16:02.4040360Z   [32m  ✔[0m[90m updateCell with auto-save sends save notifications[0m
2026-02-14T07:16:02.4041279Z   [32m  ✔[0m[90m updateCell with auto-save disabled sets dirty state[0m
2026-02-14T07:16:02.4055767Z   [32m  ✔[0m[90m updateHeader with auto-save calls updateTableByIndex[0m
2026-02-14T07:16:02.4056870Z   [32m  ✔[0m[90m sort command with auto-save sends save notifications[0m
2026-02-14T07:16:02.4057761Z   [32m  ✔[0m[90m addRow command delegates to tableEditRunner[0m
2026-02-14T07:16:02.4058593Z   [32m  ✔[0m[90m deleteRow command delegates to tableEditRunner[0m
2026-02-14T07:16:02.4059423Z   [32m  ✔[0m[90m addColumn command delegates to tableEditRunner[0m
2026-02-14T07:16:02.4060285Z   [32m  ✔[0m[90m deleteColumn command delegates to tableEditRunner[0m
2026-02-14T07:16:02.4061163Z   [32m  ✔[0m[90m moveRow success sends success and schedules git diff[0m
2026-02-14T07:16:02.4061945Z   [32m  ✔[0m[90m moveColumn success sends success[0m
2026-02-14T07:16:02.4062702Z   [32m  ✔[0m[90m openEditorNewPanel with tables creates new panel[0m
2026-02-14T07:16:02.4063580Z   [32m  ✔[0m[90m bulkUpdateCells with auto-save sends notifications[0m
2026-02-14T07:16:02.4064678Z   [32m  ✔[0m[90m addRow callback: getSuccessMessage singular for count=1[0m
2026-02-14T07:16:02.4065632Z   [32m  ✔[0m[90m addRow callback: getSuccessMessage plural for count>1[0m
2026-02-14T07:16:02.4066543Z   [32m  ✔[0m[90m addRow callback: mutate calls manager.addRow[0m
2026-02-14T07:16:02.4067353Z   [32m  ✔[0m[90m addRow callback: getErrorMessage with Error[0m
2026-02-14T07:16:02.4068175Z   [32m  ✔[0m[90m deleteRow callback: mutate validates index[0m
2026-02-14T07:16:02.4068920Z   [32m  ✔[0m[90m addColumn callback: singular and plural messages[0m
2026-02-14T07:16:02.4069772Z   [32m  ✔[0m[90m deleteColumn callback: mutate validates index[0m
2026-02-14T07:16:02.4070748Z   [32m  ✔[0m[90m deleteRows callback: undoDescription, successMessage, mutate[0m
2026-02-14T07:16:02.4071840Z   [32m  ✔[0m[90m deleteColumns callback: undoDescription, successMessage, mutate[0m
2026-02-14T07:16:02.4072867Z   [32m  ✔[0m[90m openEditorNewPanel sets managers with unique panelId[0m
2026-02-14T07:16:02.4379501Z Error in requestTableData: CodeExpectedError: cannot open file:///test/sample.md. Detail: Unable to read file '/test/sample.md' (Error: Unable to resolve nonexistent file '/test/sample.md')
2026-02-14T07:16:02.4382531Z     at Yze.$tryOpenDocument (vscode-file://vscode-app/home/runner/work/interactive-markdown-table-editor/interactive-markdown-table-editor/.vscode-test/vscode-linux-x64-1.109.3/resources/app/out/vs/workbench/workbench.desktop.main.js:542:8529)
2026-02-14T07:16:02.4386954Z   [32m  ✔[0m[90m requestTableData with forceRefresh=true does not sendSuccess[0m[33m (50ms)[0m
2026-02-14T07:16:02.4397892Z   [32m  ✔[0m[90m requestTableData with forceRefresh=false sends success[0m
2026-02-14T07:16:02.4403178Z   [32m  ✔[0m[90m requestTableData with explicit panelId uses it for getPanel[0m
2026-02-14T07:16:02.4407166Z [GitDiffDebug] Failed to send git diffs via updateGitDiff: Error: updateGitDiff failed
2026-02-14T07:16:02.4409716Z 	at deps.webviewManager.updateGitDiff (/home/runner/work/interactive-markdown-table-editor/interactive-markdown-table-editor/out/test/unit/commandRegistrar.test.js:1768:59)
2026-02-14T07:16:02.4413755Z 	at /home/runner/work/interactive-markdown-table-editor/interactive-markdown-table-editor/out/src/activation/commandRegistrar.js:280:41
2026-02-14T07:16:02.6383868Z   [32m  ✔[0m[90m requestTableData git diff IIFE error falls back to updateTableData[0m[31m (200ms)[0m
2026-02-14T07:16:02.6388174Z   [32m  ✔[0m[90m requestTableData no tables sends error[0m
2026-02-14T07:16:02.6396857Z Error in requestTableData: Error: File not found
2026-02-14T07:16:02.6400300Z 	at vscode.workspace.openTextDocument (/home/runner/work/interactive-markdown-table-editor/interactive-markdown-table-editor/out/test/unit/commandRegistrar.test.js:1803:65)
2026-02-14T07:16:02.6403217Z 	at CommandRegistrar.handleRequestTableData (/home/runner/work/interactive-markdown-table-editor/interactive-markdown-table-editor/out/src/activation/commandRegistrar.js:245:48)
2026-02-14T07:16:02.6405260Z 	at /home/runner/work/interactive-markdown-table-editor/interactive-markdown-table-editor/out/src/activation/commandRegistrar.js:45:24
2026-02-14T07:16:02.6407753Z 	at Context.<anonymous> (/home/runner/work/interactive-markdown-table-editor/interactive-markdown-table-editor/out/test/unit/commandRegistrar.test.js:1806:86)
2026-02-14T07:16:02.6409476Z 	at callFn (/home/runner/work/interactive-markdown-table-editor/interactive-markdown-table-editor/node_modules/mocha/lib/runnable.js:364:21)
2026-02-14T07:16:02.6412898Z 	at Runnable.run (/home/runner/work/interactive-markdown-table-editor/interactive-markdown-table-editor/node_modules/mocha/lib/runnable.js:352:5)
2026-02-14T07:16:02.6414746Z 	at Runner.runTest (/home/runner/work/interactive-markdown-table-editor/interactive-markdown-table-editor/node_modules/mocha/lib/runner.js:677:10)
2026-02-14T07:16:02.6416512Z 	at /home/runner/work/interactive-markdown-table-editor/interactive-markdown-table-editor/node_modules/mocha/lib/runner.js:800:12
2026-02-14T07:16:02.6418386Z 	at next (/home/runner/work/interactive-markdown-table-editor/interactive-markdown-table-editor/node_modules/mocha/lib/runner.js:592:14)
2026-02-14T07:16:02.6420012Z 	at /home/runner/work/interactive-markdown-table-editor/interactive-markdown-table-editor/node_modules/mocha/lib/runner.js:602:7
2026-02-14T07:16:02.6421561Z 	at next (/home/runner/work/interactive-markdown-table-editor/interactive-markdown-table-editor/node_modules/mocha/lib/runner.js:485:14)
2026-02-14T07:16:02.6423169Z 	at cbHookRun (/home/runner/work/interactive-markdown-table-editor/interactive-markdown-table-editor/node_modules/mocha/lib/runner.js:550:7)
2026-02-14T07:16:02.6424925Z 	at done (/home/runner/work/interactive-markdown-table-editor/interactive-markdown-table-editor/node_modules/mocha/lib/runnable.js:308:5)
2026-02-14T07:16:02.6426582Z 	at callFn (/home/runner/work/interactive-markdown-table-editor/interactive-markdown-table-editor/node_modules/mocha/lib/runnable.js:387:7)
2026-02-14T07:16:02.6428217Z 	at Runnable.run (/home/runner/work/interactive-markdown-table-editor/interactive-markdown-table-editor/node_modules/mocha/lib/runnable.js:352:5)
2026-02-14T07:16:02.6430783Z 	at next (/home/runner/work/interactive-markdown-table-editor/interactive-markdown-table-editor/node_modules/mocha/lib/runner.js:509:10)
2026-02-14T07:16:02.6432923Z 	at Immediate.<anonymous> (/home/runner/work/interactive-markdown-table-editor/interactive-markdown-table-editor/node_modules/mocha/lib/runner.js:570:5)
2026-02-14T07:16:02.6434327Z 	at process.processImmediate (node:internal/timers:485:21)
2026-02-14T07:16:02.6435599Z   [32m  ✔[0m[90m requestTableData error sends error to panel[0m
2026-02-14T07:16:02.6436436Z   [32m  ✔[0m[90m updateCell no tableManagersMap sends error[0m
2026-02-14T07:16:02.6437701Z   [32m  ✔[0m[90m updateCell missing table manager for specific index sends error[0m
2026-02-14T07:16:02.6438750Z   [32m  ✔[0m[90m updateCell Invalid cell position attempts refresh and retries[0m
2026-02-14T07:16:02.6440062Z Could not refresh table data: Error: Table index 5 not found in refreshed data
2026-02-14T07:16:02.6441882Z 	at CommandRegistrar.handleUpdateCell (/home/runner/work/interactive-markdown-table-editor/interactive-markdown-table-editor/out/src/activation/commandRegistrar.js:354:35)
2026-02-14T07:16:02.6443782Z 	at async /home/runner/work/interactive-markdown-table-editor/interactive-markdown-table-editor/out/src/activation/commandRegistrar.js:48:13
2026-02-14T07:16:02.6446050Z 	at async Context.<anonymous> (/home/runner/work/interactive-markdown-table-editor/interactive-markdown-table-editor/out/test/unit/commandRegistrar.test.js:1883:9)
2026-02-14T07:16:02.6447374Z Error in updateCell: Error: Invalid cell position
2026-02-14T07:16:02.6448926Z 	at Object.updateCell (/home/runner/work/interactive-markdown-table-editor/interactive-markdown-table-editor/out/test/unit/commandRegistrar.test.js:1874:39)
2026-02-14T07:16:02.6451246Z 	at CommandRegistrar.handleUpdateCell (/home/runner/work/interactive-markdown-table-editor/interactive-markdown-table-editor/out/src/activation/commandRegistrar.js:338:34)
2026-02-14T07:16:02.6453505Z 	at async /home/runner/work/interactive-markdown-table-editor/interactive-markdown-table-editor/out/src/activation/commandRegistrar.js:48:13
2026-02-14T07:16:02.6457539Z 	at async Context.<anonymous> (/home/runner/work/interactive-markdown-table-editor/interactive-markdown-table-editor/out/test/unit/commandRegistrar.test.js:1883:9)
2026-02-14T07:16:02.6461846Z   [32m  ✔[0m[90m updateCell Invalid position refresh fails when table index out of range[0m
2026-02-14T07:16:02.6462699Z Error in updateCell: Error: Some other error
2026-02-14T07:16:02.6463990Z 	at Object.updateCell (/home/runner/work/interactive-markdown-table-editor/interactive-markdown-table-editor/out/test/unit/commandRegistrar.test.js:1896:47)
2026-02-14T07:16:02.6466198Z 	at CommandRegistrar.handleUpdateCell (/home/runner/work/interactive-markdown-table-editor/interactive-markdown-table-editor/out/src/activation/commandRegistrar.js:338:34)
2026-02-14T07:16:02.6468164Z 	at async /home/runner/work/interactive-markdown-table-editor/interactive-markdown-table-editor/out/src/activation/commandRegistrar.js:48:13
2026-02-14T07:16:02.6470015Z 	at async Context.<anonymous> (/home/runner/work/interactive-markdown-table-editor/interactive-markdown-table-editor/out/test/unit/commandRegistrar.test.js:1901:9)
2026-02-14T07:16:02.6471545Z   [32m  ✔[0m[90m updateCell non-Invalid error is propagated to error handler[0m
2026-02-14T07:16:02.6472496Z   [32m  ✔[0m[90m updateCell save-skipped when updateTableByIndex returns false[0m
2026-02-14T07:16:02.6473184Z Error in updateCell: Error: cell fail
2026-02-14T07:16:02.6474859Z 	at Object.updateCell (/home/runner/work/interactive-markdown-table-editor/interactive-markdown-table-editor/out/test/unit/commandRegistrar.test.js:1937:47)
2026-02-14T07:16:02.6476911Z 	at CommandRegistrar.handleUpdateCell (/home/runner/work/interactive-markdown-table-editor/interactive-markdown-table-editor/out/src/activation/commandRegistrar.js:338:34)
2026-02-14T07:16:02.6479383Z 	at async /home/runner/work/interactive-markdown-table-editor/interactive-markdown-table-editor/out/src/activation/commandRegistrar.js:48:13
2026-02-14T07:16:02.6481215Z 	at async Context.<anonymous> (/home/runner/work/interactive-markdown-table-editor/interactive-markdown-table-editor/out/test/unit/commandRegistrar.test.js:1942:9)
2026-02-14T07:16:02.6482779Z   [32m  ✔[0m[90m updateCell error catch resolves panel from panelId[0m
2026-02-14T07:16:02.6483723Z   [32m  ✔[0m[90m bulkUpdateCells save-skipped when updateTableByIndex returns false[0m
2026-02-14T07:16:02.6484848Z   [32m  ✔[0m[90m bulkUpdateCells auto-save disabled sets dirty state[0m
2026-02-14T07:16:02.6485741Z   [32m  ✔[0m[90m bulkUpdateCells missing table manager for index sends error[0m
2026-02-14T07:16:02.6486427Z Error in bulkUpdateCells: Error: batch fail
2026-02-14T07:16:02.6487718Z 	at Object.batchUpdateCells (/home/runner/work/interactive-markdown-table-editor/interactive-markdown-table-editor/out/test/unit/commandRegistrar.test.js:2012:53)
2026-02-14T07:16:02.6490006Z 	at CommandRegistrar.handleBulkUpdateCells (/home/runner/work/interactive-markdown-table-editor/interactive-markdown-table-editor/out/src/activation/commandRegistrar.js:462:30)
2026-02-14T07:16:02.6491897Z 	at /home/runner/work/interactive-markdown-table-editor/interactive-markdown-table-editor/out/src/activation/commandRegistrar.js:51:24
2026-02-14T07:16:02.6493567Z 	at Context.<anonymous> (/home/runner/work/interactive-markdown-table-editor/interactive-markdown-table-editor/out/test/unit/commandRegistrar.test.js:2019:85)
2026-02-14T07:16:02.6495488Z 	at callFn (/home/runner/work/interactive-markdown-table-editor/interactive-markdown-table-editor/node_modules/mocha/lib/runnable.js:364:21)
2026-02-14T07:16:02.6497198Z 	at Runnable.run (/home/runner/work/interactive-markdown-table-editor/interactive-markdown-table-editor/node_modules/mocha/lib/runnable.js:352:5)
2026-02-14T07:16:02.6498871Z 	at Runner.runTest (/home/runner/work/interactive-markdown-table-editor/interactive-markdown-table-editor/node_modules/mocha/lib/runner.js:677:10)
2026-02-14T07:16:02.6500655Z 	at /home/runner/work/interactive-markdown-table-editor/interactive-markdown-table-editor/node_modules/mocha/lib/runner.js:800:12
2026-02-14T07:16:02.6502286Z 	at next (/home/runner/work/interactive-markdown-table-editor/interactive-markdown-table-editor/node_modules/mocha/lib/runner.js:592:14)
2026-02-14T07:16:02.6503751Z 	at /home/runner/work/interactive-markdown-table-editor/interactive-markdown-table-editor/node_modules/mocha/lib/runner.js:602:7
2026-02-14T07:16:02.6505536Z 	at next (/home/runner/work/interactive-markdown-table-editor/interactive-markdown-table-editor/node_modules/mocha/lib/runner.js:485:14)
2026-02-14T07:16:02.6511523Z 	at cbHookRun (/home/runner/work/interactive-markdown-table-editor/interactive-markdown-table-editor/node_modules/mocha/lib/runner.js:550:7)
2026-02-14T07:16:02.6513300Z 	at done (/home/runner/work/interactive-markdown-table-editor/interactive-markdown-table-editor/node_modules/mocha/lib/runnable.js:308:5)
2026-02-14T07:16:02.6515079Z 	at callFn (/home/runner/work/interactive-markdown-table-editor/interactive-markdown-table-editor/node_modules/mocha/lib/runnable.js:387:7)
2026-02-14T07:16:02.6522676Z 	at Runnable.run (/home/runner/work/interactive-markdown-table-editor/interactive-markdown-table-editor/node_modules/mocha/lib/runnable.js:352:5)
2026-02-14T07:16:02.6524611Z 	at next (/home/runner/work/interactive-markdown-table-editor/interactive-markdown-table-editor/node_modules/mocha/lib/runner.js:509:10)
2026-02-14T07:16:02.6526411Z 	at Immediate._onImmediate (/home/runner/work/interactive-markdown-table-editor/interactive-markdown-table-editor/node_modules/mocha/lib/runner.js:570:5)
2026-02-14T07:16:02.6527709Z 	at process.processImmediate (node:internal/timers:485:21)
2026-02-14T07:16:02.6528674Z   [32m  ✔[0m[90m bulkUpdateCells error catch sends error via panelId[0m
2026-02-14T07:16:02.6529522Z   [32m  ✔[0m[90m updateHeader no tableManagersMap sends error[0m
2026-02-14T07:16:02.6530424Z   [32m  ✔[0m[90m updateHeader missing table manager sends error[0m
2026-02-14T07:16:02.6531473Z   [32m  ✔[0m[90m updateHeader Invalid position attempts refresh and retries[0m
2026-02-14T07:16:02.6532655Z Could not refresh table data: Error: Table index 5 not found in refreshed data
2026-02-14T07:16:02.6534324Z 	at CommandRegistrar.handleUpdateHeader (/home/runner/work/interactive-markdown-table-editor/interactive-markdown-table-editor/out/src/activation/commandRegistrar.js:552:35)
2026-02-14T07:16:02.6556857Z 	at async /home/runner/work/interactive-markdown-table-editor/interactive-markdown-table-editor/out/src/activation/commandRegistrar.js:54:13
2026-02-14T07:16:02.6558935Z 	at async Context.<anonymous> (/home/runner/work/interactive-markdown-table-editor/interactive-markdown-table-editor/out/test/unit/commandRegistrar.test.js:2094:9)
2026-02-14T07:16:02.6560565Z Error in updateHeader: Error: Invalid header
2026-02-14T07:16:02.6562088Z 	at Object.updateHeader (/home/runner/work/interactive-markdown-table-editor/interactive-markdown-table-editor/out/test/unit/commandRegistrar.test.js:2085:41)
2026-02-14T07:16:02.6564547Z 	at CommandRegistrar.handleUpdateHeader (/home/runner/work/interactive-markdown-table-editor/interactive-markdown-table-editor/out/src/activation/commandRegistrar.js:536:34)
2026-02-14T07:16:02.6567008Z 	at /home/runner/work/interactive-markdown-table-editor/interactive-markdown-table-editor/out/src/activation/commandRegistrar.js:54:24
2026-02-14T07:16:02.6568601Z 	at Context.<anonymous> (/home/runner/work/interactive-markdown-table-editor/interactive-markdown-table-editor/out/test/unit/commandRegistrar.test.js:2094:82)
2026-02-14T07:16:02.6570340Z 	at callFn (/home/runner/work/interactive-markdown-table-editor/interactive-markdown-table-editor/node_modules/mocha/lib/runnable.js:364:21)
2026-02-14T07:16:02.6572053Z 	at Runnable.run (/home/runner/work/interactive-markdown-table-editor/interactive-markdown-table-editor/node_modules/mocha/lib/runnable.js:352:5)
2026-02-14T07:16:02.6574907Z 	at Runner.runTest (/home/runner/work/interactive-markdown-table-editor/interactive-markdown-table-editor/node_modules/mocha/lib/runner.js:677:10)
2026-02-14T07:16:02.6576865Z 	at /home/runner/work/interactive-markdown-table-editor/interactive-markdown-table-editor/node_modules/mocha/lib/runner.js:800:12
2026-02-14T07:16:02.6579234Z 	at next (/home/runner/work/interactive-markdown-table-editor/interactive-markdown-table-editor/node_modules/mocha/lib/runner.js:592:14)
2026-02-14T07:16:02.6580856Z 	at /home/runner/work/interactive-markdown-table-editor/interactive-markdown-table-editor/node_modules/mocha/lib/runner.js:602:7
2026-02-14T07:16:02.6592762Z 	at next (/home/runner/work/interactive-markdown-table-editor/interactive-markdown-table-editor/node_modules/mocha/lib/runner.js:485:14)
2026-02-14T07:16:02.6594751Z 	at cbHookRun (/home/runner/work/interactive-markdown-table-editor/interactive-markdown-table-editor/node_modules/mocha/lib/runner.js:550:7)
2026-02-14T07:16:02.6596749Z 	at done (/home/runner/work/interactive-markdown-table-editor/interactive-markdown-table-editor/node_modules/mocha/lib/runnable.js:308:5)
2026-02-14T07:16:02.6598696Z 	at callFn (/home/runner/work/interactive-markdown-table-editor/interactive-markdown-table-editor/node_modules/mocha/lib/runnable.js:387:7)
2026-02-14T07:16:02.6600416Z 	at Runnable.run (/home/runner/work/interactive-markdown-table-editor/interactive-markdown-table-editor/node_modules/mocha/lib/runnable.js:352:5)
2026-02-14T07:16:02.6602015Z 	at next (/home/runner/work/interactive-markdown-table-editor/interactive-markdown-table-editor/node_modules/mocha/lib/runner.js:509:10)
2026-02-14T07:16:02.6603731Z 	at Immediate.<anonymous> (/home/runner/work/interactive-markdown-table-editor/interactive-markdown-table-editor/node_modules/mocha/lib/runner.js:570:5)
2026-02-14T07:16:02.6605139Z 	at process.processImmediate (node:internal/timers:485:21)
2026-02-14T07:16:02.6606377Z   [32m  ✔[0m[90m updateHeader Invalid position refresh fails when table index out of range[0m
2026-02-14T07:16:02.6607675Z Could not refresh table data: Error: Table index 0 not found in refreshed data
2026-02-14T07:16:02.6609554Z 	at CommandRegistrar.handleUpdateHeader (/home/runner/work/interactive-markdown-table-editor/interactive-markdown-table-editor/out/src/activation/commandRegistrar.js:552:35)
2026-02-14T07:16:02.6611255Z 	at async /home/runner/work/interactive-markdown-table-editor/interactive-markdown-table-editor/out/src/activation/commandRegistrar.js:54:13
2026-02-14T07:16:02.6612324Z 	at async Context.<anonymous> (/home/runner/work/interactive-markdown-table-editor/interactive-markdown-table-editor/out/test/unit/commandRegistrar.test.js:2112:9)
2026-02-14T07:16:02.6613072Z Error in updateHeader: Error: Non-Invalid error
2026-02-14T07:16:02.6613819Z 	at Object.updateHeader (/home/runner/work/interactive-markdown-table-editor/interactive-markdown-table-editor/out/test/unit/commandRegistrar.test.js:2107:49)
2026-02-14T07:16:02.6615341Z 	at CommandRegistrar.handleUpdateHeader (/home/runner/work/interactive-markdown-table-editor/interactive-markdown-table-editor/out/src/activation/commandRegistrar.js:536:34)
2026-02-14T07:16:02.6616443Z 	at /home/runner/work/interactive-markdown-table-editor/interactive-markdown-table-editor/out/src/activation/commandRegistrar.js:54:24
2026-02-14T07:16:02.6617997Z 	at Context.<anonymous> (/home/runner/work/interactive-markdown-table-editor/interactive-markdown-table-editor/out/test/unit/commandRegistrar.test.js:2112:82)
2026-02-14T07:16:02.6619262Z 	at callFn (/home/runner/work/interactive-markdown-table-editor/interactive-markdown-table-editor/node_modules/mocha/lib/runnable.js:364:21)
2026-02-14T07:16:02.6620261Z 	at Runnable.run (/home/runner/work/interactive-markdown-table-editor/interactive-markdown-table-editor/node_modules/mocha/lib/runnable.js:352:5)
2026-02-14T07:16:02.6621276Z 	at Runner.runTest (/home/runner/work/interactive-markdown-table-editor/interactive-markdown-table-editor/node_modules/mocha/lib/runner.js:677:10)
2026-02-14T07:16:02.6622605Z 	at /home/runner/work/interactive-markdown-table-editor/interactive-markdown-table-editor/node_modules/mocha/lib/runner.js:800:12
2026-02-14T07:16:02.6624273Z 	at next (/home/runner/work/interactive-markdown-table-editor/interactive-markdown-table-editor/node_modules/mocha/lib/runner.js:592:14)
2026-02-14T07:16:02.6625811Z 	at /home/runner/work/interactive-markdown-table-editor/interactive-markdown-table-editor/node_modules/mocha/lib/runner.js:602:7
2026-02-14T07:16:02.6627418Z 	at next (/home/runner/work/interactive-markdown-table-editor/interactive-markdown-table-editor/node_modules/mocha/lib/runner.js:485:14)
2026-02-14T07:16:02.6629012Z 	at cbHookRun (/home/runner/work/interactive-markdown-table-editor/interactive-markdown-table-editor/node_modules/mocha/lib/runner.js:550:7)
2026-02-14T07:16:02.6630792Z 	at done (/home/runner/work/interactive-markdown-table-editor/interactive-markdown-table-editor/node_modules/mocha/lib/runnable.js:308:5)
2026-02-14T07:16:02.6632390Z 	at callFn (/home/runner/work/interactive-markdown-table-editor/interactive-markdown-table-editor/node_modules/mocha/lib/runnable.js:387:7)
2026-02-14T07:16:02.6634219Z 	at Runnable.run (/home/runner/work/interactive-markdown-table-editor/interactive-markdown-table-editor/node_modules/mocha/lib/runnable.js:352:5)
2026-02-14T07:16:02.6636124Z 	at next (/home/runner/work/interactive-markdown-table-editor/interactive-markdown-table-editor/node_modules/mocha/lib/runner.js:509:10)
2026-02-14T07:16:02.6638288Z 	at Immediate.<anonymous> (/home/runner/work/interactive-markdown-table-editor/interactive-markdown-table-editor/node_modules/mocha/lib/runner.js:570:5)
2026-02-14T07:16:02.6639500Z 	at process.processImmediate (node:internal/timers:485:21)
2026-02-14T07:16:02.6640623Z   [32m  ✔[0m[90m updateHeader non-Invalid error sends error and headerUpdateError[0m
2026-02-14T07:16:02.6641745Z   [32m  ✔[0m[90m updateHeader auto-save disabled sets dirty state[0m
2026-02-14T07:16:02.6642557Z   [32m  ✔[0m[90m sort missing table manager sends error[0m
2026-02-14T07:16:02.6643396Z   [32m  ✔[0m[90m sort save-skipped when updateTableByIndex returns false[0m
2026-02-14T07:16:02.6644482Z   [32m  ✔[0m[90m moveRow no tableManagersMap sends error[0m
2026-02-14T07:16:02.6645245Z   [32m  ✔[0m[90m moveRow missing table manager sends error[0m
2026-02-14T07:16:02.6646833Z   [32m  ✔[0m[90m moveRow uses indices array, deduplicates and sorts[0m
2026-02-14T07:16:02.6647769Z   [32m  ✔[0m[90m moveRow save-skipped when updateTableByIndex returns false[0m
2026-02-14T07:16:02.6648453Z Error in moveRow: Error: Move failed
2026-02-14T07:16:02.6649713Z 	at Object.moveRows (/home/runner/work/interactive-markdown-table-editor/interactive-markdown-table-editor/out/test/unit/commandRegistrar.test.js:2272:49)
2026-02-14T07:16:02.6651790Z 	at CommandRegistrar.handleMoveRow (/home/runner/work/interactive-markdown-table-editor/interactive-markdown-table-editor/out/src/activation/commandRegistrar.js:683:30)
2026-02-14T07:16:02.6654185Z 	at /home/runner/work/interactive-markdown-table-editor/interactive-markdown-table-editor/out/src/activation/commandRegistrar.js:151:24
2026-02-14T07:16:02.6655951Z 	at Context.<anonymous> (/home/runner/work/interactive-markdown-table-editor/interactive-markdown-table-editor/out/test/unit/commandRegistrar.test.js:2280:77)
2026-02-14T07:16:02.6657765Z 	at callFn (/home/runner/work/interactive-markdown-table-editor/interactive-markdown-table-editor/node_modules/mocha/lib/runnable.js:364:21)
2026-02-14T07:16:02.6660158Z 	at Runnable.run (/home/runner/work/interactive-markdown-table-editor/interactive-markdown-table-editor/node_modules/mocha/lib/runnable.js:352:5)
2026-02-14T07:16:02.6661861Z 	at Runner.runTest (/home/runner/work/interactive-markdown-table-editor/interactive-markdown-table-editor/node_modules/mocha/lib/runner.js:677:10)
2026-02-14T07:16:02.6663514Z 	at /home/runner/work/interactive-markdown-table-editor/interactive-markdown-table-editor/node_modules/mocha/lib/runner.js:800:12
2026-02-14T07:16:02.6665986Z 	at next (/home/runner/work/interactive-markdown-table-editor/interactive-markdown-table-editor/node_modules/mocha/lib/runner.js:592:14)
2026-02-14T07:16:02.6667573Z 	at /home/runner/work/interactive-markdown-table-editor/interactive-markdown-table-editor/node_modules/mocha/lib/runner.js:602:7
2026-02-14T07:16:02.6669148Z 	at next (/home/runner/work/interactive-markdown-table-editor/interactive-markdown-table-editor/node_modules/mocha/lib/runner.js:485:14)
2026-02-14T07:16:02.6671541Z 	at cbHookRun (/home/runner/work/interactive-markdown-table-editor/interactive-markdown-table-editor/node_modules/mocha/lib/runner.js:550:7)
2026-02-14T07:16:02.6673170Z 	at done (/home/runner/work/interactive-markdown-table-editor/interactive-markdown-table-editor/node_modules/mocha/lib/runnable.js:308:5)
2026-02-14T07:16:02.6674933Z 	at callFn (/home/runner/work/interactive-markdown-table-editor/interactive-markdown-table-editor/node_modules/mocha/lib/runnable.js:387:7)
2026-02-14T07:16:02.6677350Z 	at Runnable.run (/home/runner/work/interactive-markdown-table-editor/interactive-markdown-table-editor/node_modules/mocha/lib/runnable.js:352:5)
2026-02-14T07:16:02.6679054Z 	at next (/home/runner/work/interactive-markdown-table-editor/interactive-markdown-table-editor/node_modules/mocha/lib/runner.js:509:10)
2026-02-14T07:16:02.6680697Z 	at Immediate._onImmediate (/home/runner/work/interactive-markdown-table-editor/interactive-markdown-table-editor/node_modules/mocha/lib/runner.js:570:5)
2026-02-14T07:16:02.6681926Z 	at process.processImmediate (node:internal/timers:485:21)
2026-02-14T07:16:02.6682844Z   [32m  ✔[0m[90m moveRow error sends error to panel[0m
2026-02-14T07:16:02.6683659Z   [32m  ✔[0m[90m moveColumn full success path with save notifications[0m
2026-02-14T07:16:02.6684581Z   [32m  ✔[0m[90m moveColumn no tableManagersMap sends error[0m
2026-02-14T07:16:02.6685316Z   [32m  ✔[0m[90m moveColumn missing table manager sends error[0m
2026-02-14T07:16:02.6686139Z   [32m  ✔[0m[90m moveColumn uses indices array, deduplicates and sorts[0m
2026-02-14T07:16:02.6687089Z   [32m  ✔[0m[90m moveColumn save-skipped when updateTableByIndex returns false[0m
2026-02-14T07:16:02.6687993Z Error in moveColumn: Error: Move col fail
2026-02-14T07:16:02.6689242Z 	at Object.moveColumns (/home/runner/work/interactive-markdown-table-editor/interactive-markdown-table-editor/out/test/unit/commandRegistrar.test.js:2403:52)
2026-02-14T07:16:02.6691153Z 	at CommandRegistrar.handleMoveColumn (/home/runner/work/interactive-markdown-table-editor/interactive-markdown-table-editor/out/src/activation/commandRegistrar.js:744:30)
2026-02-14T07:16:02.6693006Z 	at /home/runner/work/interactive-markdown-table-editor/interactive-markdown-table-editor/out/src/activation/commandRegistrar.js:154:24
2026-02-14T07:16:02.6695522Z 	at Context.<anonymous> (/home/runner/work/interactive-markdown-table-editor/interactive-markdown-table-editor/out/test/unit/commandRegistrar.test.js:2411:80)
2026-02-14T07:16:02.6697350Z 	at callFn (/home/runner/work/interactive-markdown-table-editor/interactive-markdown-table-editor/node_modules/mocha/lib/runnable.js:364:21)
2026-02-14T07:16:02.6699339Z 	at Runnable.run (/home/runner/work/interactive-markdown-table-editor/interactive-markdown-table-editor/node_modules/mocha/lib/runnable.js:352:5)
2026-02-14T07:16:02.6701106Z 	at Runner.runTest (/home/runner/work/interactive-markdown-table-editor/interactive-markdown-table-editor/node_modules/mocha/lib/runner.js:677:10)
2026-02-14T07:16:02.6702779Z 	at /home/runner/work/interactive-markdown-table-editor/interactive-markdown-table-editor/node_modules/mocha/lib/runner.js:800:12
2026-02-14T07:16:02.6704532Z 	at next (/home/runner/work/interactive-markdown-table-editor/interactive-markdown-table-editor/node_modules/mocha/lib/runner.js:592:14)
2026-02-14T07:16:02.6706663Z 	at /home/runner/work/interactive-markdown-table-editor/interactive-markdown-table-editor/node_modules/mocha/lib/runner.js:602:7
2026-02-14T07:16:02.6708895Z 	at next (/home/runner/work/interactive-markdown-table-editor/interactive-markdown-table-editor/node_modules/mocha/lib/runner.js:485:14)
2026-02-14T07:16:02.6710575Z 	at cbHookRun (/home/runner/work/interactive-markdown-table-editor/interactive-markdown-table-editor/node_modules/mocha/lib/runner.js:550:7)
2026-02-14T07:16:02.6712685Z 	at done (/home/runner/work/interactive-markdown-table-editor/interactive-markdown-table-editor/node_modules/mocha/lib/runnable.js:308:5)
2026-02-14T07:16:02.6714485Z 	at callFn (/home/runner/work/interactive-markdown-table-editor/interactive-markdown-table-editor/node_modules/mocha/lib/runnable.js:387:7)
2026-02-14T07:16:02.6716343Z 	at Runnable.run (/home/runner/work/interactive-markdown-table-editor/interactive-markdown-table-editor/node_modules/mocha/lib/runnable.js:352:5)
2026-02-14T07:16:02.6718090Z 	at next (/home/runner/work/interactive-markdown-table-editor/interactive-markdown-table-editor/node_modules/mocha/lib/runner.js:509:10)
2026-02-14T07:16:02.6719914Z 	at Immediate._onImmediate (/home/runner/work/interactive-markdown-table-editor/interactive-markdown-table-editor/node_modules/mocha/lib/runner.js:570:5)
2026-02-14T07:16:02.6721214Z 	at process.processImmediate (node:internal/timers:485:21)
2026-02-14T07:16:02.6722090Z   [32m  ✔[0m[90m moveColumn error sends error to panel[0m
2026-02-14T07:16:02.6722956Z   [32m  ✔[0m[90m exportCSV sjis with replacements user accepts conversion[0m
2026-02-14T07:16:02.6723909Z   [32m  ✔[0m[90m exportCSV sjis with replacements user selects doNotConvert[0m
2026-02-14T07:16:02.6724911Z   [32m  ✔[0m[90m exportCSV sjis with replacements user cancels warning dialog[0m
2026-02-14T07:16:02.6725841Z   [32m  ✔[0m[90m exportCSV sjis without replacements writes directly[0m
2026-02-14T07:16:02.6726444Z Error in exportCSV: Error: dialog fail
2026-02-14T07:16:02.6727734Z 	at vscode.window.showSaveDialog (/home/runner/work/interactive-markdown-table-editor/interactive-markdown-table-editor/out/test/unit/commandRegistrar.test.js:2534:60)
2026-02-14T07:16:02.6729865Z 	at CommandRegistrar.handleExportCSV (/home/runner/work/interactive-markdown-table-editor/interactive-markdown-table-editor/out/src/activation/commandRegistrar.js:805:49)
2026-02-14T07:16:02.6731860Z 	at /home/runner/work/interactive-markdown-table-editor/interactive-markdown-table-editor/out/src/activation/commandRegistrar.js:157:24
2026-02-14T07:16:02.6735232Z 	at Context.<anonymous> (/home/runner/work/interactive-markdown-table-editor/interactive-markdown-table-editor/out/test/unit/commandRegistrar.test.js:2537:79)
2026-02-14T07:16:02.6736966Z 	at callFn (/home/runner/work/interactive-markdown-table-editor/interactive-markdown-table-editor/node_modules/mocha/lib/runnable.js:364:21)
2026-02-14T07:16:02.6739191Z 	at Runnable.run (/home/runner/work/interactive-markdown-table-editor/interactive-markdown-table-editor/node_modules/mocha/lib/runnable.js:352:5)
2026-02-14T07:16:02.6740902Z 	at Runner.runTest (/home/runner/work/interactive-markdown-table-editor/interactive-markdown-table-editor/node_modules/mocha/lib/runner.js:677:10)
2026-02-14T07:16:02.6742652Z 	at /home/runner/work/interactive-markdown-table-editor/interactive-markdown-table-editor/node_modules/mocha/lib/runner.js:800:12
2026-02-14T07:16:02.6745042Z 	at next (/home/runner/work/interactive-markdown-table-editor/interactive-markdown-table-editor/node_modules/mocha/lib/runner.js:592:14)
2026-02-14T07:16:02.6746616Z 	at /home/runner/work/interactive-markdown-table-editor/interactive-markdown-table-editor/node_modules/mocha/lib/runner.js:602:7
2026-02-14T07:16:02.6748665Z 	at next (/home/runner/work/interactive-markdown-table-editor/interactive-markdown-table-editor/node_modules/mocha/lib/runner.js:485:14)
2026-02-14T07:16:02.6750034Z 	at cbHookRun (/home/runner/work/interactive-markdown-table-editor/interactive-markdown-table-editor/node_modules/mocha/lib/runner.js:550:7)
2026-02-14T07:16:02.6750978Z 	at done (/home/runner/work/interactive-markdown-table-editor/interactive-markdown-table-editor/node_modules/mocha/lib/runnable.js:308:5)
2026-02-14T07:16:02.6751943Z 	at callFn (/home/runner/work/interactive-markdown-table-editor/interactive-markdown-table-editor/node_modules/mocha/lib/runnable.js:387:7)
2026-02-14T07:16:02.6752948Z 	at Runnable.run (/home/runner/work/interactive-markdown-table-editor/interactive-markdown-table-editor/node_modules/mocha/lib/runnable.js:352:5)
2026-02-14T07:16:02.6753905Z 	at next (/home/runner/work/interactive-markdown-table-editor/interactive-markdown-table-editor/node_modules/mocha/lib/runner.js:509:10)
2026-02-14T07:16:02.6755101Z 	at Immediate.<anonymous> (/home/runner/work/interactive-markdown-table-editor/interactive-markdown-table-editor/node_modules/mocha/lib/runner.js:570:5)
2026-02-14T07:16:02.6755822Z 	at process.processImmediate (node:internal/timers:485:21)
2026-02-14T07:16:02.6756323Z   [32m  ✔[0m[90m exportCSV error sends error to panel[0m
2026-02-14T07:16:02.6756765Z   [32m  ✔[0m[90m importCSV missing table manager sends error[0m
2026-02-14T07:16:02.6757233Z   [32m  ✔[0m[90m importCSV successful import replaces contents[0m
2026-02-14T07:16:02.6792848Z   [32m  ✔[0m[90m importCSV user declines confirmation[0m
2026-02-14T07:16:02.6796561Z   [32m  ✔[0m[90m importCSV empty CSV sends error[0m
2026-02-14T07:16:02.6829006Z   [32m  ✔[0m[90m handleFileChange markdown file change updates panels[0m
2026-02-14T07:16:02.6837643Z   [32m  ✔[0m[90m handleFileChange non-markdown file is ignored[0m
2026-02-14T07:16:02.6842606Z   [32m  ✔[0m[90m handleFileChange no panels for file does nothing[0m
2026-02-14T07:16:02.6846230Z   [32m  ✔[0m[90m handleFileChange no tables returns early[0m
2026-02-14T07:16:02.6850430Z Error updating panels after file change: Error: parse error
2026-02-14T07:16:02.6854918Z 	at deps.markdownParser.parseDocument (/home/runner/work/interactive-markdown-table-editor/interactive-markdown-table-editor/out/test/unit/commandRegistrar.test.js:2750:59)
2026-02-14T07:16:02.6856619Z 	at CommandRegistrar.handleFileChange (/home/runner/work/interactive-markdown-table-editor/interactive-markdown-table-editor/out/src/activation/commandRegistrar.js:951:45)
2026-02-14T07:16:02.6858687Z 	at /home/runner/work/interactive-markdown-table-editor/interactive-markdown-table-editor/out/src/activation/commandRegistrar.js:169:24
2026-02-14T07:16:02.6859872Z 	at Context.<anonymous> (/home/runner/work/interactive-markdown-table-editor/interactive-markdown-table-editor/out/test/unit/commandRegistrar.test.js:2760:19)
2026-02-14T07:16:02.6861309Z 	at callFn (/home/runner/work/interactive-markdown-table-editor/interactive-markdown-table-editor/node_modules/mocha/lib/runnable.js:364:21)
2026-02-14T07:16:02.6862521Z 	at Runnable.run (/home/runner/work/interactive-markdown-table-editor/interactive-markdown-table-editor/node_modules/mocha/lib/runnable.js:352:5)
2026-02-14T07:16:02.6863701Z 	at Runner.runTest (/home/runner/work/interactive-markdown-table-editor/interactive-markdown-table-editor/node_modules/mocha/lib/runner.js:677:10)
2026-02-14T07:16:02.6865386Z 	at /home/runner/work/interactive-markdown-table-editor/interactive-markdown-table-editor/node_modules/mocha/lib/runner.js:800:12
2026-02-14T07:16:02.6866463Z 	at next (/home/runner/work/interactive-markdown-table-editor/interactive-markdown-table-editor/node_modules/mocha/lib/runner.js:592:14)
2026-02-14T07:16:02.6867501Z 	at /home/runner/work/interactive-markdown-table-editor/interactive-markdown-table-editor/node_modules/mocha/lib/runner.js:602:7
2026-02-14T07:16:02.6869015Z 	at next (/home/runner/work/interactive-markdown-table-editor/interactive-markdown-table-editor/node_modules/mocha/lib/runner.js:485:14)
2026-02-14T07:16:02.6869968Z 	at cbHookRun (/home/runner/work/interactive-markdown-table-editor/interactive-markdown-table-editor/node_modules/mocha/lib/runner.js:550:7)
2026-02-14T07:16:02.6871088Z 	at done (/home/runner/work/interactive-markdown-table-editor/interactive-markdown-table-editor/node_modules/mocha/lib/runnable.js:308:5)
2026-02-14T07:16:02.6872656Z 	at callFn (/home/runner/work/interactive-markdown-table-editor/interactive-markdown-table-editor/node_modules/mocha/lib/runnable.js:387:7)
2026-02-14T07:16:02.6873653Z 	at Runnable.run (/home/runner/work/interactive-markdown-table-editor/interactive-markdown-table-editor/node_modules/mocha/lib/runnable.js:352:5)
2026-02-14T07:16:02.6874927Z 	at next (/home/runner/work/interactive-markdown-table-editor/interactive-markdown-table-editor/node_modules/mocha/lib/runner.js:509:10)
2026-02-14T07:16:02.6876422Z 	at Immediate._onImmediate (/home/runner/work/interactive-markdown-table-editor/interactive-markdown-table-editor/node_modules/mocha/lib/runner.js:570:5)
2026-02-14T07:16:02.6877339Z 	at process.processImmediate (node:internal/timers:485:21)
2026-02-14T07:16:02.6877868Z   [32m  ✔[0m[90m handleFileChange error sends error to panels[0m
2026-02-14T07:16:02.6878359Z   [32m  ✔[0m[90m handleFileChange multiple panels all get updated[0m
2026-02-14T07:16:02.6878819Z   [32m  ✔[0m[90m forceFileSave saves multiple tables[0m
2026-02-14T07:16:02.6879306Z   [32m  ✔[0m[90m importCSV with all whitespace CSV sends csvNoValues error[0m
2026-02-14T07:16:02.6879923Z   [32m  ✔[0m[90m exportCSV SJIS encoding with iconv-lite failure falls back to UTF-8[0m
2026-02-14T07:16:02.6880484Z   [32m  ✔[0m[90m forceFileSave no panel still saves and clears dirty[0m
2026-02-14T07:16:02.6881003Z [Extension] Diff calculation scheduling failed: Error: diff scheduling error
2026-02-14T07:16:02.6881968Z 	at deps.gitDiffCoordinator.scheduleGitDiffCalculation (/home/runner/work/interactive-markdown-table-editor/interactive-markdown-table-editor/out/test/unit/commandRegistrar.test.js:2905:83)
2026-02-14T07:16:02.6883234Z 	at CommandRegistrar.handleSort (/home/runner/work/interactive-markdown-table-editor/interactive-markdown-table-editor/out/src/activation/commandRegistrar.js:643:37)
2026-02-14T07:16:02.6884472Z 	at async /home/runner/work/interactive-markdown-table-editor/interactive-markdown-table-editor/out/src/activation/commandRegistrar.js:148:13
2026-02-14T07:16:02.6885739Z 	at async Context.<anonymous> (/home/runner/work/interactive-markdown-table-editor/interactive-markdown-table-editor/out/test/unit/commandRegistrar.test.js:2909:9)
2026-02-14T07:16:02.6913210Z   [32m  ✔[0m[90m sort: scheduleGitDiffCalculation rejection is caught[0m
2026-02-14T07:16:02.6921235Z   [32m  ✔[0m[90m exportCSV: iconv-lite failure falls back to UTF-8[0m
2026-02-14T07:16:02.6926294Z [CommandRegistrar] handleForceFileSave: Git diff calculation failed: Error: git diff error
2026-02-14T07:16:02.6928193Z 	at deps.gitDiffCoordinator.scheduleGitDiffCalculation (/home/runner/work/interactive-markdown-table-editor/interactive-markdown-table-editor/out/test/unit/commandRegistrar.test.js:2967:83)
2026-02-14T07:16:02.6929627Z 	at CommandRegistrar.handleForceFileSave (/home/runner/work/interactive-markdown-table-editor/interactive-markdown-table-editor/out/src/activation/commandRegistrar.js:1029:41)
2026-02-14T07:16:02.6930756Z 	at async /home/runner/work/interactive-markdown-table-editor/interactive-markdown-table-editor/out/src/activation/commandRegistrar.js:163:13
2026-02-14T07:16:02.6932071Z 	at async Context.<anonymous> (/home/runner/work/interactive-markdown-table-editor/interactive-markdown-table-editor/out/test/unit/commandRegistrar.test.js:2970:9)
2026-02-14T07:16:02.7035897Z   [32m  ✔[0m[90m forceFileSave: scheduleGitDiffCalculation rejection is caught[0m
2026-02-14T07:16:02.7041049Z   [32m  ✔[0m[90m openEditor: activeEditor.document.uri をtargetUriに設定 (JS L182)[0m
2026-02-14T07:16:02.7054948Z Error opening table editor: Error: error.noValidUri
2026-02-14T07:16:02.7059587Z 	at CommandRegistrar.handleOpenEditor (/home/runner/work/interactive-markdown-table-editor/interactive-markdown-table-editor/out/src/activation/commandRegistrar.js:185:23)
2026-02-14T07:16:02.7062406Z 	at /home/runner/work/interactive-markdown-table-editor/interactive-markdown-table-editor/out/src/activation/commandRegistrar.js:33:24
2026-02-14T07:16:02.7064014Z 	at Context.<anonymous> (/home/runner/work/interactive-markdown-table-editor/interactive-markdown-table-editor/out/test/unit/commandRegistrar.test.js:3029:15)
2026-02-14T07:16:02.7066065Z 	at callFn (/home/runner/work/interactive-markdown-table-editor/interactive-markdown-table-editor/node_modules/mocha/lib/runnable.js:364:21)
2026-02-14T07:16:02.7067802Z 	at Runnable.run (/home/runner/work/interactive-markdown-table-editor/interactive-markdown-table-editor/node_modules/mocha/lib/runnable.js:352:5)
2026-02-14T07:16:02.7069592Z 	at Runner.runTest (/home/runner/work/interactive-markdown-table-editor/interactive-markdown-table-editor/node_modules/mocha/lib/runner.js:677:10)
2026-02-14T07:16:02.7071207Z 	at /home/runner/work/interactive-markdown-table-editor/interactive-markdown-table-editor/node_modules/mocha/lib/runner.js:800:12
2026-02-14T07:16:02.7072146Z 	at next (/home/runner/work/interactive-markdown-table-editor/interactive-markdown-table-editor/node_modules/mocha/lib/runner.js:592:14)
2026-02-14T07:16:02.7073063Z 	at /home/runner/work/interactive-markdown-table-editor/interactive-markdown-table-editor/node_modules/mocha/lib/runner.js:602:7
2026-02-14T07:16:02.7073994Z 	at next (/home/runner/work/interactive-markdown-table-editor/interactive-markdown-table-editor/node_modules/mocha/lib/runner.js:485:14)
2026-02-14T07:16:02.7075151Z 	at cbHookRun (/home/runner/work/interactive-markdown-table-editor/interactive-markdown-table-editor/node_modules/mocha/lib/runner.js:550:7)
2026-02-14T07:16:02.7076099Z 	at done (/home/runner/work/interactive-markdown-table-editor/interactive-markdown-table-editor/node_modules/mocha/lib/runnable.js:308:5)
2026-02-14T07:16:02.7077048Z 	at callFn (/home/runner/work/interactive-markdown-table-editor/interactive-markdown-table-editor/node_modules/mocha/lib/runnable.js:387:7)
2026-02-14T07:16:02.7078018Z 	at Runnable.run (/home/runner/work/interactive-markdown-table-editor/interactive-markdown-table-editor/node_modules/mocha/lib/runnable.js:352:5)
2026-02-14T07:16:02.7078978Z 	at next (/home/runner/work/interactive-markdown-table-editor/interactive-markdown-table-editor/node_modules/mocha/lib/runner.js:509:10)
2026-02-14T07:16:02.7080130Z 	at Immediate._onImmediate (/home/runner/work/interactive-markdown-table-editor/interactive-markdown-table-editor/node_modules/mocha/lib/runner.js:570:5)
2026-02-14T07:16:02.7080855Z 	at process.processImmediate (node:internal/timers:485:21)
2026-02-14T07:16:02.7081436Z   [32m  ✔[0m[90m openEditor: targetUri が null の場合 throw (JS L185)[0m
2026-02-14T07:16:02.7081957Z   [32m  ✔[0m[90m requestTableData: panel が null で return (JS L324)[0m
2026-02-14T07:16:02.7082496Z [GitDiffDebug] Failed to send git diffs via updateGitDiff: Error: updateGitDiff failed
2026-02-14T07:16:02.7083423Z 	at deps.webviewManager.updateGitDiff (/home/runner/work/interactive-markdown-table-editor/interactive-markdown-table-editor/out/test/unit/commandRegistrar.test.js:3064:59)
2026-02-14T07:16:02.7084640Z 	at /home/runner/work/interactive-markdown-table-editor/interactive-markdown-table-editor/out/src/activation/commandRegistrar.js:280:41
2026-02-14T07:16:02.7085456Z [GitDiffDebug] Fallback updateTableData also failed: Error: Fallback updateTableData failed
2026-02-14T07:16:02.7086509Z 	at deps.webviewManager.updateTableData (/home/runner/work/interactive-markdown-table-editor/interactive-markdown-table-editor/out/test/unit/commandRegistrar.test.js:3060:23)
2026-02-14T07:16:02.7087603Z 	at /home/runner/work/interactive-markdown-table-editor/interactive-markdown-table-editor/out/src/activation/commandRegistrar.js:285:45
2026-02-14T07:16:03.0077456Z   [32m  ✔[0m[90m requestTableData: updateGitDiff失敗後の fallback updateTableData も失敗 (JS L288)[0m[31m (300ms)[0m
2026-02-14T07:16:03.0080389Z   [32m  ✔[0m[90m updateCell: uri無しで getActivePanelUri にフォールバック (JS L422)[0m
2026-02-14T07:16:03.0084480Z   [32m  ✔[0m[90m updateCell: panel が null で return (JS L430)[0m
2026-02-14T07:16:03.0087321Z   [32m  ✔[0m[90m updateCell: tableManagersMap が null で sendError (JS L434-435)[0m
2026-02-14T07:16:03.0101451Z [Extension] Diff calculation scheduling failed: Error: diff error
2026-02-14T07:16:03.0103316Z 	at deps.gitDiffCoordinator.scheduleGitDiffCalculation (/home/runner/work/interactive-markdown-table-editor/interactive-markdown-table-editor/out/test/unit/commandRegistrar.test.js:3152:83)
2026-02-14T07:16:03.0104849Z 	at CommandRegistrar.handleUpdateCell (/home/runner/work/interactive-markdown-table-editor/interactive-markdown-table-editor/out/src/activation/commandRegistrar.js:395:37)
2026-02-14T07:16:03.0105958Z 	at async /home/runner/work/interactive-markdown-table-editor/interactive-markdown-table-editor/out/src/activation/commandRegistrar.js:48:13
2026-02-14T07:16:03.0107035Z 	at async Context.<anonymous> (/home/runner/work/interactive-markdown-table-editor/interactive-markdown-table-editor/out/test/unit/commandRegistrar.test.js:3156:9)
2026-02-14T07:16:03.0204635Z   [32m  ✔[0m[90m updateCell: scheduleGitDiffCalculation rejection は catch される (JS L396)[0m
2026-02-14T07:16:03.0214187Z [Extension] Diff calculation scheduling failed: Error: bulk diff error
2026-02-14T07:16:03.0216260Z 	at deps.gitDiffCoordinator.scheduleGitDiffCalculation (/home/runner/work/interactive-markdown-table-editor/interactive-markdown-table-editor/out/test/unit/commandRegistrar.test.js:3182:83)
2026-02-14T07:16:03.0217865Z 	at CommandRegistrar.handleBulkUpdateCells (/home/runner/work/interactive-markdown-table-editor/interactive-markdown-table-editor/out/src/activation/commandRegistrar.js:492:37)
2026-02-14T07:16:03.0218989Z 	at async /home/runner/work/interactive-markdown-table-editor/interactive-markdown-table-editor/out/src/activation/commandRegistrar.js:51:13
2026-02-14T07:16:03.0220073Z 	at async Context.<anonymous> (/home/runner/work/interactive-markdown-table-editor/interactive-markdown-table-editor/out/test/unit/commandRegistrar.test.js:3186:9)
2026-02-14T07:16:03.0317376Z   [32m  ✔[0m[90m bulkUpdateCells: scheduleGitDiffCalculation rejection は catch される (JS L493)[0m
2026-02-14T07:16:03.0325231Z   [32m  ✔[0m[90m updateHeader: uri無しで getActivePanelUri にフォールバック (JS L514)[0m
2026-02-14T07:16:03.0330775Z   [32m  ✔[0m[90m updateHeader: uriString が空で return (JS L518)[0m
2026-02-14T07:16:03.0337648Z   [32m  ✔[0m[90m updateHeader: panel が null で return (JS L522)[0m
2026-02-14T07:16:03.0352076Z Error in updateHeader: TypeError: Cannot read property
2026-02-14T07:16:03.0353496Z 	at Object.updateHeader (/home/runner/work/interactive-markdown-table-editor/interactive-markdown-table-editor/out/test/unit/commandRegistrar.test.js:3251:41)
2026-02-14T07:16:03.0355747Z 	at CommandRegistrar.handleUpdateHeader (/home/runner/work/interactive-markdown-table-editor/interactive-markdown-table-editor/out/src/activation/commandRegistrar.js:536:34)
2026-02-14T07:16:03.0357715Z 	at /home/runner/work/interactive-markdown-table-editor/interactive-markdown-table-editor/out/src/activation/commandRegistrar.js:54:24
2026-02-14T07:16:03.0359467Z 	at Context.<anonymous> (/home/runner/work/interactive-markdown-table-editor/interactive-markdown-table-editor/out/test/unit/commandRegistrar.test.js:3258:15)
2026-02-14T07:16:03.0361467Z 	at callFn (/home/runner/work/interactive-markdown-table-editor/interactive-markdown-table-editor/node_modules/mocha/lib/runnable.js:364:21)
2026-02-14T07:16:03.0363003Z 	at Runnable.run (/home/runner/work/interactive-markdown-table-editor/interactive-markdown-table-editor/node_modules/mocha/lib/runnable.js:352:5)
2026-02-14T07:16:03.0364007Z 	at Runner.runTest (/home/runner/work/interactive-markdown-table-editor/interactive-markdown-table-editor/node_modules/mocha/lib/runner.js:677:10)
2026-02-14T07:16:03.0365153Z 	at /home/runner/work/interactive-markdown-table-editor/interactive-markdown-table-editor/node_modules/mocha/lib/runner.js:800:12
2026-02-14T07:16:03.0366076Z 	at next (/home/runner/work/interactive-markdown-table-editor/interactive-markdown-table-editor/node_modules/mocha/lib/runner.js:592:14)
2026-02-14T07:16:03.0366991Z 	at /home/runner/work/interactive-markdown-table-editor/interactive-markdown-table-editor/node_modules/mocha/lib/runner.js:602:7
2026-02-14T07:16:03.0367894Z 	at next (/home/runner/work/interactive-markdown-table-editor/interactive-markdown-table-editor/node_modules/mocha/lib/runner.js:485:14)
2026-02-14T07:16:03.0368846Z 	at cbHookRun (/home/runner/work/interactive-markdown-table-editor/interactive-markdown-table-editor/node_modules/mocha/lib/runner.js:550:7)
2026-02-14T07:16:03.0369800Z 	at done (/home/runner/work/interactive-markdown-table-editor/interactive-markdown-table-editor/node_modules/mocha/lib/runnable.js:308:5)
2026-02-14T07:16:03.0370745Z 	at callFn (/home/runner/work/interactive-markdown-table-editor/interactive-markdown-table-editor/node_modules/mocha/lib/runnable.js:387:7)
2026-02-14T07:16:03.0371709Z 	at Runnable.run (/home/runner/work/interactive-markdown-table-editor/interactive-markdown-table-editor/node_modules/mocha/lib/runnable.js:352:5)
2026-02-14T07:16:03.0372671Z 	at next (/home/runner/work/interactive-markdown-table-editor/interactive-markdown-table-editor/node_modules/mocha/lib/runner.js:509:10)
2026-02-14T07:16:03.0373657Z 	at Immediate._onImmediate (/home/runner/work/interactive-markdown-table-editor/interactive-markdown-table-editor/node_modules/mocha/lib/runner.js:570:5)
2026-02-14T07:16:03.0374455Z 	at process.processImmediate (node:internal/timers:485:21)
2026-02-14T07:16:03.0375099Z   [32m  ✔[0m[90m updateHeader: non-Invalid positionError が throw される (JS L561)[0m
2026-02-14T07:16:03.0375651Z [Extension] Diff calculation scheduling failed: Error: header diff error
2026-02-14T07:16:03.0376605Z 	at deps.gitDiffCoordinator.scheduleGitDiffCalculation (/home/runner/work/interactive-markdown-table-editor/interactive-markdown-table-editor/out/test/unit/commandRegistrar.test.js:3278:83)
2026-02-14T07:16:03.0377912Z 	at CommandRegistrar.handleUpdateHeader (/home/runner/work/interactive-markdown-table-editor/interactive-markdown-table-editor/out/src/activation/commandRegistrar.js:576:37)
2026-02-14T07:16:03.0379022Z 	at async /home/runner/work/interactive-markdown-table-editor/interactive-markdown-table-editor/out/src/activation/commandRegistrar.js:54:13
2026-02-14T07:16:03.0380238Z 	at async Context.<anonymous> (/home/runner/work/interactive-markdown-table-editor/interactive-markdown-table-editor/out/test/unit/commandRegistrar.test.js:3282:9)
2026-02-14T07:16:03.0461873Z   [32m  ✔[0m[90m updateHeader: scheduleGitDiffCalculation rejection は catch される (JS L577)[0m
2026-02-14T07:16:03.0467886Z   [32m  ✔[0m[90m sort: panel が null で return (JS L601)[0m
2026-02-14T07:16:03.0476777Z [Extension] Diff calculation scheduling failed: Error: sort diff error
2026-02-14T07:16:03.0478576Z 	at deps.gitDiffCoordinator.scheduleGitDiffCalculation (/home/runner/work/interactive-markdown-table-editor/interactive-markdown-table-editor/out/test/unit/commandRegistrar.test.js:3326:83)
2026-02-14T07:16:03.0479903Z 	at CommandRegistrar.handleSort (/home/runner/work/interactive-markdown-table-editor/interactive-markdown-table-editor/out/src/activation/commandRegistrar.js:643:37)
2026-02-14T07:16:03.0480982Z 	at async /home/runner/work/interactive-markdown-table-editor/interactive-markdown-table-editor/out/src/activation/commandRegistrar.js:148:13
2026-02-14T07:16:03.0482252Z 	at async Context.<anonymous> (/home/runner/work/interactive-markdown-table-editor/interactive-markdown-table-editor/out/test/unit/commandRegistrar.test.js:3329:9)
2026-02-14T07:16:03.0581647Z   [32m  ✔[0m[90m sort: scheduleGitDiffCalculation catch カバレッジ確認 (JS L644)[0m
2026-02-14T07:16:03.0588027Z   [32m  ✔[0m[90m moveRow: uriString が null で return (JS L661)[0m
2026-02-14T07:16:03.0595961Z   [32m  ✔[0m[90m moveRow: panel が null で return (JS L664)[0m
2026-02-14T07:16:03.0604272Z [Extension] Diff calculation scheduling failed: Error: moveRow diff error
2026-02-14T07:16:03.0606110Z 	at deps.gitDiffCoordinator.scheduleGitDiffCalculation (/home/runner/work/interactive-markdown-table-editor/interactive-markdown-table-editor/out/test/unit/commandRegistrar.test.js:3386:83)
2026-02-14T07:16:03.0608052Z 	at CommandRegistrar.handleMoveRow (/home/runner/work/interactive-markdown-table-editor/interactive-markdown-table-editor/out/src/activation/commandRegistrar.js:704:37)
2026-02-14T07:16:03.0609193Z 	at async /home/runner/work/interactive-markdown-table-editor/interactive-markdown-table-editor/out/src/activation/commandRegistrar.js:151:13
2026-02-14T07:16:03.0610268Z 	at async Context.<anonymous> (/home/runner/work/interactive-markdown-table-editor/interactive-markdown-table-editor/out/test/unit/commandRegistrar.test.js:3389:9)
2026-02-14T07:16:03.0700451Z   [32m  ✔[0m[90m moveRow: scheduleGitDiffCalculation rejection は catch される (JS L705)[0m
2026-02-14T07:16:03.0711817Z   [32m  ✔[0m[90m moveColumn: uriString が null で return (JS L722)[0m
2026-02-14T07:16:03.0717528Z   [32m  ✔[0m[90m moveColumn: panel が null で return (JS L725)[0m
2026-02-14T07:16:03.0720456Z [Extension] Diff calculation scheduling failed: Error: moveCol diff error
2026-02-14T07:16:03.0721866Z 	at deps.gitDiffCoordinator.scheduleGitDiffCalculation (/home/runner/work/interactive-markdown-table-editor/interactive-markdown-table-editor/out/test/unit/commandRegistrar.test.js:3443:83)
2026-02-14T07:16:03.0723216Z 	at CommandRegistrar.handleMoveColumn (/home/runner/work/interactive-markdown-table-editor/interactive-markdown-table-editor/out/src/activation/commandRegistrar.js:765:37)
2026-02-14T07:16:03.0724523Z 	at async /home/runner/work/interactive-markdown-table-editor/interactive-markdown-table-editor/out/src/activation/commandRegistrar.js:154:13
2026-02-14T07:16:03.0725598Z 	at async Context.<anonymous> (/home/runner/work/interactive-markdown-table-editor/interactive-markdown-table-editor/out/test/unit/commandRegistrar.test.js:3446:9)
2026-02-14T07:16:03.0824839Z   [32m  ✔[0m[90m moveColumn: scheduleGitDiffCalculation rejection は catch される (JS L766)[0m
2026-02-14T07:16:03.0835059Z iconv-lite encoding failed, falling back to UTF-8: Error: iconv-lite not available
2026-02-14T07:16:03.0836623Z 	at Module._resolveFilename (/home/runner/work/interactive-markdown-table-editor/interactive-markdown-table-editor/out/test/unit/commandRegistrar.test.js:3474:23)
2026-02-14T07:16:03.0838045Z 	at defaultResolveImpl (node:internal/modules/cjs/loader:1032:19)
2026-02-14T07:16:03.0838978Z 	at resolveForCJSWithHooks (node:internal/modules/cjs/loader:1037:22)
2026-02-14T07:16:03.0839615Z 	at Module._load (node:internal/modules/cjs/loader:1199:37)
2026-02-14T07:16:03.0840063Z 	at c._load (node:electron/js2c/node_init:2:17993)
2026-02-14T07:16:03.0841538Z 	at e._load (file:///home/runner/work/interactive-markdown-table-editor/interactive-markdown-table-editor/.vscode-test/vscode-linux-x64-1.109.3/resources/app/out/vs/workbench/api/node/extensionHostProcess.js:405:6055)
2026-02-14T07:16:03.0844239Z 	at t._load (file:///home/runner/work/interactive-markdown-table-editor/interactive-markdown-table-editor/.vscode-test/vscode-linux-x64-1.109.3/resources/app/out/vs/workbench/api/node/extensionHostProcess.js:223:22773)
2026-02-14T07:16:03.0846490Z 	at s._load (file:///home/runner/work/interactive-markdown-table-editor/interactive-markdown-table-editor/.vscode-test/vscode-linux-x64-1.109.3/resources/app/out/vs/workbench/api/node/extensionHostProcess.js:215:24706)
2026-02-14T07:16:03.0847696Z 	at TracingChannel.traceSync (node:diagnostics_channel:328:14)
2026-02-14T07:16:03.0848107Z 	at wrapModuleLoad (node:internal/modules/cjs/loader:244:24)
2026-02-14T07:16:03.0848495Z 	at Module.require (node:internal/modules/cjs/loader:1470:12)
2026-02-14T07:16:03.0848856Z 	at require (node:internal/modules/helpers:147:16)
2026-02-14T07:16:03.0849706Z 	at CommandRegistrar.handleExportCSV (/home/runner/work/interactive-markdown-table-editor/interactive-markdown-table-editor/out/src/activation/commandRegistrar.js:833:39)
2026-02-14T07:16:03.0850804Z 	at async /home/runner/work/interactive-markdown-table-editor/interactive-markdown-table-editor/out/src/activation/commandRegistrar.js:157:13
2026-02-14T07:16:03.0851870Z 	at async Context.<anonymous> (/home/runner/work/interactive-markdown-table-editor/interactive-markdown-table-editor/out/test/unit/commandRegistrar.test.js:3480:9)
2026-02-14T07:16:03.0852849Z   [32m  ✔[0m[90m exportCSV: iconv-lite encode 失敗で UTF-8 フォールバック (JS L837-838)[0m
2026-02-14T07:16:03.0853491Z [CommandRegistrar] handleForceFileSave: Git diff calculation failed: Error: forceFileSave diff error
2026-02-14T07:16:03.0854741Z 	at deps.gitDiffCoordinator.scheduleGitDiffCalculation (/home/runner/work/interactive-markdown-table-editor/interactive-markdown-table-editor/out/test/unit/commandRegistrar.test.js:3509:83)
2026-02-14T07:16:03.0856077Z 	at CommandRegistrar.handleForceFileSave (/home/runner/work/interactive-markdown-table-editor/interactive-markdown-table-editor/out/src/activation/commandRegistrar.js:1029:41)
2026-02-14T07:16:03.0857181Z 	at async /home/runner/work/interactive-markdown-table-editor/interactive-markdown-table-editor/out/src/activation/commandRegistrar.js:163:13
2026-02-14T07:16:03.0858247Z 	at async Context.<anonymous> (/home/runner/work/interactive-markdown-table-editor/interactive-markdown-table-editor/out/test/unit/commandRegistrar.test.js:3512:9)
2026-02-14T07:16:03.0949527Z   [32m  ✔[0m[90m forceFileSave: scheduleGitDiffCalculation catch パス確認 (JS L1030)[0m
2026-02-14T07:16:03.0967063Z   [32m  ✔[0m[90m openEditor: activeEditor fallback to document.uri (JS L182)[0m
2026-02-14T07:16:03.1062085Z   [32m  ✔[0m[90m openEditor: targetUri null throws (JS L185)[0m
2026-02-14T07:16:03.1068692Z   [32m  ✔[0m[90m requestTableData: panel null returns early (JS L324)[0m
2026-02-14T07:16:03.1101337Z Error in requestTableData: CodeExpectedError: cannot open file:///test/sample.md. Detail: Unable to read file '/test/sample.md' (Error: Unable to resolve nonexistent file '/test/sample.md')
2026-02-14T07:16:03.1103258Z     at Yze.$tryOpenDocument (vscode-file://vscode-app/home/runner/work/interactive-markdown-table-editor/interactive-markdown-table-editor/.vscode-test/vscode-linux-x64-1.109.3/resources/app/out/vs/workbench/workbench.desktop.main.js:542:8529)
2026-02-14T07:16:03.1610880Z   [32m  ✔[0m[90m requestTableData: fallback updateTableData catch (JS L288)[0m[33m (62ms)[0m
2026-02-14T07:16:03.1614190Z   [32m  ✔[0m[90m updateCell: uri未指定で activePanelUri にフォールバック (JS L422)[0m
2026-02-14T07:16:03.1622561Z   [32m  ✔[0m[90m updateCell: panel null returns early (JS L430)[0m
2026-02-14T07:16:03.1632116Z   [32m  ✔[0m[90m updateCell: tableManagersMap null sends error (JS L434-435)[0m
2026-02-14T07:16:03.1638661Z [Extension] Diff calculation scheduling failed: Error: diff error
2026-02-14T07:16:03.1640249Z 	at deps.gitDiffCoordinator.scheduleGitDiffCalculation (/home/runner/work/interactive-markdown-table-editor/interactive-markdown-table-editor/out/test/unit/commandRegistrar.test.js:3671:83)
2026-02-14T07:16:03.1641608Z 	at CommandRegistrar.handleUpdateCell (/home/runner/work/interactive-markdown-table-editor/interactive-markdown-table-editor/out/src/activation/commandRegistrar.js:395:37)
2026-02-14T07:16:03.1642711Z 	at async /home/runner/work/interactive-markdown-table-editor/interactive-markdown-table-editor/out/src/activation/commandRegistrar.js:48:13
2026-02-14T07:16:03.1643998Z 	at async Context.<anonymous> (/home/runner/work/interactive-markdown-table-editor/interactive-markdown-table-editor/out/test/unit/commandRegistrar.test.js:3674:9)
2026-02-14T07:16:03.1745607Z   [32m  ✔[0m[90m updateCell: scheduleGitDiffCalculation rejection is caught (JS L396)[0m
2026-02-14T07:16:03.1755243Z Error in updateCell: Error: Some other error
2026-02-14T07:16:03.1756886Z 	at Object.updateCell (/home/runner/work/interactive-markdown-table-editor/interactive-markdown-table-editor/out/test/unit/commandRegistrar.test.js:3691:47)
2026-02-14T07:16:03.1760705Z 	at CommandRegistrar.handleUpdateCell (/home/runner/work/interactive-markdown-table-editor/interactive-markdown-table-editor/out/src/activation/commandRegistrar.js:338:34)
2026-02-14T07:16:03.1766648Z 	at async /home/runner/work/interactive-markdown-table-editor/interactive-markdown-table-editor/out/src/activation/commandRegistrar.js:48:13
2026-02-14T07:16:03.1768562Z 	at async Context.<anonymous> (/home/runner/work/interactive-markdown-table-editor/interactive-markdown-table-editor/out/test/unit/commandRegistrar.test.js:3697:9)
2026-02-14T07:16:03.1770569Z   [32m  ✔[0m[90m updateCell: positionError re-throw for non-invalid-cell-position (JS L561)[0m
2026-02-14T07:16:03.1776283Z Error in bulkUpdateCells: TypeError: tableDataManager.batchUpdateCells is not a function
2026-02-14T07:16:03.1777971Z 	at CommandRegistrar.handleBulkUpdateCells (/home/runner/work/interactive-markdown-table-editor/interactive-markdown-table-editor/out/src/activation/commandRegistrar.js:462:30)
2026-02-14T07:16:03.1779973Z 	at /home/runner/work/interactive-markdown-table-editor/interactive-markdown-table-editor/out/src/activation/commandRegistrar.js:51:24
2026-02-14T07:16:03.1781778Z 	at Context.<anonymous> (/home/runner/work/interactive-markdown-table-editor/interactive-markdown-table-editor/out/test/unit/commandRegistrar.test.js:3720:85)
2026-02-14T07:16:03.1782867Z 	at callFn (/home/runner/work/interactive-markdown-table-editor/interactive-markdown-table-editor/node_modules/mocha/lib/runnable.js:364:21)
2026-02-14T07:16:03.1784333Z 	at Runnable.run (/home/runner/work/interactive-markdown-table-editor/interactive-markdown-table-editor/node_modules/mocha/lib/runnable.js:352:5)
2026-02-14T07:16:03.1785355Z 	at Runner.runTest (/home/runner/work/interactive-markdown-table-editor/interactive-markdown-table-editor/node_modules/mocha/lib/runner.js:677:10)
2026-02-14T07:16:03.1786304Z 	at /home/runner/work/interactive-markdown-table-editor/interactive-markdown-table-editor/node_modules/mocha/lib/runner.js:800:12
2026-02-14T07:16:03.1787225Z 	at next (/home/runner/work/interactive-markdown-table-editor/interactive-markdown-table-editor/node_modules/mocha/lib/runner.js:592:14)
2026-02-14T07:16:03.1788128Z 	at /home/runner/work/interactive-markdown-table-editor/interactive-markdown-table-editor/node_modules/mocha/lib/runner.js:602:7
2026-02-14T07:16:03.1789037Z 	at next (/home/runner/work/interactive-markdown-table-editor/interactive-markdown-table-editor/node_modules/mocha/lib/runner.js:485:14)
2026-02-14T07:16:03.1790156Z 	at cbHookRun (/home/runner/work/interactive-markdown-table-editor/interactive-markdown-table-editor/node_modules/mocha/lib/runner.js:550:7)
2026-02-14T07:16:03.1791116Z 	at done (/home/runner/work/interactive-markdown-table-editor/interactive-markdown-table-editor/node_modules/mocha/lib/runnable.js:308:5)
2026-02-14T07:16:03.1792058Z 	at callFn (/home/runner/work/interactive-markdown-table-editor/interactive-markdown-table-editor/node_modules/mocha/lib/runnable.js:387:7)
2026-02-14T07:16:03.1793037Z 	at Runnable.run (/home/runner/work/interactive-markdown-table-editor/interactive-markdown-table-editor/node_modules/mocha/lib/runnable.js:352:5)
2026-02-14T07:16:03.1794001Z 	at next (/home/runner/work/interactive-markdown-table-editor/interactive-markdown-table-editor/node_modules/mocha/lib/runner.js:509:10)
2026-02-14T07:16:03.1795201Z 	at Immediate._onImmediate (/home/runner/work/interactive-markdown-table-editor/interactive-markdown-table-editor/node_modules/mocha/lib/runner.js:570:5)
2026-02-14T07:16:03.1796053Z 	at process.processImmediate (node:internal/timers:485:21)
2026-02-14T07:16:03.1870236Z   [32m  ✔[0m[90m bulkUpdateCells: scheduleGitDiffCalculation rejection is caught (JS L493)[0m
2026-02-14T07:16:03.1875183Z   [32m  ✔[0m[90m updateHeader: uri未指定で activePanelUri フォールバック (JS L514)[0m
2026-02-14T07:16:03.1883568Z   [32m  ✔[0m[90m updateHeader: uriString empty returns early (JS L518)[0m
2026-02-14T07:16:03.1886950Z   [32m  ✔[0m[90m updateHeader: panel null returns early (JS L522)[0m
2026-02-14T07:16:03.1893788Z [Extension] Diff calculation scheduling failed: Error: diff error
2026-02-14T07:16:03.1895204Z 	at deps.gitDiffCoordinator.scheduleGitDiffCalculation (/home/runner/work/interactive-markdown-table-editor/interactive-markdown-table-editor/out/test/unit/commandRegistrar.test.js:3776:83)
2026-02-14T07:16:03.1896556Z 	at CommandRegistrar.handleUpdateHeader (/home/runner/work/interactive-markdown-table-editor/interactive-markdown-table-editor/out/src/activation/commandRegistrar.js:576:37)
2026-02-14T07:16:03.1897691Z 	at async /home/runner/work/interactive-markdown-table-editor/interactive-markdown-table-editor/out/src/activation/commandRegistrar.js:54:13
2026-02-14T07:16:03.1898753Z 	at async Context.<anonymous> (/home/runner/work/interactive-markdown-table-editor/interactive-markdown-table-editor/out/test/unit/commandRegistrar.test.js:3779:9)
2026-02-14T07:16:03.1997629Z   [32m  ✔[0m[90m updateHeader: scheduleGitDiffCalculation rejection is caught (JS L577)[0m
2026-02-14T07:16:03.2004873Z   [32m  ✔[0m[90m deleteRows: panel null returns early (JS L601)[0m
2026-02-14T07:16:03.2009695Z   [32m  ✔[0m[90m deleteRows: scheduleGitDiffCalculation rejection is caught (JS L644)[0m
2026-02-14T07:16:03.2013970Z   [32m  ✔[0m[90m moveRow: uriString null returns early (JS L661)[0m
2026-02-14T07:16:03.2018858Z   [32m  ✔[0m[90m moveRow: panel null returns early (JS L664)[0m
2026-02-14T07:16:03.2025538Z [Extension] Diff calculation scheduling failed: Error: diff error
2026-02-14T07:16:03.2027280Z 	at deps.gitDiffCoordinator.scheduleGitDiffCalculation (/home/runner/work/interactive-markdown-table-editor/interactive-markdown-table-editor/out/test/unit/commandRegistrar.test.js:3887:83)
2026-02-14T07:16:03.2028710Z 	at CommandRegistrar.handleMoveRow (/home/runner/work/interactive-markdown-table-editor/interactive-markdown-table-editor/out/src/activation/commandRegistrar.js:704:37)
2026-02-14T07:16:03.2029819Z 	at async /home/runner/work/interactive-markdown-table-editor/interactive-markdown-table-editor/out/src/activation/commandRegistrar.js:151:13
2026-02-14T07:16:03.2030895Z 	at async Context.<anonymous> (/home/runner/work/interactive-markdown-table-editor/interactive-markdown-table-editor/out/test/unit/commandRegistrar.test.js:3890:9)
2026-02-14T07:16:03.2130251Z   [32m  ✔[0m[90m moveRow: scheduleGitDiffCalculation rejection is caught (JS L705)[0m
2026-02-14T07:16:03.2134406Z   [32m  ✔[0m[90m moveColumn: uriString null returns early (JS L722)[0m
2026-02-14T07:16:03.2140910Z   [32m  ✔[0m[90m moveColumn: panel null returns early (JS L725)[0m
2026-02-14T07:16:03.2145895Z   [32m  ✔[0m[90m bulkUpdateCells: uri未指定で activePanelUri フォールバック (JS L422)[0m
2026-02-14T07:16:03.2149652Z   [32m  ✔[0m[90m bulkUpdateCells: panel null returns early (JS L430)[0m
2026-02-14T07:16:03.2155070Z   [32m  ✔[0m[90m bulkUpdateCells: tableManagersMap null sends error (JS L434-435)[0m
2026-02-14T07:16:03.2163028Z [0m  Core Module System Tests[0m
2026-02-14T07:16:03.2169770Z   [32m  ✔[0m[90m React webview build exists[0m
2026-02-14T07:16:03.2174525Z   [32m  ✔[0m[90m Webview index.html is valid[0m
2026-02-14T07:16:03.2182653Z   [32m  ✔[0m[90m Webview assets are built[0m
2026-02-14T07:16:03.2183733Z [0m  CSP and Webview HTML Tests[0m
2026-02-14T07:16:03.2185733Z WebviewManager: Starting async initialization...
2026-02-14T07:16:03.2197875Z   [32m  ✔[0m[90m CSP meta tag should be inside head element[0m
2026-02-14T07:16:03.2203045Z WebviewManager: React build directory verified
2026-02-14T07:16:03.2207990Z   [32m  ✔[0m[90m Asset URLs should be properly resolved[0m
2026-02-14T07:16:03.2215644Z WebviewManager: React build index.html verified
2026-02-14T07:16:03.2218446Z WebviewManager: Async initialization completed
2026-02-14T07:16:03.2222453Z   [32m  ✔[0m[90m HTML structure should be valid after processing[0m
2026-02-14T07:16:03.2245775Z [0m  CSV Export Interface Tests[0m
2026-02-14T07:16:03.2249038Z [0m    CSV Export Message Validation[0m
2026-02-14T07:16:03.2249630Z WebviewManager: Starting async initialization...
2026-02-14T07:16:03.2250384Z     [32m  ✔[0m[90m should validate complete CSV export message[0m
2026-02-14T07:16:03.2251078Z WebviewManager: React build directory verified
2026-02-14T07:16:03.2256856Z WebviewManager: Starting async initialization...
2026-02-14T07:16:03.2260928Z     [32m  ✔[0m[90m should validate CSV export message with Shift_JIS encoding[0m
2026-02-14T07:16:03.2264671Z WebviewManager: Starting async initialization...
2026-02-14T07:16:03.2269242Z     [32m  ✔[0m[90m should reject CSV export message with missing csvContent[0m
2026-02-14T07:16:03.2272741Z WebviewManager: Starting async initialization...
2026-02-14T07:16:03.2277295Z     [32m  ✔[0m[90m should reject CSV export message with empty csvContent[0m
2026-02-14T07:16:03.2280826Z WebviewManager: React build index.html verified
2026-02-14T07:16:03.2285773Z WebviewManager: Async initialization completed
2026-02-14T07:16:03.2287949Z WebviewManager: React build directory verified
2026-02-14T07:16:03.2291894Z WebviewManager: React build directory verified
2026-02-14T07:16:03.2294933Z WebviewManager: Starting async initialization...
2026-02-14T07:16:03.2299521Z     [32m  ✔[0m[90m should reject CSV export message with undefined csvContent[0m
2026-02-14T07:16:03.2301588Z WebviewManager: React build directory verified
2026-02-14T07:16:03.2309940Z WebviewManager: Starting async initialization...
2026-02-14T07:16:03.2312566Z     [32m  ✔[0m[90m should handle CSV export message with missing filename[0m
2026-02-14T07:16:03.2316004Z WebviewManager: React build index.html verified
2026-02-14T07:16:03.2319358Z WebviewManager: Async initialization completed
2026-02-14T07:16:03.2323762Z WebviewManager: React build index.html verified
2026-02-14T07:16:03.2327979Z WebviewManager: Async initialization completed
2026-02-14T07:16:03.2331321Z WebviewManager: React build directory verified
2026-02-14T07:16:03.2335177Z WebviewManager: Starting async initialization...
2026-02-14T07:16:03.2339057Z     [32m  ✔[0m[90m should handle CSV export message with missing encoding[0m
2026-02-14T07:16:03.2341819Z WebviewManager: React build index.html verified
2026-02-14T07:16:03.2346661Z WebviewManager: Async initialization completed
2026-02-14T07:16:03.2349781Z WebviewManager: React build directory verified
2026-02-14T07:16:03.2353893Z [0m    CSV Export Data Structure Tests[0m
2026-02-14T07:16:03.2358314Z WebviewManager: Starting async initialization...
2026-02-14T07:16:03.2364744Z     [32m  ✔[0m[90m should handle complex CSV content with special characters[0m
2026-02-14T07:16:03.2370036Z WebviewManager: React build index.html verified
2026-02-14T07:16:03.2371923Z WebviewManager: Async initialization completed
2026-02-14T07:16:03.2377249Z WebviewManager: React build directory verified
2026-02-14T07:16:03.2380989Z WebviewManager: Starting async initialization...
2026-02-14T07:16:03.2386650Z     [32m  ✔[0m[90m should handle CSV content with Japanese characters for Shift_JIS[0m
2026-02-14T07:16:03.2390241Z WebviewManager: React build index.html verified
2026-02-14T07:16:03.2394801Z WebviewManager: Async initialization completed
2026-02-14T07:16:03.2399748Z WebviewManager: React build directory verified
2026-02-14T07:16:03.2404843Z WebviewManager: Starting async initialization...
2026-02-14T07:16:03.2407998Z     [32m  ✔[0m[90m should handle large CSV content[0m
2026-02-14T07:16:03.2412774Z WebviewManager: React build index.html verified
2026-02-14T07:16:03.2418939Z WebviewManager: Async initialization completed
2026-02-14T07:16:03.2421829Z WebviewManager: React build directory verified
2026-02-14T07:16:03.2425619Z WebviewManager: React build index.html verified
2026-02-14T07:16:03.2429051Z WebviewManager: Async initialization completed
2026-02-14T07:16:03.2431361Z [0m    CSV Export Command Execution Tests[0m
2026-02-14T07:16:03.2434758Z WebviewManager: Starting async initialization...
2026-02-14T07:16:03.2440558Z     [32m  ✔[0m[90m should execute exportCSV command with correct data structure[0m
2026-02-14T07:16:03.2453794Z WebviewManager: React build directory verified
2026-02-14T07:16:03.2454588Z WebviewManager: React build index.html verified
2026-02-14T07:16:03.2455235Z WebviewManager: Async initialization completed
2026-02-14T07:16:03.2457691Z WebviewManager: Starting async initialization...
2026-02-14T07:16:03.2471521Z     [32m  ✔[0m[90m should execute exportCSV command with Shift_JIS encoding[0m
2026-02-14T07:16:03.2477848Z WebviewManager: Starting async initialization...
2026-02-14T07:16:03.2483746Z     [32m  ✔[0m[90m should handle missing optional parameters gracefully[0m
2026-02-14T07:16:03.2492663Z WebviewManager: React build directory verified
2026-02-14T07:16:03.2493731Z WebviewManager: React build index.html verified
2026-02-14T07:16:03.2496917Z WebviewManager: Async initialization completed
2026-02-14T07:16:03.2504249Z [0m    Error Handling Tests[0m
2026-02-14T07:16:03.2507560Z WebviewManager: Starting async initialization...
2026-02-14T07:16:03.2510527Z WebviewManager: React build directory verified
2026-02-14T07:16:03.2516808Z     [32m  ✔[0m[90m should handle malformed message data gracefully[0m
2026-02-14T07:16:03.2518195Z WebviewManager: Starting async initialization...
2026-02-14T07:16:03.2520056Z     [32m  ✔[0m[90m should handle message without data property[0m
2026-02-14T07:16:03.2533325Z WebviewManager: React build directory verified
2026-02-14T07:16:03.2534385Z WebviewManager: React build index.html verified
2026-02-14T07:16:03.2536023Z WebviewManager: Async initialization completed
2026-02-14T07:16:03.2539588Z WebviewManager: Starting async initialization...
2026-02-14T07:16:03.2546051Z     [32m  ✔[0m[90m should handle invalid encoding values[0m
2026-02-14T07:16:03.2549107Z WebviewManager: React build directory verified
2026-02-14T07:16:03.2560625Z WebviewManager: React build index.html verified
2026-02-14T07:16:03.2561308Z WebviewManager: Async initialization completed
2026-02-14T07:16:03.2561928Z WebviewManager: React build directory verified
2026-02-14T07:16:03.2589988Z WebviewManager: React build index.html verified
2026-02-14T07:16:03.2601641Z WebviewManager: Async initialization completed
2026-02-14T07:16:03.2604667Z WebviewManager: React build directory verified
2026-02-14T07:16:03.2613935Z [0m    Regression Tests for Buffer.from Error[0m
2026-02-14T07:16:03.2630297Z WebviewManager: React build index.html verified
2026-02-14T07:16:03.2633304Z WebviewManager: Async initialization completed
2026-02-14T07:16:03.2638968Z WebviewManager: Starting async initialization...
2026-02-14T07:16:03.2640465Z     [32m  ✔[0m[90m should prevent undefined csvContent from reaching Buffer.from[0m
2026-02-14T07:16:03.2642644Z WebviewManager: React build index.html verified
2026-02-14T07:16:03.2648397Z WebviewManager: Async initialization completed
2026-02-14T07:16:03.2650783Z WebviewManager: Starting async initialization...
2026-02-14T07:16:03.2655085Z     [32m  ✔[0m[90m should ensure data structure consistency[0m
2026-02-14T07:16:03.2657588Z [0m  CSV Exporter Webview Tests[0m
2026-02-14T07:16:03.2660640Z [0m    CSV Content Generation Tests[0m
2026-02-14T07:16:03.2746834Z     [32m  ✔[0m[90m should generate basic CSV content[0m
2026-02-14T07:16:03.2750628Z WebviewManager: React build index.html verified
2026-02-14T07:16:03.2756934Z WebviewManager: Async initialization completed
2026-02-14T07:16:03.2759804Z WebviewManager: React build directory verified
2026-02-14T07:16:03.2761716Z WebviewManager: React build directory verified
2026-02-14T07:16:03.2777119Z     [32m  ✔[0m[90m should handle CSV fields with special characters[0m
2026-02-14T07:16:03.2783944Z     [32m  ✔[0m[90m should handle null and undefined values[0m
2026-02-14T07:16:03.2789534Z     [32m  ✔[0m[90m should handle Japanese characters[0m
2026-02-14T07:16:03.2794833Z [0m    CSV Field Escaping Tests[0m
2026-02-14T07:16:03.2800513Z     [32m  ✔[0m[90m should escape fields with commas[0m
2026-02-14T07:16:03.2801211Z     [32m  ✔[0m[90m should escape fields with quotes[0m
2026-02-14T07:16:03.2801842Z     [32m  ✔[0m[90m should escape fields with newlines[0m
2026-02-14T07:16:03.2805104Z     [32m  ✔[0m[90m should not escape simple fields[0m
2026-02-14T07:16:03.2812067Z     [32m  ✔[0m[90m should convert br tags to newlines[0m
2026-02-14T07:16:03.2814016Z     [32m  ✔[0m[90m should convert various br tag formats to newlines[0m
2026-02-14T07:16:03.2817949Z     [32m  ✔[0m[90m should handle multiple br tags[0m
2026-02-14T07:16:03.2821595Z     [32m  ✔[0m[90m should handle null and undefined[0m
2026-02-14T07:16:03.2834904Z     [32m  ✔[0m[90m should convert numbers to strings[0m
2026-02-14T07:16:03.2838776Z [0m    Filename Generation Tests[0m
2026-02-14T07:16:03.2844771Z     [32m  ✔[0m[90m should generate filename from fileInfo.fileNameWithoutExt[0m
2026-02-14T07:16:03.2850108Z     [32m  ✔[0m[90m should generate filename from fileInfo.fileName[0m
2026-02-14T07:16:03.2854987Z     [32m  ✔[0m[90m should generate filename from documentUri[0m
2026-02-14T07:16:03.2858688Z     [32m  ✔[0m[90m should generate default timestamp filename[0m
2026-02-14T07:16:03.2860832Z [0m    Export Process Tests[0m
2026-02-14T07:16:03.2870021Z Success: CSV export initiated (UTF-8)...
2026-02-14T07:16:03.2871918Z     [32m  ✔[0m[90m should export CSV with UTF-8 encoding[0m
2026-02-14T07:16:03.2873327Z WebviewManager: React build index.html verified
2026-02-14T07:16:03.2877195Z WebviewManager: Async initialization completed
2026-02-14T07:16:03.2893783Z Success: CSV export initiated (Shift_JIS)...
2026-02-14T07:16:03.2905965Z     [32m  ✔[0m[90m should export CSV with Shift_JIS encoding[0m
2026-02-14T07:16:03.2907008Z     [32m  ✔[0m[90m should handle missing table data[0m
2026-02-14T07:16:03.2907919Z     [32m  ✔[0m[90m should handle missing VSCode API[0m
2026-02-14T07:16:03.2908858Z WebviewManager: React build index.html verified
2026-02-14T07:16:03.2909945Z WebviewManager: Async initialization completed
2026-02-14T07:16:03.2910603Z Success: CSV export initiated (UTF-8)...
2026-02-14T07:16:03.2921443Z     [32m  ✔[0m[90m should use displayData over tableData[0m
2026-02-14T07:16:03.2923628Z [0m    Error Handling Tests[0m
2026-02-14T07:16:03.2927980Z CSVExporter: Export failed Error: CSV generation failed
2026-02-14T07:16:03.2930642Z 	at CSVExporter.generateCSVContent (/home/runner/work/interactive-markdown-table-editor/interactive-markdown-table-editor/out/test/unit/csv-exporter-webview.test.js:394:23)
2026-02-14T07:16:03.2933207Z 	at Object.exportToCSV (/home/runner/work/interactive-markdown-table-editor/interactive-markdown-table-editor/out/test/unit/csv-exporter-webview.test.js:93:45)
2026-02-14T07:16:03.2935706Z 	at Context.<anonymous> (/home/runner/work/interactive-markdown-table-editor/interactive-markdown-table-editor/out/test/unit/csv-exporter-webview.test.js:401:29)
2026-02-14T07:16:03.2937716Z 	at callFn (/home/runner/work/interactive-markdown-table-editor/interactive-markdown-table-editor/node_modules/mocha/lib/runnable.js:364:21)
2026-02-14T07:16:03.2939755Z 	at Runnable.run (/home/runner/work/interactive-markdown-table-editor/interactive-markdown-table-editor/node_modules/mocha/lib/runnable.js:352:5)
2026-02-14T07:16:03.2941890Z 	at Runner.runTest (/home/runner/work/interactive-markdown-table-editor/interactive-markdown-table-editor/node_modules/mocha/lib/runner.js:677:10)
2026-02-14T07:16:03.2943773Z 	at /home/runner/work/interactive-markdown-table-editor/interactive-markdown-table-editor/node_modules/mocha/lib/runner.js:800:12
2026-02-14T07:16:03.2945657Z 	at next (/home/runner/work/interactive-markdown-table-editor/interactive-markdown-table-editor/node_modules/mocha/lib/runner.js:592:14)
2026-02-14T07:16:03.2947392Z 	at /home/runner/work/interactive-markdown-table-editor/interactive-markdown-table-editor/node_modules/mocha/lib/runner.js:602:7
2026-02-14T07:16:03.2949136Z 	at next (/home/runner/work/interactive-markdown-table-editor/interactive-markdown-table-editor/node_modules/mocha/lib/runner.js:485:14)
2026-02-14T07:16:03.2951215Z 	at Immediate._onImmediate (/home/runner/work/interactive-markdown-table-editor/interactive-markdown-table-editor/node_modules/mocha/lib/runner.js:570:5)
2026-02-14T07:16:03.2952582Z 	at process.processImmediate (node:internal/timers:485:21)
2026-02-14T07:16:03.2953469Z     [32m  ✔[0m[90m should handle CSV generation errors[0m
2026-02-14T07:16:03.2954323Z CSVExporter: Export failed Error: Filename generation failed
2026-02-14T07:16:03.2955804Z 	at CSVExporter.getDefaultCSVFilename (/home/runner/work/interactive-markdown-table-editor/interactive-markdown-table-editor/out/test/unit/csv-exporter-webview.test.js:417:23)
2026-02-14T07:16:03.2957837Z 	at Object.exportToCSV (/home/runner/work/interactive-markdown-table-editor/interactive-markdown-table-editor/out/test/unit/csv-exporter-webview.test.js:95:43)
2026-02-14T07:16:03.2959782Z 	at Context.<anonymous> (/home/runner/work/interactive-markdown-table-editor/interactive-markdown-table-editor/out/test/unit/csv-exporter-webview.test.js:424:29)
2026-02-14T07:16:03.2961535Z 	at callFn (/home/runner/work/interactive-markdown-table-editor/interactive-markdown-table-editor/node_modules/mocha/lib/runnable.js:364:21)
2026-02-14T07:16:03.2963165Z 	at Runnable.run (/home/runner/work/interactive-markdown-table-editor/interactive-markdown-table-editor/node_modules/mocha/lib/runnable.js:352:5)
2026-02-14T07:16:03.2965064Z 	at Runner.runTest (/home/runner/work/interactive-markdown-table-editor/interactive-markdown-table-editor/node_modules/mocha/lib/runner.js:677:10)
2026-02-14T07:16:03.2966718Z 	at /home/runner/work/interactive-markdown-table-editor/interactive-markdown-table-editor/node_modules/mocha/lib/runner.js:800:12
2026-02-14T07:16:03.2968295Z 	at next (/home/runner/work/interactive-markdown-table-editor/interactive-markdown-table-editor/node_modules/mocha/lib/runner.js:592:14)
2026-02-14T07:16:03.2969881Z 	at /home/runner/work/interactive-markdown-table-editor/interactive-markdown-table-editor/node_modules/mocha/lib/runner.js:602:7
2026-02-14T07:16:03.2971507Z 	at next (/home/runner/work/interactive-markdown-table-editor/interactive-markdown-table-editor/node_modules/mocha/lib/runner.js:485:14)
2026-02-14T07:16:03.2973338Z 	at Immediate._onImmediate (/home/runner/work/interactive-markdown-table-editor/interactive-markdown-table-editor/node_modules/mocha/lib/runner.js:570:5)
2026-02-14T07:16:03.2974716Z 	at process.processImmediate (node:internal/timers:485:21)
2026-02-14T07:16:03.2975574Z     [32m  ✔[0m[90m should handle filename generation errors[0m
2026-02-14T07:16:03.2976458Z [0m  csvUtils Test Suite[0m
2026-02-14T07:16:03.2976944Z [0m    detectTextEncoding[0m
2026-02-14T07:16:03.2977678Z     [32m  ✔[0m[90m should detect UTF-8 BOM[0m
2026-02-14T07:16:03.3008354Z     [32m  ✔[0m[90m should detect UTF-8 without BOM[0m
2026-02-14T07:16:03.3035259Z     [32m  ✔[0m[90m should detect SJIS when replacement characters appear[0m
2026-02-14T07:16:03.3036106Z     [32m  ✔[0m[90m should detect UTF-8 for ASCII text[0m
2026-02-14T07:16:03.3120399Z     [32m  ✔[0m[90m should detect UTF-8 for valid Japanese UTF-8[0m
2026-02-14T07:16:03.3161522Z     [32m  ✔[0m[90m should handle empty buffer[0m
2026-02-14T07:16:03.3174921Z [0m    decodeBuffer[0m
2026-02-14T07:16:03.3175686Z     [32m  ✔[0m[90m should decode UTF-8 buffer[0m
2026-02-14T07:16:03.3189162Z     [32m  ✔[0m[90m should decode SJIS buffer[0m
2026-02-14T07:16:03.3235547Z     [32m  ✔[0m[90m should fallback to UTF-8 for invalid SJIS[0m
2026-02-14T07:16:03.3241992Z [0m    parseCsv[0m
2026-02-14T07:16:03.3260479Z     [32m  ✔[0m[90m should parse simple CSV[0m
2026-02-14T07:16:03.3270505Z     [32m  ✔[0m[90m should handle quoted fields[0m
2026-02-14T07:16:03.3305875Z     [32m  ✔[0m[90m should handle quotes with commas inside[0m
2026-02-14T07:16:03.3311879Z     [32m  ✔[0m[90m should handle escaped quotes (double quotes)[0m
2026-02-14T07:16:03.3346414Z     [32m  ✔[0m[90m should handle newlines in quoted fields[0m
2026-02-14T07:16:03.3347158Z     [32m  ✔[0m[90m should handle CRLF line endings[0m
2026-02-14T07:16:03.3347795Z     [32m  ✔[0m[90m should handle CR line endings[0m
2026-02-14T07:16:03.3368338Z     [32m  ✔[0m[90m should remove trailing empty rows[0m
2026-02-14T07:16:03.3484422Z     [32m  ✔[0m[90m should handle empty input[0m
2026-02-14T07:16:03.3510145Z     [32m  ✔[0m[90m should handle single field[0m
2026-02-14T07:16:03.3514493Z     [32m  ✔[0m[90m should handle unclosed quotes (invalid CSV)[0m
2026-02-14T07:16:03.3585114Z [0m    toRectangular[0m
2026-02-14T07:16:03.3585866Z     [32m  ✔[0m[90m should convert rows to rectangular format with headers[0m
2026-02-14T07:16:03.3635054Z     [32m  ✔[0m[90m should handle empty rows[0m
2026-02-14T07:16:03.3635734Z     [32m  ✔[0m[90m should skip leading empty rows[0m
2026-02-14T07:16:03.3643900Z     [32m  ✔[0m[90m should normalize to max column count[0m
2026-02-14T07:16:03.3649671Z     [32m  ✔[0m[90m should generate default headers for empty header cells[0m
2026-02-14T07:16:03.3682346Z     [32m  ✔[0m[90m should strip BOM from first header[0m
2026-02-14T07:16:03.3688487Z     [32m  ✔[0m[90m should handle rows with only empty rows[0m
2026-02-14T07:16:03.3689739Z     [32m  ✔[0m[90m should handle header-only input[0m
2026-02-14T07:16:03.3693432Z     [32m  ✔[0m[90m should trim whitespace from headers[0m
2026-02-14T07:16:03.3699380Z [0m    decodeBuffer - SJIS fallback[0m
2026-02-14T07:16:03.3703120Z     [32m  ✔[0m[90m should fallback to utf8 when iconv-lite decode throws[0m
2026-02-14T07:16:03.3714950Z [0m  encodingNormalizer Test Suite[0m
2026-02-14T07:16:03.3715861Z [0m    normalizeForShiftJisExport[0m
2026-02-14T07:16:03.3716850Z     [32m  ✔[0m[90m should return unchanged for ASCII text[0m
2026-02-14T07:16:03.3717673Z     [32m  ✔[0m[90m should normalize text with NFKC[0m
2026-02-14T07:16:03.3721148Z     [32m  ✔[0m[90m should return replacement info for changed characters[0m
2026-02-14T07:16:03.3724424Z     [32m  ✔[0m[90m should handle empty string[0m
2026-02-14T07:16:03.3728276Z     [32m  ✔[0m[90m should handle plain Japanese text[0m
2026-02-14T07:16:03.3732229Z [0m    normalizeForImport[0m
2026-02-14T07:16:03.3736125Z     [32m  ✔[0m[90m should return unchanged for ASCII text[0m
2026-02-14T07:16:03.3737871Z     [32m  ✔[0m[90m should normalize text with NFKC for import[0m
2026-02-14T07:16:03.3741936Z     [32m  ✔[0m[90m should return replacement info for changed characters[0m
2026-02-14T07:16:03.3746427Z     [32m  ✔[0m[90m should handle empty string[0m
2026-02-14T07:16:03.3758674Z [0m  extension Test Suite[0m
2026-02-14T07:16:03.3760268Z   [32m  ✔[0m[90m should export activate and deactivate functions[0m
2026-02-14T07:16:03.3760912Z [Extension] Applying theme: "inherit"
2026-02-14T07:16:03.3783113Z   [32m  ✔[0m[90m activate should not throw[0m
2026-02-14T07:16:03.3805085Z [Extension] Broadcasting applyThemeVariables to 0 communication managers
2026-02-14T07:16:03.3806141Z [WebviewManager] broadcastNotification("applyThemeVariables"): No active communication managers
2026-02-14T07:16:03.3806938Z WebviewManager: Disposing resources...
2026-02-14T07:16:03.3813375Z WebviewManager: Resources disposed
2026-02-14T07:16:03.3820846Z   [32m  ✔[0m[90m deactivate should not throw[0m
2026-02-14T07:16:03.3829955Z WebviewManager: Disposing resources...
2026-02-14T07:16:03.3844660Z WebviewManager: Resources disposed
2026-02-14T07:16:03.3856144Z   [32m  ✔[0m[90m deactivate should handle errors gracefully[0m
2026-02-14T07:16:03.3880953Z Error disposing WebviewManager: Error: getInstance error
2026-02-14T07:16:03.3883065Z 	at webviewManager.WebviewManager.getInstance (/home/runner/work/interactive-markdown-table-editor/interactive-markdown-table-editor/out/test/unit/extension.test.js:109:67)
2026-02-14T07:16:03.3886252Z 	at Object.deactivate (/home/runner/work/interactive-markdown-table-editor/interactive-markdown-table-editor/out/src/extension.js:46:64)
2026-02-14T07:16:03.3887830Z 	at /home/runner/work/interactive-markdown-table-editor/interactive-markdown-table-editor/out/test/unit/extension.test.js:112:21
2026-02-14T07:16:03.3888852Z 	at getActual (node:assert:609:5)
2026-02-14T07:16:03.3889349Z 	at Object.doesNotThrow (node:assert:777:32)
2026-02-14T07:16:03.3891973Z 	at Context.<anonymous> (/home/runner/work/interactive-markdown-table-editor/interactive-markdown-table-editor/out/test/unit/extension.test.js:111:20)
2026-02-14T07:16:03.3893716Z 	at callFn (/home/runner/work/interactive-markdown-table-editor/interactive-markdown-table-editor/node_modules/mocha/lib/runnable.js:364:21)
2026-02-14T07:16:03.3895455Z 	at Runnable.run (/home/runner/work/interactive-markdown-table-editor/interactive-markdown-table-editor/node_modules/mocha/lib/runnable.js:352:5)
2026-02-14T07:16:03.3896978Z 	at Runner.runTest (/home/runner/work/interactive-markdown-table-editor/interactive-markdown-table-editor/node_modules/mocha/lib/runner.js:677:10)
2026-02-14T07:16:03.3898493Z 	at /home/runner/work/interactive-markdown-table-editor/interactive-markdown-table-editor/node_modules/mocha/lib/runner.js:800:12
2026-02-14T07:16:03.3901807Z 	at next (/home/runner/work/interactive-markdown-table-editor/interactive-markdown-table-editor/node_modules/mocha/lib/runner.js:592:14)
2026-02-14T07:16:03.3905059Z 	at /home/runner/work/interactive-markdown-table-editor/interactive-markdown-table-editor/node_modules/mocha/lib/runner.js:602:7
2026-02-14T07:16:03.3906550Z 	at next (/home/runner/work/interactive-markdown-table-editor/interactive-markdown-table-editor/node_modules/mocha/lib/runner.js:485:14)
2026-02-14T07:16:03.3914237Z 	at Immediate._onImmediate (/home/runner/work/interactive-markdown-table-editor/interactive-markdown-table-editor/node_modules/mocha/lib/runner.js:570:5)
2026-02-14T07:16:03.3915683Z 	at process.processImmediate (node:internal/timers:485:21)
2026-02-14T07:16:03.3916816Z   [32m  ✔[0m[90m deactivate should handle WebviewManager.getInstance throwing[0m
2026-02-14T07:16:03.3917667Z WebviewManager: Disposing resources...
2026-02-14T07:16:03.3918174Z WebviewManager: Resources disposed
2026-02-14T07:16:03.3918719Z WebviewManager: Disposing resources...
2026-02-14T07:16:03.3919234Z WebviewManager: Resources disposed
2026-02-14T07:16:03.3920109Z   [32m  ✔[0m[90m deactivate should handle disposeFileHandler throwing[0m
2026-02-14T07:16:03.3921122Z WebviewManager: Disposing resources...
2026-02-14T07:16:03.3921799Z WebviewManager: Resources disposed
2026-02-14T07:16:03.3932083Z Error disposing FileHandler: Error: dispose error
2026-02-14T07:16:03.3934326Z 	at fileHandler.disposeFileHandler (/home/runner/work/interactive-markdown-table-editor/interactive-markdown-table-editor/out/test/unit/extension.test.js:135:56)
2026-02-14T07:16:03.3936378Z 	at Object.deactivate (/home/runner/work/interactive-markdown-table-editor/interactive-markdown-table-editor/out/src/extension.js:57:9)
2026-02-14T07:16:03.3937955Z 	at /home/runner/work/interactive-markdown-table-editor/interactive-markdown-table-editor/out/test/unit/extension.test.js:139:21
2026-02-14T07:16:03.3938892Z 	at getActual (node:assert:609:5)
2026-02-14T07:16:03.3939366Z 	at Object.doesNotThrow (node:assert:777:32)
2026-02-14T07:16:03.3940612Z 	at Context.<anonymous> (/home/runner/work/interactive-markdown-table-editor/interactive-markdown-table-editor/out/test/unit/extension.test.js:138:20)
2026-02-14T07:16:03.3942372Z 	at callFn (/home/runner/work/interactive-markdown-table-editor/interactive-markdown-table-editor/node_modules/mocha/lib/runnable.js:364:21)
2026-02-14T07:16:03.3944135Z 	at Runnable.run (/home/runner/work/interactive-markdown-table-editor/interactive-markdown-table-editor/node_modules/mocha/lib/runnable.js:352:5)
2026-02-14T07:16:03.3945837Z 	at Runner.runTest (/home/runner/work/interactive-markdown-table-editor/interactive-markdown-table-editor/node_modules/mocha/lib/runner.js:677:10)
2026-02-14T07:16:03.3947428Z 	at /home/runner/work/interactive-markdown-table-editor/interactive-markdown-table-editor/node_modules/mocha/lib/runner.js:800:12
2026-02-14T07:16:03.3949080Z 	at next (/home/runner/work/interactive-markdown-table-editor/interactive-markdown-table-editor/node_modules/mocha/lib/runner.js:592:14)
2026-02-14T07:16:03.3950518Z 	at /home/runner/work/interactive-markdown-table-editor/interactive-markdown-table-editor/node_modules/mocha/lib/runner.js:602:7
2026-02-14T07:16:03.3951998Z 	at next (/home/runner/work/interactive-markdown-table-editor/interactive-markdown-table-editor/node_modules/mocha/lib/runner.js:485:14)
2026-02-14T07:16:03.3953896Z 	at Immediate._onImmediate (/home/runner/work/interactive-markdown-table-editor/interactive-markdown-table-editor/node_modules/mocha/lib/runner.js:570:5)
2026-02-14T07:16:03.3959548Z 	at process.processImmediate (node:internal/timers:485:21)
2026-02-14T07:16:03.3960777Z   [32m  ✔[0m[90m deactivate should handle disposeFileHandler function throwing error[0m
2026-02-14T07:16:03.3961845Z [0m  ExtensionCommunicationManager Test Suite[0m
2026-02-14T07:16:03.3962552Z   [32m  ✔[0m[90m should construct without errors[0m
2026-02-14T07:16:03.3975987Z [ExtComm] Disposing communication manager
2026-02-14T07:16:03.3981383Z   [32m  ✔[0m[90m sendNotification should post a notification message[0m
2026-02-14T07:16:03.3981933Z [ExtComm] Disposing communication manager
2026-02-14T07:16:03.3983077Z   [32m  ✔[0m[90m sendRequest should post a request message and return promise[0m
2026-02-14T07:16:03.3983815Z [ExtComm] Disposing communication manager
2026-02-14T07:16:03.4062151Z   [32m  ✔[0m[90m sendRequest should reject on timeout[0m[33m (50ms)[0m
2026-02-14T07:16:03.4095384Z [ExtComm] Disposing communication manager
2026-02-14T07:16:03.4096386Z   [32m  ✔[0m[90m sendRequest should reject on error response[0m
2026-02-14T07:16:03.4097211Z [ExtComm] Disposing communication manager
2026-02-14T07:16:03.4098004Z   [32m  ✔[0m[90m registerHandler should accept and store handler[0m
2026-02-14T07:16:03.4099772Z [ExtComm] Disposing communication manager
2026-02-14T07:16:03.4103386Z   [32m  ✔[0m[90m unregisterHandler should remove handler[0m
2026-02-14T07:16:03.4110920Z [ExtComm] Disposing communication manager
2026-02-14T07:16:03.4121534Z Error: Trying to add a disposable to a DisposableStore that has already been disposed of. The added object will be leaked!
2026-02-14T07:16:03.4124762Z 	at yN.add (file:///home/runner/work/interactive-markdown-table-editor/interactive-markdown-table-editor/.vscode-test/vscode-linux-x64-1.109.3/resources/app/out/vs/workbench/api/node/extensionHostProcess.js:25:1690)
2026-02-14T07:16:03.4129218Z 	at c4.o (file:///home/runner/work/interactive-markdown-table-editor/interactive-markdown-table-editor/.vscode-test/vscode-linux-x64-1.109.3/resources/app/out/vs/workbench/api/node/extensionHostProcess.js:123:1912)
2026-02-14T07:16:03.4271834Z Error: Trying to add a disposable to a DisposableStore that has already been disposed of. The added object will be leaked!
2026-02-14T07:16:03.4273092Z 	at yN.add (file:///home/runner/work/interactive-markdown-table-editor/interactive-markdown-table-editor/.vscode-test/vscode-linux-x64-1.109.3/resources/app/out/vs/workbench/api/node/extensionHostProcess.js:25:1690)
2026-02-14T07:16:03.4275480Z 	at c4.o (file:///home/runner/work/interactive-markdown-table-editor/interactive-markdown-table-editor/.vscode-test/vscode-linux-x64-1.109.3/resources/app/out/vs/workbench/api/node/extensionHostProcess.js:123:2067)
2026-02-14T07:16:03.4296965Z Error: Trying to add a disposable to a DisposableStore that has already been disposed of. The added object will be leaked!
2026-02-14T07:16:03.4298988Z 	at yN.add (file:///home/runner/work/interactive-markdown-table-editor/interactive-markdown-table-editor/.vscode-test/vscode-linux-x64-1.109.3/resources/app/out/vs/workbench/api/node/extensionHostProcess.js:25:1690)
2026-02-14T07:16:03.4301486Z 	at file:///home/runner/work/interactive-markdown-table-editor/interactive-markdown-table-editor/.vscode-test/vscode-linux-x64-1.109.3/resources/app/out/vs/workbench/api/node/extensionHostProcess.js:123:1568
2026-02-14T07:16:03.4311091Z Error: Trying to add a disposable to a DisposableStore that has already been disposed of. The added object will be leaked!
2026-02-14T07:16:03.4313672Z 	at yN.add (file:///home/runner/work/interactive-markdown-table-editor/interactive-markdown-table-editor/.vscode-test/vscode-linux-x64-1.109.3/resources/app/out/vs/workbench/api/node/extensionHostProcess.js:25:1690)
2026-02-14T07:16:03.4318315Z 	at file:///home/runner/work/interactive-markdown-table-editor/interactive-markdown-table-editor/.vscode-test/vscode-linux-x64-1.109.3/resources/app/out/vs/workbench/api/node/extensionHostProcess.js:123:2673
2026-02-14T07:16:03.4320528Z   [32m  ✔[0m[90m handleIncomingMessage should call registered handler for request[0m[33m (52ms)[0m
2026-02-14T07:16:03.4322351Z [ExtComm] Disposing communication manager
2026-02-14T07:16:03.4331478Z [ExtComm] Invalid message format (not an object): null
2026-02-14T07:16:03.4341123Z [ExtComm] Invalid message format (not an object): string
2026-02-14T07:16:03.4363497Z [ExtComm] Invalid protocol message (missing required fields): { type: 'request' }
2026-02-14T07:16:03.4375607Z   [32m  ✔[0m[90m handleIncomingMessage should ignore invalid messages[0m
2026-02-14T07:16:03.4376537Z [ExtComm] Disposing communication manager
2026-02-14T07:16:03.4772383Z   [32m  ✔[0m[90m handleIncomingMessage should handle notification[0m[33m (50ms)[0m
2026-02-14T07:16:03.4775801Z [ExtComm] Disposing communication manager
2026-02-14T07:16:03.4783541Z [ExtComm] Received ACK for request: some-request-id
2026-02-14T07:16:03.4787346Z   [32m  ✔[0m[90m handleIncomingMessage should handle ACK[0m
2026-02-14T07:16:03.4791792Z [ExtComm] Disposing communication manager
2026-02-14T07:16:03.4795952Z [ExtComm] Received error message: {
2026-02-14T07:16:03.4796355Z   id: '1771053363477-wj6wao5cj',
2026-02-14T07:16:03.4796600Z   type: 'error',
2026-02-14T07:16:03.4796801Z   command: 'error',
2026-02-14T07:16:03.4797025Z   data: { error: 'test error' },
2026-02-14T07:16:03.4797251Z   timestamp: 1771053363477
2026-02-14T07:16:03.4797462Z }
2026-02-14T07:16:03.4800161Z   [32m  ✔[0m[90m handleIncomingMessage should handle ERROR type[0m
2026-02-14T07:16:03.4803230Z [ExtComm] Disposing communication manager
2026-02-14T07:16:03.4806304Z [ExtComm] Unknown message type: UNKNOWN_TYPE
2026-02-14T07:16:03.4809929Z   [32m  ✔[0m[90m handleIncomingMessage should handle unknown message type[0m
2026-02-14T07:16:03.4813431Z [ExtComm] Disposing communication manager
2026-02-14T07:16:03.4816808Z [ExtComm] Received response for unknown request: non-existent-id
2026-02-14T07:16:03.4823298Z   [32m  ✔[0m[90m handleIncomingMessage should handle response for unknown request[0m
2026-02-14T07:16:03.4824316Z [ExtComm] Disposing communication manager
2026-02-14T07:16:03.4826767Z [ExtComm] No handler for command: unregisteredCommand
2026-02-14T07:16:03.5304462Z   [32m  ✔[0m[90m handleRequest should send error response when no handler found[0m[33m (51ms)[0m
2026-02-14T07:16:03.5309660Z [ExtComm] Disposing communication manager
2026-02-14T07:16:03.5314943Z [ExtComm] Handler error: Error: Handler failed
2026-02-14T07:16:03.5316347Z 	at /home/runner/work/interactive-markdown-table-editor/interactive-markdown-table-editor/out/test/unit/ExtensionCommunicationManager.test.js:232:19
2026-02-14T07:16:03.5318049Z 	at ExtensionCommunicationManager.handleRequest (/home/runner/work/interactive-markdown-table-editor/interactive-markdown-table-editor/out/src/communication/ExtensionCommunicationManager.js:89:34)
2026-02-14T07:16:03.5319540Z 	at ExtensionCommunicationManager.handleIncomingMessage (/home/runner/work/interactive-markdown-table-editor/interactive-markdown-table-editor/out/src/communication/ExtensionCommunicationManager.js:51:32)
2026-02-14T07:16:03.5320847Z 	at /home/runner/work/interactive-markdown-table-editor/interactive-markdown-table-editor/out/src/communication/ExtensionCommunicationManager.js:30:18
2026-02-14T07:16:03.5321988Z 	at Context.<anonymous> (/home/runner/work/interactive-markdown-table-editor/interactive-markdown-table-editor/out/test/unit/ExtensionCommunicationManager.test.js:235:19)
2026-02-14T07:16:03.5323067Z 	at callFn (/home/runner/work/interactive-markdown-table-editor/interactive-markdown-table-editor/node_modules/mocha/lib/runnable.js:364:21)
2026-02-14T07:16:03.5324204Z 	at Runnable.run (/home/runner/work/interactive-markdown-table-editor/interactive-markdown-table-editor/node_modules/mocha/lib/runnable.js:352:5)
2026-02-14T07:16:03.5325249Z 	at Runner.runTest (/home/runner/work/interactive-markdown-table-editor/interactive-markdown-table-editor/node_modules/mocha/lib/runner.js:677:10)
2026-02-14T07:16:03.5326217Z 	at /home/runner/work/interactive-markdown-table-editor/interactive-markdown-table-editor/node_modules/mocha/lib/runner.js:800:12
2026-02-14T07:16:03.5327130Z 	at next (/home/runner/work/interactive-markdown-table-editor/interactive-markdown-table-editor/node_modules/mocha/lib/runner.js:592:14)
2026-02-14T07:16:03.5328037Z 	at /home/runner/work/interactive-markdown-table-editor/interactive-markdown-table-editor/node_modules/mocha/lib/runner.js:602:7
2026-02-14T07:16:03.5328940Z 	at next (/home/runner/work/interactive-markdown-table-editor/interactive-markdown-table-editor/node_modules/mocha/lib/runner.js:485:14)
2026-02-14T07:16:03.5329892Z 	at cbHookRun (/home/runner/work/interactive-markdown-table-editor/interactive-markdown-table-editor/node_modules/mocha/lib/runner.js:550:7)
2026-02-14T07:16:03.5330845Z 	at done (/home/runner/work/interactive-markdown-table-editor/interactive-markdown-table-editor/node_modules/mocha/lib/runnable.js:308:5)
2026-02-14T07:16:03.5331786Z 	at callFn (/home/runner/work/interactive-markdown-table-editor/interactive-markdown-table-editor/node_modules/mocha/lib/runnable.js:387:7)
2026-02-14T07:16:03.5332766Z 	at Runnable.run (/home/runner/work/interactive-markdown-table-editor/interactive-markdown-table-editor/node_modules/mocha/lib/runnable.js:352:5)
2026-02-14T07:16:03.5333724Z 	at next (/home/runner/work/interactive-markdown-table-editor/interactive-markdown-table-editor/node_modules/mocha/lib/runner.js:509:10)
2026-02-14T07:16:03.5334774Z 	at Immediate.<anonymous> (/home/runner/work/interactive-markdown-table-editor/interactive-markdown-table-editor/node_modules/mocha/lib/runner.js:570:5)
2026-02-14T07:16:03.5335481Z 	at process.processImmediate (node:internal/timers:485:21)
2026-02-14T07:16:03.5813335Z   [32m  ✔[0m[90m handleRequest should send error response when handler throws[0m[33m (50ms)[0m
2026-02-14T07:16:03.5820721Z [ExtComm] Disposing communication manager
2026-02-14T07:16:03.5822586Z   [32m  ✔[0m[90m isWebviewConnected should return boolean[0m
2026-02-14T07:16:03.5828675Z [ExtComm] Disposing communication manager
2026-02-14T07:16:03.5830818Z [ExtComm] Disposing communication manager
2026-02-14T07:16:03.5838105Z   [32m  ✔[0m[90m dispose should clear pending requests[0m
2026-02-14T07:16:03.5850204Z [ExtComm] Disposing communication manager
2026-02-14T07:16:03.5850808Z [ExtComm] Disposing communication manager
2026-02-14T07:16:03.5851319Z [ExtComm] Disposing communication manager
2026-02-14T07:16:03.5855235Z   [32m  ✔[0m[90m dispose should clear intervals[0m
2026-02-14T07:16:03.5860261Z [ExtComm] Disposing communication manager
2026-02-14T07:16:03.5873903Z   [32m  ✔[0m[90m syncState should send notification[0m
2026-02-14T07:16:03.5874823Z [ExtComm] Disposing communication manager
2026-02-14T07:16:03.5876989Z [ExtComm] Sending updateTableData to webview, preview: { keys: [ 'headers', 'rows' ] }
2026-02-14T07:16:03.5882819Z   [32m  ✔[0m[90m updateTableData should send notification[0m
2026-02-14T07:16:03.5887829Z [ExtComm] Disposing communication manager
2026-02-14T07:16:03.5892530Z [ExtComm] Sending updateGitDiff to webview panel: { panelId: 'unknown', hasData: true, keys: [ 'rows' ] }
2026-02-14T07:16:03.5898815Z   [32m  ✔[0m[90m updateGitDiff should send notification[0m
2026-02-14T07:16:03.5899745Z [ExtComm] Disposing communication manager
2026-02-14T07:16:03.5905440Z   [32m  ✔[0m[90m setActiveTable should send notification with index[0m
2026-02-14T07:16:03.5906213Z [ExtComm] Disposing communication manager
2026-02-14T07:16:03.5915487Z   [32m  ✔[0m[90m applyThemeVariables should send notification[0m
2026-02-14T07:16:03.5916173Z [ExtComm] Disposing communication manager
2026-02-14T07:16:03.5916928Z   [32m  ✔[0m[90m applyFontSettings should send notification[0m
2026-02-14T07:16:03.5918285Z [ExtComm] Disposing communication manager
2026-02-14T07:16:03.5922467Z   [32m  ✔[0m[90m sendOperationSuccess should send notification[0m
2026-02-14T07:16:03.5925100Z [ExtComm] Disposing communication manager
2026-02-14T07:16:03.5929315Z   [32m  ✔[0m[90m sendOperationError should send notification[0m
2026-02-14T07:16:03.5932721Z [ExtComm] Disposing communication manager
2026-02-14T07:16:03.5935829Z   [32m  ✔[0m[90m sendCellUpdateError should send notification[0m
2026-02-14T07:16:03.5956904Z [ExtComm] Disposing communication manager
2026-02-14T07:16:03.5962556Z   [32m  ✔[0m[90m sendHeaderUpdateError should send notification[0m
2026-02-14T07:16:03.5966699Z [ExtComm] Disposing communication manager
2026-02-14T07:16:03.5969616Z   [32m  ✔[0m[90m sendAutoSaveStateChanged should send notification[0m
2026-02-14T07:16:03.5971771Z [ExtComm] Disposing communication manager
2026-02-14T07:16:03.5974821Z   [32m  ✔[0m[90m sendDirtyStateChanged should send notification[0m
2026-02-14T07:16:03.5977403Z [ExtComm] Disposing communication manager
2026-02-14T07:16:03.5980300Z [ExtComm] Disposing communication manager
2026-02-14T07:16:03.5983437Z [ExtComm] Failed to post message: Error: Panel disposed
2026-02-14T07:16:03.5987205Z 	at Object.postMessage (/home/runner/work/interactive-markdown-table-editor/interactive-markdown-table-editor/out/test/unit/ExtensionCommunicationManager.test.js:341:44)
2026-02-14T07:16:03.5989680Z 	at ExtensionCommunicationManager.postMessage (/home/runner/work/interactive-markdown-table-editor/interactive-markdown-table-editor/out/src/communication/ExtensionCommunicationManager.js:226:32)
2026-02-14T07:16:03.5992258Z 	at ExtensionCommunicationManager.sendNotification (/home/runner/work/interactive-markdown-table-editor/interactive-markdown-table-editor/out/src/communication/ExtensionCommunicationManager.js:175:14)
2026-02-14T07:16:03.5993753Z 	at /home/runner/work/interactive-markdown-table-editor/interactive-markdown-table-editor/out/test/unit/ExtensionCommunicationManager.test.js:350:28
2026-02-14T07:16:03.5994678Z 	at getActual (node:assert:609:5)
2026-02-14T07:16:03.5994948Z 	at Object.throws (node:assert:757:24)
2026-02-14T07:16:03.5995718Z 	at Context.<anonymous> (/home/runner/work/interactive-markdown-table-editor/interactive-markdown-table-editor/out/test/unit/ExtensionCommunicationManager.test.js:349:16)
2026-02-14T07:16:03.5997123Z 	at callFn (/home/runner/work/interactive-markdown-table-editor/interactive-markdown-table-editor/node_modules/mocha/lib/runnable.js:364:21)
2026-02-14T07:16:03.5998124Z 	at Runnable.run (/home/runner/work/interactive-markdown-table-editor/interactive-markdown-table-editor/node_modules/mocha/lib/runnable.js:352:5)
2026-02-14T07:16:03.5999129Z 	at Runner.runTest (/home/runner/work/interactive-markdown-table-editor/interactive-markdown-table-editor/node_modules/mocha/lib/runner.js:677:10)
2026-02-14T07:16:03.6000069Z 	at /home/runner/work/interactive-markdown-table-editor/interactive-markdown-table-editor/node_modules/mocha/lib/runner.js:800:12
2026-02-14T07:16:03.6000983Z 	at next (/home/runner/work/interactive-markdown-table-editor/interactive-markdown-table-editor/node_modules/mocha/lib/runner.js:592:14)
2026-02-14T07:16:03.6001896Z 	at /home/runner/work/interactive-markdown-table-editor/interactive-markdown-table-editor/node_modules/mocha/lib/runner.js:602:7
2026-02-14T07:16:03.6002847Z 	at next (/home/runner/work/interactive-markdown-table-editor/interactive-markdown-table-editor/node_modules/mocha/lib/runner.js:485:14)
2026-02-14T07:16:03.6003791Z 	at cbHookRun (/home/runner/work/interactive-markdown-table-editor/interactive-markdown-table-editor/node_modules/mocha/lib/runner.js:550:7)
2026-02-14T07:16:03.6004896Z 	at done (/home/runner/work/interactive-markdown-table-editor/interactive-markdown-table-editor/node_modules/mocha/lib/runnable.js:308:5)
2026-02-14T07:16:03.6005848Z 	at callFn (/home/runner/work/interactive-markdown-table-editor/interactive-markdown-table-editor/node_modules/mocha/lib/runnable.js:387:7)
2026-02-14T07:16:03.6006825Z 	at Runnable.run (/home/runner/work/interactive-markdown-table-editor/interactive-markdown-table-editor/node_modules/mocha/lib/runnable.js:352:5)
2026-02-14T07:16:03.6007794Z 	at next (/home/runner/work/interactive-markdown-table-editor/interactive-markdown-table-editor/node_modules/mocha/lib/runner.js:509:10)
2026-02-14T07:16:03.6008791Z 	at Immediate._onImmediate (/home/runner/work/interactive-markdown-table-editor/interactive-markdown-table-editor/node_modules/mocha/lib/runner.js:570:5)
2026-02-14T07:16:03.6009495Z 	at process.processImmediate (node:internal/timers:485:21)
2026-02-14T07:16:03.6009865Z [ExtComm] Disposing communication manager
2026-02-14T07:16:03.6010363Z   [32m  ✔[0m[90m postMessage should throw when webview fails[0m
2026-02-14T07:16:03.6010732Z [ExtComm] Disposing communication manager
2026-02-14T07:16:03.6468344Z   [32m  ✔[0m[90m handleNotification should ignore unregistered command[0m[33m (49ms)[0m
2026-02-14T07:16:03.6474172Z [ExtComm] Disposing communication manager
2026-02-14T07:16:03.6477806Z [ExtComm] Notification handler error: Error: Notification handler error
2026-02-14T07:16:03.6478943Z 	at /home/runner/work/interactive-markdown-table-editor/interactive-markdown-table-editor/out/test/unit/ExtensionCommunicationManager.test.js:370:19
2026-02-14T07:16:03.6480299Z 	at ExtensionCommunicationManager.handleNotification (/home/runner/work/interactive-markdown-table-editor/interactive-markdown-table-editor/out/src/communication/ExtensionCommunicationManager.js:129:23)
2026-02-14T07:16:03.6481806Z 	at ExtensionCommunicationManager.handleIncomingMessage (/home/runner/work/interactive-markdown-table-editor/interactive-markdown-table-editor/out/src/communication/ExtensionCommunicationManager.js:60:32)
2026-02-14T07:16:03.6483086Z 	at /home/runner/work/interactive-markdown-table-editor/interactive-markdown-table-editor/out/src/communication/ExtensionCommunicationManager.js:30:18
2026-02-14T07:16:03.6484405Z 	at Context.<anonymous> (/home/runner/work/interactive-markdown-table-editor/interactive-markdown-table-editor/out/test/unit/ExtensionCommunicationManager.test.js:373:19)
2026-02-14T07:16:03.6485490Z 	at callFn (/home/runner/work/interactive-markdown-table-editor/interactive-markdown-table-editor/node_modules/mocha/lib/runnable.js:364:21)
2026-02-14T07:16:03.6486748Z 	at Runnable.run (/home/runner/work/interactive-markdown-table-editor/interactive-markdown-table-editor/node_modules/mocha/lib/runnable.js:352:5)
2026-02-14T07:16:03.6487762Z 	at Runner.runTest (/home/runner/work/interactive-markdown-table-editor/interactive-markdown-table-editor/node_modules/mocha/lib/runner.js:677:10)
2026-02-14T07:16:03.6488701Z 	at /home/runner/work/interactive-markdown-table-editor/interactive-markdown-table-editor/node_modules/mocha/lib/runner.js:800:12
2026-02-14T07:16:03.6489614Z 	at next (/home/runner/work/interactive-markdown-table-editor/interactive-markdown-table-editor/node_modules/mocha/lib/runner.js:592:14)
2026-02-14T07:16:03.6490518Z 	at /home/runner/work/interactive-markdown-table-editor/interactive-markdown-table-editor/node_modules/mocha/lib/runner.js:602:7
2026-02-14T07:16:03.6491421Z 	at next (/home/runner/work/interactive-markdown-table-editor/interactive-markdown-table-editor/node_modules/mocha/lib/runner.js:485:14)
2026-02-14T07:16:03.6492371Z 	at cbHookRun (/home/runner/work/interactive-markdown-table-editor/interactive-markdown-table-editor/node_modules/mocha/lib/runner.js:550:7)
2026-02-14T07:16:03.6493316Z 	at done (/home/runner/work/interactive-markdown-table-editor/interactive-markdown-table-editor/node_modules/mocha/lib/runnable.js:308:5)
2026-02-14T07:16:03.6494459Z 	at callFn (/home/runner/work/interactive-markdown-table-editor/interactive-markdown-table-editor/node_modules/mocha/lib/runnable.js:387:7)
2026-02-14T07:16:03.6495454Z 	at Runnable.run (/home/runner/work/interactive-markdown-table-editor/interactive-markdown-table-editor/node_modules/mocha/lib/runnable.js:352:5)
2026-02-14T07:16:03.6496420Z 	at next (/home/runner/work/interactive-markdown-table-editor/interactive-markdown-table-editor/node_modules/mocha/lib/runner.js:509:10)
2026-02-14T07:16:03.6497407Z 	at Immediate.<anonymous> (/home/runner/work/interactive-markdown-table-editor/interactive-markdown-table-editor/node_modules/mocha/lib/runner.js:570:5)
2026-02-14T07:16:03.6498125Z 	at process.processImmediate (node:internal/timers:485:21)
2026-02-14T07:16:03.6983587Z   [32m  ✔[0m[90m handleNotification should handle handler error[0m[33m (50ms)[0m
2026-02-14T07:16:03.6986825Z [ExtComm] Disposing communication manager
2026-02-14T07:16:03.6993400Z [ExtComm] Handler error: string error
2026-02-14T07:16:03.7515858Z   [32m  ✔[0m[90m handleIncomingMessage should send error for request handler that throws non-Error[0m[33m (51ms)[0m
2026-02-14T07:16:03.7517159Z [ExtComm] Disposing communication manager
2026-02-14T07:16:03.7518161Z [ExtComm] Sending updateTableData to webview, preview: { keys: [ 'singleTable' ] }
2026-02-14T07:16:03.7521399Z   [32m  ✔[0m[90m updateTableData should handle non-array data[0m
2026-02-14T07:16:03.7527367Z [ExtComm] Disposing communication manager
2026-02-14T07:16:03.7531445Z [ExtComm] Sending updateTableData to webview, preview: {
2026-02-14T07:16:03.7532017Z   length: 1,
2026-02-14T07:16:03.7532492Z   sampleKeys: [ 'headers', 'rows', 'gitDiff', 'columnDiff' ]
2026-02-14T07:16:03.7532980Z }
2026-02-14T07:16:03.7535402Z [ExtComm] table 0 has gitDiff: true has columnDiff: false
2026-02-14T07:16:03.7538512Z   [32m  ✔[0m[90m updateTableData should handle array data with gitDiff[0m
2026-02-14T07:16:03.7541500Z [ExtComm] Disposing communication manager
2026-02-14T07:16:03.7545476Z [ExtComm] Sending updateGitDiff to webview panel: { panelId: 'unknown', hasData: true, keys: [ 'rows' ] }
2026-02-14T07:16:03.7548810Z   [32m  ✔[0m[90m updateGitDiff should handle data with details[0m
2026-02-14T07:16:03.7551305Z [ExtComm] Disposing communication manager
2026-02-14T07:16:03.8036232Z [ExtComm] Sync interval triggered
2026-02-14T07:16:03.8540476Z [ExtComm] Sync interval triggered
2026-02-14T07:16:03.8744333Z [ExtComm] Disposing communication manager
2026-02-14T07:16:03.8751473Z   [32m  ✔[0m[90m heartbeat and sync intervals should start in constructor[0m[31m (121ms)[0m
2026-02-14T07:16:03.8753180Z [ExtComm] Disposing communication manager
2026-02-14T07:16:03.9058856Z [ExtComm] No messages received for 100030 ms
2026-02-14T07:16:03.9360506Z [ExtComm] No messages received for 100060 ms
2026-02-14T07:16:03.9543614Z [ExtComm] Disposing communication manager
2026-02-14T07:16:03.9549629Z   [32m  ✔[0m[90m heartbeat detects disconnection after timeout[0m[31m (80ms)[0m
2026-02-14T07:16:03.9551405Z [ExtComm] Disposing communication manager
2026-02-14T07:16:04.0347479Z [ExtComm] Disposing communication manager
2026-02-14T07:16:04.0354469Z   [32m  ✔[0m[90m syncInterval fires periodically[0m[31m (80ms)[0m
2026-02-14T07:16:04.0356837Z [ExtComm] Disposing communication manager
2026-02-14T07:16:04.0357770Z   [32m  ✔[0m[90m sendRequest returns resolved data[0m
2026-02-14T07:16:04.0361319Z [ExtComm] Disposing communication manager
2026-02-14T07:16:04.0881034Z   [32m  ✔[0m[90m handleResponse for unknown request logs warning[0m[33m (51ms)[0m
2026-02-14T07:16:04.0886775Z [ExtComm] Disposing communication manager
2026-02-14T07:16:04.0887666Z [ExtComm] Sending updateTableData to webview, preview: { keys: [ 'a', 'self' ] }
2026-02-14T07:16:04.0890629Z   [32m  ✔[0m[90m updateTableData with circular reference does not throw[0m
2026-02-14T07:16:04.0893997Z [ExtComm] Disposing communication manager
2026-02-14T07:16:04.0896967Z [ExtComm] Sending updateTableData (could not stringify preview)
2026-02-14T07:16:04.0900759Z   [32m  ✔[0m[90m updateTableData preview catch block when property access throws (L329)[0m
2026-02-14T07:16:04.0903756Z [ExtComm] Disposing communication manager
2026-02-14T07:16:04.0908623Z [ExtComm] Sending updateGitDiff (could not stringify details)
2026-02-14T07:16:04.0912323Z   [32m  ✔[0m[90m updateGitDiff preview catch block when property access throws (L346)[0m
2026-02-14T07:16:04.0916548Z [ExtComm] Disposing communication manager
2026-02-14T07:16:04.0919394Z [ExtComm] Sending updateGitDiff to webview panel: { panelId: 'unknown', hasData: true, keys: [ 'rows', 'self' ] }
2026-02-14T07:16:04.0923515Z   [32m  ✔[0m[90m updateGitDiff with circular reference does not throw[0m
2026-02-14T07:16:04.0925871Z [ExtComm] Disposing communication manager
2026-02-14T07:16:04.0929841Z [ExtComm] Sending updateTableData to webview, preview: { keys: [ 'data' ] }
2026-02-14T07:16:04.0933169Z [ExtComm] table 0 has gitDiff: false has columnDiff: false
2026-02-14T07:16:04.0935475Z   [32m  ✔[0m[90m updateTableData with nested array data[0m
2026-02-14T07:16:04.0938261Z [ExtComm] Disposing communication manager
2026-02-14T07:16:04.0941377Z [ExtComm] Failed to post message: Error: ACK send failed
2026-02-14T07:16:04.0943330Z 	at Object.postMessage (/home/runner/work/interactive-markdown-table-editor/interactive-markdown-table-editor/out/test/unit/ExtensionCommunicationManager.test.js:591:31)
2026-02-14T07:16:04.0946682Z 	at ExtensionCommunicationManager.postMessage (/home/runner/work/interactive-markdown-table-editor/interactive-markdown-table-editor/out/src/communication/ExtensionCommunicationManager.js:226:32)
2026-02-14T07:16:04.0949357Z 	at ExtensionCommunicationManager.sendAck (/home/runner/work/interactive-markdown-table-editor/interactive-markdown-table-editor/out/src/communication/ExtensionCommunicationManager.js:204:14)
2026-02-14T07:16:04.0951840Z 	at ExtensionCommunicationManager.handleRequest (/home/runner/work/interactive-markdown-table-editor/interactive-markdown-table-editor/out/src/communication/ExtensionCommunicationManager.js:81:14)
2026-02-14T07:16:04.0953945Z 	at ExtensionCommunicationManager.handleIncomingMessage (/home/runner/work/interactive-markdown-table-editor/interactive-markdown-table-editor/out/src/communication/ExtensionCommunicationManager.js:51:32)
2026-02-14T07:16:04.0955515Z 	at /home/runner/work/interactive-markdown-table-editor/interactive-markdown-table-editor/out/src/communication/ExtensionCommunicationManager.js:30:18
2026-02-14T07:16:04.0956661Z 	at Context.<anonymous> (/home/runner/work/interactive-markdown-table-editor/interactive-markdown-table-editor/out/test/unit/ExtensionCommunicationManager.test.js:609:19)
2026-02-14T07:16:04.0957970Z 	at callFn (/home/runner/work/interactive-markdown-table-editor/interactive-markdown-table-editor/node_modules/mocha/lib/runnable.js:364:21)
2026-02-14T07:16:04.0958959Z 	at Runnable.run (/home/runner/work/interactive-markdown-table-editor/interactive-markdown-table-editor/node_modules/mocha/lib/runnable.js:352:5)
2026-02-14T07:16:04.0959966Z 	at Runner.runTest (/home/runner/work/interactive-markdown-table-editor/interactive-markdown-table-editor/node_modules/mocha/lib/runner.js:677:10)
2026-02-14T07:16:04.0961076Z 	at /home/runner/work/interactive-markdown-table-editor/interactive-markdown-table-editor/node_modules/mocha/lib/runner.js:800:12
2026-02-14T07:16:04.0961991Z 	at next (/home/runner/work/interactive-markdown-table-editor/interactive-markdown-table-editor/node_modules/mocha/lib/runner.js:592:14)
2026-02-14T07:16:04.0962889Z 	at /home/runner/work/interactive-markdown-table-editor/interactive-markdown-table-editor/node_modules/mocha/lib/runner.js:602:7
2026-02-14T07:16:04.0963802Z 	at next (/home/runner/work/interactive-markdown-table-editor/interactive-markdown-table-editor/node_modules/mocha/lib/runner.js:485:14)
2026-02-14T07:16:04.0964818Z 	at cbHookRun (/home/runner/work/interactive-markdown-table-editor/interactive-markdown-table-editor/node_modules/mocha/lib/runner.js:550:7)
2026-02-14T07:16:04.0965761Z 	at done (/home/runner/work/interactive-markdown-table-editor/interactive-markdown-table-editor/node_modules/mocha/lib/runnable.js:308:5)
2026-02-14T07:16:04.0966712Z 	at callFn (/home/runner/work/interactive-markdown-table-editor/interactive-markdown-table-editor/node_modules/mocha/lib/runnable.js:387:7)
2026-02-14T07:16:04.0967684Z 	at Runnable.run (/home/runner/work/interactive-markdown-table-editor/interactive-markdown-table-editor/node_modules/mocha/lib/runnable.js:352:5)
2026-02-14T07:16:04.0968639Z 	at next (/home/runner/work/interactive-markdown-table-editor/interactive-markdown-table-editor/node_modules/mocha/lib/runner.js:509:10)
2026-02-14T07:16:04.0969634Z 	at Immediate._onImmediate (/home/runner/work/interactive-markdown-table-editor/interactive-markdown-table-editor/node_modules/mocha/lib/runner.js:570:5)
2026-02-14T07:16:04.0970342Z 	at process.processImmediate (node:internal/timers:485:21)
2026-02-14T07:16:04.0970760Z [ExtComm] Error handling message: Error: ACK send failed
2026-02-14T07:16:04.0971571Z 	at Object.postMessage (/home/runner/work/interactive-markdown-table-editor/interactive-markdown-table-editor/out/test/unit/ExtensionCommunicationManager.test.js:591:31)
2026-02-14T07:16:04.0972883Z 	at ExtensionCommunicationManager.postMessage (/home/runner/work/interactive-markdown-table-editor/interactive-markdown-table-editor/out/src/communication/ExtensionCommunicationManager.js:226:32)
2026-02-14T07:16:04.0974329Z 	at ExtensionCommunicationManager.sendAck (/home/runner/work/interactive-markdown-table-editor/interactive-markdown-table-editor/out/src/communication/ExtensionCommunicationManager.js:204:14)
2026-02-14T07:16:04.0975798Z 	at ExtensionCommunicationManager.handleRequest (/home/runner/work/interactive-markdown-table-editor/interactive-markdown-table-editor/out/src/communication/ExtensionCommunicationManager.js:81:14)
2026-02-14T07:16:04.0977260Z 	at ExtensionCommunicationManager.handleIncomingMessage (/home/runner/work/interactive-markdown-table-editor/interactive-markdown-table-editor/out/src/communication/ExtensionCommunicationManager.js:51:32)
2026-02-14T07:16:04.0978522Z 	at /home/runner/work/interactive-markdown-table-editor/interactive-markdown-table-editor/out/src/communication/ExtensionCommunicationManager.js:30:18
2026-02-14T07:16:04.0979660Z 	at Context.<anonymous> (/home/runner/work/interactive-markdown-table-editor/interactive-markdown-table-editor/out/test/unit/ExtensionCommunicationManager.test.js:609:19)
2026-02-14T07:16:04.0980730Z 	at callFn (/home/runner/work/interactive-markdown-table-editor/interactive-markdown-table-editor/node_modules/mocha/lib/runnable.js:364:21)
2026-02-14T07:16:04.0981779Z 	at Runnable.run (/home/runner/work/interactive-markdown-table-editor/interactive-markdown-table-editor/node_modules/mocha/lib/runnable.js:352:5)
2026-02-14T07:16:04.0982780Z 	at Runner.runTest (/home/runner/work/interactive-markdown-table-editor/interactive-markdown-table-editor/node_modules/mocha/lib/runner.js:677:10)
2026-02-14T07:16:04.0983715Z 	at /home/runner/work/interactive-markdown-table-editor/interactive-markdown-table-editor/node_modules/mocha/lib/runner.js:800:12
2026-02-14T07:16:04.0984692Z 	at next (/home/runner/work/interactive-markdown-table-editor/interactive-markdown-table-editor/node_modules/mocha/lib/runner.js:592:14)
2026-02-14T07:16:04.0985601Z 	at /home/runner/work/interactive-markdown-table-editor/interactive-markdown-table-editor/node_modules/mocha/lib/runner.js:602:7
2026-02-14T07:16:04.0986508Z 	at next (/home/runner/work/interactive-markdown-table-editor/interactive-markdown-table-editor/node_modules/mocha/lib/runner.js:485:14)
2026-02-14T07:16:04.0987449Z 	at cbHookRun (/home/runner/work/interactive-markdown-table-editor/interactive-markdown-table-editor/node_modules/mocha/lib/runner.js:550:7)
2026-02-14T07:16:04.0988421Z 	at done (/home/runner/work/interactive-markdown-table-editor/interactive-markdown-table-editor/node_modules/mocha/lib/runnable.js:308:5)
2026-02-14T07:16:04.0989355Z 	at callFn (/home/runner/work/interactive-markdown-table-editor/interactive-markdown-table-editor/node_modules/mocha/lib/runnable.js:387:7)
2026-02-14T07:16:04.0990319Z 	at Runnable.run (/home/runner/work/interactive-markdown-table-editor/interactive-markdown-table-editor/node_modules/mocha/lib/runnable.js:352:5)
2026-02-14T07:16:04.0991389Z 	at next (/home/runner/work/interactive-markdown-table-editor/interactive-markdown-table-editor/node_modules/mocha/lib/runner.js:509:10)
2026-02-14T07:16:04.0992383Z 	at Immediate._onImmediate (/home/runner/work/interactive-markdown-table-editor/interactive-markdown-table-editor/node_modules/mocha/lib/runner.js:570:5)
2026-02-14T07:16:04.0993099Z 	at process.processImmediate (node:internal/timers:485:21)
2026-02-14T07:16:04.1428196Z [ExtComm] Disposing communication manager
2026-02-14T07:16:04.1431310Z [ExtComm] Disposing communication manager
2026-02-14T07:16:04.1435890Z   [32m  ✔[0m[90m handleIncomingMessage catch block should send error when handler throws and message has id[0m[33m (51ms)[0m
2026-02-14T07:16:04.1438691Z [ExtComm] Disposing communication manager
2026-02-14T07:16:04.1951498Z [ExtComm] Disposing communication manager
2026-02-14T07:16:04.1953079Z   [32m  ✔[0m[90m sendRequest should use default timeout from config[0m[33m (51ms)[0m
2026-02-14T07:16:04.1962235Z [ExtComm] Disposing communication manager
2026-02-14T07:16:04.1966148Z   [32m  ✔[0m[90m sendOperationSuccess with no extra data[0m
2026-02-14T07:16:04.1966779Z [ExtComm] Disposing communication manager
2026-02-14T07:16:04.1970248Z   [32m  ✔[0m[90m sendOperationError with no code[0m
2026-02-14T07:16:04.1974628Z [ExtComm] Disposing communication manager
2026-02-14T07:16:04.1977204Z [ExtComm] Disposing communication manager
2026-02-14T07:16:04.1978016Z   [32m  ✔[0m[90m dispose rejects pending requests with dispose message[0m
2026-02-14T07:16:04.1982214Z [ExtComm] Disposing communication manager
2026-02-14T07:16:04.1986101Z   [32m  ✔[0m[90m sendNotification with undefined data[0m
2026-02-14T07:16:04.1988813Z [ExtComm] Disposing communication manager
2026-02-14T07:16:04.1989582Z [ExtComm] Failed to post message: Error: webview disposed
2026-02-14T07:16:04.1991730Z 	at Object.postMessage (/home/runner/work/interactive-markdown-table-editor/interactive-markdown-table-editor/out/test/unit/ExtensionCommunicationManager.test.js:676:44)
2026-02-14T07:16:04.1994265Z 	at ExtensionCommunicationManager.postMessage (/home/runner/work/interactive-markdown-table-editor/interactive-markdown-table-editor/out/src/communication/ExtensionCommunicationManager.js:226:32)
2026-02-14T07:16:04.1996614Z 	at ExtensionCommunicationManager.sendNotification (/home/runner/work/interactive-markdown-table-editor/interactive-markdown-table-editor/out/src/communication/ExtensionCommunicationManager.js:175:14)
2026-02-14T07:16:04.1999035Z 	at /home/runner/work/interactive-markdown-table-editor/interactive-markdown-table-editor/out/test/unit/ExtensionCommunicationManager.test.js:682:25
2026-02-14T07:16:04.2000147Z 	at getActual (node:assert:609:5)
2026-02-14T07:16:04.2000588Z 	at Object.throws (node:assert:757:24)
2026-02-14T07:16:04.2001808Z 	at Context.<anonymous> (/home/runner/work/interactive-markdown-table-editor/interactive-markdown-table-editor/out/test/unit/ExtensionCommunicationManager.test.js:681:16)
2026-02-14T07:16:04.2003518Z 	at callFn (/home/runner/work/interactive-markdown-table-editor/interactive-markdown-table-editor/node_modules/mocha/lib/runnable.js:364:21)
2026-02-14T07:16:04.2005379Z 	at Runnable.run (/home/runner/work/interactive-markdown-table-editor/interactive-markdown-table-editor/node_modules/mocha/lib/runnable.js:352:5)
2026-02-14T07:16:04.2007033Z 	at Runner.runTest (/home/runner/work/interactive-markdown-table-editor/interactive-markdown-table-editor/node_modules/mocha/lib/runner.js:677:10)
2026-02-14T07:16:04.2008757Z 	at /home/runner/work/interactive-markdown-table-editor/interactive-markdown-table-editor/node_modules/mocha/lib/runner.js:800:12
2026-02-14T07:16:04.2010313Z 	at next (/home/runner/work/interactive-markdown-table-editor/interactive-markdown-table-editor/node_modules/mocha/lib/runner.js:592:14)
2026-02-14T07:16:04.2011868Z 	at /home/runner/work/interactive-markdown-table-editor/interactive-markdown-table-editor/node_modules/mocha/lib/runner.js:602:7
2026-02-14T07:16:04.2013320Z 	at next (/home/runner/work/interactive-markdown-table-editor/interactive-markdown-table-editor/node_modules/mocha/lib/runner.js:485:14)
2026-02-14T07:16:04.2015064Z 	at cbHookRun (/home/runner/work/interactive-markdown-table-editor/interactive-markdown-table-editor/node_modules/mocha/lib/runner.js:550:7)
2026-02-14T07:16:04.2016703Z 	at done (/home/runner/work/interactive-markdown-table-editor/interactive-markdown-table-editor/node_modules/mocha/lib/runnable.js:308:5)
2026-02-14T07:16:04.2018416Z 	at callFn (/home/runner/work/interactive-markdown-table-editor/interactive-markdown-table-editor/node_modules/mocha/lib/runnable.js:387:7)
2026-02-14T07:16:04.2020027Z 	at Runnable.run (/home/runner/work/interactive-markdown-table-editor/interactive-markdown-table-editor/node_modules/mocha/lib/runnable.js:352:5)
2026-02-14T07:16:04.2021665Z 	at next (/home/runner/work/interactive-markdown-table-editor/interactive-markdown-table-editor/node_modules/mocha/lib/runner.js:509:10)
2026-02-14T07:16:04.2023357Z 	at Immediate._onImmediate (/home/runner/work/interactive-markdown-table-editor/interactive-markdown-table-editor/node_modules/mocha/lib/runner.js:570:5)
2026-02-14T07:16:04.2024741Z 	at process.processImmediate (node:internal/timers:485:21)
2026-02-14T07:16:04.2025328Z [ExtComm] Disposing communication manager
2026-02-14T07:16:04.2026073Z   [32m  ✔[0m[90m sendNotification rethrows when postMessage fails[0m
2026-02-14T07:16:04.2026769Z [ExtComm] Disposing communication manager
2026-02-14T07:16:04.2033265Z [ExtComm] Sending updateTableData to webview, preview: { keys: [ 'tables' ] }
2026-02-14T07:16:04.2035407Z [ExtComm] Failed to post message: Error: panel closed
2026-02-14T07:16:04.2038699Z 	at Object.postMessage (/home/runner/work/interactive-markdown-table-editor/interactive-markdown-table-editor/out/test/unit/ExtensionCommunicationManager.test.js:690:44)
2026-02-14T07:16:04.2041178Z 	at ExtensionCommunicationManager.postMessage (/home/runner/work/interactive-markdown-table-editor/interactive-markdown-table-editor/out/src/communication/ExtensionCommunicationManager.js:226:32)
2026-02-14T07:16:04.2043726Z 	at ExtensionCommunicationManager.sendNotification (/home/runner/work/interactive-markdown-table-editor/interactive-markdown-table-editor/out/src/communication/ExtensionCommunicationManager.js:175:14)
2026-02-14T07:16:04.2046487Z 	at ExtensionCommunicationManager.updateTableData (/home/runner/work/interactive-markdown-table-editor/interactive-markdown-table-editor/out/src/communication/ExtensionCommunicationManager.js:331:14)
2026-02-14T07:16:04.2048923Z 	at /home/runner/work/interactive-markdown-table-editor/interactive-markdown-table-editor/out/test/unit/ExtensionCommunicationManager.test.js:696:25
2026-02-14T07:16:04.2050109Z 	at getActual (node:assert:609:5)
2026-02-14T07:16:04.2050539Z 	at Object.throws (node:assert:757:24)
2026-02-14T07:16:04.2051881Z 	at Context.<anonymous> (/home/runner/work/interactive-markdown-table-editor/interactive-markdown-table-editor/out/test/unit/ExtensionCommunicationManager.test.js:695:16)
2026-02-14T07:16:04.2053814Z 	at callFn (/home/runner/work/interactive-markdown-table-editor/interactive-markdown-table-editor/node_modules/mocha/lib/runnable.js:364:21)
2026-02-14T07:16:04.2055772Z 	at Runnable.run (/home/runner/work/interactive-markdown-table-editor/interactive-markdown-table-editor/node_modules/mocha/lib/runnable.js:352:5)
2026-02-14T07:16:04.2057618Z 	at Runner.runTest (/home/runner/work/interactive-markdown-table-editor/interactive-markdown-table-editor/node_modules/mocha/lib/runner.js:677:10)
2026-02-14T07:16:04.2059327Z 	at /home/runner/work/interactive-markdown-table-editor/interactive-markdown-table-editor/node_modules/mocha/lib/runner.js:800:12
2026-02-14T07:16:04.2060961Z 	at next (/home/runner/work/interactive-markdown-table-editor/interactive-markdown-table-editor/node_modules/mocha/lib/runner.js:592:14)
2026-02-14T07:16:04.2062609Z 	at /home/runner/work/interactive-markdown-table-editor/interactive-markdown-table-editor/node_modules/mocha/lib/runner.js:602:7
2026-02-14T07:16:04.2064433Z 	at next (/home/runner/work/interactive-markdown-table-editor/interactive-markdown-table-editor/node_modules/mocha/lib/runner.js:485:14)
2026-02-14T07:16:04.2066067Z 	at cbHookRun (/home/runner/work/interactive-markdown-table-editor/interactive-markdown-table-editor/node_modules/mocha/lib/runner.js:550:7)
2026-02-14T07:16:04.2067712Z 	at done (/home/runner/work/interactive-markdown-table-editor/interactive-markdown-table-editor/node_modules/mocha/lib/runnable.js:308:5)
2026-02-14T07:16:04.2069453Z 	at callFn (/home/runner/work/interactive-markdown-table-editor/interactive-markdown-table-editor/node_modules/mocha/lib/runnable.js:387:7)
2026-02-14T07:16:04.2071146Z 	at Runnable.run (/home/runner/work/interactive-markdown-table-editor/interactive-markdown-table-editor/node_modules/mocha/lib/runnable.js:352:5)
2026-02-14T07:16:04.2072842Z 	at next (/home/runner/work/interactive-markdown-table-editor/interactive-markdown-table-editor/node_modules/mocha/lib/runner.js:509:10)
2026-02-14T07:16:04.2074774Z 	at Immediate._onImmediate (/home/runner/work/interactive-markdown-table-editor/interactive-markdown-table-editor/node_modules/mocha/lib/runner.js:570:5)
2026-02-14T07:16:04.2076040Z 	at process.processImmediate (node:internal/timers:485:21)
2026-02-14T07:16:04.2083025Z [ExtComm] Disposing communication manager
2026-02-14T07:16:04.2083789Z   [32m  ✔[0m[90m updateTableData rethrows when postMessage fails[0m
2026-02-14T07:16:04.2084528Z [ExtComm] Disposing communication manager
2026-02-14T07:16:04.2085636Z [ExtComm] Sending updateGitDiff to webview panel: { panelId: 'unknown', hasData: true, keys: [ 'diffs' ] }
2026-02-14T07:16:04.2087328Z [ExtComm] Disposing communication manager
2026-02-14T07:16:04.2088697Z   [32m  ✔[0m[90m updateGitDiff rethrows when postMessage fails[0m
2026-02-14T07:16:04.2089077Z [ExtComm] Disposing communication manager
2026-02-14T07:16:04.2089405Z [0m  FileHandler Test Suite[0m
2026-02-14T07:16:04.2089699Z [0m    readMarkdownFile[0m
2026-02-14T07:16:04.2090058Z     [32m  ✔[0m[90m should read existing file successfully[0m
2026-02-14T07:16:04.2090605Z [ExtComm] Failed to post message: Error: panel gone
2026-02-14T07:16:04.2091469Z 	at Object.postMessage (/home/runner/work/interactive-markdown-table-editor/interactive-markdown-table-editor/out/test/unit/ExtensionCommunicationManager.test.js:703:44)
2026-02-14T07:16:04.2092949Z 	at ExtensionCommunicationManager.postMessage (/home/runner/work/interactive-markdown-table-editor/interactive-markdown-table-editor/out/src/communication/ExtensionCommunicationManager.js:226:32)
2026-02-14T07:16:04.2094720Z 	at ExtensionCommunicationManager.sendNotification (/home/runner/work/interactive-markdown-table-editor/interactive-markdown-table-editor/out/src/communication/ExtensionCommunicationManager.js:175:14)
2026-02-14T07:16:04.2096387Z 	at ExtensionCommunicationManager.updateGitDiff (/home/runner/work/interactive-markdown-table-editor/interactive-markdown-table-editor/out/src/communication/ExtensionCommunicationManager.js:348:14)
2026-02-14T07:16:04.2098146Z 	at /home/runner/work/interactive-markdown-table-editor/interactive-markdown-table-editor/out/test/unit/ExtensionCommunicationManager.test.js:709:25
2026-02-14T07:16:04.2098847Z 	at getActual (node:assert:609:5)
2026-02-14T07:16:04.2099118Z 	at Object.throws (node:assert:757:24)
2026-02-14T07:16:04.2100131Z 	at Context.<anonymous> (/home/runner/work/interactive-markdown-table-editor/interactive-markdown-table-editor/out/test/unit/ExtensionCommunicationManager.test.js:708:16)
2026-02-14T07:16:04.2102331Z 	at callFn (/home/runner/work/interactive-markdown-table-editor/interactive-markdown-table-editor/node_modules/mocha/lib/runnable.js:364:21)
2026-02-14T07:16:04.2103415Z 	at Runnable.run (/home/runner/work/interactive-markdown-table-editor/interactive-markdown-table-editor/node_modules/mocha/lib/runnable.js:352:5)
2026-02-14T07:16:04.2104531Z 	at Runner.runTest (/home/runner/work/interactive-markdown-table-editor/interactive-markdown-table-editor/node_modules/mocha/lib/runner.js:677:10)
2026-02-14T07:16:04.2105609Z 	at /home/runner/work/interactive-markdown-table-editor/interactive-markdown-table-editor/node_modules/mocha/lib/runner.js:800:12
2026-02-14T07:16:04.2106747Z 	at next (/home/runner/work/interactive-markdown-table-editor/interactive-markdown-table-editor/node_modules/mocha/lib/runner.js:592:14)
2026-02-14T07:16:04.2107865Z 	at /home/runner/work/interactive-markdown-table-editor/interactive-markdown-table-editor/node_modules/mocha/lib/runner.js:602:7
2026-02-14T07:16:04.2109084Z 	at next (/home/runner/work/interactive-markdown-table-editor/interactive-markdown-table-editor/node_modules/mocha/lib/runner.js:485:14)
2026-02-14T07:16:04.2110277Z 	at cbHookRun (/home/runner/work/interactive-markdown-table-editor/interactive-markdown-table-editor/node_modules/mocha/lib/runner.js:550:7)
2026-02-14T07:16:04.2111649Z 	at done (/home/runner/work/interactive-markdown-table-editor/interactive-markdown-table-editor/node_modules/mocha/lib/runnable.js:308:5)
2026-02-14T07:16:04.2112713Z 	at callFn (/home/runner/work/interactive-markdown-table-editor/interactive-markdown-table-editor/node_modules/mocha/lib/runnable.js:387:7)
2026-02-14T07:16:04.2114371Z 	at Runnable.run (/home/runner/work/interactive-markdown-table-editor/interactive-markdown-table-editor/node_modules/mocha/lib/runnable.js:352:5)
2026-02-14T07:16:04.2116004Z 	at next (/home/runner/work/interactive-markdown-table-editor/interactive-markdown-table-editor/node_modules/mocha/lib/runner.js:509:10)
2026-02-14T07:16:04.2117827Z 	at Immediate._onImmediate (/home/runner/work/interactive-markdown-table-editor/interactive-markdown-table-editor/node_modules/mocha/lib/runner.js:570:5)
2026-02-14T07:16:04.2118864Z 	at process.processImmediate (node:internal/timers:485:21)
2026-02-14T07:16:04.2119521Z     [32m  ✔[0m[90m should throw FileSystemError for non-existent file[0m
2026-02-14T07:16:04.2119951Z     [32m  ✔[0m[90m should handle empty file[0m
2026-02-14T07:16:04.2120297Z [0m    writeMarkdownFile[0m
2026-02-14T07:16:04.2120645Z     [32m  ✔[0m[90m should write file successfully[0m
2026-02-14T07:16:04.2123930Z     [32m  ✔[0m[90m should create directory if it does not exist[0m
2026-02-14T07:16:04.2145274Z     [32m  ✔[0m[90m should overwrite existing file[0m
2026-02-14T07:16:04.2152484Z [0m    updateTableInFile[0m
2026-02-14T07:16:04.2361677Z     [32m  ✔[0m[90m should update table section successfully[0m
2026-02-14T07:16:04.2375007Z     [32m  ✔[0m[90m should throw error for invalid line range[0m
2026-02-14T07:16:04.2378583Z [0m    updateMultipleTablesInFile[0m
2026-02-14T07:16:04.2604311Z     [32m  ✔[0m[90m should update multiple tables successfully[0m
2026-02-14T07:16:04.2665949Z     [32m  ✔[0m[90m should handle empty updates array[0m
2026-02-14T07:16:04.2706295Z     [32m  ✔[0m[90m should throw error for invalid line ranges in batch update[0m
2026-02-14T07:16:04.2709729Z [0m    getFileHandler singleton[0m
2026-02-14T07:16:04.2718065Z     [32m  ✔[0m[90m should return same instance[0m
2026-02-14T07:16:04.2726721Z [0m    FileSystemError[0m
2026-02-14T07:16:04.2743134Z     [32m  ✔[0m[90m should create error with correct properties[0m
2026-02-14T07:16:04.2749352Z [0m    updateTableByIndex[0m
2026-02-14T07:16:04.3006690Z     [32m  ✔[0m[90m should update specific table by index in multi-table document[0m
2026-02-14T07:16:04.3017868Z Error: ENOENT: no such file or directory, copyfile '/tmp/markdown-table-editor-test-9f4Q34/update-index-test.md' -> '/home/runner/work/interactive-markdown-table-editor/interactive-markdown-table-editor/.vscode-test/user-data/User/History/-3ddeaece/NqkL.md': EntryNotFound (FileSystemError): Error: ENOENT: no such file or directory, copyfile '/tmp/markdown-table-editor-test-9f4Q34/update-index-test.md' -> '/home/runner/work/interactive-markdown-table-editor/interactive-markdown-table-editor/.vscode-test/user-data/User/History/-3ddeaece/NqkL.md'
2026-02-14T07:16:04.3022094Z     at k6.create (file:///home/runner/work/interactive-markdown-table-editor/interactive-markdown-table-editor/.vscode-test/vscode-linux-x64-1.109.3/resources/app/out/main.js:38:29866)
2026-02-14T07:16:04.3024210Z     at ls (file:///home/runner/work/interactive-markdown-table-editor/interactive-markdown-table-editor/.vscode-test/vscode-linux-x64-1.109.3/resources/app/out/main.js:38:27043)
2026-02-14T07:16:04.3026522Z     at Qc.jb (file:///home/runner/work/interactive-markdown-table-editor/interactive-markdown-table-editor/.vscode-test/vscode-linux-x64-1.109.3/resources/app/out/main.js:63:22568)
2026-02-14T07:16:04.3028774Z     at Qc.gb (file:///home/runner/work/interactive-markdown-table-editor/interactive-markdown-table-editor/.vscode-test/vscode-linux-x64-1.109.3/resources/app/out/main.js:63:22011)
2026-02-14T07:16:04.3086576Z     [32m  ✔[0m[90m should handle invalid table index[0m
2026-02-14T07:16:04.3218797Z     [32m  ✔[0m[90m should update first table in multi-table document[0m
2026-02-14T07:16:04.3345620Z     [32m  ✔[0m[90m should handle document with mixed content[0m
2026-02-14T07:16:04.3347550Z [0m    readMarkdownFile - open document branch[0m
2026-02-14T07:16:04.3383960Z     [32m  ✔[0m[90m should read from open document when available[0m
2026-02-14T07:16:04.3387671Z [0m    readMarkdownFile - generic error wrapping[0m
2026-02-14T07:16:04.3407669Z     [32m  ✔[0m[90m should wrap non-FileSystemError into FileSystemError[0m
2026-02-14T07:16:04.3410149Z [0m    writeMarkdownFile - error branches[0m
2026-02-14T07:16:04.3425249Z     [32m  ✔[0m[90m should wrap generic write error into FileSystemError[0m
2026-02-14T07:16:04.3432590Z     [32m  ✔[0m[90m should handle write permission error as FileSystemError[0m
2026-02-14T07:16:04.3435389Z [0m    updateTableByIndex - error branches[0m
2026-02-14T07:16:04.3578551Z     [32m  ✔[0m[90m should wrap generic error into FileSystemError[0m
2026-02-14T07:16:04.3609958Z     [32m  ✔[0m[90m should throw for negative table index[0m
2026-02-14T07:16:04.3613768Z [0m    updateTableInFile - error branches[0m
2026-02-14T07:16:04.3656136Z     [32m  ✔[0m[90m should wrap generic error into FileSystemError[0m
2026-02-14T07:16:04.3661487Z [0m    updateMultipleTablesInFile - error branches[0m
2026-02-14T07:16:04.3685720Z     [32m  ✔[0m[90m should wrap generic error into FileSystemError[0m
2026-02-14T07:16:04.3689219Z [0m    applyWorkspaceEditAndSave[0m
2026-02-14T07:16:04.3842970Z     [32m  ✔[0m[90m should apply edit and save successfully[0m
2026-02-14T07:16:04.3844943Z [0m    extractTablePositionsFromTokens[0m
2026-02-14T07:16:04.3850770Z     [32m  ✔[0m[90m should extract table positions from markdown-it tokens[0m
2026-02-14T07:16:04.3857163Z     [32m  ✔[0m[90m should handle table_close with map[0m
2026-02-14T07:16:04.3860409Z [0m    showErrorNotification[0m
2026-02-14T07:16:04.3866918Z     [32m  ✔[0m[90m should handle read operation error notification[0m
2026-02-14T07:16:04.3870151Z     [32m  ✔[0m[90m should handle write operation error notification[0m
2026-02-14T07:16:04.3876423Z     [32m  ✔[0m[90m should handle update operation error notification[0m
2026-02-14T07:16:04.3884224Z     [32m  ✔[0m[90m should handle default/unknown operation error notification[0m
2026-02-14T07:16:04.3888267Z [0m    notifyFileChange[0m
2026-02-14T07:16:04.3903214Z     [32m  ✔[0m[90m should handle stat error gracefully[0m
2026-02-14T07:16:04.3915485Z     [32m  ✔[0m[90m should handle existing file[0m
2026-02-14T07:16:04.3918425Z [0m    withOpenDocument[0m
2026-02-14T07:16:04.3950943Z     [32m  ✔[0m[90m should call fn with document when file exists[0m
2026-02-14T07:16:04.4012097Z     [32m  ✔[0m[90m should wrap non-FileSystemError on open failure[0m
2026-02-14T07:16:04.4038264Z     [32m  ✔[0m[90m should rethrow FileSystemError unchanged[0m
2026-02-14T07:16:04.4041240Z [0m    handleApplyResult[0m
2026-02-14T07:16:04.4051347Z     [32m  ✔[0m[90m should log success when applied is true[0m
2026-02-14T07:16:04.4056417Z     [32m  ✔[0m[90m should log no-change when applied is false[0m
2026-02-14T07:16:04.4062175Z     [32m  ✔[0m[90m should use default messages when not provided[0m
2026-02-14T07:16:04.4066403Z [0m    getEolString[0m
2026-02-14T07:16:04.4097281Z     [32m  ✔[0m[90m should return \n for LF documents[0m
2026-02-14T07:16:04.4100931Z [0m    disposeFileHandler[0m
2026-02-14T07:16:04.4118271Z     [32m  ✔[0m[90m should dispose and reset singleton[0m
2026-02-14T07:16:04.4137941Z Error: Trying to add a disposable to a DisposableStore that has already been disposed of. The added object will be leaked!
2026-02-14T07:16:04.4143928Z 	at yN.add (file:///home/runner/work/interactive-markdown-table-editor/interactive-markdown-table-editor/.vscode-test/vscode-linux-x64-1.109.3/resources/app/out/vs/workbench/api/node/extensionHostProcess.js:25:1690)
2026-02-14T07:16:04.4146842Z 	at c4.o (file:///home/runner/work/interactive-markdown-table-editor/interactive-markdown-table-editor/.vscode-test/vscode-linux-x64-1.109.3/resources/app/out/vs/workbench/api/node/extensionHostProcess.js:123:1912)
2026-02-14T07:16:04.4148825Z [0m    normalizeTableLines[0m
2026-02-14T07:16:04.4152542Z     [32m  ✔[0m[90m should delegate to fileUtils.normalizeTableLines[0m
2026-02-14T07:16:04.4153281Z [0m    applyWorkspaceEditsForReplacements[0m
2026-02-14T07:16:04.4163733Z Error: Trying to add a disposable to a DisposableStore that has already been disposed of. The added object will be leaked!
2026-02-14T07:16:04.4168962Z 	at yN.add (file:///home/runner/work/interactive-markdown-table-editor/interactive-markdown-table-editor/.vscode-test/vscode-linux-x64-1.109.3/resources/app/out/vs/workbench/api/node/extensionHostProcess.js:25:1690)
2026-02-14T07:16:04.4172287Z 	at c4.o (file:///home/runner/work/interactive-markdown-table-editor/interactive-markdown-table-editor/.vscode-test/vscode-linux-x64-1.109.3/resources/app/out/vs/workbench/api/node/extensionHostProcess.js:123:2067)
2026-02-14T07:16:04.4174940Z Error: Trying to add a disposable to a DisposableStore that has already been disposed of. The added object will be leaked!
2026-02-14T07:16:04.4177043Z 	at yN.add (file:///home/runner/work/interactive-markdown-table-editor/interactive-markdown-table-editor/.vscode-test/vscode-linux-x64-1.109.3/resources/app/out/vs/workbench/api/node/extensionHostProcess.js:25:1690)
2026-02-14T07:16:04.4179514Z 	at file:///home/runner/work/interactive-markdown-table-editor/interactive-markdown-table-editor/.vscode-test/vscode-linux-x64-1.109.3/resources/app/out/vs/workbench/api/node/extensionHostProcess.js:123:1568
2026-02-14T07:16:04.4181861Z Error: Trying to add a disposable to a DisposableStore that has already been disposed of. The added object will be leaked!
2026-02-14T07:16:04.4183945Z 	at yN.add (file:///home/runner/work/interactive-markdown-table-editor/interactive-markdown-table-editor/.vscode-test/vscode-linux-x64-1.109.3/resources/app/out/vs/workbench/api/node/extensionHostProcess.js:25:1690)
2026-02-14T07:16:04.4186519Z 	at file:///home/runner/work/interactive-markdown-table-editor/interactive-markdown-table-editor/.vscode-test/vscode-linux-x64-1.109.3/resources/app/out/vs/workbench/api/node/extensionHostProcess.js:123:2673
2026-02-14T07:16:04.4194773Z     [32m  ✔[0m[90m should return false for empty replacements[0m
2026-02-14T07:16:04.4226215Z     [32m  ✔[0m[90m should return false when replacement matches current content[0m
2026-02-14T07:16:04.4356003Z     [32m  ✔[0m[90m should apply replacement when content differs[0m
2026-02-14T07:16:04.4485456Z     [32m  ✔[0m[90m should sort replacements in descending order by startLine[0m
2026-02-14T07:16:04.4486343Z [0m    FileSystemError additional[0m
2026-02-14T07:16:04.4487047Z     [32m  ✔[0m[90m should create error without originalError[0m
2026-02-14T07:16:04.4492346Z [0m    applyWorkspaceEditAndSave - fallback write[0m
2026-02-14T07:16:04.4609623Z     [32m  ✔[0m[90m should handle edit apply failure gracefully[0m
2026-02-14T07:16:04.4612802Z [0m    updateMultipleTablesInFile - no changes[0m
2026-02-14T07:16:04.4651427Z     [32m  ✔[0m[90m should return false when update produces same content[0m
2026-02-14T07:16:04.4655491Z [0m    updateTableInFile - no changes[0m
2026-02-14T07:16:04.4682231Z     [32m  ✔[0m[90m should return false when table content is unchanged[0m
2026-02-14T07:16:04.4685081Z [0m    notifyFileChange basic[0m
2026-02-14T07:16:04.4696218Z     [32m  ✔[0m[90m should not throw when notifying file change[0m
2026-02-14T07:16:04.4699547Z [0m    readMarkdownFile - open document in-memory content[0m
2026-02-14T07:16:04.4710688Z     [32m  ✔[0m[90m should return getText() from already-open document matching the URI[0m
2026-02-14T07:16:04.4713727Z [0m    readMarkdownFile - non-FileSystemError catch[0m
2026-02-14T07:16:04.4738844Z     [32m  ✔[0m[90m should wrap non-FileSystemError from fs.promises.readFile into FileSystemError[0m
2026-02-14T07:16:04.4743878Z Error: Trying to add a disposable to a DisposableStore that has already been disposed of. The added object will be leaked!
2026-02-14T07:16:04.4746079Z 	at yN.add (file:///home/runner/work/interactive-markdown-table-editor/interactive-markdown-table-editor/.vscode-test/vscode-linux-x64-1.109.3/resources/app/out/vs/workbench/api/node/extensionHostProcess.js:25:1690)
2026-02-14T07:16:04.4748725Z 	at c4.o (file:///home/runner/work/interactive-markdown-table-editor/interactive-markdown-table-editor/.vscode-test/vscode-linux-x64-1.109.3/resources/app/out/vs/workbench/api/node/extensionHostProcess.js:123:2067)
2026-02-14T07:16:04.4752291Z Error: Trying to add a disposable to a DisposableStore that has already been disposed of. The added object will be leaked!
2026-02-14T07:16:04.4754653Z 	at yN.add (file:///home/runner/work/interactive-markdown-table-editor/interactive-markdown-table-editor/.vscode-test/vscode-linux-x64-1.109.3/resources/app/out/vs/workbench/api/node/extensionHostProcess.js:25:1690)
2026-02-14T07:16:04.4757253Z 	at file:///home/runner/work/interactive-markdown-table-editor/interactive-markdown-table-editor/.vscode-test/vscode-linux-x64-1.109.3/resources/app/out/vs/workbench/api/node/extensionHostProcess.js:123:1568
2026-02-14T07:16:04.4759201Z Error: Trying to add a disposable to a DisposableStore that has already been disposed of. The added object will be leaked!
2026-02-14T07:16:04.4761203Z 	at yN.add (file:///home/runner/work/interactive-markdown-table-editor/interactive-markdown-table-editor/.vscode-test/vscode-linux-x64-1.109.3/resources/app/out/vs/workbench/api/node/extensionHostProcess.js:25:1690)
2026-02-14T07:16:04.4766697Z 	at file:///home/runner/work/interactive-markdown-table-editor/interactive-markdown-table-editor/.vscode-test/vscode-linux-x64-1.109.3/resources/app/out/vs/workbench/api/node/extensionHostProcess.js:123:2673
2026-02-14T07:16:04.4768359Z [0m    writeMarkdownFile - non-FileSystemError catch[0m
2026-02-14T07:16:04.4769412Z     [32m  ✔[0m[90m should wrap non-FileSystemError from fs.promises.writeFile into FileSystemError[0m
2026-02-14T07:16:04.4770489Z [0m    showErrorNotification - all branches[0m
2026-02-14T07:16:04.4771356Z     [32m  ✔[0m[90m should handle read operation via readMarkdownFile error path[0m
2026-02-14T07:16:04.4780950Z     [32m  ✔[0m[90m should handle write operation via writeMarkdownFile error path[0m
2026-02-14T07:16:04.4791318Z     [32m  ✔[0m[90m should handle update operation[0m
2026-02-14T07:16:04.4793455Z     [32m  ✔[0m[90m should handle default/unknown operation[0m
2026-02-14T07:16:04.4797309Z [0m    applyWorkspaceEditAndSave - save() returns false (fallback)[0m
2026-02-14T07:16:04.4846920Z     [32m  ✔[0m[90m should fall back to direct fs write when document.save() returns false[0m
2026-02-14T07:16:04.4850925Z [0m    applyWorkspaceEditAndSave - save() throws error[0m
2026-02-14T07:16:04.4892812Z     [32m  ✔[0m[90m should throw FileSystemError when save() throws[0m
2026-02-14T07:16:04.4897701Z [0m    showErrorNotification - then callback branches[0m
2026-02-14T07:16:04.5544418Z     [32m  ✔[0m[90m should call outputChannel.show() when user selects Show Details for read error[0m
2026-02-14T07:16:04.5576898Z     [32m  ✔[0m[90m should call outputChannel.show() when user selects Show Details for write error[0m
2026-02-14T07:16:04.5596155Z     [32m  ✔[0m[90m should call showSaveDialog when user selects Save As for write error[0m
2026-02-14T07:16:04.5597563Z     [32m  ✔[0m[90m should call outputChannel.show() when user selects Show Details for default error[0m
2026-02-14T07:16:04.5599359Z [0m    notifyFileChange - visibleTextEditors[0m
2026-02-14T07:16:04.5923486Z     [32m  ✔[0m[90m should log open editors count when file has visible editors[0m
2026-02-14T07:16:04.5927629Z [0m    updateTableByIndex - non-FileSystemError catch[0m
2026-02-14T07:16:04.5931116Z     [32m  ✔[0m[90m should wrap non-FileSystemError into FileSystemError[0m
2026-02-14T07:16:04.5932039Z [0m    updateTableInFile - non-FileSystemError catch[0m
2026-02-14T07:16:04.5948896Z     [32m  ✔[0m[90m should wrap non-FileSystemError into FileSystemError[0m
2026-02-14T07:16:04.5952237Z [0m    updateMultipleTablesInFile - non-FileSystemError catch[0m
2026-02-14T07:16:04.6169884Z     [32m  ✔[0m[90m should wrap non-FileSystemError into FileSystemError[0m
2026-02-14T07:16:04.6171200Z [0m    applyWorkspaceEditAndSave - applyEdit returns false[0m
2026-02-14T07:16:04.6210543Z     [32m  ✔[0m[90m should throw FileSystemError when applyEdit returns false[0m
2026-02-14T07:16:04.6211987Z [0m    constructor with parser parameter[0m
2026-02-14T07:16:04.6212927Z     [32m  ✔[0m[90m should use injected parser[0m
2026-02-14T07:16:04.6224753Z Error: Trying to add a disposable to a DisposableStore that has already been disposed of. The added object will be leaked!
2026-02-14T07:16:04.6227645Z 	at yN.add (file:///home/runner/work/interactive-markdown-table-editor/interactive-markdown-table-editor/.vscode-test/vscode-linux-x64-1.109.3/resources/app/out/vs/workbench/api/node/extensionHostProcess.js:25:1690)
2026-02-14T07:16:04.6230658Z 	at c4.o (file:///home/runner/work/interactive-markdown-table-editor/interactive-markdown-table-editor/.vscode-test/vscode-linux-x64-1.109.3/resources/app/out/vs/workbench/api/node/extensionHostProcess.js:123:1912)
2026-02-14T07:16:04.6328335Z [0m  fileUtils Test Suite[0m
2026-02-14T07:16:04.6329622Z [0m    normalizeTableLines[0m
2026-02-14T07:16:04.6330409Z     [32m  ✔[0m[90m should split content by newlines[0m
2026-02-14T07:16:04.6331238Z     [32m  ✔[0m[90m should handle CRLF[0m
2026-02-14T07:16:04.6446365Z     [32m  ✔[0m[90m should trim trailing empty lines[0m
2026-02-14T07:16:04.6449476Z     [32m  ✔[0m[90m should keep internal empty lines[0m
2026-02-14T07:16:04.6452147Z     [32m  ✔[0m[90m should handle single line[0m
2026-02-14T07:16:04.6456493Z     [32m  ✔[0m[90m should handle empty string[0m
2026-02-14T07:16:04.6460210Z [0m    contentEndsWithLineBreak[0m
2026-02-14T07:16:04.6465019Z     [32m  ✔[0m[90m should return true for LF ending[0m
2026-02-14T07:16:04.6466282Z     [32m  ✔[0m[90m should return true for CRLF ending[0m
2026-02-14T07:16:04.6468842Z     [32m  ✔[0m[90m should return false for no line break[0m
2026-02-14T07:16:04.6472712Z     [32m  ✔[0m[90m should return false for empty string[0m
2026-02-14T07:16:04.6477301Z     [32m  ✔[0m[90m should return false for wrong EOL type[0m
2026-02-14T07:16:04.6480701Z [0m    buildUpdatedContent[0m
2026-02-14T07:16:04.6482282Z     [32m  ✔[0m[90m should replace lines in the middle[0m
2026-02-14T07:16:04.6485877Z     [32m  ✔[0m[90m should replace first lines[0m
2026-02-14T07:16:04.6486851Z     [32m  ✔[0m[90m should replace last lines[0m
2026-02-14T07:16:04.6488955Z     [32m  ✔[0m[90m should throw for invalid start line (negative)[0m
2026-02-14T07:16:04.6493067Z     [32m  ✔[0m[90m should throw for end line beyond bounds[0m
2026-02-14T07:16:04.6498142Z     [32m  ✔[0m[90m should throw for start > end[0m
2026-02-14T07:16:04.6498806Z     [32m  ✔[0m[90m should preserve trailing EOL[0m
2026-02-14T07:16:04.6501144Z     [32m  ✔[0m[90m should not add trailing EOL when original does not have one[0m
2026-02-14T07:16:04.6507435Z     [32m  ✔[0m[90m should handle CRLF[0m
2026-02-14T07:16:04.6509834Z     [32m  ✔[0m[90m should replace single line[0m
2026-02-14T07:16:04.6515003Z     [32m  ✔[0m[90m should handle replacement with more lines[0m
2026-02-14T07:16:04.6516865Z     [32m  ✔[0m[90m should handle replacement with fewer lines[0m
2026-02-14T07:16:04.6530033Z     [32m  ✔[0m[90m should strip trailing EOL when original does not have one[0m
2026-02-14T07:16:04.6531235Z     [32m  ✔[0m[90m should strip trailing EOL for CRLF when original lacks it[0m
2026-02-14T07:16:04.6534395Z     [32m  ✔[0m[90m should add trailing EOL when original has it but updated does not[0m
2026-02-14T07:16:04.6536203Z     [32m  ✔[0m[90m should strip trailing EOL when original lacks it and replacement adds empty trailing line[0m
2026-02-14T07:16:04.6538513Z     [32m  ✔[0m[90m should strip trailing CRLF when original lacks it (single line)[0m
2026-02-14T07:16:04.6539436Z [0m  logging Test Suite[0m
2026-02-14T07:16:04.6540944Z   [32m  ✔[0m[90m info should output to console.log[0m
2026-02-14T07:16:04.6545502Z   [32m  ✔[0m[90m warn should be a callable function[0m
2026-02-14T07:16:04.6558404Z   [32m  ✔[0m[90m error should be a callable function[0m
2026-02-14T07:16:04.6559263Z   [32m  ✔[0m[90m debug should output when MTE_KEEP_CONSOLE is set[0m
2026-02-14T07:16:04.6560174Z   [32m  ✔[0m[90m debug should output when keepConsole is enabled via fresh require[0m
2026-02-14T07:16:04.6561348Z   [32m  ✔[0m[90m default export should contain all logging functions[0m
2026-02-14T07:16:04.6562481Z Error: Trying to add a disposable to a DisposableStore that has already been disposed of. The added object will be leaked!
2026-02-14T07:16:04.6564726Z 	at yN.add (file:///home/runner/work/interactive-markdown-table-editor/interactive-markdown-table-editor/.vscode-test/vscode-linux-x64-1.109.3/resources/app/out/vs/workbench/api/node/extensionHostProcess.js:25:1690)
2026-02-14T07:16:04.6567411Z 	at c4.o (file:///home/runner/work/interactive-markdown-table-editor/interactive-markdown-table-editor/.vscode-test/vscode-linux-x64-1.109.3/resources/app/out/vs/workbench/api/node/extensionHostProcess.js:123:2067)
2026-02-14T07:16:04.6569484Z Error: Trying to add a disposable to a DisposableStore that has already been disposed of. The added object will be leaked!
2026-02-14T07:16:04.6571655Z 	at yN.add (file:///home/runner/work/interactive-markdown-table-editor/interactive-markdown-table-editor/.vscode-test/vscode-linux-x64-1.109.3/resources/app/out/vs/workbench/api/node/extensionHostProcess.js:25:1690)
2026-02-14T07:16:04.6574200Z 	at file:///home/runner/work/interactive-markdown-table-editor/interactive-markdown-table-editor/.vscode-test/vscode-linux-x64-1.109.3/resources/app/out/vs/workbench/api/node/extensionHostProcess.js:123:1568
2026-02-14T07:16:04.6576167Z Error: Trying to add a disposable to a DisposableStore that has already been disposed of. The added object will be leaked!
2026-02-14T07:16:04.6578213Z 	at yN.add (file:///home/runner/work/interactive-markdown-table-editor/interactive-markdown-table-editor/.vscode-test/vscode-linux-x64-1.109.3/resources/app/out/vs/workbench/api/node/extensionHostProcess.js:25:1690)
2026-02-14T07:16:04.6580590Z 	at file:///home/runner/work/interactive-markdown-table-editor/interactive-markdown-table-editor/.vscode-test/vscode-linux-x64-1.109.3/resources/app/out/vs/workbench/api/node/extensionHostProcess.js:123:2673
2026-02-14T07:16:04.6582353Z   [32m  ✔[0m[90m default export info should work the same as named export[0m
2026-02-14T07:16:04.6602435Z   [32m  ✔[0m[90m default export warn should work the same as named export[0m
2026-02-14T07:16:04.6603746Z   [32m  ✔[0m[90m default export error should work the same as named export[0m
2026-02-14T07:16:04.6604811Z [0m  MarkdownParser Test Suite[0m
2026-02-14T07:16:04.6605371Z   [32m  ✔[0m[90m should parse simple table[0m
2026-02-14T07:16:04.6605958Z   [32m  ✔[0m[90m should parse table[0m
2026-02-14T07:16:04.6606517Z   [32m  ✔[0m[90m should find multiple tables[0m
2026-02-14T07:16:04.6607163Z   [32m  ✔[0m[90m should find table at position[0m
2026-02-14T07:16:04.6607880Z   [32m  ✔[0m[90m should return null for position outside table[0m
2026-02-14T07:16:04.6617016Z   [32m  ✔[0m[90m should handle empty table[0m
2026-02-14T07:16:04.6618267Z   [32m  ✔[0m[90m should handle malformed table gracefully[0m
2026-02-14T07:16:04.6619375Z   [32m  ✔[0m[90m should validate table structure[0m
2026-02-14T07:16:04.6622604Z   [32m  ✔[0m[90m should detect table structure issues[0m
2026-02-14T07:16:04.6627372Z   [32m  ✔[0m[90m should find table containing specific line[0m
2026-02-14T07:16:04.6629243Z   [32m  ✔[0m[90m should get table boundaries accurately[0m
2026-02-14T07:16:04.6634803Z   [32m  ✔[0m[90m should get enhanced table metadata[0m
2026-02-14T07:16:04.6637002Z Error: Trying to add a disposable to a DisposableStore that has already been disposed of. The added object will be leaked!
2026-02-14T07:16:04.6639906Z 	at yN.add (file:///home/runner/work/interactive-markdown-table-editor/interactive-markdown-table-editor/.vscode-test/vscode-linux-x64-1.109.3/resources/app/out/vs/workbench/api/node/extensionHostProcess.js:25:1690)
2026-02-14T07:16:04.6645924Z 	at c4.o (file:///home/runner/work/interactive-markdown-table-editor/interactive-markdown-table-editor/.vscode-test/vscode-linux-x64-1.109.3/resources/app/out/vs/workbench/api/node/extensionHostProcess.js:123:2067)
2026-02-14T07:16:04.6649292Z Error: Trying to add a disposable to a DisposableStore that has already been disposed of. The added object will be leaked!
2026-02-14T07:16:04.6653643Z 	at yN.add (file:///home/runner/work/interactive-markdown-table-editor/interactive-markdown-table-editor/.vscode-test/vscode-linux-x64-1.109.3/resources/app/out/vs/workbench/api/node/extensionHostProcess.js:25:1690)
2026-02-14T07:16:04.6662648Z 	at file:///home/runner/work/interactive-markdown-table-editor/interactive-markdown-table-editor/.vscode-test/vscode-linux-x64-1.109.3/resources/app/out/vs/workbench/api/node/extensionHostProcess.js:123:1568
2026-02-14T07:16:04.6666987Z Error: Trying to add a disposable to a DisposableStore that has already been disposed of. The added object will be leaked!
2026-02-14T07:16:04.6670336Z 	at yN.add (file:///home/runner/work/interactive-markdown-table-editor/interactive-markdown-table-editor/.vscode-test/vscode-linux-x64-1.109.3/resources/app/out/vs/workbench/api/node/extensionHostProcess.js:25:1690)
2026-02-14T07:16:04.6673156Z 	at file:///home/runner/work/interactive-markdown-table-editor/interactive-markdown-table-editor/.vscode-test/vscode-linux-x64-1.109.3/resources/app/out/vs/workbench/api/node/extensionHostProcess.js:123:2673
2026-02-14T07:16:04.6675060Z   [32m  ✔[0m[90m should parse multiple tables in document[0m
2026-02-14T07:16:04.6676182Z Error: Trying to add a disposable to a DisposableStore that has already been disposed of. The added object will be leaked!
2026-02-14T07:16:04.6678199Z 	at yN.add (file:///home/runner/work/interactive-markdown-table-editor/interactive-markdown-table-editor/.vscode-test/vscode-linux-x64-1.109.3/resources/app/out/vs/workbench/api/node/extensionHostProcess.js:25:1690)
2026-02-14T07:16:04.6680746Z 	at c4.o (file:///home/runner/work/interactive-markdown-table-editor/interactive-markdown-table-editor/.vscode-test/vscode-linux-x64-1.109.3/resources/app/out/vs/workbench/api/node/extensionHostProcess.js:123:2067)
2026-02-14T07:16:04.6682708Z Error: Trying to add a disposable to a DisposableStore that has already been disposed of. The added object will be leaked!
2026-02-14T07:16:04.6684789Z 	at yN.add (file:///home/runner/work/interactive-markdown-table-editor/interactive-markdown-table-editor/.vscode-test/vscode-linux-x64-1.109.3/resources/app/out/vs/workbench/api/node/extensionHostProcess.js:25:1690)
2026-02-14T07:16:04.6687542Z 	at file:///home/runner/work/interactive-markdown-table-editor/interactive-markdown-table-editor/.vscode-test/vscode-linux-x64-1.109.3/resources/app/out/vs/workbench/api/node/extensionHostProcess.js:123:1568
2026-02-14T07:16:04.6689448Z Error: Trying to add a disposable to a DisposableStore that has already been disposed of. The added object will be leaked!
2026-02-14T07:16:04.6691295Z 	at yN.add (file:///home/runner/work/interactive-markdown-table-editor/interactive-markdown-table-editor/.vscode-test/vscode-linux-x64-1.109.3/resources/app/out/vs/workbench/api/node/extensionHostProcess.js:25:1690)
2026-02-14T07:16:04.6693741Z 	at file:///home/runner/work/interactive-markdown-table-editor/interactive-markdown-table-editor/.vscode-test/vscode-linux-x64-1.109.3/resources/app/out/vs/workbench/api/node/extensionHostProcess.js:123:2673
2026-02-14T07:16:04.6695585Z   [32m  ✔[0m[90m should handle document with no tables[0m
2026-02-14T07:16:04.6704541Z   [32m  ✔[0m[90m should handle mixed content with tables[0m
2026-02-14T07:16:04.6711023Z   [32m  ✔[0m[90m should handle malformed tables gracefully[0m
2026-02-14T07:16:04.6718456Z   [32m  ✔[0m[90m should handle invalid content in parseDocument[0m
2026-02-14T07:16:04.6723362Z   [32m  ✔[0m[90m should handle empty content gracefully[0m
2026-02-14T07:16:04.6736044Z   [32m  ✔[0m[90m should handle invalid AST in findTablesInDocument[0m
2026-02-14T07:16:04.6742114Z   [32m  ✔[0m[90m should handle malformed table structure gracefully[0m
2026-02-14T07:16:04.6746190Z   [32m  ✔[0m[90m should handle corrupted token structure[0m
2026-02-14T07:16:04.6800169Z   [32m  ✔[0m[90m should validate table structure and report issues[0m
2026-02-14T07:16:04.6971568Z   [32m  ✔[0m[90m should handle table with no headers gracefully[0m
2026-02-14T07:16:04.8716669Z   [32m  ✔[0m[90m should handle extremely large tables without hanging[0m[31m (205ms)[0m
2026-02-14T07:16:04.8781510Z [0m  TableManager Test Suite[0m
2026-02-14T07:16:04.8808223Z   [32m  ✔[0m[90m getAllTables returns all tables[0m
2026-02-14T07:16:04.8809189Z   [32m  ✔[0m[90m getTableByIndex returns correct table[0m
2026-02-14T07:16:04.8829850Z   [32m  ✔[0m[90m getTableByIndex returns null for out of range[0m
2026-02-14T07:16:04.8839543Z   [32m  ✔[0m[90m getTableAtPosition returns table at position[0m
2026-02-14T07:16:04.8854449Z   [32m  ✔[0m[90m getTableAtPosition returns null outside tables[0m
2026-02-14T07:16:04.8863418Z   [32m  ✔[0m[90m getTableAtLine returns table containing line[0m
2026-02-14T07:16:04.8870822Z   [32m  ✔[0m[90m getTableAtLine returns null for line outside tables[0m
2026-02-14T07:16:04.8878853Z   [32m  ✔[0m[90m getTableCount returns correct count[0m
2026-02-14T07:16:04.8886216Z   [32m  ✔[0m[90m getTablesWithValidation returns validation for each table[0m
2026-02-14T07:16:04.8894425Z   [32m  ✔[0m[90m getTablesSummary returns correct summary[0m
2026-02-14T07:16:04.8902057Z   [32m  ✔[0m[90m getTablesSummary counts invalid tables[0m
2026-02-14T07:16:04.8909656Z   [32m  ✔[0m[90m refresh updates tables[0m
2026-02-14T07:16:04.8917124Z   [32m  ✔[0m[90m getTablesInRange returns tables within range[0m
2026-02-14T07:16:04.8923569Z   [32m  ✔[0m[90m getTablesInRange returns empty for non-matching range[0m
2026-02-14T07:16:04.8935399Z   [32m  ✔[0m[90m getClosestTable returns closest table[0m
2026-02-14T07:16:04.9017280Z   [32m  ✔[0m[90m getClosestTable returns null for empty document[0m
2026-02-14T07:16:04.9019981Z   [32m  ✔[0m[90m getClosestTable picks nearest among multiple[0m
2026-02-14T07:16:04.9023856Z [0m  MarkdownParser extractSeparatorLine[0m
2026-02-14T07:16:04.9030818Z   [32m  ✔[0m[90m extracts separator from valid table[0m
2026-02-14T07:16:04.9039406Z   [32m  ✔[0m[90m returns undefined for table without separator[0m
2026-02-14T07:16:04.9045382Z [0m  MarkdownParser getTableMetadata[0m
2026-02-14T07:16:04.9046849Z   [32m  ✔[0m[90m getTableMetadata returns full metadata[0m
2026-02-14T07:16:04.9050650Z [0m  MarkdownParser Error Classes[0m
2026-02-14T07:16:04.9056500Z   [32m  ✔[0m[90m should create MarkdownParsingError correctly[0m
2026-02-14T07:16:04.9062845Z   [32m  ✔[0m[90m should create TableValidationError correctly[0m
2026-02-14T07:16:04.9068407Z [0m  MarkdownParser Additional Coverage[0m
2026-02-14T07:16:04.9073833Z   [32m  ✔[0m[90m parseDocument should throw for non-string content (number)[0m
2026-02-14T07:16:04.9079703Z   [32m  ✔[0m[90m parseDocument should throw for boolean content[0m
2026-02-14T07:16:04.9084442Z   [32m  ✔[0m[90m findTablesInDocument should handle null token inside tokens array[0m
2026-02-14T07:16:04.9087029Z   [32m  ✔[0m[90m findTablesInDocument should handle token parse error and continue[0m
2026-02-14T07:16:04.9097061Z Table has no headers, skipping
2026-02-14T07:16:04.9101374Z   [32m  ✔[0m[90m parseTableToken should return null when headers are empty[0m
2026-02-14T07:16:04.9109840Z Table has no headers, skipping
2026-02-14T07:16:04.9113851Z   [32m  ✔[0m[90m parseTableToken should handle thead_open parse error[0m
2026-02-14T07:16:04.9118046Z   [32m  ✔[0m[90m parseTableToken should handle tbody_open parse error gracefully[0m
2026-02-14T07:16:04.9121747Z   [32m  ✔[0m[90m parseTableToken should handle invalid startIndex[0m
2026-02-14T07:16:04.9124756Z Encountered null token at index 1
2026-02-14T07:16:04.9131588Z   [32m  ✔[0m[90m parseTableToken should handle null tokens inside parsing loop[0m
2026-02-14T07:16:04.9138579Z   [32m  ✔[0m[90m parseTableToken should update endLine from table_close token with map[0m
2026-02-14T07:16:04.9146480Z Failed to parse table token at index 0: Error: getter error
2026-02-14T07:16:04.9150899Z 	at get map (/home/runner/work/interactive-markdown-table-editor/interactive-markdown-table-editor/out/test/unit/markdownParser.test.js:779:53)
2026-02-14T07:16:04.9152743Z 	at MarkdownParser.parseTableToken (/home/runner/work/interactive-markdown-table-editor/interactive-markdown-table-editor/out/src/markdownParser.js:128:35)
2026-02-14T07:16:04.9156708Z 	at Context.<anonymous> (/home/runner/work/interactive-markdown-table-editor/interactive-markdown-table-editor/out/test/unit/markdownParser.test.js:781:31)
2026-02-14T07:16:04.9160913Z 	at callFn (/home/runner/work/interactive-markdown-table-editor/interactive-markdown-table-editor/node_modules/mocha/lib/runnable.js:364:21)
2026-02-14T07:16:04.9162955Z 	at Runnable.run (/home/runner/work/interactive-markdown-table-editor/interactive-markdown-table-editor/node_modules/mocha/lib/runnable.js:352:5)
2026-02-14T07:16:04.9165191Z 	at Runner.runTest (/home/runner/work/interactive-markdown-table-editor/interactive-markdown-table-editor/node_modules/mocha/lib/runner.js:677:10)
2026-02-14T07:16:04.9166958Z 	at /home/runner/work/interactive-markdown-table-editor/interactive-markdown-table-editor/node_modules/mocha/lib/runner.js:800:12
2026-02-14T07:16:04.9170301Z 	at next (/home/runner/work/interactive-markdown-table-editor/interactive-markdown-table-editor/node_modules/mocha/lib/runner.js:592:14)
2026-02-14T07:16:04.9172209Z 	at /home/runner/work/interactive-markdown-table-editor/interactive-markdown-table-editor/node_modules/mocha/lib/runner.js:602:7
2026-02-14T07:16:04.9173754Z 	at next (/home/runner/work/interactive-markdown-table-editor/interactive-markdown-table-editor/node_modules/mocha/lib/runner.js:485:14)
2026-02-14T07:16:04.9175944Z 	at cbHookRun (/home/runner/work/interactive-markdown-table-editor/interactive-markdown-table-editor/node_modules/mocha/lib/runner.js:550:7)
2026-02-14T07:16:04.9177673Z 	at done (/home/runner/work/interactive-markdown-table-editor/interactive-markdown-table-editor/node_modules/mocha/lib/runnable.js:308:5)
2026-02-14T07:16:04.9179698Z 	at callFn (/home/runner/work/interactive-markdown-table-editor/interactive-markdown-table-editor/node_modules/mocha/lib/runnable.js:387:7)
2026-02-14T07:16:04.9181362Z 	at Runnable.run (/home/runner/work/interactive-markdown-table-editor/interactive-markdown-table-editor/node_modules/mocha/lib/runnable.js:352:5)
2026-02-14T07:16:04.9182993Z 	at next (/home/runner/work/interactive-markdown-table-editor/interactive-markdown-table-editor/node_modules/mocha/lib/runner.js:509:10)
2026-02-14T07:16:04.9185071Z 	at Immediate._onImmediate (/home/runner/work/interactive-markdown-table-editor/interactive-markdown-table-editor/node_modules/mocha/lib/runner.js:570:5)
2026-02-14T07:16:04.9186434Z 	at process.processImmediate (node:internal/timers:485:21)
2026-02-14T07:16:04.9187480Z   [32m  ✔[0m[90m parseTableToken should handle non-MarkdownParsingError and return null[0m
2026-02-14T07:16:04.9188500Z   [32m  ✔[0m[90m isTableLine should detect valid table lines[0m
2026-02-14T07:16:04.9189346Z   [32m  ✔[0m[90m isTableSeparatorLine should detect separator lines[0m
2026-02-14T07:16:04.9190262Z   [32m  ✔[0m[90m getTableBoundaries should find actual table boundaries[0m
2026-02-14T07:16:04.9191251Z   [32m  ✔[0m[90m getTableBoundaries should handle table at end of document[0m
2026-02-14T07:16:04.9192366Z   [32m  ✔[0m[90m extractSeparatorLine should return undefined when second line is not separator[0m
2026-02-14T07:16:04.9193582Z   [32m  ✔[0m[90m calculateColumnWidth should handle missing columns in rows[0m
2026-02-14T07:16:04.9202697Z Error parsing table head: Error: corrupted token
2026-02-14T07:16:04.9205599Z 	at get type (/home/runner/work/interactive-markdown-table-editor/interactive-markdown-table-editor/out/test/unit/markdownParser.test.js:849:34)
2026-02-14T07:16:04.9207502Z 	at MarkdownParser.extractCellContent (/home/runner/work/interactive-markdown-table-editor/interactive-markdown-table-editor/out/src/markdownParser.js:285:23)
2026-02-14T07:16:04.9209953Z 	at MarkdownParser.parseTableHead (/home/runner/work/interactive-markdown-table-editor/interactive-markdown-table-editor/out/src/markdownParser.js:229:44)
2026-02-14T07:16:04.9212054Z 	at MarkdownParser.parseTableToken (/home/runner/work/interactive-markdown-table-editor/interactive-markdown-table-editor/out/src/markdownParser.js:148:49)
2026-02-14T07:16:04.9213914Z 	at Context.<anonymous> (/home/runner/work/interactive-markdown-table-editor/interactive-markdown-table-editor/out/test/unit/markdownParser.test.js:854:31)
2026-02-14T07:16:04.9216089Z 	at callFn (/home/runner/work/interactive-markdown-table-editor/interactive-markdown-table-editor/node_modules/mocha/lib/runnable.js:364:21)
2026-02-14T07:16:04.9218048Z 	at Runnable.run (/home/runner/work/interactive-markdown-table-editor/interactive-markdown-table-editor/node_modules/mocha/lib/runnable.js:352:5)
2026-02-14T07:16:04.9220130Z 	at Runner.runTest (/home/runner/work/interactive-markdown-table-editor/interactive-markdown-table-editor/node_modules/mocha/lib/runner.js:677:10)
2026-02-14T07:16:04.9221810Z 	at /home/runner/work/interactive-markdown-table-editor/interactive-markdown-table-editor/node_modules/mocha/lib/runner.js:800:12
2026-02-14T07:16:04.9223557Z 	at next (/home/runner/work/interactive-markdown-table-editor/interactive-markdown-table-editor/node_modules/mocha/lib/runner.js:592:14)
2026-02-14T07:16:04.9225386Z 	at /home/runner/work/interactive-markdown-table-editor/interactive-markdown-table-editor/node_modules/mocha/lib/runner.js:602:7
2026-02-14T07:16:04.9226987Z 	at next (/home/runner/work/interactive-markdown-table-editor/interactive-markdown-table-editor/node_modules/mocha/lib/runner.js:485:14)
2026-02-14T07:16:04.9228907Z 	at cbHookRun (/home/runner/work/interactive-markdown-table-editor/interactive-markdown-table-editor/node_modules/mocha/lib/runner.js:550:7)
2026-02-14T07:16:04.9230768Z 	at done (/home/runner/work/interactive-markdown-table-editor/interactive-markdown-table-editor/node_modules/mocha/lib/runnable.js:308:5)
2026-02-14T07:16:04.9232502Z 	at callFn (/home/runner/work/interactive-markdown-table-editor/interactive-markdown-table-editor/node_modules/mocha/lib/runnable.js:387:7)
2026-02-14T07:16:04.9234479Z 	at Runnable.run (/home/runner/work/interactive-markdown-table-editor/interactive-markdown-table-editor/node_modules/mocha/lib/runnable.js:352:5)
2026-02-14T07:16:04.9236170Z 	at next (/home/runner/work/interactive-markdown-table-editor/interactive-markdown-table-editor/node_modules/mocha/lib/runner.js:509:10)
2026-02-14T07:16:04.9238041Z 	at Immediate._onImmediate (/home/runner/work/interactive-markdown-table-editor/interactive-markdown-table-editor/node_modules/mocha/lib/runner.js:570:5)
2026-02-14T07:16:04.9239589Z 	at process.processImmediate (node:internal/timers:485:21)
2026-02-14T07:16:04.9240393Z Failed to parse table token at index 0: Error: corrupted token
2026-02-14T07:16:04.9241642Z 	at get type (/home/runner/work/interactive-markdown-table-editor/interactive-markdown-table-editor/out/test/unit/markdownParser.test.js:849:34)
2026-02-14T07:16:04.9243660Z 	at MarkdownParser.parseTableToken (/home/runner/work/interactive-markdown-table-editor/interactive-markdown-table-editor/out/src/markdownParser.js:143:27)
2026-02-14T07:16:04.9246854Z 	at Context.<anonymous> (/home/runner/work/interactive-markdown-table-editor/interactive-markdown-table-editor/out/test/unit/markdownParser.test.js:854:31)
2026-02-14T07:16:04.9248882Z 	at callFn (/home/runner/work/interactive-markdown-table-editor/interactive-markdown-table-editor/node_modules/mocha/lib/runnable.js:364:21)
2026-02-14T07:16:04.9250705Z 	at Runnable.run (/home/runner/work/interactive-markdown-table-editor/interactive-markdown-table-editor/node_modules/mocha/lib/runnable.js:352:5)
2026-02-14T07:16:04.9252469Z 	at Runner.runTest (/home/runner/work/interactive-markdown-table-editor/interactive-markdown-table-editor/node_modules/mocha/lib/runner.js:677:10)
2026-02-14T07:16:04.9254462Z 	at /home/runner/work/interactive-markdown-table-editor/interactive-markdown-table-editor/node_modules/mocha/lib/runner.js:800:12
2026-02-14T07:16:04.9256650Z 	at next (/home/runner/work/interactive-markdown-table-editor/interactive-markdown-table-editor/node_modules/mocha/lib/runner.js:592:14)
2026-02-14T07:16:04.9258273Z 	at /home/runner/work/interactive-markdown-table-editor/interactive-markdown-table-editor/node_modules/mocha/lib/runner.js:602:7
2026-02-14T07:16:04.9259995Z 	at next (/home/runner/work/interactive-markdown-table-editor/interactive-markdown-table-editor/node_modules/mocha/lib/runner.js:485:14)
2026-02-14T07:16:04.9261610Z 	at cbHookRun (/home/runner/work/interactive-markdown-table-editor/interactive-markdown-table-editor/node_modules/mocha/lib/runner.js:550:7)
2026-02-14T07:16:04.9263513Z 	at done (/home/runner/work/interactive-markdown-table-editor/interactive-markdown-table-editor/node_modules/mocha/lib/runnable.js:308:5)
2026-02-14T07:16:04.9265784Z 	at callFn (/home/runner/work/interactive-markdown-table-editor/interactive-markdown-table-editor/node_modules/mocha/lib/runnable.js:387:7)
2026-02-14T07:16:04.9267466Z 	at Runnable.run (/home/runner/work/interactive-markdown-table-editor/interactive-markdown-table-editor/node_modules/mocha/lib/runnable.js:352:5)
2026-02-14T07:16:04.9269090Z 	at next (/home/runner/work/interactive-markdown-table-editor/interactive-markdown-table-editor/node_modules/mocha/lib/runner.js:509:10)
2026-02-14T07:16:04.9270791Z 	at Immediate._onImmediate (/home/runner/work/interactive-markdown-table-editor/interactive-markdown-table-editor/node_modules/mocha/lib/runner.js:570:5)
2026-02-14T07:16:04.9271964Z 	at process.processImmediate (node:internal/timers:485:21)
2026-02-14T07:16:04.9272949Z   [32m  ✔[0m[90m parseTableHead catch block: corrupted thead tokens (L154-156)[0m
2026-02-14T07:16:04.9273794Z Error parsing table body: Error: corrupted body token
2026-02-14T07:16:04.9275108Z 	at get type (/home/runner/work/interactive-markdown-table-editor/interactive-markdown-table-editor/out/test/unit/markdownParser.test.js:878:31)
2026-02-14T07:16:04.9276856Z 	at MarkdownParser.parseTableBody (/home/runner/work/interactive-markdown-table-editor/interactive-markdown-table-editor/out/src/markdownParser.js:247:23)
2026-02-14T07:16:04.9278807Z 	at MarkdownParser.parseTableToken (/home/runner/work/interactive-markdown-table-editor/interactive-markdown-table-editor/out/src/markdownParser.js:161:47)
2026-02-14T07:16:04.9280741Z 	at Context.<anonymous> (/home/runner/work/interactive-markdown-table-editor/interactive-markdown-table-editor/out/test/unit/markdownParser.test.js:883:31)
2026-02-14T07:16:04.9282554Z 	at callFn (/home/runner/work/interactive-markdown-table-editor/interactive-markdown-table-editor/node_modules/mocha/lib/runnable.js:364:21)
2026-02-14T07:16:04.9284512Z 	at Runnable.run (/home/runner/work/interactive-markdown-table-editor/interactive-markdown-table-editor/node_modules/mocha/lib/runnable.js:352:5)
2026-02-14T07:16:04.9286211Z 	at Runner.runTest (/home/runner/work/interactive-markdown-table-editor/interactive-markdown-table-editor/node_modules/mocha/lib/runner.js:677:10)
2026-02-14T07:16:04.9287840Z 	at /home/runner/work/interactive-markdown-table-editor/interactive-markdown-table-editor/node_modules/mocha/lib/runner.js:800:12
2026-02-14T07:16:04.9289632Z 	at next (/home/runner/work/interactive-markdown-table-editor/interactive-markdown-table-editor/node_modules/mocha/lib/runner.js:592:14)
2026-02-14T07:16:04.9291459Z 	at /home/runner/work/interactive-markdown-table-editor/interactive-markdown-table-editor/node_modules/mocha/lib/runner.js:602:7
2026-02-14T07:16:04.9293021Z 	at next (/home/runner/work/interactive-markdown-table-editor/interactive-markdown-table-editor/node_modules/mocha/lib/runner.js:485:14)
2026-02-14T07:16:04.9294802Z 	at cbHookRun (/home/runner/work/interactive-markdown-table-editor/interactive-markdown-table-editor/node_modules/mocha/lib/runner.js:550:7)
2026-02-14T07:16:04.9296669Z 	at done (/home/runner/work/interactive-markdown-table-editor/interactive-markdown-table-editor/node_modules/mocha/lib/runnable.js:308:5)
2026-02-14T07:16:04.9298513Z 	at callFn (/home/runner/work/interactive-markdown-table-editor/interactive-markdown-table-editor/node_modules/mocha/lib/runnable.js:387:7)
2026-02-14T07:16:04.9300273Z 	at Runnable.run (/home/runner/work/interactive-markdown-table-editor/interactive-markdown-table-editor/node_modules/mocha/lib/runnable.js:352:5)
2026-02-14T07:16:04.9301975Z 	at next (/home/runner/work/interactive-markdown-table-editor/interactive-markdown-table-editor/node_modules/mocha/lib/runner.js:509:10)
2026-02-14T07:16:04.9303802Z 	at Immediate._onImmediate (/home/runner/work/interactive-markdown-table-editor/interactive-markdown-table-editor/node_modules/mocha/lib/runner.js:570:5)
2026-02-14T07:16:04.9324645Z 	at process.processImmediate (node:internal/timers:485:21)
2026-02-14T07:16:04.9325711Z   [32m  ✔[0m[90m parseTableBody catch block: corrupted tbody tokens (L167-169)[0m
2026-02-14T07:16:04.9333925Z   [32m  ✔[0m[90m tbody_close with non-empty currentRow (L249)[0m
2026-02-14T07:16:04.9337125Z Error parsing table head: TypeError: Cannot read type of corrupted token
2026-02-14T07:16:04.9338496Z 	at get type (/home/runner/work/interactive-markdown-table-editor/interactive-markdown-table-editor/out/test/unit/markdownParser.test.js:926:34)
2026-02-14T07:16:04.9340637Z 	at MarkdownParser.extractCellContent (/home/runner/work/interactive-markdown-table-editor/interactive-markdown-table-editor/out/src/markdownParser.js:285:23)
2026-02-14T07:16:04.9342717Z 	at MarkdownParser.parseTableHead (/home/runner/work/interactive-markdown-table-editor/interactive-markdown-table-editor/out/src/markdownParser.js:229:44)
2026-02-14T07:16:04.9344959Z 	at MarkdownParser.parseTableToken (/home/runner/work/interactive-markdown-table-editor/interactive-markdown-table-editor/out/src/markdownParser.js:148:49)
2026-02-14T07:16:04.9346883Z 	at Context.<anonymous> (/home/runner/work/interactive-markdown-table-editor/interactive-markdown-table-editor/out/test/unit/markdownParser.test.js:933:31)
2026-02-14T07:16:04.9348869Z 	at callFn (/home/runner/work/interactive-markdown-table-editor/interactive-markdown-table-editor/node_modules/mocha/lib/runnable.js:364:21)
2026-02-14T07:16:04.9350762Z 	at Runnable.run (/home/runner/work/interactive-markdown-table-editor/interactive-markdown-table-editor/node_modules/mocha/lib/runnable.js:352:5)
2026-02-14T07:16:04.9352663Z 	at Runner.runTest (/home/runner/work/interactive-markdown-table-editor/interactive-markdown-table-editor/node_modules/mocha/lib/runner.js:677:10)
2026-02-14T07:16:04.9369962Z 	at /home/runner/work/interactive-markdown-table-editor/interactive-markdown-table-editor/node_modules/mocha/lib/runner.js:800:12
2026-02-14T07:16:04.9371740Z 	at next (/home/runner/work/interactive-markdown-table-editor/interactive-markdown-table-editor/node_modules/mocha/lib/runner.js:592:14)
2026-02-14T07:16:04.9374236Z 	at /home/runner/work/interactive-markdown-table-editor/interactive-markdown-table-editor/node_modules/mocha/lib/runner.js:602:7
2026-02-14T07:16:04.9376477Z 	at next (/home/runner/work/interactive-markdown-table-editor/interactive-markdown-table-editor/node_modules/mocha/lib/runner.js:485:14)
2026-02-14T07:16:04.9379007Z 	at cbHookRun (/home/runner/work/interactive-markdown-table-editor/interactive-markdown-table-editor/node_modules/mocha/lib/runner.js:550:7)
2026-02-14T07:16:04.9381009Z 	at done (/home/runner/work/interactive-markdown-table-editor/interactive-markdown-table-editor/node_modules/mocha/lib/runnable.js:308:5)
2026-02-14T07:16:04.9382673Z 	at callFn (/home/runner/work/interactive-markdown-table-editor/interactive-markdown-table-editor/node_modules/mocha/lib/runnable.js:387:7)
2026-02-14T07:16:04.9384585Z 	at Runnable.run (/home/runner/work/interactive-markdown-table-editor/interactive-markdown-table-editor/node_modules/mocha/lib/runnable.js:352:5)
2026-02-14T07:16:04.9389070Z 	at next (/home/runner/work/interactive-markdown-table-editor/interactive-markdown-table-editor/node_modules/mocha/lib/runner.js:509:10)
2026-02-14T07:16:04.9391255Z 	at Immediate._onImmediate (/home/runner/work/interactive-markdown-table-editor/interactive-markdown-table-editor/node_modules/mocha/lib/runner.js:570:5)
2026-02-14T07:16:04.9392625Z 	at process.processImmediate (node:internal/timers:485:21)
2026-02-14T07:16:04.9393567Z Failed to parse table token at index 0: TypeError: Cannot read type of corrupted token
2026-02-14T07:16:04.9395086Z 	at get type (/home/runner/work/interactive-markdown-table-editor/interactive-markdown-table-editor/out/test/unit/markdownParser.test.js:926:34)
2026-02-14T07:16:04.9396990Z 	at MarkdownParser.parseTableToken (/home/runner/work/interactive-markdown-table-editor/interactive-markdown-table-editor/out/src/markdownParser.js:143:27)
2026-02-14T07:16:04.9400723Z 	at Context.<anonymous> (/home/runner/work/interactive-markdown-table-editor/interactive-markdown-table-editor/out/test/unit/markdownParser.test.js:933:31)
2026-02-14T07:16:04.9402542Z 	at callFn (/home/runner/work/interactive-markdown-table-editor/interactive-markdown-table-editor/node_modules/mocha/lib/runnable.js:364:21)
2026-02-14T07:16:04.9404690Z 	at Runnable.run (/home/runner/work/interactive-markdown-table-editor/interactive-markdown-table-editor/node_modules/mocha/lib/runnable.js:352:5)
2026-02-14T07:16:04.9407366Z 	at Runner.runTest (/home/runner/work/interactive-markdown-table-editor/interactive-markdown-table-editor/node_modules/mocha/lib/runner.js:677:10)
2026-02-14T07:16:04.9408723Z 	at /home/runner/work/interactive-markdown-table-editor/interactive-markdown-table-editor/node_modules/mocha/lib/runner.js:800:12
2026-02-14T07:16:04.9409651Z 	at next (/home/runner/work/interactive-markdown-table-editor/interactive-markdown-table-editor/node_modules/mocha/lib/runner.js:592:14)
2026-02-14T07:16:04.9411256Z 	at /home/runner/work/interactive-markdown-table-editor/interactive-markdown-table-editor/node_modules/mocha/lib/runner.js:602:7
2026-02-14T07:16:04.9413097Z 	at next (/home/runner/work/interactive-markdown-table-editor/interactive-markdown-table-editor/node_modules/mocha/lib/runner.js:485:14)
2026-02-14T07:16:04.9415075Z 	at cbHookRun (/home/runner/work/interactive-markdown-table-editor/interactive-markdown-table-editor/node_modules/mocha/lib/runner.js:550:7)
2026-02-14T07:16:04.9416680Z 	at done (/home/runner/work/interactive-markdown-table-editor/interactive-markdown-table-editor/node_modules/mocha/lib/runnable.js:308:5)
2026-02-14T07:16:04.9417905Z 	at callFn (/home/runner/work/interactive-markdown-table-editor/interactive-markdown-table-editor/node_modules/mocha/lib/runnable.js:387:7)
2026-02-14T07:16:04.9420000Z 	at Runnable.run (/home/runner/work/interactive-markdown-table-editor/interactive-markdown-table-editor/node_modules/mocha/lib/runnable.js:352:5)
2026-02-14T07:16:04.9421117Z 	at next (/home/runner/work/interactive-markdown-table-editor/interactive-markdown-table-editor/node_modules/mocha/lib/runner.js:509:10)
2026-02-14T07:16:04.9423301Z 	at Immediate._onImmediate (/home/runner/work/interactive-markdown-table-editor/interactive-markdown-table-editor/node_modules/mocha/lib/runner.js:570:5)
2026-02-14T07:16:04.9424384Z 	at process.processImmediate (node:internal/timers:485:21)
2026-02-14T07:16:04.9426031Z   [32m  ✔[0m[90m parseTableHead catch block: exception inside header cell extraction (L154-156 additional)[0m
2026-02-14T07:16:04.9427118Z Error parsing table body: Error: Corrupted body row token
2026-02-14T07:16:04.9428998Z 	at get type (/home/runner/work/interactive-markdown-table-editor/interactive-markdown-table-editor/out/test/unit/markdownParser.test.js:953:31)
2026-02-14T07:16:04.9430853Z 	at MarkdownParser.parseTableBody (/home/runner/work/interactive-markdown-table-editor/interactive-markdown-table-editor/out/src/markdownParser.js:247:23)
2026-02-14T07:16:04.9442092Z 	at MarkdownParser.parseTableToken (/home/runner/work/interactive-markdown-table-editor/interactive-markdown-table-editor/out/src/markdownParser.js:161:47)
2026-02-14T07:16:04.9444236Z 	at Context.<anonymous> (/home/runner/work/interactive-markdown-table-editor/interactive-markdown-table-editor/out/test/unit/markdownParser.test.js:958:31)
2026-02-14T07:16:04.9447453Z 	at callFn (/home/runner/work/interactive-markdown-table-editor/interactive-markdown-table-editor/node_modules/mocha/lib/runnable.js:364:21)
2026-02-14T07:16:04.9449590Z 	at Runnable.run (/home/runner/work/interactive-markdown-table-editor/interactive-markdown-table-editor/node_modules/mocha/lib/runnable.js:352:5)
2026-02-14T07:16:04.9451536Z 	at Runner.runTest (/home/runner/work/interactive-markdown-table-editor/interactive-markdown-table-editor/node_modules/mocha/lib/runner.js:677:10)
2026-02-14T07:16:04.9453163Z 	at /home/runner/work/interactive-markdown-table-editor/interactive-markdown-table-editor/node_modules/mocha/lib/runner.js:800:12
2026-02-14T07:16:04.9455076Z 	at next (/home/runner/work/interactive-markdown-table-editor/interactive-markdown-table-editor/node_modules/mocha/lib/runner.js:592:14)
2026-02-14T07:16:04.9456685Z 	at /home/runner/work/interactive-markdown-table-editor/interactive-markdown-table-editor/node_modules/mocha/lib/runner.js:602:7
2026-02-14T07:16:04.9459240Z 	at next (/home/runner/work/interactive-markdown-table-editor/interactive-markdown-table-editor/node_modules/mocha/lib/runner.js:485:14)
2026-02-14T07:16:04.9480593Z 	at cbHookRun (/home/runner/work/interactive-markdown-table-editor/interactive-markdown-table-editor/node_modules/mocha/lib/runner.js:550:7)
2026-02-14T07:16:04.9483908Z 	at done (/home/runner/work/interactive-markdown-table-editor/interactive-markdown-table-editor/node_modules/mocha/lib/runnable.js:308:5)
2026-02-14T07:16:04.9488617Z 	at callFn (/home/runner/work/interactive-markdown-table-editor/interactive-markdown-table-editor/node_modules/mocha/lib/runnable.js:387:7)
2026-02-14T07:16:04.9490579Z 	at Runnable.run (/home/runner/work/interactive-markdown-table-editor/interactive-markdown-table-editor/node_modules/mocha/lib/runnable.js:352:5)
2026-02-14T07:16:04.9492754Z 	at next (/home/runner/work/interactive-markdown-table-editor/interactive-markdown-table-editor/node_modules/mocha/lib/runner.js:509:10)
2026-02-14T07:16:04.9494862Z 	at Immediate._onImmediate (/home/runner/work/interactive-markdown-table-editor/interactive-markdown-table-editor/node_modules/mocha/lib/runner.js:570:5)
2026-02-14T07:16:04.9496205Z 	at process.processImmediate (node:internal/timers:485:21)
2026-02-14T07:16:04.9497428Z   [32m  ✔[0m[90m parseTableBody catch block: exception inside body row extraction (L167-169 additional)[0m
2026-02-14T07:16:04.9498641Z   [32m  ✔[0m[90m tbody_close with multiple data cells pending in currentRow (L249 additional)[0m
2026-02-14T07:16:04.9502008Z   [32m  ✔[0m[90m parseDocument should throw when md.parse returns null[0m
2026-02-14T07:16:04.9502984Z   [32m  ✔[0m[90m parseDocument should wrap non-MarkdownParsingError[0m
2026-02-14T07:16:04.9506604Z   [32m  ✔[0m[90m findTablesInDocument should warn on invalid table structure but still include it[0m
2026-02-14T07:16:04.9507163Z Error parsing table at token 0: Error: parse table error
2026-02-14T07:16:04.9507985Z 	at parser.parseTableToken (/home/runner/work/interactive-markdown-table-editor/interactive-markdown-table-editor/out/test/unit/markdownParser.test.js:1028:48)
2026-02-14T07:16:04.9509133Z 	at MarkdownParser.findTablesInDocument (/home/runner/work/interactive-markdown-table-editor/interactive-markdown-table-editor/out/src/markdownParser.js:75:48)
2026-02-14T07:16:04.9510240Z 	at Context.<anonymous> (/home/runner/work/interactive-markdown-table-editor/interactive-markdown-table-editor/out/test/unit/markdownParser.test.js:1033:31)
2026-02-14T07:16:04.9511263Z 	at callFn (/home/runner/work/interactive-markdown-table-editor/interactive-markdown-table-editor/node_modules/mocha/lib/runnable.js:364:21)
2026-02-14T07:16:04.9512243Z 	at Runnable.run (/home/runner/work/interactive-markdown-table-editor/interactive-markdown-table-editor/node_modules/mocha/lib/runnable.js:352:5)
2026-02-14T07:16:04.9513236Z 	at Runner.runTest (/home/runner/work/interactive-markdown-table-editor/interactive-markdown-table-editor/node_modules/mocha/lib/runner.js:677:10)
2026-02-14T07:16:04.9514559Z 	at /home/runner/work/interactive-markdown-table-editor/interactive-markdown-table-editor/node_modules/mocha/lib/runner.js:800:12
2026-02-14T07:16:04.9515487Z 	at next (/home/runner/work/interactive-markdown-table-editor/interactive-markdown-table-editor/node_modules/mocha/lib/runner.js:592:14)
2026-02-14T07:16:04.9516402Z 	at /home/runner/work/interactive-markdown-table-editor/interactive-markdown-table-editor/node_modules/mocha/lib/runner.js:602:7
2026-02-14T07:16:04.9517340Z 	at next (/home/runner/work/interactive-markdown-table-editor/interactive-markdown-table-editor/node_modules/mocha/lib/runner.js:485:14)
2026-02-14T07:16:04.9518541Z 	at cbHookRun (/home/runner/work/interactive-markdown-table-editor/interactive-markdown-table-editor/node_modules/mocha/lib/runner.js:550:7)
2026-02-14T07:16:04.9519839Z 	at done (/home/runner/work/interactive-markdown-table-editor/interactive-markdown-table-editor/node_modules/mocha/lib/runnable.js:308:5)
2026-02-14T07:16:04.9521387Z 	at callFn (/home/runner/work/interactive-markdown-table-editor/interactive-markdown-table-editor/node_modules/mocha/lib/runnable.js:387:7)
2026-02-14T07:16:04.9523289Z 	at Runnable.run (/home/runner/work/interactive-markdown-table-editor/interactive-markdown-table-editor/node_modules/mocha/lib/runnable.js:352:5)
2026-02-14T07:16:04.9524809Z 	at next (/home/runner/work/interactive-markdown-table-editor/interactive-markdown-table-editor/node_modules/mocha/lib/runner.js:509:10)
2026-02-14T07:16:04.9526814Z 	at Immediate._onImmediate (/home/runner/work/interactive-markdown-table-editor/interactive-markdown-table-editor/node_modules/mocha/lib/runner.js:570:5)
2026-02-14T07:16:04.9530480Z 	at process.processImmediate (node:internal/timers:485:21)
2026-02-14T07:16:04.9533167Z   [32m  ✔[0m[90m findTablesInDocument should continue when parseTableToken throws[0m
2026-02-14T07:16:04.9534534Z   [32m  ✔[0m[90m findTablesInDocument should wrap non-MarkdownParsingError in outer catch[0m
2026-02-14T07:16:04.9536975Z   [32m  ✔[0m[90m findTablesInDocument should log warning for table with validation issues[0m
2026-02-14T07:16:04.9537979Z [0m  PanelSessionManager Test Suite[0m
2026-02-14T07:16:04.9538375Z   [32m  ✔[0m[90m should construct without errors[0m
2026-02-14T07:16:04.9538775Z   [32m  ✔[0m[90m normalizeUri with null returns empty[0m
2026-02-14T07:16:04.9539211Z   [32m  ✔[0m[90m normalizeUri with undefined returns empty[0m
2026-02-14T07:16:04.9542367Z   [32m  ✔[0m[90m normalizeUri with empty string returns empty uri[0m
2026-02-14T07:16:04.9543293Z   [32m  ✔[0m[90m normalizeUri with valid file URI string[0m
2026-02-14T07:16:04.9544517Z   [32m  ✔[0m[90m normalizeUri with Uri instance[0m
2026-02-14T07:16:04.9545665Z   [32m  ✔[0m[90m normalizeUri with string containing :: returns null uri[0m
2026-02-14T07:16:04.9546514Z   [32m  ✔[0m[90m normalizeUri with object having toString[0m
2026-02-14T07:16:04.9547849Z   [32m  ✔[0m[90m normalizeUri with object having toString returning invalid URI[0m
2026-02-14T07:16:04.9548869Z   [32m  ✔[0m[90m normalizeUri with number returns empty or null uri[0m
2026-02-14T07:16:04.9549651Z   [32m  ✔[0m[90m setManagers stores map and primary manager[0m
2026-02-14T07:16:04.9550470Z   [32m  ✔[0m[90m getManagers returns undefined for unknown key[0m
2026-02-14T07:16:04.9551302Z   [32m  ✔[0m[90m setManagers with no primary manager at index 0[0m
2026-02-14T07:16:04.9552106Z   [32m  ✔[0m[90m getPanelAndManagers returns panel and managers[0m
2026-02-14T07:16:04.9553229Z   [32m  ✔[0m[90m getPanelAndManagers returns null panel for unknown key[0m
2026-02-14T07:16:04.9554320Z   [32m  ✔[0m[90m resolvePanelContext with null URI returns empty[0m
2026-02-14T07:16:04.9555291Z   [32m  ✔[0m[90m resolvePanelContext with valid URI but no matching panel[0m
2026-02-14T07:16:04.9556331Z   [32m  ✔[0m[90m resolvePanelContext with panelId that has matching panel[0m
2026-02-14T07:16:04.9557367Z   [32m  ✔[0m[90m resolvePanelContext resolves tableManagersMap by panelKey[0m
2026-02-14T07:16:04.9558551Z   [32m  ✔[0m[90m resolvePanelContext falls back to URI for tableManagersMap[0m
2026-02-14T07:16:04.9559490Z   [32m  ✔[0m[90m resolvePanelContext with empty panelId uses URI[0m
2026-02-14T07:16:04.9560280Z   [32m  ✔[0m[90m clearAll removes all managers[0m
2026-02-14T07:16:04.9561039Z   [32m  ✔[0m[90m clearAll on empty manager does not throw[0m
2026-02-14T07:16:04.9561916Z   [32m  ✔[0m[90m resolvePanelContext with no panelId falls back to URI key[0m
2026-02-14T07:16:04.9562703Z   [32m  ✔[0m[90m normalizeUri with Uri having empty scheme[0m
2026-02-14T07:16:04.9563426Z   [32m  ✔[0m[90m normalizeUri with Uri instance (non-string)[0m
2026-02-14T07:16:04.9564583Z   [32m  ✔[0m[90m normalizeUri with Uri instance containing :: returns valid URI[0m
2026-02-14T07:16:04.9565536Z   [32m  ✔[0m[90m normalizeUri with object toString returning unparseable[0m
2026-02-14T07:16:04.9566650Z   [32m  ✔[0m[90m normalizeUri with string that triggers parse error[0m
2026-02-14T07:16:04.9567724Z   [32m  ✔[0m[90m resolvePanelContext with panelKey falling back to candidateKeys for tableManagersMap[0m
2026-02-14T07:16:04.9568602Z   [32m  ✔[0m[90m resolvePanelContext falls back tableManagersMap via second candidateKey[0m
2026-02-14T07:16:04.9572775Z [0m  Protocol and Validator Completeness Tests[0m
2026-02-14T07:16:04.9576314Z   [32m  ✔[0m[90m All WebviewCommand enum values should be in validCommands array[0m
2026-02-14T07:16:04.9587637Z   [32m  ✔[0m[90m validCommands should not contain undefined or duplicate entries[0m
2026-02-14T07:16:04.9590013Z   [32m  ✔[0m[90m importCSV command should be recognized as valid[0m
2026-02-14T07:16:04.9599861Z   [32m  ✔[0m[90m importCSV command should validate correctly with tableIndex[0m
2026-02-14T07:16:04.9602674Z   [32m  ✔[0m[90m importCSV command should validate correctly without data[0m
2026-02-14T07:16:04.9611173Z   [32m  ✔[0m[90m importCSV command should validate correctly with empty object[0m
2026-02-14T07:16:04.9617578Z   [32m  ✔[0m[90m All protocol commands should have validation logic[0m
2026-02-14T07:16:04.9623130Z   [32m  ✔[0m[90m Validator should reject invalid importCSV data[0m
2026-02-14T07:16:04.9626543Z   [32m  ✔[0m[90m validateMessageData should return false for unknown command (default branch)[0m
2026-02-14T07:16:04.9630053Z   [32m  ✔[0m[90m validateMessageData should return false for requestSync (default branch)[0m
2026-02-14T07:16:04.9645568Z   [32m  ✔[0m[90m validateMessageData should return false for stateUpdate (default branch)[0m
2026-02-14T07:16:04.9648755Z   [32m  ✔[0m[90m validateMessageData addRow with undefined data should pass[0m
2026-02-14T07:16:04.9656314Z   [32m  ✔[0m[90m validateMessageData addColumn with undefined data should pass[0m
2026-02-14T07:16:04.9658262Z   [32m  ✔[0m[90m validateMessageData moveRow with fromIndex should pass[0m
2026-02-14T07:16:04.9666259Z   [32m  ✔[0m[90m validateMessageData moveColumn without indices or fromIndex should fail[0m
2026-02-14T07:16:04.9672236Z   [32m  ✔[0m[90m validateMessageData exportCSV with empty csvContent should fail[0m
2026-02-14T07:16:04.9679161Z   [32m  ✔[0m[90m validateMessageData exportCSV with empty filename should fail[0m
2026-02-14T07:16:04.9683099Z   [32m  ✔[0m[90m validateMessageData switchTable with negative index should fail[0m
2026-02-14T07:16:04.9688089Z   [32m  ✔[0m[90m validateMessageData should pass through manualSave command[0m
2026-02-14T07:16:04.9695036Z   [32m  ✔[0m[90m validateMessageData should pass through toggleAutoSave command[0m
2026-02-14T07:16:04.9701000Z   [32m  ✔[0m[90m validateMessageData should return false for completely unknown command[0m
2026-02-14T07:16:04.9705645Z   [32m  ✔[0m[90m validateMessageData exportCSV with valid filename should pass[0m
2026-02-14T07:16:04.9710304Z   [32m  ✔[0m[90m validateMessageData updateCell with negative row should fail[0m
2026-02-14T07:16:04.9715809Z   [32m  ✔[0m[90m validateMessageData deleteRows with negative index should fail[0m
2026-02-14T07:16:04.9718642Z   [32m  ✔[0m[90m validateMessageData sort with invalid direction should fail[0m
2026-02-14T07:16:04.9724429Z [0m  TableDataManager Test Suite[0m
2026-02-14T07:16:04.9727856Z   [32m  ✔[0m[90m should load table from TableNode[0m
2026-02-14T07:16:04.9734290Z   [32m  ✔[0m[90m should update cell value[0m
2026-02-14T07:16:04.9736891Z   [32m  ✔[0m[90m should throw error for invalid cell position[0m
2026-02-14T07:16:04.9741318Z   [32m  ✔[0m[90m should add row at end[0m
2026-02-14T07:16:04.9747882Z   [32m  ✔[0m[90m should add row at specific index[0m
2026-02-14T07:16:04.9756994Z   [32m  ✔[0m[90m should delete row[0m
2026-02-14T07:16:04.9762041Z   [32m  ✔[0m[90m should throw error for invalid row index[0m
2026-02-14T07:16:04.9766451Z   [32m  ✔[0m[90m should add column at end[0m
2026-02-14T07:16:04.9770857Z   [32m  ✔[0m[90m should add column at specific index[0m
2026-02-14T07:16:04.9772803Z   [32m  ✔[0m[90m should delete column[0m
2026-02-14T07:16:04.9778285Z   [32m  ✔[0m[90m should not delete last column[0m
2026-02-14T07:16:04.9781820Z   [32m  ✔[0m[90m should sort by column ascending[0m
2026-02-14T07:16:04.9785562Z   [32m  ✔[0m[90m should sort by column descending[0m
2026-02-14T07:16:04.9791752Z   [32m  ✔[0m[90m should move row[0m
2026-02-14T07:16:04.9796192Z   [32m  ✔[0m[90m should move column[0m
2026-02-14T07:16:04.9799551Z   [32m  ✔[0m[90m should serialize to markdown[0m
2026-02-14T07:16:04.9805242Z   [32m  ✔[0m[90m should escape pipe characters when serializing to markdown[0m
2026-02-14T07:16:04.9808336Z   [32m  ✔[0m[90m should not double-escape already escaped pipes[0m
2026-02-14T07:16:04.9812480Z   [32m  ✔[0m[90m should validate table structure[0m
2026-02-14T07:16:04.9818026Z   [32m  ✔[0m[90m should detect validation issues[0m
2026-02-14T07:16:04.9838417Z   [32m  ✔[0m[90m should provide table statistics[0m
2026-02-14T07:16:04.9839181Z   [32m  ✔[0m[90m should handle change listeners[0m
2026-02-14T07:16:04.9839907Z   [32m  ✔[0m[90m should clone table data manager[0m
2026-02-14T07:16:04.9842263Z   [32m  ✔[0m[90m should generate unique table IDs[0m
2026-02-14T07:16:04.9846255Z   [32m  ✔[0m[90m should batch update multiple cells[0m
2026-02-14T07:16:04.9851219Z   [32m  ✔[0m[90m should insert multiple rows[0m
2026-02-14T07:16:04.9853845Z   [32m  ✔[0m[90m should delete multiple rows[0m
2026-02-14T07:16:04.9856804Z   [32m  ✔[0m[90m should insert multiple columns[0m
2026-02-14T07:16:04.9860643Z   [32m  ✔[0m[90m should delete multiple columns[0m
2026-02-14T07:16:04.9865625Z   [32m  ✔[0m[90m should update entire row[0m
2026-02-14T07:16:04.9870900Z   [32m  ✔[0m[90m should update entire column[0m
2026-02-14T07:16:04.9876603Z   [32m  ✔[0m[90m should clear all cells[0m
2026-02-14T07:16:04.9882390Z   [32m  ✔[0m[90m should clear specific row[0m
2026-02-14T07:16:04.9888179Z   [32m  ✔[0m[90m should clear specific column[0m
2026-02-14T07:16:04.9892915Z   [32m  ✔[0m[90m should duplicate row[0m
2026-02-14T07:16:04.9898651Z   [32m  ✔[0m[90m should duplicate column[0m
2026-02-14T07:16:04.9904169Z   [32m  ✔[0m[90m should find and replace text[0m
2026-02-14T07:16:04.9909431Z   [32m  ✔[0m[90m should find and replace with regex[0m
2026-02-14T07:16:04.9914455Z   [32m  ✔[0m[90m should get row data[0m
2026-02-14T07:16:04.9919857Z   [32m  ✔[0m[90m should get column data[0m
2026-02-14T07:16:04.9925855Z   [32m  ✔[0m[90m should get cell value[0m
2026-02-14T07:16:04.9930041Z   [32m  ✔[0m[90m should check if table is empty[0m
2026-02-14T07:16:04.9934414Z   [32m  ✔[0m[90m should detect empty cells[0m
2026-02-14T07:16:04.9941741Z   [32m  ✔[0m[90m should handle batch update errors[0m
2026-02-14T07:16:04.9943015Z   [32m  ✔[0m[90m should handle column deletion constraints[0m
2026-02-14T07:16:04.9950328Z   [32m  ✔[0m[90m should perform advanced sort with options[0m
2026-02-14T07:16:04.9959533Z   [32m  ✔[0m[90m should perform multi-column sort[0m
2026-02-14T07:16:04.9960484Z   [32m  ✔[0m[90m should sort with custom function[0m
2026-02-14T07:16:04.9965185Z   [32m  ✔[0m[90m should shuffle rows randomly[0m
2026-02-14T07:16:04.9965837Z   [32m  ✔[0m[90m should reverse row order[0m
2026-02-14T07:16:04.9968522Z   [32m  ✔[0m[90m should detect column data types[0m
2026-02-14T07:16:04.9972216Z   [32m  ✔[0m[90m should perform natural sort[0m
2026-02-14T07:16:04.9974444Z   [32m  ✔[0m[90m should get sort indicators[0m
2026-02-14T07:16:04.9981952Z   [32m  ✔[0m[90m should get column statistics[0m
2026-02-14T07:16:04.9982598Z   [32m  ✔[0m[90m should clear sort state[0m
2026-02-14T07:16:04.9984973Z   [32m  ✔[0m[90m should handle case-insensitive sorting[0m
2026-02-14T07:16:04.9989061Z   [32m  ✔[0m[90m should handle date sorting[0m
2026-02-14T07:16:04.9991881Z   [32m  ✔[0m[90m should move row via drag and drop - forward movement[0m
2026-02-14T07:16:04.9995976Z   [32m  ✔[0m[90m should move row via drag and drop - backward movement[0m
2026-02-14T07:16:04.9998859Z   [32m  ✔[0m[90m should move row to middle position[0m
2026-02-14T07:16:05.0004713Z   [32m  ✔[0m[90m should move multiple rows preserving order[0m
2026-02-14T07:16:05.0007394Z   [32m  ✔[0m[90m should move column via drag and drop - forward movement[0m
2026-02-14T07:16:05.0009286Z   [32m  ✔[0m[90m should move column via drag and drop - backward movement[0m
2026-02-14T07:16:05.0060943Z   [32m  ✔[0m[90m should move multiple columns preserving order and separator line[0m
2026-02-14T07:16:05.0070121Z   [32m  ✔[0m[90m should move column to middle position[0m
2026-02-14T07:16:05.0075505Z   [32m  ✔[0m[90m should handle invalid row move indices[0m
2026-02-14T07:16:05.0079110Z   [32m  ✔[0m[90m should handle invalid column move indices[0m
2026-02-14T07:16:05.0085405Z   [32m  ✔[0m[90m should handle same position moves (no-op)[0m
2026-02-14T07:16:05.0091454Z   [32m  ✔[0m[90m should preserve data integrity during multiple drag operations[0m
2026-02-14T07:16:05.0100047Z   [32m  ✔[0m[90m should trigger change listeners during drag operations[0m
2026-02-14T07:16:05.0105636Z   [32m  ✔[0m[90m should update metadata during drag operations[0m
2026-02-14T07:16:05.0106511Z   [32m  ✔[0m[90m should serialize correctly after complex drag operations[0m
2026-02-14T07:16:05.0109496Z   [32m  ✔[0m[90m should handle drag operations on single row table[0m
2026-02-14T07:16:05.0111831Z   [32m  ✔[0m[90m should handle drag operations on single column table[0m
2026-02-14T07:16:05.0115176Z   [32m  ✔[0m[90m should start row drag operation - Requirement 4.1[0m
2026-02-14T07:16:05.0119121Z   [32m  ✔[0m[90m should start column drag operation - Requirement 4.2[0m
2026-02-14T07:16:05.0122080Z   [32m  ✔[0m[90m should provide visual feedback during drag - Requirement 4.3[0m
2026-02-14T07:16:05.0125266Z   [32m  ✔[0m[90m should complete drag and drop and update Markdown - Requirement 4.4[0m
2026-02-14T07:16:05.0129161Z   [32m  ✔[0m[90m should cancel drag operation[0m
2026-02-14T07:16:05.0131443Z   [32m  ✔[0m[90m should validate drop zones correctly[0m
2026-02-14T07:16:05.0135285Z   [32m  ✔[0m[90m should create drag preview correctly[0m
2026-02-14T07:16:05.0139151Z   [32m  ✔[0m[90m should handle invalid drag operations gracefully[0m
2026-02-14T07:16:05.0141351Z   [32m  ✔[0m[90m should handle drag to invalid drop zone[0m
2026-02-14T07:16:05.0143974Z   [32m  ✔[0m[90m should maintain data integrity during complex drag operations[0m
2026-02-14T07:16:05.0148246Z   [32m  ✔[0m[90m should create manager with table index[0m
2026-02-14T07:16:05.0150044Z   [32m  ✔[0m[90m should default table index to 0 when not specified[0m
2026-02-14T07:16:05.0153182Z   [32m  ✔[0m[90m should preserve table index through operations[0m
2026-02-14T07:16:05.0156875Z   [32m  ✔[0m[90m should handle multi-table scenario metadata[0m
2026-02-14T07:16:05.0160465Z   [32m  ✔[0m[90m should handle line break tags in cell content[0m
2026-02-14T07:16:05.0164261Z   [32m  ✔[0m[90m should preserve cell formatting during updates[0m
2026-02-14T07:16:05.0167555Z   [32m  ✔[0m[90m should maintain table structure after cell edits[0m
2026-02-14T07:16:05.0170558Z   [32m  ✔[0m[90m should handle cell editing and wrapping[0m
2026-02-14T07:16:05.0174211Z   [32m  ✔[0m[90m should handle empty cell values correctly[0m
2026-02-14T07:16:05.0176757Z   [32m  ✔[0m[90m getRow should throw for invalid index[0m
2026-02-14T07:16:05.0180071Z   [32m  ✔[0m[90m getColumn should throw for invalid index[0m
2026-02-14T07:16:05.0183942Z   [32m  ✔[0m[90m getCell should throw for invalid position[0m
2026-02-14T07:16:05.0187986Z   [32m  ✔[0m[90m hasEmptyCells should return false when no empty cells[0m
2026-02-14T07:16:05.0191426Z   [32m  ✔[0m[90m getEmptyCells should return empty array when no empty cells[0m
2026-02-14T07:16:05.0195632Z   [32m  ✔[0m[90m sortByColumnAdvanced should throw for invalid column[0m
2026-02-14T07:16:05.0199606Z   [32m  ✔[0m[90m sortByColumnAdvanced with custom comparator[0m
2026-02-14T07:16:05.0203148Z   [32m  ✔[0m[90m sortByMultipleColumns should return early for empty criteria[0m
2026-02-14T07:16:05.0205884Z   [32m  ✔[0m[90m sortByMultipleColumns should throw for invalid column[0m
2026-02-14T07:16:05.0209383Z   [32m  ✔[0m[90m reverseRows should flip sort direction[0m
2026-02-14T07:16:05.0213139Z   [32m  ✔[0m[90m reverseRows with no sort state[0m
2026-02-14T07:16:05.0216830Z   [32m  ✔[0m[90m sortNatural should throw for invalid column[0m
2026-02-14T07:16:05.0224871Z   [32m  ✔[0m[90m sortNatural descending order[0m
2026-02-14T07:16:05.0229186Z   [32m  ✔[0m[90m getSortIndicators when no sort state[0m
2026-02-14T07:16:05.0231601Z   [32m  ✔[0m[90m getSortedColumnStats should throw for invalid column[0m
2026-02-14T07:16:05.0235476Z   [32m  ✔[0m[90m getSortedColumnStats for date column[0m
2026-02-14T07:16:05.0239243Z   [32m  ✔[0m[90m getSortedColumnStats for string column[0m
2026-02-14T07:16:05.0242701Z   [32m  ✔[0m[90m getSortedColumnStats with empty values[0m
2026-02-14T07:16:05.0472335Z   [32m  ✔[0m[90m validateRowMove returns valid for correct indices[0m
2026-02-14T07:16:05.0473516Z   [32m  ✔[0m[90m validateRowMove returns invalid for bad from index[0m
2026-02-14T07:16:05.0474710Z   [32m  ✔[0m[90m validateRowMove returns invalid for bad to index[0m
2026-02-14T07:16:05.0475753Z   [32m  ✔[0m[90m validateRowMove returns invalid for same indices[0m
2026-02-14T07:16:05.0476639Z   [32m  ✔[0m[90m validateColumnMove returns valid for correct indices[0m
2026-02-14T07:16:05.0477629Z   [32m  ✔[0m[90m validateColumnMove returns invalid for bad from index[0m
2026-02-14T07:16:05.0485298Z   [32m  ✔[0m[90m validateColumnMove returns invalid for bad to index[0m
2026-02-14T07:16:05.0486883Z   [32m  ✔[0m[90m validateColumnMove returns invalid for same indices[0m
2026-02-14T07:16:05.0525007Z   [32m  ✔[0m[90m moveRowSafe succeeds for valid indices[0m
2026-02-14T07:16:05.0526071Z   [32m  ✔[0m[90m moveRowSafe fails for invalid indices[0m
2026-02-14T07:16:05.0541614Z   [32m  ✔[0m[90m moveColumnSafe succeeds for valid indices[0m
2026-02-14T07:16:05.0549870Z   [32m  ✔[0m[90m moveColumnSafe fails for invalid indices[0m
2026-02-14T07:16:05.0557674Z   [32m  ✔[0m[90m searchReplace with includeHeaders[0m
2026-02-14T07:16:05.0562947Z   [32m  ✔[0m[90m searchReplace no match returns 0[0m
2026-02-14T07:16:05.0568028Z   [32m  ✔[0m[90m updateCell should initialize editedCells when undefined[0m
2026-02-14T07:16:05.0575246Z   [32m  ✔[0m[90m updateHeader should update header value and track edit[0m
2026-02-14T07:16:05.0581063Z   [32m  ✔[0m[90m updateHeader should throw for negative column index[0m
2026-02-14T07:16:05.0587373Z   [32m  ✔[0m[90m updateHeader should throw for out-of-range column index[0m
2026-02-14T07:16:05.0595932Z   [32m  ✔[0m[90m updateHeader should initialize editedCells when undefined[0m
2026-02-14T07:16:05.0600469Z   [32m  ✔[0m[90m addRow should throw for negative index[0m
2026-02-14T07:16:05.0602570Z   [32m  ✔[0m[90m addRow should throw for index beyond length[0m
2026-02-14T07:16:05.0605874Z   [32m  ✔[0m[90m addRow should throw for count < 1[0m
2026-02-14T07:16:05.0606621Z   [32m  ✔[0m[90m addRow should add multiple rows at once[0m
2026-02-14T07:16:05.0625067Z   [32m  ✔[0m[90m addColumn should throw for negative index[0m
2026-02-14T07:16:05.0627755Z   [32m  ✔[0m[90m addColumn should throw for index beyond length[0m
2026-02-14T07:16:05.0631553Z   [32m  ✔[0m[90m addColumn should throw for count <= 0[0m
2026-02-14T07:16:05.0635642Z   [32m  ✔[0m[90m addColumn with count > 1 should add multiple columns[0m
2026-02-14T07:16:05.0637264Z   [32m  ✔[0m[90m addColumn without index should append[0m
2026-02-14T07:16:05.0640655Z   [32m  ✔[0m[90m addColumn with defaultName should use it for all added columns[0m
2026-02-14T07:16:05.0644166Z   [32m  ✔[0m[90m deleteColumn should throw for negative index[0m
2026-02-14T07:16:05.0650424Z   [32m  ✔[0m[90m deleteColumn should throw for out-of-range index[0m
2026-02-14T07:16:05.0652531Z   [32m  ✔[0m[90m sortByColumn should throw for invalid column index[0m
2026-02-14T07:16:05.0685542Z   [32m  ✔[0m[90m sortByColumn should sort strings using localeCompare[0m
2026-02-14T07:16:05.0686603Z   [32m  ✔[0m[90m moveRows with empty indices should be a no-op[0m
2026-02-14T07:16:05.0688987Z   [32m  ✔[0m[90m moveRows with all invalid indices should be a no-op[0m
2026-02-14T07:16:05.0692885Z   [32m  ✔[0m[90m moveRows should throw for invalid dropIndex[0m
2026-02-14T07:16:05.0693649Z   [32m  ✔[0m[90m moveRows should handle duplicate indices[0m
2026-02-14T07:16:05.0694625Z   [32m  ✔[0m[90m moveRows should move multiple rows to end[0m
2026-02-14T07:16:05.0696738Z   [32m  ✔[0m[90m moveColumns with empty indices should be a no-op[0m
2026-02-14T07:16:05.0697661Z   [32m  ✔[0m[90m moveColumns with all invalid indices should be a no-op[0m
2026-02-14T07:16:05.0699449Z   [32m  ✔[0m[90m moveColumns should throw for invalid dropIndex[0m
2026-02-14T07:16:05.0700289Z   [32m  ✔[0m[90m moveColumns should move multiple columns to start[0m
2026-02-14T07:16:05.0702421Z   [32m  ✔[0m[90m serializeToMarkdown should return rawLines as-is when no edits[0m
2026-02-14T07:16:05.0705735Z   [32m  ✔[0m[90m serializeToMarkdown should generate from scratch when no rawLines[0m
2026-02-14T07:16:05.0707728Z   [32m  ✔[0m[90m serializeToMarkdown should do differential update for rawLines with edits[0m
2026-02-14T07:16:05.0713158Z   [32m  ✔[0m[90m serializeToMarkdown differential update should handle header edits[0m
2026-02-14T07:16:05.0716257Z   [32m  ✔[0m[90m serializeToMarkdown with rawLines having escaped pipes uses differential update[0m
2026-02-14T07:16:05.0718184Z   [32m  ✔[0m[90m splitLineByUnescapedPipe returns null for line with fewer than 2 pipes[0m
2026-02-14T07:16:05.0719116Z   [32m  ✔[0m[90m splitLineByUnescapedPipe skips escaped pipes[0m
2026-02-14T07:16:05.0720008Z   [32m  ✔[0m[90m splitLineByUnescapedPipe parses correctly with escaped pipes[0m
2026-02-14T07:16:05.0723861Z   [32m  ✔[0m[90m addColumn with separator line should update separator[0m
2026-02-14T07:16:05.0727472Z   [32m  ✔[0m[90m deleteColumn with separator line should update separator[0m
2026-02-14T07:16:05.0729217Z   [32m  ✔[0m[90m separator update with invalid format should clear separator[0m
2026-02-14T07:16:05.0731669Z   [32m  ✔[0m[90m separator update without separator line should be no-op[0m
2026-02-14T07:16:05.0734820Z   [32m  ✔[0m[90m moveColumn with invalid separator format should clear separator[0m
2026-02-14T07:16:05.0736827Z   [32m  ✔[0m[90m moveColumn with valid separator line should update separator[0m
2026-02-14T07:16:05.0739779Z   [32m  ✔[0m[90m moveColumn without separator line should be no-op for separator[0m
2026-02-14T07:16:05.0742839Z   [32m  ✔[0m[90m moveColumns with invalid separator format should clear separator[0m
2026-02-14T07:16:05.0745820Z   [32m  ✔[0m[90m moveColumns with valid separator should reorder separator parts[0m
2026-02-14T07:16:05.0748255Z   [32m  ✔[0m[90m moveColumns without separator should be no-op for separator[0m
2026-02-14T07:16:05.0753336Z   [32m  ✔[0m[90m batchUpdateCells should update header when row is -1[0m
2026-02-14T07:16:05.0755349Z   [32m  ✔[0m[90m batchUpdateCells should throw for invalid column in header update[0m
2026-02-14T07:16:05.0757892Z   [32m  ✔[0m[90m batchUpdateCells should initialize editedCells when undefined[0m
2026-02-14T07:16:05.0760888Z   [32m  ✔[0m[90m replaceContents should replace entire table contents[0m
2026-02-14T07:16:05.0763892Z   [32m  ✔[0m[90m replaceContents should throw for empty headers[0m
2026-02-14T07:16:05.0766627Z   [32m  ✔[0m[90m replaceContents should throw for row length mismatch[0m
2026-02-14T07:16:05.0769259Z   [32m  ✔[0m[90m replaceContents should throw for non-array rows[0m
2026-02-14T07:16:05.0772113Z   [32m  ✔[0m[90m insertRows should throw for negative startIndex[0m
2026-02-14T07:16:05.0774601Z   [32m  ✔[0m[90m insertRows should throw for startIndex beyond length[0m
2026-02-14T07:16:05.0779719Z   [32m  ✔[0m[90m insertRows should throw for count <= 0[0m
2026-02-14T07:16:05.0781328Z   [32m  ✔[0m[90m deleteRows should throw for invalid index[0m
2026-02-14T07:16:05.0784512Z   [32m  ✔[0m[90m deleteRows should delete in descending order to preserve indices[0m
2026-02-14T07:16:05.0785477Z   [32m  ✔[0m[90m insertColumns should throw for negative startIndex[0m
2026-02-14T07:16:05.0787514Z   [32m  ✔[0m[90m insertColumns should throw for startIndex beyond header length[0m
2026-02-14T07:16:05.0789323Z   [32m  ✔[0m[90m insertColumns should throw for count <= 0[0m
2026-02-14T07:16:05.0791850Z   [32m  ✔[0m[90m insertColumns should throw for header count mismatch[0m
2026-02-14T07:16:05.0793812Z   [32m  ✔[0m[90m insertColumns should generate default headers when not provided[0m
2026-02-14T07:16:05.0796710Z   [32m  ✔[0m[90m deleteColumns should throw for invalid column index[0m
2026-02-14T07:16:05.0798339Z   [32m  ✔[0m[90m updateRow should throw for invalid row index[0m
2026-02-14T07:16:05.0800708Z   [32m  ✔[0m[90m updateRow should throw for column count mismatch[0m
2026-02-14T07:16:05.0803024Z   [32m  ✔[0m[90m updateColumn should throw for invalid column index[0m
2026-02-14T07:16:05.0805149Z   [32m  ✔[0m[90m updateColumn should throw for row count mismatch[0m
2026-02-14T07:16:05.0807627Z   [32m  ✔[0m[90m updateColumn without newHeader should keep existing header[0m
2026-02-14T07:16:05.0809919Z   [32m  ✔[0m[90m clearRow should throw for invalid row index[0m
2026-02-14T07:16:05.0832918Z   [32m  ✔[0m[90m clearColumn should throw for invalid column index[0m
2026-02-14T07:16:05.0836394Z   [32m  ✔[0m[90m duplicateRow with custom insertIndex should insert at specified position[0m
2026-02-14T07:16:05.0840735Z   [32m  ✔[0m[90m duplicateRow should throw for invalid row index[0m
2026-02-14T07:16:05.0843717Z   [32m  ✔[0m[90m duplicateColumn with custom insertIndex should insert at specified position[0m
2026-02-14T07:16:05.0846888Z   [32m  ✔[0m[90m duplicateColumn should throw for invalid column index[0m
2026-02-14T07:16:05.0853298Z   [32m  ✔[0m[90m findAndReplace case-sensitive should not match different case[0m
2026-02-14T07:16:05.0855321Z   [32m  ✔[0m[90m findAndReplace case-sensitive should match exact case[0m
2026-02-14T07:16:05.0860137Z   [32m  ✔[0m[90m findAndReplace wholeWord should not match partial words[0m
2026-02-14T07:16:05.0864469Z   [32m  ✔[0m[90m findAndReplace with regex and caseSensitive[0m
2026-02-14T07:16:05.0868143Z   [32m  ✔[0m[90m completeDragDrop should work with column drag[0m
2026-02-14T07:16:05.0872023Z   [32m  ✔[0m[90m removeDragDropListener should remove listener[0m
2026-02-14T07:16:05.0875518Z   [32m  ✔[0m[90m removeDragDropListener with non-existing listener should be no-op[0m
2026-02-14T07:16:05.0898554Z   [32m  ✔[0m[90m cancelDragDrop when not dragging should be no-op[0m
2026-02-14T07:16:05.0900548Z   [32m  ✔[0m[90m updateDragPosition when not dragging should return false[0m
2026-02-14T07:16:05.0902836Z   [32m  ✔[0m[90m createDragPreview should generate preview for column drag[0m
2026-02-14T07:16:05.0906106Z   [32m  ✔[0m[90m serializeToMarkdown should use original separator line when available[0m
2026-02-14T07:16:05.0907306Z   [32m  ✔[0m[90m deleteColumns with separator line should update separator correctly[0m
2026-02-14T07:16:05.0910642Z   [32m  ✔[0m[90m sortByColumn with mixed data uses string fallback[0m
2026-02-14T07:16:05.0920216Z   [32m  ✔[0m[90m sortByColumn descending with strings should reverse string order[0m
2026-02-14T07:16:05.0922264Z   [32m  ✔[0m[90m moveRow should throw when from is out of range[0m
2026-02-14T07:16:05.0933014Z   [32m  ✔[0m[90m moveRow should throw when to is out of range[0m
2026-02-14T07:16:05.0942273Z   [32m  ✔[0m[90m moveColumn should throw when from is out of range[0m
2026-02-14T07:16:05.0947879Z   [32m  ✔[0m[90m moveColumn should throw when to is out of range[0m
2026-02-14T07:16:05.0951838Z   [32m  ✔[0m[90m detectColumnDataType returns string for out-of-range index[0m
2026-02-14T07:16:05.0954874Z   [32m  ✔[0m[90m detectColumnDataType returns string for empty values[0m
2026-02-14T07:16:05.0957938Z   [32m  ✔[0m[90m compareValues with number type[0m
2026-02-14T07:16:05.0967736Z   [32m  ✔[0m[90m compareValues with date type[0m
2026-02-14T07:16:05.0968885Z   [32m  ✔[0m[90m compareValues with string case-insensitive[0m
2026-02-14T07:16:05.0973026Z   [32m  ✔[0m[90m compareValues with string case-sensitive[0m
2026-02-14T07:16:05.0977462Z   [32m  ✔[0m[90m escapePipeCharacters returns empty string for empty input[0m
2026-02-14T07:16:05.0980097Z   [32m  ✔[0m[90m escapePipeCharacters returns empty string for null-like input[0m
2026-02-14T07:16:05.0984596Z   [32m  ✔[0m[90m updateTableLine fallback path when splitLineByUnescapedPipe returns null[0m
2026-02-14T07:16:05.0986842Z   [32m  ✔[0m[90m updateTableLine with normal pipe-formatted line[0m
2026-02-14T07:16:05.0989585Z   [32m  ✔[0m[90m naturalCompare with same alpha part sorts by number[0m
2026-02-14T07:16:05.0992425Z   [32m  ✔[0m[90m naturalCompare with same alpha and same number returns 0[0m
2026-02-14T07:16:05.0996141Z   [32m  ✔[0m[90m naturalCompare with different alpha part sorts alphabetically[0m
2026-02-14T07:16:05.1004437Z   [32m  ✔[0m[90m startRowDrag should throw for invalid index[0m
2026-02-14T07:16:05.1009536Z   [32m  ✔[0m[90m startColumnDrag should throw for invalid index[0m
2026-02-14T07:16:05.1012860Z   [32m  ✔[0m[90m getValidRowDropZones should exclude drag index and adjacent[0m
2026-02-14T07:16:05.1019555Z   [32m  ✔[0m[90m getValidColumnDropZones should exclude drag index and adjacent[0m
2026-02-14T07:16:05.1027950Z   [32m  ✔[0m[90m isValidDropZone should return false when no drag is active[0m
2026-02-14T07:16:05.1035836Z   [32m  ✔[0m[90m deleteColumn should prevent deleting the sole remaining column[0m
2026-02-14T07:16:05.1038472Z   [32m  ✔[0m[90m loadTable should preserve rawLines from TableNode[0m
2026-02-14T07:16:05.1039652Z   [32m  ✔[0m[90m addRow should invalidate rawLines[0m
2026-02-14T07:16:05.1043760Z   [32m  ✔[0m[90m deleteRow should invalidate rawLines[0m
2026-02-14T07:16:05.1049158Z   [32m  ✔[0m[90m moveRow should invalidate rawLines[0m
2026-02-14T07:16:05.1050191Z   [32m  ✔[0m[90m validateTableStructure should detect empty headers[0m
2026-02-14T07:16:05.1051178Z   [32m  ✔[0m[90m validateTableStructure should warn about empty header names[0m
2026-02-14T07:16:05.1057128Z   [32m  ✔[0m[90m updateTableLine preserves spacing for unedited cells when editedCols not provided[0m
2026-02-14T07:16:05.1058951Z   [32m  ✔[0m[90m serializeToMarkdown with multiple cell edits on rawLines[0m
2026-02-14T07:16:05.1069974Z   [32m  ✔[0m[90m sortByColumnAdvanced with auto dataType should detect and sort[0m
2026-02-14T07:16:05.1071574Z   [32m  ✔[0m[90m sortByMultipleColumns with explicit dataType should use it[0m
2026-02-14T07:16:05.1075463Z   [32m  ✔[0m[90m completeDragDrop to invalid zone should cancel and return false[0m
2026-02-14T07:16:05.1076355Z   [32m  ✔[0m[90m createDragPreview does nothing when not dragging[0m
2026-02-14T07:16:05.1078072Z   [32m  ✔[0m[90m updateTableLine fallback covers edited and unedited cells and extra columns[0m
2026-02-14T07:16:05.1081964Z   [32m  ✔[0m[90m serializeToMarkdown preserves trailing content after last pipe[0m
2026-02-14T07:16:05.1085846Z   [32m  ✔[0m[90m getStatistics should count empty cells correctly[0m
2026-02-14T07:16:05.1089693Z   [32m  ✔[0m[90m sortByMultipleColumns should return non-zero comparison immediately[0m
2026-02-14T07:16:05.1093119Z   [32m  ✔[0m[90m serializeToMarkdown skips malformed editedCells keys[0m
2026-02-14T07:16:05.1099970Z   [32m  ✔[0m[90m updateTableLine handles extra original cells beyond newValues[0m
2026-02-14T07:16:05.1101415Z   [32m  ✔[0m[90m updateTableLine fallback path with mix of edited and unedited cells[0m
2026-02-14T07:16:05.1104719Z   [32m  ✔[0m[90m updateTableLine fallback path with escaped pipes triggers full fallback logic[0m
2026-02-14T07:16:05.1108812Z   [32m  ✔[0m[90m updateTableLine fallback path: edited cell, unedited cell, and extra cell[0m
2026-02-14T07:16:05.1111896Z   [32m  ✔[0m[90m updateTableLine fallback with 3-pipe line where parser returns null due to escaping[0m
2026-02-14T07:16:05.1115527Z   [32m  ✔[0m[90m updateTableLine fallback exercises edited, unedited, and extra cell branches[0m
2026-02-14T07:16:05.1119188Z   [32m  ✔[0m[90m sortByMultipleColumns returns early when primary comparison is non-zero[0m
2026-02-14T07:16:05.1120859Z   [32m  ✔[0m[90m sortByMultipleColumns returns 0 when all criteria are equal[0m
2026-02-14T07:16:05.1124694Z   [32m  ✔[0m[90m sortByMultipleColumns desc direction applies negation correctly[0m
2026-02-14T07:16:05.1128939Z   [32m  ✔[0m[90m completeDragDrop catch block triggers when internal move throws[0m
2026-02-14T07:16:05.1131495Z   [32m  ✔[0m[90m moveRowSafe catch block handles unexpected errors[0m
2026-02-14T07:16:05.1135545Z   [32m  ✔[0m[90m moveColumnSafe catch block handles unexpected errors[0m
2026-02-14T07:16:05.1139579Z [0m  TableEditRunner Test Suite[0m
2026-02-14T07:16:05.1143554Z   [32m  ✔[0m[90m should construct without errors[0m
2026-02-14T07:16:05.1147190Z   [32m  ✔[0m[90m run should return early when uri is undefined[0m
2026-02-14T07:16:05.1150838Z   [32m  ✔[0m[90m run should return early when panel is null[0m
2026-02-14T07:16:05.1154555Z   [32m  ✔[0m[90m run should send error when tableManagersMap is null[0m
2026-02-14T07:16:05.1158204Z   [32m  ✔[0m[90m run should send error when tableDataManager is not found[0m
2026-02-14T07:16:05.1161129Z   [32m  ✔[0m[90m run should execute mutate and send success with auto save enabled[0m
2026-02-14T07:16:05.1165647Z   [32m  ✔[0m[90m run should set dirty state when auto save is disabled[0m
2026-02-14T07:16:05.1168721Z   [32m  ✔[0m[90m run should send error when mutate throws[0m
2026-02-14T07:16:05.1188934Z   [32m  ✔[0m[90m run should use default error message when getErrorMessage is not provided[0m
2026-02-14T07:16:05.1202037Z   [32m  ✔[0m[90m run should use default success message when getSuccessMessage is not provided[0m
2026-02-14T07:16:05.1218033Z   [32m  ✔[0m[90m run should use custom undo description when provided[0m
2026-02-14T07:16:05.1221503Z   [32m  ✔[0m[90m run should handle null successMessage (no message sent)[0m
2026-02-14T07:16:05.1224885Z   [32m  ✔[0m[90m run should handle non-Error throw correctly[0m
2026-02-14T07:16:05.1228104Z   [32m  ✔[0m[90m run should silently catch sendOperationSuccess (save-started) error[0m
2026-02-14T07:16:05.1230734Z   [32m  ✔[0m[90m run should handle applied === false path[0m
2026-02-14T07:16:05.1233376Z   [32m  ✔[0m[90m run should silently catch sendOperationSuccess (save-completed) error[0m
2026-02-14T07:16:05.1236019Z   [32m  ✔[0m[90m run should silently catch sendOperationSuccess error when auto save is OFF[0m
2026-02-14T07:16:05.1237092Z   [32m  ✔[0m[90m run should use panelId for actualPanelId when provided[0m
2026-02-14T07:16:05.1239736Z   [32m  ✔[0m[90m run should handle gitDiffCoordinator.scheduleGitDiffCalculation rejection silently[0m
2026-02-14T07:16:05.1240697Z [0m  ThemeApplier Test Suite[0m
2026-02-14T07:16:05.1241299Z   [32m  ✔[0m[90m should construct without errors[0m
2026-02-14T07:16:05.1243314Z [0m    applyConfiguredThemeToPanels[0m
2026-02-14T07:16:05.1245669Z [Extension] Applying theme: "inherit"
2026-02-14T07:16:05.1265124Z [Extension] Broadcasting applyThemeVariables to 0 communication managers
2026-02-14T07:16:05.1266424Z     [32m  ✔[0m[90m should not throw[0m
2026-02-14T07:16:05.1267293Z [Extension] Applying theme: "inherit"
2026-02-14T07:16:05.1268297Z [Extension] Broadcasting applyThemeVariables to 0 communication managers
2026-02-14T07:16:05.1269985Z     [32m  ✔[0m[90m should broadcast applyThemeVariables[0m
2026-02-14T07:16:05.1273903Z [Extension] Applying theme: "inherit"
2026-02-14T07:16:05.1281431Z [Extension] Broadcasting applyThemeVariables to 0 communication managers
2026-02-14T07:16:05.1282653Z     [32m  ✔[0m[90m broadcast should contain cssText[0m
2026-02-14T07:16:05.1284905Z [Extension] Applying theme: "inherit"
2026-02-14T07:16:05.1289395Z [Extension] Broadcasting applyThemeVariables to 0 communication managers
2026-02-14T07:16:05.1314999Z [Extension] Theme application failed: Error: broadcast error
2026-02-14T07:16:05.1317008Z 	at mockWebviewManager.broadcastNotification (/home/runner/work/interactive-markdown-table-editor/interactive-markdown-table-editor/out/test/unit/themeApplier.test.js:57:23)
2026-02-14T07:16:05.1319772Z 	at ThemeApplier.applyConfiguredThemeToPanels (/home/runner/work/interactive-markdown-table-editor/interactive-markdown-table-editor/out/src/activation/themeApplier.js:22:33)
2026-02-14T07:16:05.1322332Z 	at async Context.<anonymous> (/home/runner/work/interactive-markdown-table-editor/interactive-markdown-table-editor/out/test/unit/themeApplier.test.js:60:13)
2026-02-14T07:16:05.1324470Z     [32m  ✔[0m[90m should handle error in broadcastNotification gracefully[0m
2026-02-14T07:16:05.1325391Z [Extension] Applying theme: "inherit"
2026-02-14T07:16:05.1326396Z [Extension] Broadcasting applyThemeVariables to 0 communication managers
2026-02-14T07:16:05.1327454Z     [32m  ✔[0m[90m should read theme from configuration[0m
2026-02-14T07:16:05.1328290Z [0m    registerWatchers[0m
2026-02-14T07:16:05.1329109Z     [32m  ✔[0m[90m should add subscriptions to context[0m
2026-02-14T07:16:05.1329946Z [Extension] Applying theme: "inherit"
2026-02-14T07:16:05.1333729Z [Extension] Broadcasting applyThemeVariables to 0 communication managers
2026-02-14T07:16:05.1339089Z     [32m  ✔[0m[90m config watcher should call applyConfiguredThemeToPanels when theme changes[0m
2026-02-14T07:16:05.1342702Z     [32m  ✔[0m[90m config watcher should not trigger for unrelated config changes[0m
2026-02-14T07:16:05.1345920Z [Extension] Applying theme: "inherit"
2026-02-14T07:16:05.1349604Z [Extension] Broadcasting applyThemeVariables to 0 communication managers
2026-02-14T07:16:05.1353234Z     [32m  ✔[0m[90m color theme watcher should call applyConfiguredThemeToPanels[0m
2026-02-14T07:16:05.1366527Z [0m    showThemePicker[0m
2026-02-14T07:16:05.1405031Z     [32m  ✔[0m[90m should not throw when picker is cancelled[0m
2026-02-14T07:16:05.1406033Z [Extension] Applying theme: "inherit"
2026-02-14T07:16:05.1408083Z [Extension] Broadcasting applyThemeVariables to 0 communication managers
2026-02-14T07:16:05.1409336Z     [32m  ✔[0m[90m should update config and apply theme when inherit is selected[0m
2026-02-14T07:16:05.1410767Z [Extension] Applying theme: "inherit"
2026-02-14T07:16:05.1411541Z [Extension] Broadcasting applyThemeVariables to 0 communication managers
2026-02-14T07:16:05.1412964Z     [32m  ✔[0m[90m should update config when a specific theme is selected[0m
2026-02-14T07:16:05.1413988Z [Extension] Applying theme: "inherit"
2026-02-14T07:16:05.1417340Z [Extension] Broadcasting applyThemeVariables to 0 communication managers
2026-02-14T07:16:05.1422872Z     [32m  ✔[0m[90m should handle theme with empty description as inherit[0m
2026-02-14T07:16:05.1427159Z [0m  themeUtils Test Suite[0m
2026-02-14T07:16:05.1431385Z [0m    getInstalledColorThemes[0m
2026-02-14T07:16:05.1437078Z     [32m  ✔[0m[90m should return an array[0m
2026-02-14T07:16:05.1459238Z     [32m  ✔[0m[90m should return themes with required properties when extensions have themes[0m
2026-02-14T07:16:05.1466918Z     [32m  ✔[0m[90m should deduplicate themes by id[0m
2026-02-14T07:16:05.1467724Z     [32m  ✔[0m[90m should skip extensions without contributes[0m
2026-02-14T07:16:05.1468657Z     [32m  ✔[0m[90m should skip extensions with non-array themes[0m
2026-02-14T07:16:05.1469635Z     [32m  ✔[0m[90m should skip theme entries without path[0m
2026-02-14T07:16:05.1472230Z     [32m  ✔[0m[90m should use fallback labels (id, name, Unnamed Theme)[0m
2026-02-14T07:16:05.1473162Z     [32m  ✔[0m[90m should handle extension with null packageJSON[0m
2026-02-14T07:16:05.1475347Z [0m    findThemeById[0m
2026-02-14T07:16:05.1477729Z     [32m  ✔[0m[90m should return undefined for non-existent theme[0m
2026-02-14T07:16:05.1480036Z     [32m  ✔[0m[90m should return undefined for empty string[0m
2026-02-14T07:16:05.1482279Z     [32m  ✔[0m[90m should find theme by id when extension exists[0m
2026-02-14T07:16:05.1483305Z     [32m  ✔[0m[90m should return undefined when extension id does not match[0m
2026-02-14T07:16:05.1488491Z     [32m  ✔[0m[90m should return undefined when path does not match[0m
2026-02-14T07:16:05.1491764Z     [32m  ✔[0m[90m should handle theme id with colons in path[0m
2026-02-14T07:16:05.1495144Z     [32m  ✔[0m[90m should use fallback labels for findThemeById[0m
2026-02-14T07:16:05.1506347Z     [32m  ✔[0m[90m should skip extension with non-array themes in findThemeById[0m
2026-02-14T07:16:05.1508218Z [0m    buildThemeVariablesCss[0m
2026-02-14T07:16:05.1511054Z     [32m  ✔[0m[90m should return empty cssText for inherit theme[0m
2026-02-14T07:16:05.1513261Z     [32m  ✔[0m[90m should return empty cssText for undefined theme[0m
2026-02-14T07:16:05.1515740Z [themeUtils] Theme not found for id: nonexistent:theme, returning empty cssText
2026-02-14T07:16:05.1516755Z     [32m  ✔[0m[90m should return empty cssText for non-existent theme id[0m
2026-02-14T07:16:05.1519233Z     [32m  ✔[0m[90m should return ThemeVariables object[0m
2026-02-14T07:16:05.1520168Z     [32m  ✔[0m[90m should build CSS from theme colors when theme file exists[0m
2026-02-14T07:16:05.1521887Z     [32m  ✔[0m[90m should build CSS with ensure overrides for missing tab colors[0m
2026-02-14T07:16:05.1525110Z [themeUtils] Failed to read theme colors from file:///testfail/themes/fail.json: Error: File not found
2026-02-14T07:16:05.1526722Z 	at Proxy.<anonymous> (/home/runner/work/interactive-markdown-table-editor/interactive-markdown-table-editor/out/test/unit/themeUtils.test.js:291:23)
2026-02-14T07:16:05.1528565Z 	at loadThemeJson (/home/runner/work/interactive-markdown-table-editor/interactive-markdown-table-editor/out/src/themeUtils.js:77:45)
2026-02-14T07:16:05.1530335Z 	at buildCssFromThemeColors (/home/runner/work/interactive-markdown-table-editor/interactive-markdown-table-editor/out/src/themeUtils.js:104:28)
2026-02-14T07:16:05.1532370Z 	at buildThemeVariablesCss (/home/runner/work/interactive-markdown-table-editor/interactive-markdown-table-editor/out/src/themeUtils.js:167:23)
2026-02-14T07:16:05.1534609Z 	at Context.<anonymous> (/home/runner/work/interactive-markdown-table-editor/interactive-markdown-table-editor/out/test/unit/themeUtils.test.js:293:74)
2026-02-14T07:16:05.1536833Z 	at callFn (/home/runner/work/interactive-markdown-table-editor/interactive-markdown-table-editor/node_modules/mocha/lib/runnable.js:364:21)
2026-02-14T07:16:05.1538792Z 	at Runnable.run (/home/runner/work/interactive-markdown-table-editor/interactive-markdown-table-editor/node_modules/mocha/lib/runnable.js:352:5)
2026-02-14T07:16:05.1540793Z 	at Runner.runTest (/home/runner/work/interactive-markdown-table-editor/interactive-markdown-table-editor/node_modules/mocha/lib/runner.js:677:10)
2026-02-14T07:16:05.1542686Z 	at /home/runner/work/interactive-markdown-table-editor/interactive-markdown-table-editor/node_modules/mocha/lib/runner.js:800:12
2026-02-14T07:16:05.1544657Z 	at next (/home/runner/work/interactive-markdown-table-editor/interactive-markdown-table-editor/node_modules/mocha/lib/runner.js:592:14)
2026-02-14T07:16:05.1546345Z 	at /home/runner/work/interactive-markdown-table-editor/interactive-markdown-table-editor/node_modules/mocha/lib/runner.js:602:7
2026-02-14T07:16:05.1547973Z 	at next (/home/runner/work/interactive-markdown-table-editor/interactive-markdown-table-editor/node_modules/mocha/lib/runner.js:485:14)
2026-02-14T07:16:05.1549618Z 	at Immediate.<anonymous> (/home/runner/work/interactive-markdown-table-editor/interactive-markdown-table-editor/node_modules/mocha/lib/runner.js:570:5)
2026-02-14T07:16:05.1550863Z 	at process.processImmediate (node:internal/timers:485:21)
2026-02-14T07:16:05.1553703Z [themeUtils] Failed to build CSS from theme "Fail Dark Theme", using theme-based fallback
2026-02-14T07:16:05.1555318Z [themeUtils] Failed to read theme colors from file:///testlightfail/themes/light-fail.json: Error: File not found
2026-02-14T07:16:05.1556829Z 	at Proxy.<anonymous> (/home/runner/work/interactive-markdown-table-editor/interactive-markdown-table-editor/out/test/unit/themeUtils.test.js:305:23)
2026-02-14T07:16:05.1558462Z 	at loadThemeJson (/home/runner/work/interactive-markdown-table-editor/interactive-markdown-table-editor/out/src/themeUtils.js:77:45)
2026-02-14T07:16:05.1560028Z 	at buildCssFromThemeColors (/home/runner/work/interactive-markdown-table-editor/interactive-markdown-table-editor/out/src/themeUtils.js:104:28)
2026-02-14T07:16:05.1561737Z 	at buildThemeVariablesCss (/home/runner/work/interactive-markdown-table-editor/interactive-markdown-table-editor/out/src/themeUtils.js:167:23)
2026-02-14T07:16:05.1563482Z 	at Context.<anonymous> (/home/runner/work/interactive-markdown-table-editor/interactive-markdown-table-editor/out/test/unit/themeUtils.test.js:307:74)
2026-02-14T07:16:05.1565318Z 	at callFn (/home/runner/work/interactive-markdown-table-editor/interactive-markdown-table-editor/node_modules/mocha/lib/runnable.js:364:21)
2026-02-14T07:16:05.1567019Z 	at Runnable.run (/home/runner/work/interactive-markdown-table-editor/interactive-markdown-table-editor/node_modules/mocha/lib/runnable.js:352:5)
2026-02-14T07:16:05.1568777Z 	at Runner.runTest (/home/runner/work/interactive-markdown-table-editor/interactive-markdown-table-editor/node_modules/mocha/lib/runner.js:677:10)
2026-02-14T07:16:05.1570692Z 	at /home/runner/work/interactive-markdown-table-editor/interactive-markdown-table-editor/node_modules/mocha/lib/runner.js:800:12
2026-02-14T07:16:05.1572192Z 	at next (/home/runner/work/interactive-markdown-table-editor/interactive-markdown-table-editor/node_modules/mocha/lib/runner.js:592:14)
2026-02-14T07:16:05.1573751Z 	at /home/runner/work/interactive-markdown-table-editor/interactive-markdown-table-editor/node_modules/mocha/lib/runner.js:602:7
2026-02-14T07:16:05.1575473Z 	at next (/home/runner/work/interactive-markdown-table-editor/interactive-markdown-table-editor/node_modules/mocha/lib/runner.js:485:14)
2026-02-14T07:16:05.1577267Z 	at Immediate.<anonymous> (/home/runner/work/interactive-markdown-table-editor/interactive-markdown-table-editor/node_modules/mocha/lib/runner.js:570:5)
2026-02-14T07:16:05.1578456Z 	at process.processImmediate (node:internal/timers:485:21)
2026-02-14T07:16:05.1579303Z [themeUtils] Failed to build CSS from theme "Fail Light Theme", using theme-based fallback
2026-02-14T07:16:05.1580413Z [themeUtils] Failed to load included theme: Error: Include file not found
2026-02-14T07:16:05.1581377Z     [32m  ✔[0m[90m should use dark fallback when theme file reading fails[0m
2026-02-14T07:16:05.1582316Z     [32m  ✔[0m[90m should use light fallback when light theme file reading fails[0m
2026-02-14T07:16:05.1583230Z     [32m  ✔[0m[90m should handle theme JSON with no colors property[0m
2026-02-14T07:16:05.1584212Z     [32m  ✔[0m[90m should handle theme JSON with empty colors object[0m
2026-02-14T07:16:05.1584958Z     [32m  ✔[0m[90m should handle theme with include directive[0m
2026-02-14T07:16:05.1585712Z     [32m  ✔[0m[90m should handle include directive failure gracefully[0m
2026-02-14T07:16:05.1586467Z     [32m  ✔[0m[90m should skip non-string color values[0m
2026-02-14T07:16:05.1587299Z     [32m  ✔[0m[90m should build ensure overrides with all tab-related fallbacks[0m
2026-02-14T07:16:05.1588310Z     [32m  ✔[0m[90m should handle semanticTokenColors in theme JSON (no colors)[0m
2026-02-14T07:16:05.1591912Z     [32m  ✔[0m[90m should apply tab.activeBorder as fallback for tab.activeBorderTop[0m
2026-02-14T07:16:05.1597301Z [0m    createThemeStyleTag[0m
2026-02-14T07:16:05.1604710Z     [32m  ✔[0m[90m should return empty string for empty cssText[0m
2026-02-14T07:16:05.1605606Z     [32m  ✔[0m[90m should generate style tag with CSS content[0m
2026-02-14T07:16:05.1606329Z     [32m  ✔[0m[90m should include mte-theme-override id[0m
2026-02-14T07:16:05.1607040Z     [32m  ✔[0m[90m should include data-scope attribute[0m
2026-02-14T07:16:05.1607631Z     [32m  ✔[0m[90m should include nonce[0m
2026-02-14T07:16:05.1608200Z [0m    buildThemeVariablesCss - additional coverage[0m
2026-02-14T07:16:05.1612114Z [themeUtils] Failed to read theme colors from file:///testemptycss/themes/empty-css.json: Error: Cannot read theme
2026-02-14T07:16:05.1630727Z 	at Proxy.<anonymous> (/home/runner/work/interactive-markdown-table-editor/interactive-markdown-table-editor/out/test/unit/themeUtils.test.js:523:23)
2026-02-14T07:16:05.1632560Z 	at loadThemeJson (/home/runner/work/interactive-markdown-table-editor/interactive-markdown-table-editor/out/src/themeUtils.js:77:45)
2026-02-14T07:16:05.1634247Z 	at buildCssFromThemeColors (/home/runner/work/interactive-markdown-table-editor/interactive-markdown-table-editor/out/src/themeUtils.js:104:28)
2026-02-14T07:16:05.1635944Z 	at buildThemeVariablesCss (/home/runner/work/interactive-markdown-table-editor/interactive-markdown-table-editor/out/src/themeUtils.js:167:23)
2026-02-14T07:16:05.1637606Z 	at Context.<anonymous> (/home/runner/work/interactive-markdown-table-editor/interactive-markdown-table-editor/out/test/unit/themeUtils.test.js:525:74)
2026-02-14T07:16:05.1639500Z 	at callFn (/home/runner/work/interactive-markdown-table-editor/interactive-markdown-table-editor/node_modules/mocha/lib/runnable.js:364:21)
2026-02-14T07:16:05.1641265Z 	at Runnable.run (/home/runner/work/interactive-markdown-table-editor/interactive-markdown-table-editor/node_modules/mocha/lib/runnable.js:352:5)
2026-02-14T07:16:05.1643372Z 	at Runner.runTest (/home/runner/work/interactive-markdown-table-editor/interactive-markdown-table-editor/node_modules/mocha/lib/runner.js:677:10)
2026-02-14T07:16:05.1645365Z 	at /home/runner/work/interactive-markdown-table-editor/interactive-markdown-table-editor/node_modules/mocha/lib/runner.js:800:12
2026-02-14T07:16:05.1647203Z 	at next (/home/runner/work/interactive-markdown-table-editor/interactive-markdown-table-editor/node_modules/mocha/lib/runner.js:592:14)
2026-02-14T07:16:05.1648842Z 	at /home/runner/work/interactive-markdown-table-editor/interactive-markdown-table-editor/node_modules/mocha/lib/runner.js:602:7
2026-02-14T07:16:05.1650684Z 	at next (/home/runner/work/interactive-markdown-table-editor/interactive-markdown-table-editor/node_modules/mocha/lib/runner.js:485:14)
2026-02-14T07:16:05.1652686Z 	at Immediate.<anonymous> (/home/runner/work/interactive-markdown-table-editor/interactive-markdown-table-editor/node_modules/mocha/lib/runner.js:570:5)
2026-02-14T07:16:05.1654224Z 	at process.processImmediate (node:internal/timers:485:21)
2026-02-14T07:16:05.1655235Z [themeUtils] Failed to build CSS from theme "Empty CSS Dark Theme", using theme-based fallback
2026-02-14T07:16:05.1656557Z     [32m  ✔[0m[90m should return dark fallback CSS when theme has empty string cssText[0m
2026-02-14T07:16:05.1657730Z [themeUtils] Failed to read theme colors from file:///testlightfb/themes/light-fail2.json: Error: Read error
2026-02-14T07:16:05.1659425Z 	at Proxy.<anonymous> (/home/runner/work/interactive-markdown-table-editor/interactive-markdown-table-editor/out/test/unit/themeUtils.test.js:537:23)
2026-02-14T07:16:05.1661268Z 	at loadThemeJson (/home/runner/work/interactive-markdown-table-editor/interactive-markdown-table-editor/out/src/themeUtils.js:77:45)
2026-02-14T07:16:05.1663162Z 	at buildCssFromThemeColors (/home/runner/work/interactive-markdown-table-editor/interactive-markdown-table-editor/out/src/themeUtils.js:104:28)
2026-02-14T07:16:05.1665305Z 	at buildThemeVariablesCss (/home/runner/work/interactive-markdown-table-editor/interactive-markdown-table-editor/out/src/themeUtils.js:167:23)
2026-02-14T07:16:05.1667007Z 	at Context.<anonymous> (/home/runner/work/interactive-markdown-table-editor/interactive-markdown-table-editor/out/test/unit/themeUtils.test.js:539:74)
2026-02-14T07:16:05.1668742Z 	at callFn (/home/runner/work/interactive-markdown-table-editor/interactive-markdown-table-editor/node_modules/mocha/lib/runnable.js:364:21)
2026-02-14T07:16:05.1670471Z 	at Runnable.run (/home/runner/work/interactive-markdown-table-editor/interactive-markdown-table-editor/node_modules/mocha/lib/runnable.js:352:5)
2026-02-14T07:16:05.1672426Z 	at Runner.runTest (/home/runner/work/interactive-markdown-table-editor/interactive-markdown-table-editor/node_modules/mocha/lib/runner.js:677:10)
2026-02-14T07:16:05.1677423Z 	at /home/runner/work/interactive-markdown-table-editor/interactive-markdown-table-editor/node_modules/mocha/lib/runner.js:800:12
2026-02-14T07:16:05.1679332Z 	at next (/home/runner/work/interactive-markdown-table-editor/interactive-markdown-table-editor/node_modules/mocha/lib/runner.js:592:14)
2026-02-14T07:16:05.1681183Z 	at /home/runner/work/interactive-markdown-table-editor/interactive-markdown-table-editor/node_modules/mocha/lib/runner.js:602:7
2026-02-14T07:16:05.1683019Z 	at next (/home/runner/work/interactive-markdown-table-editor/interactive-markdown-table-editor/node_modules/mocha/lib/runner.js:485:14)
2026-02-14T07:16:05.1685120Z 	at Immediate.<anonymous> (/home/runner/work/interactive-markdown-table-editor/interactive-markdown-table-editor/node_modules/mocha/lib/runner.js:570:5)
2026-02-14T07:16:05.1686471Z 	at process.processImmediate (node:internal/timers:485:21)
2026-02-14T07:16:05.1687534Z [themeUtils] Failed to build CSS from theme "My Light Fail Theme", using theme-based fallback
2026-02-14T07:16:05.1688875Z     [32m  ✔[0m[90m should return light fallback CSS when light theme CSS generation fails[0m
2026-02-14T07:16:05.1690441Z     [32m  ✔[0m[90m should handle buildEnsureOverrides with all falsy values (continue branch)[0m
2026-02-14T07:16:05.1691584Z [themeUtils] Failed to load included theme: Error: Include file not found
2026-02-14T07:16:05.1692744Z     [32m  ✔[0m[90m should handle theme include read failure (catch branch in loadThemeJson)[0m
2026-02-14T07:16:05.1693813Z     [32m  ✔[0m[90m should handle theme include with successful merge[0m
2026-02-14T07:16:05.1695003Z [themeUtils] Failed to load included theme: Error: Include file does not exist
2026-02-14T07:16:05.1696155Z     [32m  ✔[0m[90m should handle loadThemeJson include read failure - catch branch (L89)[0m
2026-02-14T07:16:05.1697397Z     [32m  ✔[0m[90m should skip falsy values in buildEnsureOverrides - continue branch (L221)[0m
2026-02-14T07:16:05.1698312Z [0m  UI/UX Enhancement Tests[0m
2026-02-14T07:16:05.1699367Z Extension not found in test environment - this is expected in some test configurations
2026-02-14T07:16:05.1700289Z   [32m  ✔[0m[90m Extension should be present[0m
2026-02-14T07:16:05.1700917Z Extension for commands test found: false
2026-02-14T07:16:05.1898613Z Available commands containing "markdownTableEditor": [
2026-02-14T07:16:05.1903031Z   'markdownTableEditor.openEditor',
2026-02-14T07:16:05.1903660Z   'markdownTableEditor.openEditorNewPanel',
2026-02-14T07:16:05.1904442Z   'markdownTableEditor.selectTheme',
2026-02-14T07:16:05.1905080Z   'markdownTableEditor.internal.requestTableData',
2026-02-14T07:16:05.1905775Z   'markdownTableEditor.internal.updateCell',
2026-02-14T07:16:05.1906305Z   'markdownTableEditor.internal.bulkUpdateCells',
2026-02-14T07:16:05.1906662Z   'markdownTableEditor.internal.updateHeader',
2026-02-14T07:16:05.1906987Z   'markdownTableEditor.internal.addRow',
2026-02-14T07:16:05.1907550Z   'markdownTableEditor.internal.deleteRow',
2026-02-14T07:16:05.1908024Z   'markdownTableEditor.internal.addColumn',
2026-02-14T07:16:05.1908619Z   'markdownTableEditor.internal.deleteColumn',
2026-02-14T07:16:05.1909214Z   'markdownTableEditor.internal.deleteRows',
2026-02-14T07:16:05.1909877Z   'markdownTableEditor.internal.deleteColumns',
2026-02-14T07:16:05.1910620Z   'markdownTableEditor.internal.sort',
2026-02-14T07:16:05.1911228Z   'markdownTableEditor.internal.moveRow',
2026-02-14T07:16:05.1911821Z   'markdownTableEditor.internal.moveColumn',
2026-02-14T07:16:05.1912407Z   'markdownTableEditor.internal.exportCSV',
2026-02-14T07:16:05.1912990Z   'markdownTableEditor.internal.importCSV',
2026-02-14T07:16:05.1913573Z   'markdownTableEditor.internal.forceFileSave'
2026-02-14T07:16:05.1914172Z ]
2026-02-14T07:16:05.1929020Z Extension not found in test environment - skipping command registration test
2026-02-14T07:16:05.1940919Z   [32m  ✔[0m[90m Commands should be registered[0m
2026-02-14T07:16:05.2706404Z Error opening table editor: Error: Channel has been closed
2026-02-14T07:16:05.2708570Z 	at r (file:///home/runner/work/interactive-markdown-table-editor/interactive-markdown-table-editor/.vscode-test/vscode-linux-x64-1.109.3/resources/app/out/vs/workbench/api/node/extensionHostProcess.js:123:2616)
2026-02-14T07:16:05.2716967Z 	at Object.appendLine (file:///home/runner/work/interactive-markdown-table-editor/interactive-markdown-table-editor/.vscode-test/vscode-linux-x64-1.109.3/resources/app/out/vs/workbench/api/node/extensionHostProcess.js:123:2755)
2026-02-14T07:16:05.2719501Z 	at MarkdownFileHandler.readMarkdownFile (/home/runner/work/interactive-markdown-table-editor/interactive-markdown-table-editor/out/src/fileHandler.js:76:32)
2026-02-14T07:16:05.2721700Z 	at CommandRegistrar.handleOpenEditor (/home/runner/work/interactive-markdown-table-editor/interactive-markdown-table-editor/out/src/activation/commandRegistrar.js:187:52)
2026-02-14T07:16:05.2723689Z 	at /home/runner/work/interactive-markdown-table-editor/interactive-markdown-table-editor/out/src/activation/commandRegistrar.js:33:24
2026-02-14T07:16:05.2727167Z 	at CA.h (file:///home/runner/work/interactive-markdown-table-editor/interactive-markdown-table-editor/.vscode-test/vscode-linux-x64-1.109.3/resources/app/out/vs/workbench/api/node/extensionHostProcess.js:116:41751)
2026-02-14T07:16:05.2729904Z 	at CA.g (file:///home/runner/work/interactive-markdown-table-editor/interactive-markdown-table-editor/.vscode-test/vscode-linux-x64-1.109.3/resources/app/out/vs/workbench/api/node/extensionHostProcess.js:116:40828)
2026-02-14T07:16:05.2732705Z 	at CA.executeCommand (file:///home/runner/work/interactive-markdown-table-editor/interactive-markdown-table-editor/.vscode-test/vscode-linux-x64-1.109.3/resources/app/out/vs/workbench/api/node/extensionHostProcess.js:116:40735)
2026-02-14T07:16:05.2735679Z 	at executeCommand (file:///home/runner/work/interactive-markdown-table-editor/interactive-markdown-table-editor/.vscode-test/vscode-linux-x64-1.109.3/resources/app/out/vs/workbench/api/node/extensionHostProcess.js:213:104946)
2026-02-14T07:16:05.2738538Z 	at vscode.commands.executeCommand (/home/runner/work/interactive-markdown-table-editor/interactive-markdown-table-editor/out/test/unit/csv-export-interface.test.js:191:24)
2026-02-14T07:16:05.2740847Z 	at vscode.commands.executeCommand (/home/runner/work/interactive-markdown-table-editor/interactive-markdown-table-editor/out/test/unit/csv-export-interface.test.js:191:24)
2026-02-14T07:16:05.2743131Z 	at vscode.commands.executeCommand (/home/runner/work/interactive-markdown-table-editor/interactive-markdown-table-editor/out/test/unit/csv-export-interface.test.js:191:24)
2026-02-14T07:16:05.2745460Z 	at vscode.commands.executeCommand (/home/runner/work/interactive-markdown-table-editor/interactive-markdown-table-editor/out/test/unit/csv-export-interface.test.js:297:24)
2026-02-14T07:16:05.2747735Z 	at Context.<anonymous> (/home/runner/work/interactive-markdown-table-editor/interactive-markdown-table-editor/out/test/unit/uiux.test.js:89:35)
2026-02-14T07:16:07.2399485Z   [32m  ✔[0m[90m Should handle webview status messages[0m[31m (2070ms)[0m
2026-02-14T07:16:07.2428501Z Error opening table editor: Error: Channel has been closed
2026-02-14T07:16:07.2430598Z 	at r (file:///home/runner/work/interactive-markdown-table-editor/interactive-markdown-table-editor/.vscode-test/vscode-linux-x64-1.109.3/resources/app/out/vs/workbench/api/node/extensionHostProcess.js:123:2616)
2026-02-14T07:16:07.2433868Z 	at Object.appendLine (file:///home/runner/work/interactive-markdown-table-editor/interactive-markdown-table-editor/.vscode-test/vscode-linux-x64-1.109.3/resources/app/out/vs/workbench/api/node/extensionHostProcess.js:123:2755)
2026-02-14T07:16:07.2438800Z 	at MarkdownFileHandler.readMarkdownFile (/home/runner/work/interactive-markdown-table-editor/interactive-markdown-table-editor/out/src/fileHandler.js:76:32)
2026-02-14T07:16:07.2441327Z 	at CommandRegistrar.handleOpenEditor (/home/runner/work/interactive-markdown-table-editor/interactive-markdown-table-editor/out/src/activation/commandRegistrar.js:187:52)
2026-02-14T07:16:07.2443370Z 	at /home/runner/work/interactive-markdown-table-editor/interactive-markdown-table-editor/out/src/activation/commandRegistrar.js:33:24
2026-02-14T07:16:07.2446073Z 	at CA.h (file:///home/runner/work/interactive-markdown-table-editor/interactive-markdown-table-editor/.vscode-test/vscode-linux-x64-1.109.3/resources/app/out/vs/workbench/api/node/extensionHostProcess.js:116:41751)
2026-02-14T07:16:07.2449224Z 	at CA.g (file:///home/runner/work/interactive-markdown-table-editor/interactive-markdown-table-editor/.vscode-test/vscode-linux-x64-1.109.3/resources/app/out/vs/workbench/api/node/extensionHostProcess.js:116:40828)
2026-02-14T07:16:07.2452332Z 	at CA.executeCommand (file:///home/runner/work/interactive-markdown-table-editor/interactive-markdown-table-editor/.vscode-test/vscode-linux-x64-1.109.3/resources/app/out/vs/workbench/api/node/extensionHostProcess.js:116:40735)
2026-02-14T07:16:07.2456431Z 	at executeCommand (file:///home/runner/work/interactive-markdown-table-editor/interactive-markdown-table-editor/.vscode-test/vscode-linux-x64-1.109.3/resources/app/out/vs/workbench/api/node/extensionHostProcess.js:213:104946)
2026-02-14T07:16:07.2459777Z 	at vscode.commands.executeCommand (/home/runner/work/interactive-markdown-table-editor/interactive-markdown-table-editor/out/test/unit/csv-export-interface.test.js:191:24)
2026-02-14T07:16:07.2462405Z 	at vscode.commands.executeCommand (/home/runner/work/interactive-markdown-table-editor/interactive-markdown-table-editor/out/test/unit/csv-export-interface.test.js:191:24)
2026-02-14T07:16:07.2465114Z 	at vscode.commands.executeCommand (/home/runner/work/interactive-markdown-table-editor/interactive-markdown-table-editor/out/test/unit/csv-export-interface.test.js:191:24)
2026-02-14T07:16:07.2467727Z 	at vscode.commands.executeCommand (/home/runner/work/interactive-markdown-table-editor/interactive-markdown-table-editor/out/test/unit/csv-export-interface.test.js:297:24)
2026-02-14T07:16:07.2470080Z 	at Context.<anonymous> (/home/runner/work/interactive-markdown-table-editor/interactive-markdown-table-editor/out/test/unit/uiux.test.js:111:35)
2026-02-14T07:16:09.2441276Z   [32m  ✔[0m[90m Should handle cell editing focus management[0m[31m (2004ms)[0m
2026-02-14T07:16:09.2467437Z Error opening table editor: Error: Channel has been closed
2026-02-14T07:16:09.2471657Z 	at r (file:///home/runner/work/interactive-markdown-table-editor/interactive-markdown-table-editor/.vscode-test/vscode-linux-x64-1.109.3/resources/app/out/vs/workbench/api/node/extensionHostProcess.js:123:2616)
2026-02-14T07:16:09.2474441Z 	at Object.appendLine (file:///home/runner/work/interactive-markdown-table-editor/interactive-markdown-table-editor/.vscode-test/vscode-linux-x64-1.109.3/resources/app/out/vs/workbench/api/node/extensionHostProcess.js:123:2755)
2026-02-14T07:16:09.2477166Z 	at MarkdownFileHandler.readMarkdownFile (/home/runner/work/interactive-markdown-table-editor/interactive-markdown-table-editor/out/src/fileHandler.js:76:32)
2026-02-14T07:16:09.2479515Z 	at CommandRegistrar.handleOpenEditor (/home/runner/work/interactive-markdown-table-editor/interactive-markdown-table-editor/out/src/activation/commandRegistrar.js:187:52)
2026-02-14T07:16:09.2481626Z 	at /home/runner/work/interactive-markdown-table-editor/interactive-markdown-table-editor/out/src/activation/commandRegistrar.js:33:24
2026-02-14T07:16:09.2483996Z 	at CA.h (file:///home/runner/work/interactive-markdown-table-editor/interactive-markdown-table-editor/.vscode-test/vscode-linux-x64-1.109.3/resources/app/out/vs/workbench/api/node/extensionHostProcess.js:116:41751)
2026-02-14T07:16:09.2486634Z 	at CA.g (file:///home/runner/work/interactive-markdown-table-editor/interactive-markdown-table-editor/.vscode-test/vscode-linux-x64-1.109.3/resources/app/out/vs/workbench/api/node/extensionHostProcess.js:116:40828)
2026-02-14T07:16:09.2489436Z 	at CA.executeCommand (file:///home/runner/work/interactive-markdown-table-editor/interactive-markdown-table-editor/.vscode-test/vscode-linux-x64-1.109.3/resources/app/out/vs/workbench/api/node/extensionHostProcess.js:116:40735)
2026-02-14T07:16:09.2492105Z 	at executeCommand (file:///home/runner/work/interactive-markdown-table-editor/interactive-markdown-table-editor/.vscode-test/vscode-linux-x64-1.109.3/resources/app/out/vs/workbench/api/node/extensionHostProcess.js:213:104946)
2026-02-14T07:16:09.2494426Z 	at vscode.commands.executeCommand (/home/runner/work/interactive-markdown-table-editor/interactive-markdown-table-editor/out/test/unit/csv-export-interface.test.js:191:24)
2026-02-14T07:16:09.2496497Z 	at vscode.commands.executeCommand (/home/runner/work/interactive-markdown-table-editor/interactive-markdown-table-editor/out/test/unit/csv-export-interface.test.js:191:24)
2026-02-14T07:16:09.2498574Z 	at vscode.commands.executeCommand (/home/runner/work/interactive-markdown-table-editor/interactive-markdown-table-editor/out/test/unit/csv-export-interface.test.js:191:24)
2026-02-14T07:16:09.2501091Z 	at vscode.commands.executeCommand (/home/runner/work/interactive-markdown-table-editor/interactive-markdown-table-editor/out/test/unit/csv-export-interface.test.js:297:24)
2026-02-14T07:16:09.2503610Z 	at Context.<anonymous> (/home/runner/work/interactive-markdown-table-editor/interactive-markdown-table-editor/out/test/unit/uiux.test.js:131:35)
2026-02-14T07:16:11.2486163Z   [32m  ✔[0m[90m Should support simplified toolbar interface[0m[31m (2005ms)[0m
2026-02-14T07:16:11.2511246Z Error opening table editor: Error: Channel has been closed
2026-02-14T07:16:11.2513343Z 	at r (file:///home/runner/work/interactive-markdown-table-editor/interactive-markdown-table-editor/.vscode-test/vscode-linux-x64-1.109.3/resources/app/out/vs/workbench/api/node/extensionHostProcess.js:123:2616)
2026-02-14T07:16:11.2516775Z 	at Object.appendLine (file:///home/runner/work/interactive-markdown-table-editor/interactive-markdown-table-editor/.vscode-test/vscode-linux-x64-1.109.3/resources/app/out/vs/workbench/api/node/extensionHostProcess.js:123:2755)
2026-02-14T07:16:11.2519893Z 	at MarkdownFileHandler.readMarkdownFile (/home/runner/work/interactive-markdown-table-editor/interactive-markdown-table-editor/out/src/fileHandler.js:76:32)
2026-02-14T07:16:11.2522488Z 	at CommandRegistrar.handleOpenEditor (/home/runner/work/interactive-markdown-table-editor/interactive-markdown-table-editor/out/src/activation/commandRegistrar.js:187:52)
2026-02-14T07:16:11.2524532Z 	at /home/runner/work/interactive-markdown-table-editor/interactive-markdown-table-editor/out/src/activation/commandRegistrar.js:33:24
2026-02-14T07:16:11.2526814Z 	at CA.h (file:///home/runner/work/interactive-markdown-table-editor/interactive-markdown-table-editor/.vscode-test/vscode-linux-x64-1.109.3/resources/app/out/vs/workbench/api/node/extensionHostProcess.js:116:41751)
2026-02-14T07:16:11.2529520Z 	at CA.g (file:///home/runner/work/interactive-markdown-table-editor/interactive-markdown-table-editor/.vscode-test/vscode-linux-x64-1.109.3/resources/app/out/vs/workbench/api/node/extensionHostProcess.js:116:40828)
2026-02-14T07:16:11.2531860Z 	at CA.executeCommand (file:///home/runner/work/interactive-markdown-table-editor/interactive-markdown-table-editor/.vscode-test/vscode-linux-x64-1.109.3/resources/app/out/vs/workbench/api/node/extensionHostProcess.js:116:40735)
2026-02-14T07:16:11.2534818Z 	at executeCommand (file:///home/runner/work/interactive-markdown-table-editor/interactive-markdown-table-editor/.vscode-test/vscode-linux-x64-1.109.3/resources/app/out/vs/workbench/api/node/extensionHostProcess.js:213:104946)
2026-02-14T07:16:11.2537179Z 	at vscode.commands.executeCommand (/home/runner/work/interactive-markdown-table-editor/interactive-markdown-table-editor/out/test/unit/csv-export-interface.test.js:191:24)
2026-02-14T07:16:11.2539637Z 	at vscode.commands.executeCommand (/home/runner/work/interactive-markdown-table-editor/interactive-markdown-table-editor/out/test/unit/csv-export-interface.test.js:191:24)
2026-02-14T07:16:11.2542157Z 	at vscode.commands.executeCommand (/home/runner/work/interactive-markdown-table-editor/interactive-markdown-table-editor/out/test/unit/csv-export-interface.test.js:191:24)
2026-02-14T07:16:11.2544788Z 	at vscode.commands.executeCommand (/home/runner/work/interactive-markdown-table-editor/interactive-markdown-table-editor/out/test/unit/csv-export-interface.test.js:297:24)
2026-02-14T07:16:11.2547000Z 	at Context.<anonymous> (/home/runner/work/interactive-markdown-table-editor/interactive-markdown-table-editor/out/test/unit/uiux.test.js:154:35)
2026-02-14T07:16:11.2652088Z   [32m  ✔[0m[90m Should handle error messages in status bar[0m
2026-02-14T07:16:11.2825852Z Error opening table editor: Error: Channel has been closed
2026-02-14T07:16:11.2827434Z 	at r (file:///home/runner/work/interactive-markdown-table-editor/interactive-markdown-table-editor/.vscode-test/vscode-linux-x64-1.109.3/resources/app/out/vs/workbench/api/node/extensionHostProcess.js:123:2616)
2026-02-14T07:16:11.2828981Z 	at Object.appendLine (file:///home/runner/work/interactive-markdown-table-editor/interactive-markdown-table-editor/.vscode-test/vscode-linux-x64-1.109.3/resources/app/out/vs/workbench/api/node/extensionHostProcess.js:123:2755)
2026-02-14T07:16:11.2830582Z 	at MarkdownFileHandler.readMarkdownFile (/home/runner/work/interactive-markdown-table-editor/interactive-markdown-table-editor/out/src/fileHandler.js:76:32)
2026-02-14T07:16:11.2831784Z 	at CommandRegistrar.handleOpenEditor (/home/runner/work/interactive-markdown-table-editor/interactive-markdown-table-editor/out/src/activation/commandRegistrar.js:187:52)
2026-02-14T07:16:11.2832871Z 	at /home/runner/work/interactive-markdown-table-editor/interactive-markdown-table-editor/out/src/activation/commandRegistrar.js:33:24
2026-02-14T07:16:11.2834349Z 	at CA.h (file:///home/runner/work/interactive-markdown-table-editor/interactive-markdown-table-editor/.vscode-test/vscode-linux-x64-1.109.3/resources/app/out/vs/workbench/api/node/extensionHostProcess.js:116:41751)
2026-02-14T07:16:11.2835822Z 	at CA.g (file:///home/runner/work/interactive-markdown-table-editor/interactive-markdown-table-editor/.vscode-test/vscode-linux-x64-1.109.3/resources/app/out/vs/workbench/api/node/extensionHostProcess.js:116:40828)
2026-02-14T07:16:11.2837497Z 	at CA.executeCommand (file:///home/runner/work/interactive-markdown-table-editor/interactive-markdown-table-editor/.vscode-test/vscode-linux-x64-1.109.3/resources/app/out/vs/workbench/api/node/extensionHostProcess.js:116:40735)
2026-02-14T07:16:11.2839066Z 	at executeCommand (file:///home/runner/work/interactive-markdown-table-editor/interactive-markdown-table-editor/.vscode-test/vscode-linux-x64-1.109.3/resources/app/out/vs/workbench/api/node/extensionHostProcess.js:213:104946)
2026-02-14T07:16:11.2840438Z 	at vscode.commands.executeCommand (/home/runner/work/interactive-markdown-table-editor/interactive-markdown-table-editor/out/test/unit/csv-export-interface.test.js:191:24)
2026-02-14T07:16:11.2841660Z 	at vscode.commands.executeCommand (/home/runner/work/interactive-markdown-table-editor/interactive-markdown-table-editor/out/test/unit/csv-export-interface.test.js:191:24)
2026-02-14T07:16:11.2842871Z 	at vscode.commands.executeCommand (/home/runner/work/interactive-markdown-table-editor/interactive-markdown-table-editor/out/test/unit/csv-export-interface.test.js:191:24)
2026-02-14T07:16:11.2844174Z 	at vscode.commands.executeCommand (/home/runner/work/interactive-markdown-table-editor/interactive-markdown-table-editor/out/test/unit/csv-export-interface.test.js:297:24)
2026-02-14T07:16:11.2845277Z 	at Context.<anonymous> (/home/runner/work/interactive-markdown-table-editor/interactive-markdown-table-editor/out/test/unit/uiux.test.js:171:35)
2026-02-14T07:16:11.2959174Z   [32m  ✔[0m[90m Should support context menu operations without toolbar buttons[0m
2026-02-14T07:16:11.2960347Z [0m  UndoRedoManager Test Suite[0m
2026-02-14T07:16:11.2961995Z   [32m  ✔[0m[90m getInstance should return singleton[0m
2026-02-14T07:16:11.2965613Z   [32m  ✔[0m[90m canUndo should return false initially[0m
2026-02-14T07:16:11.2967354Z   [32m  ✔[0m[90m canRedo should return false initially[0m
2026-02-14T07:16:11.2968855Z   [32m  ✔[0m[90m getStats should return zero counts initially[0m
2026-02-14T07:16:11.3126039Z   [32m  ✔[0m[90m saveState should add to undo stack[0m
2026-02-14T07:16:11.3272694Z   [32m  ✔[0m[90m saveState should clear redo stack[0m
2026-02-14T07:16:11.3329492Z   [32m  ✔[0m[90m saveState should limit stack size to maxStackSize[0m
2026-02-14T07:16:11.3359482Z [MTE][UndoRedo] Failed to save state: CodeExpectedError: cannot open file:///tmp/undo-redo-test-7hCgW1/non-existent.md. Detail: Unable to read file '/tmp/undo-redo-test-7hCgW1/non-existent.md' (Error: Unable to resolve nonexistent file '/tmp/undo-redo-test-7hCgW1/non-existent.md')
2026-02-14T07:16:11.3362680Z     at Yze.$tryOpenDocument (vscode-file://vscode-app/home/runner/work/interactive-markdown-table-editor/interactive-markdown-table-editor/.vscode-test/vscode-linux-x64-1.109.3/resources/app/out/vs/workbench/workbench.desktop.main.js:542:8529)
2026-02-14T07:16:11.3364919Z   [32m  ✔[0m[90m saveState should handle errors gracefully[0m
2026-02-14T07:16:11.3365793Z   [32m  ✔[0m[90m undo should return false when stack is empty[0m
2026-02-14T07:16:11.3479799Z   [32m  ✔[0m[90m undo should restore previous state[0m
2026-02-14T07:16:11.3588331Z   [32m  ✔[0m[90m undo should add current state to redo stack[0m
2026-02-14T07:16:11.3594942Z   [32m  ✔[0m[90m redo should return false when stack is empty[0m
2026-02-14T07:16:11.3976636Z   [32m  ✔[0m[90m redo should restore undone state[0m
2026-02-14T07:16:11.4447278Z   [32m  ✔[0m[90m redo should add current state to undo stack[0m[33m (49ms)[0m
2026-02-14T07:16:11.4500554Z   [32m  ✔[0m[90m clearHistory should reset both stacks[0m
2026-02-14T07:16:11.4674878Z   [32m  ✔[0m[90m multiple undos should work sequentially[0m
2026-02-14T07:16:11.4769829Z   [32m  ✔[0m[90m getStats should reflect undo/redo counts correctly[0m
2026-02-14T07:16:11.4825164Z   [32m  ✔[0m[90m separate URIs should have independent stacks[0m
2026-02-14T07:16:11.4859004Z   [32m  ✔[0m[90m saveState stack.shift() fires when exceeding maxStackSize[0m
2026-02-14T07:16:11.4868511Z [MTE][UndoRedo] Failed to save state: Error: Cannot open document
2026-02-14T07:16:11.4870452Z 	at vscode.workspace.openTextDocument (/home/runner/work/interactive-markdown-table-editor/interactive-markdown-table-editor/out/test/unit/undoRedoManager.test.js:188:19)
2026-02-14T07:16:11.4872471Z 	at UndoRedoManager.saveState (/home/runner/work/interactive-markdown-table-editor/interactive-markdown-table-editor/out/src/undoRedoManager.js:28:53)
2026-02-14T07:16:11.4874728Z 	at Context.<anonymous> (/home/runner/work/interactive-markdown-table-editor/interactive-markdown-table-editor/out/test/unit/undoRedoManager.test.js:192:27)
2026-02-14T07:16:11.4876472Z 	at callFn (/home/runner/work/interactive-markdown-table-editor/interactive-markdown-table-editor/node_modules/mocha/lib/runnable.js:364:21)
2026-02-14T07:16:11.4878260Z 	at Runnable.run (/home/runner/work/interactive-markdown-table-editor/interactive-markdown-table-editor/node_modules/mocha/lib/runnable.js:352:5)
2026-02-14T07:16:11.4879863Z 	at Runner.runTest (/home/runner/work/interactive-markdown-table-editor/interactive-markdown-table-editor/node_modules/mocha/lib/runner.js:677:10)
2026-02-14T07:16:11.4881380Z 	at /home/runner/work/interactive-markdown-table-editor/interactive-markdown-table-editor/node_modules/mocha/lib/runner.js:800:12
2026-02-14T07:16:11.4882331Z 	at next (/home/runner/work/interactive-markdown-table-editor/interactive-markdown-table-editor/node_modules/mocha/lib/runner.js:592:14)
2026-02-14T07:16:11.4883653Z 	at /home/runner/work/interactive-markdown-table-editor/interactive-markdown-table-editor/node_modules/mocha/lib/runner.js:602:7
2026-02-14T07:16:11.4885367Z 	at next (/home/runner/work/interactive-markdown-table-editor/interactive-markdown-table-editor/node_modules/mocha/lib/runner.js:485:14)
2026-02-14T07:16:11.4886999Z 	at cbHookRun (/home/runner/work/interactive-markdown-table-editor/interactive-markdown-table-editor/node_modules/mocha/lib/runner.js:550:7)
2026-02-14T07:16:11.4888346Z 	at done (/home/runner/work/interactive-markdown-table-editor/interactive-markdown-table-editor/node_modules/mocha/lib/runnable.js:308:5)
2026-02-14T07:16:11.4889731Z 	at callFn (/home/runner/work/interactive-markdown-table-editor/interactive-markdown-table-editor/node_modules/mocha/lib/runnable.js:387:7)
2026-02-14T07:16:11.4891365Z 	at Runnable.run (/home/runner/work/interactive-markdown-table-editor/interactive-markdown-table-editor/node_modules/mocha/lib/runnable.js:352:5)
2026-02-14T07:16:11.4892691Z 	at next (/home/runner/work/interactive-markdown-table-editor/interactive-markdown-table-editor/node_modules/mocha/lib/runner.js:509:10)
2026-02-14T07:16:11.4893680Z 	at Immediate.<anonymous> (/home/runner/work/interactive-markdown-table-editor/interactive-markdown-table-editor/node_modules/mocha/lib/runner.js:570:5)
2026-02-14T07:16:11.4894541Z 	at process.processImmediate (node:internal/timers:485:21)
2026-02-14T07:16:11.4895179Z   [32m  ✔[0m[90m saveState catch block when openTextDocument throws (L51 JS)[0m
2026-02-14T07:16:11.4985470Z   [32m  ✔[0m[90m undo should create redo stack if not exists and succeed[0m
2026-02-14T07:16:11.5021024Z [MTE][UndoRedo] Undo failed to apply: Error: apply failed
2026-02-14T07:16:11.5022714Z 	at Object.applyWorkspaceEditAndSave (/home/runner/work/interactive-markdown-table-editor/interactive-markdown-table-editor/out/test/unit/undoRedoManager.test.js:221:60)
2026-02-14T07:16:11.5026679Z 	at UndoRedoManager.undo (/home/runner/work/interactive-markdown-table-editor/interactive-markdown-table-editor/out/src/undoRedoManager.js:79:59)
2026-02-14T07:16:11.5028571Z 	at async Context.<anonymous> (/home/runner/work/interactive-markdown-table-editor/interactive-markdown-table-editor/out/test/unit/undoRedoManager.test.js:225:28)
2026-02-14T07:16:11.5030316Z   [32m  ✔[0m[90m undo should restore undo stack when applyWorkspaceEditAndSave fails[0m
2026-02-14T07:16:11.5061288Z [MTE][UndoRedo] Undo operation failed: TypeError: Cannot read properties of null (reading 'content')
2026-02-14T07:16:11.5063038Z 	at UndoRedoManager.undo (/home/runner/work/interactive-markdown-table-editor/interactive-markdown-table-editor/out/src/undoRedoManager.js:77:56)
2026-02-14T07:16:11.5065017Z 	at async Context.<anonymous> (/home/runner/work/interactive-markdown-table-editor/interactive-markdown-table-editor/out/test/unit/undoRedoManager.test.js:245:24)
2026-02-14T07:16:11.5066177Z   [32m  ✔[0m[90m undo should return false when outer try/catch fires (e.g., openTextDocument fails)[0m
2026-02-14T07:16:11.5220490Z   [32m  ✔[0m[90m redo should create undo stack if not exists and succeed[0m
2026-02-14T07:16:11.5331909Z [MTE][UndoRedo] Redo failed to apply: Error: redo apply failed
2026-02-14T07:16:11.5335428Z 	at Object.applyWorkspaceEditAndSave (/home/runner/work/interactive-markdown-table-editor/interactive-markdown-table-editor/out/test/unit/undoRedoManager.test.js:272:60)
2026-02-14T07:16:11.5337454Z 	at UndoRedoManager.redo (/home/runner/work/interactive-markdown-table-editor/interactive-markdown-table-editor/out/src/undoRedoManager.js:126:59)
2026-02-14T07:16:11.5339325Z 	at async Context.<anonymous> (/home/runner/work/interactive-markdown-table-editor/interactive-markdown-table-editor/out/test/unit/undoRedoManager.test.js:276:28)
2026-02-14T07:16:11.5340953Z   [32m  ✔[0m[90m redo should restore redo stack when applyWorkspaceEditAndSave fails[0m
2026-02-14T07:16:11.5440437Z [MTE][UndoRedo] Redo operation failed: TypeError: Cannot read properties of null (reading 'content')
2026-02-14T07:16:11.5441972Z 	at UndoRedoManager.redo (/home/runner/work/interactive-markdown-table-editor/interactive-markdown-table-editor/out/src/undoRedoManager.js:124:52)
2026-02-14T07:16:11.5445241Z 	at async Context.<anonymous> (/home/runner/work/interactive-markdown-table-editor/interactive-markdown-table-editor/out/test/unit/undoRedoManager.test.js:295:24)
2026-02-14T07:16:11.5447598Z   [32m  ✔[0m[90m redo should return false when outer try/catch fires[0m
2026-02-14T07:16:11.5452003Z [0m  validators Test Suite[0m
2026-02-14T07:16:11.5456102Z [0m    isObject[0m
2026-02-14T07:16:11.5536358Z     [32m  ✔[0m[90m should return true for plain object[0m
2026-02-14T07:16:11.5537368Z     [32m  ✔[0m[90m should return false for null[0m
2026-02-14T07:16:11.5542230Z     [32m  ✔[0m[90m should return false for undefined[0m
2026-02-14T07:16:11.5547464Z     [32m  ✔[0m[90m should return false for string[0m
2026-02-14T07:16:11.5557502Z     [32m  ✔[0m[90m should return false for number[0m
2026-02-14T07:16:11.5561719Z     [32m  ✔[0m[90m should return true for array[0m
2026-02-14T07:16:11.5562709Z [0m    validateBasicMessageStructure[0m
2026-02-14T07:16:11.5563436Z     [32m  ✔[0m[90m should return true for valid message[0m
2026-02-14T07:16:11.5570684Z     [32m  ✔[0m[90m should return false for null[0m
2026-02-14T07:16:11.5571630Z     [32m  ✔[0m[90m should return false for non-object[0m
2026-02-14T07:16:11.5573545Z     [32m  ✔[0m[90m should return false for missing command[0m
2026-02-14T07:16:11.5576063Z     [32m  ✔[0m[90m should return false for non-string command[0m
2026-02-14T07:16:11.5580397Z [0m    validateMessageCommand[0m
2026-02-14T07:16:11.5583501Z     [32m  ✔[0m[90m should return true for valid command[0m
2026-02-14T07:16:11.5588141Z     [32m  ✔[0m[90m should return false for invalid command[0m
2026-02-14T07:16:11.5591558Z     [32m  ✔[0m[90m should validate all known commands[0m
2026-02-14T07:16:11.5595551Z [0m    validateMessageData[0m
2026-02-14T07:16:11.5600014Z     [32m  ✔[0m[90m should pass diag command[0m
2026-02-14T07:16:11.5603930Z     [32m  ✔[0m[90m should pass webviewError command[0m
2026-02-14T07:16:11.5606138Z     [32m  ✔[0m[90m should pass pong command[0m
2026-02-14T07:16:11.5608942Z     [32m  ✔[0m[90m should pass requestThemeVariables command[0m
2026-02-14T07:16:11.5613547Z     [32m  ✔[0m[90m should pass requestFontSettings command[0m
2026-02-14T07:16:11.5616374Z     [32m  ✔[0m[90m should pass undo command[0m
2026-02-14T07:16:11.5620666Z     [32m  ✔[0m[90m should pass redo command[0m
2026-02-14T07:16:11.5625629Z     [32m  ✔[0m[90m should pass requestTableData command[0m
2026-02-14T07:16:11.5630584Z     [32m  ✔[0m[90m should pass toggleAutoSave command[0m
2026-02-14T07:16:11.5642880Z     [32m  ✔[0m[90m should pass manualSave command[0m
2026-02-14T07:16:11.5643700Z     [32m  ✔[0m[90m should pass webviewUnhandledRejection command[0m
2026-02-14T07:16:11.5653496Z     [32m  ✔[0m[90m should validate updateCell with valid data[0m
2026-02-14T07:16:11.5660105Z     [32m  ✔[0m[90m should reject updateCell with missing row[0m
2026-02-14T07:16:11.5665246Z     [32m  ✔[0m[90m should reject updateCell with negative row[0m
2026-02-14T07:16:11.5670754Z     [32m  ✔[0m[90m should validate bulkUpdateCells with valid data[0m
2026-02-14T07:16:11.5673519Z     [32m  ✔[0m[90m should reject bulkUpdateCells with non-array updates[0m
2026-02-14T07:16:11.5681003Z     [32m  ✔[0m[90m should validate updateHeader with valid data[0m
2026-02-14T07:16:11.5682453Z     [32m  ✔[0m[90m should reject updateHeader with missing col[0m
2026-02-14T07:16:11.5715918Z     [32m  ✔[0m[90m should validate addRow with undefined data[0m
2026-02-14T07:16:11.5717110Z     [32m  ✔[0m[90m should validate addRow with object data[0m
2026-02-14T07:16:11.5718676Z     [32m  ✔[0m[90m should validate deleteRows with valid data[0m
2026-02-14T07:16:11.5719474Z     [32m  ✔[0m[90m should reject deleteRows with negative indices[0m
2026-02-14T07:16:11.5720307Z     [32m  ✔[0m[90m should validate addColumn with undefined data[0m
2026-02-14T07:16:11.5721055Z     [32m  ✔[0m[90m should validate deleteColumns with valid data[0m
2026-02-14T07:16:11.5721780Z     [32m  ✔[0m[90m should validate sort with valid data[0m
2026-02-14T07:16:11.5722454Z     [32m  ✔[0m[90m should reject sort with invalid direction[0m
2026-02-14T07:16:11.5732122Z     [32m  ✔[0m[90m should validate moveRow with indices[0m
2026-02-14T07:16:11.5733007Z     [32m  ✔[0m[90m should validate moveRow with fromIndex[0m
2026-02-14T07:16:11.5736800Z     [32m  ✔[0m[90m should reject moveRow with no indices or fromIndex[0m
2026-02-14T07:16:11.5743409Z     [32m  ✔[0m[90m should reject moveRow with missing toIndex[0m
2026-02-14T07:16:11.5749770Z     [32m  ✔[0m[90m should reject moveRow with negative toIndex[0m
2026-02-14T07:16:11.5758510Z     [32m  ✔[0m[90m should reject moveRow with non-object data[0m
2026-02-14T07:16:11.5764641Z     [32m  ✔[0m[90m should reject moveRow with empty indices[0m
2026-02-14T07:16:11.5772373Z     [32m  ✔[0m[90m should reject moveRow with negative indices[0m
2026-02-14T07:16:11.5785790Z     [32m  ✔[0m[90m should validate moveColumn with indices[0m
2026-02-14T07:16:11.5789270Z     [32m  ✔[0m[90m should validate moveColumn with fromIndex[0m
2026-02-14T07:16:11.5791549Z     [32m  ✔[0m[90m should reject moveColumn with no move data[0m
2026-02-14T07:16:11.5795512Z     [32m  ✔[0m[90m should reject moveColumn with non-object data[0m
2026-02-14T07:16:11.5798199Z     [32m  ✔[0m[90m should validate exportCSV with valid data[0m
2026-02-14T07:16:11.5803752Z     [32m  ✔[0m[90m should reject exportCSV with empty csvContent[0m
2026-02-14T07:16:11.5813383Z     [32m  ✔[0m[90m should reject exportCSV with missing csvContent[0m
2026-02-14T07:16:11.5818782Z     [32m  ✔[0m[90m should reject exportCSV with non-string csvContent[0m
2026-02-14T07:16:11.5824490Z     [32m  ✔[0m[90m should reject exportCSV with empty filename[0m
2026-02-14T07:16:11.5830819Z     [32m  ✔[0m[90m should accept exportCSV with valid filename[0m
2026-02-14T07:16:11.5832698Z     [32m  ✔[0m[90m should validate importCSV with undefined data[0m
2026-02-14T07:16:11.5835827Z     [32m  ✔[0m[90m should validate switchTable with valid data[0m
2026-02-14T07:16:11.5837761Z     [32m  ✔[0m[90m should reject switchTable with negative index[0m
2026-02-14T07:16:11.5841461Z     [32m  ✔[0m[90m should return false for requestSync (falls through to default)[0m
2026-02-14T07:16:11.5844401Z     [32m  ✔[0m[90m should return false for stateUpdate (falls through to default)[0m
2026-02-14T07:16:11.5848205Z     [32m  ✔[0m[90m should return false for unknown command[0m
2026-02-14T07:16:11.5855352Z [0m  Webview-Extension Interface Tests[0m
2026-02-14T07:16:11.5856989Z [0m    Message Validation Tests[0m
2026-02-14T07:16:11.5862045Z     [32m  ✔[0m[90m should validate valid undo message[0m
2026-02-14T07:16:11.5864160Z     [32m  ✔[0m[90m should validate valid redo message[0m
2026-02-14T07:16:11.5866032Z     [32m  ✔[0m[90m should validate valid requestTableData message[0m
2026-02-14T07:16:11.5869749Z     [32m  ✔[0m[90m should validate valid updateCell message[0m
2026-02-14T07:16:11.5875991Z     [32m  ✔[0m[90m should reject invalid updateCell message - missing data[0m
2026-02-14T07:16:11.5884849Z     [32m  ✔[0m[90m should reject invalid updateCell message - invalid row index[0m
2026-02-14T07:16:11.5888919Z     [32m  ✔[0m[90m should validate valid sort message[0m
2026-02-14T07:16:11.5894892Z     [32m  ✔[0m[90m should reject invalid sort message - invalid direction[0m
2026-02-14T07:16:11.5896302Z     [32m  ✔[0m[90m should validate valid exportCSV message[0m
2026-02-14T07:16:11.5897599Z     [32m  ✔[0m[90m should reject exportCSV message with empty filename[0m
2026-02-14T07:16:11.5898377Z     [32m  ✔[0m[90m should validate pong message[0m
2026-02-14T07:16:11.5899014Z     [32m  ✔[0m[90m should reject unknown command[0m
2026-02-14T07:16:11.5899649Z     [32m  ✔[0m[90m should reject message without command[0m
2026-02-14T07:16:11.5901346Z [0m    Extension to Webview Communication Tests[0m
2026-02-14T07:16:11.5907363Z [MTE][Ext] Communication manager not found for panel: 
2026-02-14T07:16:11.5911634Z     [32m  ✔[0m[90m should send updateTableData message correctly[0m
2026-02-14T07:16:11.5914306Z [MTE][Ext] Communication manager not found for sendError
2026-02-14T07:16:11.5920791Z     [32m  ✔[0m[90m should send error message correctly[0m
2026-02-14T07:16:11.5923907Z     [32m  ✔[0m[90m should send success message correctly[0m
2026-02-14T07:16:11.5924828Z     [32m  ✔[0m[90m should send status update correctly[0m
2026-02-14T07:16:11.5925584Z     [32m  ✔[0m[90m should send validation error correctly[0m
2026-02-14T07:16:11.5929627Z [WebviewManager] broadcastMessage("testCommand"): No active panels to broadcast to
2026-02-14T07:16:11.5933000Z     [32m  ✔[0m[90m should broadcast message to multiple panels[0m
2026-02-14T07:16:11.5933759Z [0m    Health Monitoring Interface Tests[0m
2026-02-14T07:16:11.5935628Z     [32m  ✔[0m[90m should handle ping-pong health check[0m
2026-02-14T07:16:11.5939809Z     [32m  ✔[0m[90m should mark connection as healthy after receiving message[0m
2026-02-14T07:16:11.5946845Z [MTE][Ext] Communication manager not found for sendError
2026-02-14T07:16:11.5948974Z     [32m  ✔[0m[90m should handle connection as unhealthy[0m
2026-02-14T07:16:11.5950066Z [0m    Message Retry Logic Interface Tests[0m
2026-02-14T07:16:11.5950971Z Failed to send message, retrying (1/3): Error: Simulated network failure
2026-02-14T07:16:11.5952461Z 	at Object.postMessage (/home/runner/work/interactive-markdown-table-editor/interactive-markdown-table-editor/out/test/unit/webview-extension-interface.test.js:350:35)
2026-02-14T07:16:11.5954875Z 	at attemptSend (/home/runner/work/interactive-markdown-table-editor/interactive-markdown-table-editor/out/src/webviewManager.js:1355:35)
2026-02-14T07:16:11.5955986Z 	at /home/runner/work/interactive-markdown-table-editor/interactive-markdown-table-editor/out/src/webviewManager.js:1370:13
2026-02-14T07:16:11.5956531Z 	at new Promise (<anonymous>)
2026-02-14T07:16:11.5957260Z 	at WebviewManager.sendMessageWithRetry (/home/runner/work/interactive-markdown-table-editor/interactive-markdown-table-editor/out/src/webviewManager.js:1351:16)
2026-02-14T07:16:11.5958438Z 	at Context.<anonymous> (/home/runner/work/interactive-markdown-table-editor/interactive-markdown-table-editor/out/test/unit/webview-extension-interface.test.js:358:34)
2026-02-14T07:16:11.5959862Z 	at callFn (/home/runner/work/interactive-markdown-table-editor/interactive-markdown-table-editor/node_modules/mocha/lib/runnable.js:364:21)
2026-02-14T07:16:11.5960998Z 	at Runnable.run (/home/runner/work/interactive-markdown-table-editor/interactive-markdown-table-editor/node_modules/mocha/lib/runnable.js:352:5)
2026-02-14T07:16:11.5962001Z 	at Runner.runTest (/home/runner/work/interactive-markdown-table-editor/interactive-markdown-table-editor/node_modules/mocha/lib/runner.js:677:10)
2026-02-14T07:16:11.5962940Z 	at /home/runner/work/interactive-markdown-table-editor/interactive-markdown-table-editor/node_modules/mocha/lib/runner.js:800:12
2026-02-14T07:16:11.5963849Z 	at next (/home/runner/work/interactive-markdown-table-editor/interactive-markdown-table-editor/node_modules/mocha/lib/runner.js:592:14)
2026-02-14T07:16:11.5964904Z 	at /home/runner/work/interactive-markdown-table-editor/interactive-markdown-table-editor/node_modules/mocha/lib/runner.js:602:7
2026-02-14T07:16:11.5965816Z 	at next (/home/runner/work/interactive-markdown-table-editor/interactive-markdown-table-editor/node_modules/mocha/lib/runner.js:485:14)
2026-02-14T07:16:11.5966809Z 	at Immediate._onImmediate (/home/runner/work/interactive-markdown-table-editor/interactive-markdown-table-editor/node_modules/mocha/lib/runner.js:570:5)
2026-02-14T07:16:11.5967517Z 	at process.processImmediate (node:internal/timers:485:21)
2026-02-14T07:16:12.5932549Z     [32m  ✔[0m[90m should retry message sending on failure[0m[31m (1000ms)[0m
2026-02-14T07:16:12.5938579Z Failed to send message, retrying (1/2): Error: Persistent failure
2026-02-14T07:16:12.5940528Z 	at Object.postMessage (/home/runner/work/interactive-markdown-table-editor/interactive-markdown-table-editor/out/test/unit/webview-extension-interface.test.js:365:31)
2026-02-14T07:16:12.5941695Z 	at attemptSend (/home/runner/work/interactive-markdown-table-editor/interactive-markdown-table-editor/out/src/webviewManager.js:1355:35)
2026-02-14T07:16:12.5942672Z 	at /home/runner/work/interactive-markdown-table-editor/interactive-markdown-table-editor/out/src/webviewManager.js:1370:13
2026-02-14T07:16:12.5943224Z 	at new Promise (<anonymous>)
2026-02-14T07:16:12.5943958Z 	at WebviewManager.sendMessageWithRetry (/home/runner/work/interactive-markdown-table-editor/interactive-markdown-table-editor/out/src/webviewManager.js:1351:16)
2026-02-14T07:16:12.5945332Z 	at Context.<anonymous> (/home/runner/work/interactive-markdown-table-editor/interactive-markdown-table-editor/out/test/unit/webview-extension-interface.test.js:371:38)
2026-02-14T07:16:12.5946424Z 	at callFn (/home/runner/work/interactive-markdown-table-editor/interactive-markdown-table-editor/node_modules/mocha/lib/runnable.js:364:21)
2026-02-14T07:16:12.5947416Z 	at Runnable.run (/home/runner/work/interactive-markdown-table-editor/interactive-markdown-table-editor/node_modules/mocha/lib/runnable.js:352:5)
2026-02-14T07:16:12.5948612Z 	at Runner.runTest (/home/runner/work/interactive-markdown-table-editor/interactive-markdown-table-editor/node_modules/mocha/lib/runner.js:677:10)
2026-02-14T07:16:12.5949568Z 	at /home/runner/work/interactive-markdown-table-editor/interactive-markdown-table-editor/node_modules/mocha/lib/runner.js:800:12
2026-02-14T07:16:12.5950489Z 	at next (/home/runner/work/interactive-markdown-table-editor/interactive-markdown-table-editor/node_modules/mocha/lib/runner.js:592:14)
2026-02-14T07:16:12.5951396Z 	at /home/runner/work/interactive-markdown-table-editor/interactive-markdown-table-editor/node_modules/mocha/lib/runner.js:602:7
2026-02-14T07:16:12.5952324Z 	at next (/home/runner/work/interactive-markdown-table-editor/interactive-markdown-table-editor/node_modules/mocha/lib/runner.js:485:14)
2026-02-14T07:16:12.5953333Z 	at Immediate._onImmediate (/home/runner/work/interactive-markdown-table-editor/interactive-markdown-table-editor/node_modules/mocha/lib/runner.js:570:5)
2026-02-14T07:16:12.5954225Z 	at process.processImmediate (node:internal/timers:485:21)
2026-02-14T07:16:13.5946206Z Failed to send message after 2 retries: Error: Persistent failure
2026-02-14T07:16:13.5950446Z 	at Object.postMessage (/home/runner/work/interactive-markdown-table-editor/interactive-markdown-table-editor/out/test/unit/webview-extension-interface.test.js:365:31)
2026-02-14T07:16:13.5954726Z 	at Timeout.attemptSend [as _onTimeout] (/home/runner/work/interactive-markdown-table-editor/interactive-markdown-table-editor/out/src/webviewManager.js:1355:35)
2026-02-14T07:16:13.5956266Z 	at listOnTimeout (node:internal/timers:588:17)
2026-02-14T07:16:13.5957373Z 	at process.processTimers (node:internal/timers:523:7)
2026-02-14T07:16:13.5959470Z     [32m  ✔[0m[90m should throw after exhausting retries[0m[31m (1001ms)[0m
2026-02-14T07:16:13.5960304Z     [32m  ✔[0m[90m should handle updateTableDataWithRetry[0m
2026-02-14T07:16:13.5965066Z [0m    Command Handling Interface Tests[0m
2026-02-14T07:16:13.5985138Z     [32m  ✔[0m[90m should handle message validation failure gracefully[0m
2026-02-14T07:16:13.5994688Z [MTE][Ext] Communication manager not found for sendError
2026-02-14T07:16:13.5997823Z     [32m  ✔[0m[90m should handle unknown command gracefully[0m
2026-02-14T07:16:13.6000333Z     [32m  ✔[0m[90m should track connection health when receiving messages[0m
2026-02-14T07:16:13.6041137Z [0m    Panel Management Interface Tests[0m
2026-02-14T07:16:13.6045492Z     [32m  ✔[0m[90m should track panel existence correctly[0m
2026-02-14T07:16:13.6048510Z WebviewManager: Disposing resources...
2026-02-14T07:16:13.6049867Z WebviewManager: Resources disposed
2026-02-14T07:16:13.6055485Z     [32m  ✔[0m[90m should handle panel disposal cleanup[0m
2026-02-14T07:16:13.6056192Z WebviewManager: Disposing resources...
2026-02-14T07:16:13.6056920Z WebviewManager: Resources disposed
2026-02-14T07:16:13.6060342Z [0m  Webview Interface Mock Tests[0m
2026-02-14T07:16:13.6065207Z [0m    Mock VSCode API Tests[0m
2026-02-14T07:16:13.6067528Z     [32m  ✔[0m[90m should initialize with empty state[0m
2026-02-14T07:16:13.6071434Z     [32m  ✔[0m[90m should track sent messages[0m
2026-02-14T07:16:13.6073841Z     [32m  ✔[0m[90m should handle state management[0m
2026-02-14T07:16:13.6076752Z     [32m  ✔[0m[90m should register and trigger message handlers[0m
2026-02-14T07:16:13.6105131Z     [32m  ✔[0m[90m should simulate extension responses[0m
2026-02-14T07:16:13.6110156Z     [32m  ✔[0m[90m should create mock table data with correct structure[0m
2026-02-14T07:16:13.6165393Z     [32m  ✔[0m[90m should simulate error responses[0m
2026-02-14T07:16:13.6172078Z [0m    Mock TableEditor Tests[0m
2026-02-14T07:16:13.6177316Z     [32m  ✔[0m[90m should initialize with correct state structure[0m
2026-02-14T07:16:13.6180236Z     [32m  ✔[0m[90m should send requestTableData message[0m
2026-02-14T07:16:13.6185301Z     [32m  ✔[0m[90m should send updateCell message with correct data[0m
2026-02-14T07:16:13.6188353Z     [32m  ✔[0m[90m should send table structure modification messages[0m
2026-02-14T07:16:13.6191645Z     [32m  ✔[0m[90m should send sorting and moving messages[0m
2026-02-14T07:16:13.6194944Z     [32m  ✔[0m[90m should send exportCSV message with encoding[0m
2026-02-14T07:16:13.6203711Z     [32m  ✔[0m[90m should handle incoming updateTableData message[0m
2026-02-14T07:16:13.6211649Z     [32m  ✔[0m[90m should handle ping-pong health check[0m
2026-02-14T07:16:13.6216641Z     [32m  ✔[0m[90m should handle error messages[0m
2026-02-14T07:16:13.6222772Z     [32m  ✔[0m[90m should handle validation errors[0m
2026-02-14T07:16:13.6228388Z Display updated with table data: [ 'Name', 'Age', 'City' ]
2026-02-14T07:16:13.6245817Z Webview Success: Cell updated successfully
2026-02-14T07:16:13.6246631Z     [32m  ✔[0m[90m should maintain state correctly during operations[0m
2026-02-14T07:16:13.6247408Z Display updated with table data: [ 'Name', 'Age', 'City' ]
2026-02-14T07:16:13.6248236Z Webview Success: Row added successfully
2026-02-14T07:16:13.6249165Z Display updated with table data: [ 'Name', 'Age', 'City' ]
2026-02-14T07:16:13.6254452Z Webview Success: Row deleted successfully
2026-02-14T07:16:13.6259313Z Display updated with table data: [ 'Name', 'Age', 'City', 'Country' ]
2026-02-14T07:16:13.6264712Z Webview Success: Column added successfully
2026-02-14T07:16:13.6269223Z Display updated with table data: [ 'Name', 'Age' ]
2026-02-14T07:16:13.6272448Z Webview Success: Column deleted successfully
2026-02-14T07:16:13.6278132Z Display updated with table data: [ 'Name', 'Age', 'City' ]
2026-02-14T07:16:13.6278892Z Webview Success: Table sorted by column 1 (desc)
2026-02-14T07:16:13.6281281Z Display updated with table data: [ 'Name', 'Age', 'City' ]
2026-02-14T07:16:13.6285103Z Webview Success: Row moved from 0 to 2
2026-02-14T07:16:13.6287438Z Display updated with table data: [ 'Age', 'City', 'Name' ]
2026-02-14T07:16:13.6290533Z Webview Success: Column moved from 1 to 0
2026-02-14T07:16:13.6293830Z Webview Success: CSV exported successfully to export.csv
2026-02-14T07:16:13.6297449Z [0m    Interface Integration Mock Tests[0m
2026-02-14T07:16:13.6372813Z     [32m  ✔[0m[90m should complete full requestTableData workflow[0m
2026-02-14T07:16:13.6480436Z     [32m  ✔[0m[90m should complete full updateCell workflow[0m
2026-02-14T07:16:13.6589508Z     [32m  ✔[0m[90m should handle table modification workflow[0m
2026-02-14T07:16:13.6598007Z     [32m  ✔[0m[90m should handle multiple operations in sequence[0m
2026-02-14T07:16:13.6606186Z [0m  webviewHtmlBuilder Test Suite[0m
2026-02-14T07:16:13.6613724Z [MTE][Ext] webviewHtmlBuilder - CSS URI resolved: vscode-webview:/mock/extension/out/webview/assets/index.css
2026-02-14T07:16:13.6618866Z [MTE][Ext] buildWebviewHtml - Generated HTML head: <!DOCTYPE html>
2026-02-14T07:16:13.6619695Z <html lang="en" data-vscode-language="en">
2026-02-14T07:16:13.6620118Z <head>
2026-02-14T07:16:13.6620463Z     <meta charset="UTF-8">
2026-02-14T07:16:13.6621037Z     <meta name="viewport" content="width=device-width, initial-scale=1.0">
2026-02-14T07:16:13.6623156Z     <meta http-equiv="Content-Security-Policy" content="default-src 'none'; style-src 'unsafe-inline' https://mock.csp.source; script-src 'unsafe-inline' 'unsafe-eval' https://mock.csp.source; img-src https://mock.csp.source https: data:; font-src https://mock.csp.source https:">
2026-02-14T07:16:13.6624998Z     <title>Markdown Table Editor</title>
2026-02-14T07:16:13.6625419Z     
2026-02-14T07:16:13.6625674Z     <
2026-02-14T07:16:13.6626258Z   [32m  ✔[0m[90m should generate valid HTML with DOCTYPE[0m
2026-02-14T07:16:13.6633175Z [MTE][Ext] webviewHtmlBuilder - CSS URI resolved: vscode-webview:/mock/extension/out/webview/assets/index.css
2026-02-14T07:16:13.6650838Z [MTE][Ext] buildWebviewHtml - Generated HTML head: <!DOCTYPE html>
2026-02-14T07:16:13.6651638Z <html lang="en" data-vscode-language="en">
2026-02-14T07:16:13.6652110Z <head>
2026-02-14T07:16:13.6652489Z     <meta charset="UTF-8">
2026-02-14T07:16:13.6653143Z     <meta name="viewport" content="width=device-width, initial-scale=1.0">
2026-02-14T07:16:13.6655608Z     <meta http-equiv="Content-Security-Policy" content="default-src 'none'; style-src 'unsafe-inline' https://mock.csp.source; script-src 'unsafe-inline' 'unsafe-eval' https://mock.csp.source; img-src https://mock.csp.source https: data:; font-src https://mock.csp.source https:">
2026-02-14T07:16:13.6657532Z     <title>Markdown Table Editor</title>
2026-02-14T07:16:13.6657989Z     
2026-02-14T07:16:13.6658305Z     <
2026-02-14T07:16:13.6659013Z   [32m  ✔[0m[90m should include Content-Security-Policy meta tag[0m
2026-02-14T07:16:13.6660120Z [MTE][Ext] webviewHtmlBuilder - CSS URI resolved: vscode-webview:/mock/extension/out/webview/assets/index.css
2026-02-14T07:16:13.6661266Z [MTE][Ext] buildWebviewHtml - Generated HTML head: <!DOCTYPE html>
2026-02-14T07:16:13.6661967Z <html lang="en" data-vscode-language="en">
2026-02-14T07:16:13.6662712Z <head>
2026-02-14T07:16:13.6663065Z     <meta charset="UTF-8">
2026-02-14T07:16:13.6663711Z     <meta name="viewport" content="width=device-width, initial-scale=1.0">
2026-02-14T07:16:13.6665978Z     <meta http-equiv="Content-Security-Policy" content="default-src 'none'; style-src 'unsafe-inline' https://mock.csp.source; script-src 'unsafe-inline' 'unsafe-eval' https://mock.csp.source; img-src https://mock.csp.source https: data:; font-src https://mock.csp.source https:">
2026-02-14T07:16:13.6667890Z     <title>Markdown Table Editor</title>
2026-02-14T07:16:13.6668300Z     
2026-02-14T07:16:13.6681521Z     <
2026-02-14T07:16:13.6683870Z   [32m  ✔[0m[90m should include bootstrap script[0m
2026-02-14T07:16:13.6685632Z [MTE][Ext] webviewHtmlBuilder - CSS URI resolved: vscode-webview:/mock/extension/out/webview/assets/index.css
2026-02-14T07:16:13.6686683Z [MTE][Ext] buildWebviewHtml - Generated HTML head: <!DOCTYPE html>
2026-02-14T07:16:13.6687318Z <html lang="en" data-vscode-language="en">
2026-02-14T07:16:13.6687736Z <head>
2026-02-14T07:16:13.6693554Z     <meta charset="UTF-8">
2026-02-14T07:16:13.6697718Z     <meta name="viewport" content="width=device-width, initial-scale=1.0">
2026-02-14T07:16:13.6699796Z     <meta http-equiv="Content-Security-Policy" content="default-src 'none'; style-src 'unsafe-inline' https://mock.csp.source; script-src 'unsafe-inline' 'unsafe-eval' https://mock.csp.source; img-src https://mock.csp.source https: data:; font-src https://mock.csp.source https:">
2026-02-14T07:16:13.6701526Z     <title>Markdown Table Editor</title>
2026-02-14T07:16:13.6701908Z     
2026-02-14T07:16:13.6702176Z     <
2026-02-14T07:16:13.6702741Z   [32m  ✔[0m[90m should include root div for React app[0m
2026-02-14T07:16:13.6703711Z [MTE][Ext] webviewHtmlBuilder - CSS URI resolved: vscode-webview:/mock/extension/out/webview/assets/index.css
2026-02-14T07:16:13.6704920Z [MTE][Ext] buildWebviewHtml - Generated HTML head: <!DOCTYPE html>
2026-02-14T07:16:13.6705560Z <html lang="en" data-vscode-language="en">
2026-02-14T07:16:13.6705946Z <head>
2026-02-14T07:16:13.6706201Z     <meta charset="UTF-8">
2026-02-14T07:16:13.6706821Z     <meta name="viewport" content="width=device-width, initial-scale=1.0">
2026-02-14T07:16:13.6708816Z     <meta http-equiv="Content-Security-Policy" content="default-src 'none'; style-src 'unsafe-inline' https://mock.csp.source; script-src 'unsafe-inline' 'unsafe-eval' https://mock.csp.source; img-src https://mock.csp.source https: data:; font-src https://mock.csp.source https:">
2026-02-14T07:16:13.6710637Z     <title>Markdown Table Editor</title>
2026-02-14T07:16:13.6711012Z     
2026-02-14T07:16:13.6711253Z     <
2026-02-14T07:16:13.6711749Z   [32m  ✔[0m[90m should include noscript fallback[0m
2026-02-14T07:16:13.6712785Z [MTE][Ext] webviewHtmlBuilder - CSS URI resolved: vscode-webview:/mock/extension/out/webview/assets/index.css
2026-02-14T07:16:13.6713830Z [MTE][Ext] buildWebviewHtml - Generated HTML head: <!DOCTYPE html>
2026-02-14T07:16:13.6714616Z <html lang="en" data-vscode-language="en">
2026-02-14T07:16:13.6715055Z <head>
2026-02-14T07:16:13.6715317Z     <meta charset="UTF-8">
2026-02-14T07:16:13.6716105Z     <meta name="viewport" content="width=device-width, initial-scale=1.0">
2026-02-14T07:16:13.6718030Z     <meta http-equiv="Content-Security-Policy" content="default-src 'none'; style-src 'unsafe-inline' https://mock.csp.source; script-src 'unsafe-inline' 'unsafe-eval' https://mock.csp.source; img-src https://mock.csp.source https: data:; font-src https://mock.csp.source https:">
2026-02-14T07:16:13.6719767Z     <title>Markdown Table Editor</title>
2026-02-14T07:16:13.6720145Z     
2026-02-14T07:16:13.6720381Z     <
2026-02-14T07:16:13.6720930Z   [32m  ✔[0m[90m should include script module reference[0m
2026-02-14T07:16:13.6721962Z [MTE][Ext] webviewHtmlBuilder - CSS URI resolved: vscode-webview:/mock/extension/out/webview/assets/index.css
2026-02-14T07:16:13.6722926Z [MTE][Ext] buildWebviewHtml - Generated HTML head: <!DOCTYPE html>
2026-02-14T07:16:13.6723734Z <html lang="en" data-vscode-language="en">
2026-02-14T07:16:13.6728946Z <head>
2026-02-14T07:16:13.6729233Z     <meta charset="UTF-8">
2026-02-14T07:16:13.6730414Z     <meta name="viewport" content="width=device-width, initial-scale=1.0">
2026-02-14T07:16:13.6732548Z     <meta http-equiv="Content-Security-Policy" content="default-src 'none'; style-src 'unsafe-inline' https://mock.csp.source; script-src 'unsafe-inline' 'unsafe-eval' https://mock.csp.source; img-src https://mock.csp.source https: data:; font-src https://mock.csp.source https:">
2026-02-14T07:16:13.6734721Z     <title>Markdown Table Editor</title>
2026-02-14T07:16:13.6735103Z     
2026-02-14T07:16:13.6735346Z     <
2026-02-14T07:16:13.6735911Z   [32m  ✔[0m[90m should include CSS stylesheet link[0m
2026-02-14T07:16:13.6736873Z [MTE][Ext] webviewHtmlBuilder - CSS URI resolved: vscode-webview:/mock/extension/out/webview/assets/index.css
2026-02-14T07:16:13.6737906Z [MTE][Ext] buildWebviewHtml - Generated HTML head: <!DOCTYPE html>
2026-02-14T07:16:13.6738599Z <html lang="en" data-vscode-language="en">
2026-02-14T07:16:13.6738992Z <head>
2026-02-14T07:16:13.6739252Z     <meta charset="UTF-8">
2026-02-14T07:16:13.6739817Z     <meta name="viewport" content="width=device-width, initial-scale=1.0">
2026-02-14T07:16:13.6742027Z     <meta http-equiv="Content-Security-Policy" content="default-src 'none'; style-src 'unsafe-inline' https://mock.csp.source; script-src 'unsafe-inline' 'unsafe-eval' https://mock.csp.source; img-src https://mock.csp.source https: data:; font-src https://mock.csp.source https:">
2026-02-14T07:16:13.6743753Z     <title>Markdown Table Editor</title>
2026-02-14T07:16:13.6744337Z     
2026-02-14T07:16:13.6744623Z     <
2026-02-14T07:16:13.6745371Z   [32m  ✔[0m[90m should include CSP directives for style, script, img, font[0m
2026-02-14T07:16:13.6748667Z [MTE][Ext] webviewHtmlBuilder - CSS URI resolved: vscode-webview:/mock/extension/out/webview/assets/index.css
2026-02-14T07:16:13.6749695Z [MTE][Ext] buildWebviewHtml - Generated HTML head: <!DOCTYPE html>
2026-02-14T07:16:13.6750329Z <html lang="en" data-vscode-language="en">
2026-02-14T07:16:13.6751803Z <head>
2026-02-14T07:16:13.6752134Z     <meta charset="UTF-8">
2026-02-14T07:16:13.6752668Z     <meta name="viewport" content="width=device-width, initial-scale=1.0">
2026-02-14T07:16:13.6757061Z     <meta http-equiv="Content-Security-Policy" content="default-src 'none'; style-src 'unsafe-inline' https://mock.csp.source; script-src 'unsafe-inline' 'unsafe-eval' https://mock.csp.source; img-src https://mock.csp.source https: data:; font-src https://mock.csp.source https:">
2026-02-14T07:16:13.6760919Z     <title>Markdown Table Editor</title>
2026-02-14T07:16:13.6761279Z     
2026-02-14T07:16:13.6761513Z     <
2026-02-14T07:16:13.6762242Z   [32m  ✔[0m[90m should include language attribute from vscode.env.language[0m
2026-02-14T07:16:13.6765728Z [MTE][Ext] webviewHtmlBuilder - CSS URI resolved: vscode-webview:/mock/extension/out/webview/assets/index.css
2026-02-14T07:16:13.6769050Z [MTE][Ext] buildWebviewHtml - Generated HTML head: <!DOCTYPE html>
2026-02-14T07:16:13.6769732Z <html lang="en" data-vscode-language="en">
2026-02-14T07:16:13.6770329Z <head>
2026-02-14T07:16:13.6770607Z     <meta charset="UTF-8">
2026-02-14T07:16:13.6772625Z     <meta name="viewport" content="width=device-width, initial-scale=1.0">
2026-02-14T07:16:13.6775993Z     <meta http-equiv="Content-Security-Policy" content="default-src 'none'; style-src 'unsafe-inline' https://mock.csp.source; script-src 'unsafe-inline' 'unsafe-eval' https://mock.csp.source; img-src https://mock.csp.source https: data:; font-src https://mock.csp.source https:">
2026-02-14T07:16:13.6777647Z     <title>Markdown Table Editor</title>
2026-02-14T07:16:13.6779447Z     
2026-02-14T07:16:13.6779687Z     <
2026-02-14T07:16:13.6781118Z   [32m  ✔[0m[90m should include error and unhandledrejection handlers in bootstrap[0m
2026-02-14T07:16:13.6782265Z [MTE][Ext] webviewHtmlBuilder - CSS URI resolved: vscode-webview:/mock/extension/out/webview/assets/index.css
2026-02-14T07:16:13.6783504Z [MTE][Ext] buildWebviewHtml - Generated HTML head: <!DOCTYPE html>
2026-02-14T07:16:13.6784274Z <html lang="en" data-vscode-language="en">
2026-02-14T07:16:13.6784795Z <head>
2026-02-14T07:16:13.6787414Z     <meta charset="UTF-8">
2026-02-14T07:16:13.6789820Z     <meta name="viewport" content="width=device-width, initial-scale=1.0">
2026-02-14T07:16:13.6795775Z     <meta http-equiv="Content-Security-Policy" content="default-src 'none'; style-src 'unsafe-inline' https://mock.csp.source; script-src 'unsafe-inline' 'unsafe-eval' https://mock.csp.source; img-src https://mock.csp.source https: data:; font-src https://mock.csp.source https:">
2026-02-14T07:16:13.6806622Z     <title>Markdown Table Editor</title>
2026-02-14T07:16:13.6822088Z     
2026-02-14T07:16:13.6822455Z     <
2026-02-14T07:16:13.6823030Z   [32m  ✔[0m[90m should include viewport meta tag[0m
2026-02-14T07:16:13.6825746Z [MTE][Ext] webviewHtmlBuilder - CSS URI resolved: vscode-webview:/mock/extension/out/webview/assets/index.css
2026-02-14T07:16:13.6826757Z [MTE][Ext] buildWebviewHtml - Generated HTML head: <!DOCTYPE html>
2026-02-14T07:16:13.6827432Z <html lang="en" data-vscode-language="en">
2026-02-14T07:16:13.6827947Z <head>
2026-02-14T07:16:13.6828243Z     <meta charset="UTF-8">
2026-02-14T07:16:13.6828800Z     <meta name="viewport" content="width=device-width, initial-scale=1.0">
2026-02-14T07:16:13.6833182Z     <meta http-equiv="Content-Security-Policy" content="default-src 'none'; style-src 'unsafe-inline' https://mock.csp.source; script-src 'unsafe-inline' 'unsafe-eval' https://mock.csp.source; img-src https://mock.csp.source https: data:; font-src https://mock.csp.source https:">
2026-02-14T07:16:13.6835212Z     <title>Markdown Table Editor</title>
2026-02-14T07:16:13.6835588Z     
2026-02-14T07:16:13.6835855Z     <
2026-02-14T07:16:13.6836391Z   [32m  ✔[0m[90m should include charset meta tag[0m
2026-02-14T07:16:13.6839190Z [MTE][Ext] webviewHtmlBuilder - CSS URI resolved: vscode-webview:/mock/extension/out/webview/assets/index.css
2026-02-14T07:16:13.6840292Z [MTE][Ext] buildWebviewHtml - Generated HTML head: <!DOCTYPE html>
2026-02-14T07:16:13.6841017Z <html lang="en" data-vscode-language="en">
2026-02-14T07:16:13.6842132Z <head>
2026-02-14T07:16:13.6842409Z     <meta charset="UTF-8">
2026-02-14T07:16:13.6842981Z     <meta name="viewport" content="width=device-width, initial-scale=1.0">
2026-02-14T07:16:13.6845185Z     <meta http-equiv="Content-Security-Policy" content="default-src 'none'; style-src 'unsafe-inline' https://mock.csp.source; script-src 'unsafe-inline' 'unsafe-eval' https://mock.csp.source; img-src https://mock.csp.source https: data:; font-src https://mock.csp.source https:">
2026-02-14T07:16:13.6846916Z     <title>Markdown Table Editor</title>
2026-02-14T07:16:13.6847276Z     
2026-02-14T07:16:13.6847518Z     <
2026-02-14T07:16:13.6848095Z   [32m  ✔[0m[90m should include diag-installed event in bootstrap[0m
2026-02-14T07:16:13.6849338Z [MTE][Ext] webviewHtmlBuilder - CSS URI resolved: vscode-webview:/mock/extension/out/webview/assets/index.css
2026-02-14T07:16:13.6850366Z [MTE][Ext] buildWebviewHtml - Generated HTML head: <!DOCTYPE html>
2026-02-14T07:16:13.6851169Z <html lang="en" data-vscode-language="en">
2026-02-14T07:16:13.6851608Z <head>
2026-02-14T07:16:13.6851894Z     <meta charset="UTF-8">
2026-02-14T07:16:13.6852423Z     <meta name="viewport" content="width=device-width, initial-scale=1.0">
2026-02-14T07:16:13.6854709Z     <meta http-equiv="Content-Security-Policy" content="default-src 'none'; style-src 'unsafe-inline' https://mock.csp.source; script-src 'unsafe-inline' 'unsafe-eval' https://mock.csp.source; img-src https://mock.csp.source https: data:; font-src https://mock.csp.source https:">
2026-02-14T07:16:13.6856386Z     <title>Markdown Table Editor</title>
2026-02-14T07:16:13.6856785Z     
2026-02-14T07:16:13.6857055Z     <
2026-02-14T07:16:13.6857510Z   [32m  ✔[0m[90m should include title tag[0m
2026-02-14T07:16:13.6858172Z [0m  WebviewManager Test Suite[0m
2026-02-14T07:16:13.6859037Z   [32m  ✔[0m[90m should create singleton instance[0m
2026-02-14T07:16:13.6859568Z Webview Success: Cell updated successfully
2026-02-14T07:16:13.6860147Z Display updated with table data: [ 'Name', 'Age', 'City' ]
2026-02-14T07:16:13.6860731Z Webview Success: Row added successfully
2026-02-14T07:16:13.6861351Z Display updated with table data: [ 'Name', 'Age', 'City' ]
2026-02-14T07:16:13.6861980Z Webview Success: Table sorted by column 0 (asc)
2026-02-14T07:16:13.6862742Z Webview Success: CSV exported successfully to test.csv
2026-02-14T07:16:13.6863454Z   [32m  ✔[0m[90m should track panel count correctly[0m
2026-02-14T07:16:13.6864266Z   [32m  ✔[0m[90m should check panel existence[0m
2026-02-14T07:16:13.6864829Z   [32m  ✔[0m[90m should get active panel URIs[0m
2026-02-14T07:16:13.6865703Z   [32m  ✔[0m[90m should validate message structure - valid message[0m
2026-02-14T07:16:13.6866482Z [MTE][Ext] Communication manager not found for sendError
2026-02-14T07:16:13.6867275Z   [32m  ✔[0m[90m should handle sendError without throwing[0m
2026-02-14T07:16:13.6867967Z   [32m  ✔[0m[90m should handle sendSuccess without throwing[0m
2026-02-14T07:16:13.6868661Z   [32m  ✔[0m[90m should handle sendStatus without throwing[0m
2026-02-14T07:16:13.6869470Z   [32m  ✔[0m[90m should handle sendValidationError without throwing[0m
2026-02-14T07:16:13.6874396Z [WebviewManager] broadcastMessage("testCommand"): No active panels to broadcast to
2026-02-14T07:16:13.6878295Z   [32m  ✔[0m[90m should handle broadcastMessage without throwing[0m
2026-02-14T07:16:13.6880944Z Failed to send message, retrying (1/3): Error: Simulated failure
2026-02-14T07:16:13.6882045Z 	at Object.postMessage (/home/runner/work/interactive-markdown-table-editor/interactive-markdown-table-editor/out/test/unit/webviewManager.test.js:198:31)
2026-02-14T07:16:13.6883066Z 	at attemptSend (/home/runner/work/interactive-markdown-table-editor/interactive-markdown-table-editor/out/src/webviewManager.js:1355:35)
2026-02-14T07:16:13.6884004Z 	at /home/runner/work/interactive-markdown-table-editor/interactive-markdown-table-editor/out/src/webviewManager.js:1370:13
2026-02-14T07:16:13.6884963Z 	at new Promise (<anonymous>)
2026-02-14T07:16:13.6885763Z 	at WebviewManager.sendMessageWithRetry (/home/runner/work/interactive-markdown-table-editor/interactive-markdown-table-editor/out/src/webviewManager.js:1351:16)
2026-02-14T07:16:13.6886890Z 	at Context.<anonymous> (/home/runner/work/interactive-markdown-table-editor/interactive-markdown-table-editor/out/test/unit/webviewManager.test.js:205:30)
2026-02-14T07:16:13.6887906Z 	at callFn (/home/runner/work/interactive-markdown-table-editor/interactive-markdown-table-editor/node_modules/mocha/lib/runnable.js:364:21)
2026-02-14T07:16:13.6888900Z 	at Runnable.run (/home/runner/work/interactive-markdown-table-editor/interactive-markdown-table-editor/node_modules/mocha/lib/runnable.js:352:5)
2026-02-14T07:16:13.6889898Z 	at Runner.runTest (/home/runner/work/interactive-markdown-table-editor/interactive-markdown-table-editor/node_modules/mocha/lib/runner.js:677:10)
2026-02-14T07:16:13.6890992Z 	at /home/runner/work/interactive-markdown-table-editor/interactive-markdown-table-editor/node_modules/mocha/lib/runner.js:800:12
2026-02-14T07:16:13.6891919Z 	at next (/home/runner/work/interactive-markdown-table-editor/interactive-markdown-table-editor/node_modules/mocha/lib/runner.js:592:14)
2026-02-14T07:16:13.6892825Z 	at /home/runner/work/interactive-markdown-table-editor/interactive-markdown-table-editor/node_modules/mocha/lib/runner.js:602:7
2026-02-14T07:16:13.6893746Z 	at next (/home/runner/work/interactive-markdown-table-editor/interactive-markdown-table-editor/node_modules/mocha/lib/runner.js:485:14)
2026-02-14T07:16:13.6894927Z 	at Immediate._onImmediate (/home/runner/work/interactive-markdown-table-editor/interactive-markdown-table-editor/node_modules/mocha/lib/runner.js:570:5)
2026-02-14T07:16:13.6895656Z 	at process.processImmediate (node:internal/timers:485:21)
2026-02-14T07:16:14.6752008Z   [32m  ✔[0m[90m should handle message retry logic[0m[31m (1002ms)[0m
2026-02-14T07:16:14.6753326Z Failed to send message, retrying (1/2): Error: Persistent failure
2026-02-14T07:16:14.6754380Z 	at Object.postMessage (/home/runner/work/interactive-markdown-table-editor/interactive-markdown-table-editor/out/test/unit/webviewManager.test.js:212:27)
2026-02-14T07:16:14.6755435Z 	at attemptSend (/home/runner/work/interactive-markdown-table-editor/interactive-markdown-table-editor/out/src/webviewManager.js:1355:35)
2026-02-14T07:16:14.6756349Z 	at /home/runner/work/interactive-markdown-table-editor/interactive-markdown-table-editor/out/src/webviewManager.js:1370:13
2026-02-14T07:16:14.6756901Z 	at new Promise (<anonymous>)
2026-02-14T07:16:14.6757635Z 	at WebviewManager.sendMessageWithRetry (/home/runner/work/interactive-markdown-table-editor/interactive-markdown-table-editor/out/src/webviewManager.js:1351:16)
2026-02-14T07:16:14.6758769Z 	at Context.<anonymous> (/home/runner/work/interactive-markdown-table-editor/interactive-markdown-table-editor/out/test/unit/webviewManager.test.js:217:34)
2026-02-14T07:16:14.6759825Z 	at callFn (/home/runner/work/interactive-markdown-table-editor/interactive-markdown-table-editor/node_modules/mocha/lib/runnable.js:364:21)
2026-02-14T07:16:14.6760819Z 	at Runnable.run (/home/runner/work/interactive-markdown-table-editor/interactive-markdown-table-editor/node_modules/mocha/lib/runnable.js:352:5)
2026-02-14T07:16:14.6761830Z 	at Runner.runTest (/home/runner/work/interactive-markdown-table-editor/interactive-markdown-table-editor/node_modules/mocha/lib/runner.js:677:10)
2026-02-14T07:16:14.6762772Z 	at /home/runner/work/interactive-markdown-table-editor/interactive-markdown-table-editor/node_modules/mocha/lib/runner.js:800:12
2026-02-14T07:16:14.6763692Z 	at next (/home/runner/work/interactive-markdown-table-editor/interactive-markdown-table-editor/node_modules/mocha/lib/runner.js:592:14)
2026-02-14T07:16:14.6764677Z 	at /home/runner/work/interactive-markdown-table-editor/interactive-markdown-table-editor/node_modules/mocha/lib/runner.js:602:7
2026-02-14T07:16:14.6765597Z 	at next (/home/runner/work/interactive-markdown-table-editor/interactive-markdown-table-editor/node_modules/mocha/lib/runner.js:485:14)
2026-02-14T07:16:14.6766594Z 	at Immediate._onImmediate (/home/runner/work/interactive-markdown-table-editor/interactive-markdown-table-editor/node_modules/mocha/lib/runner.js:570:5)
2026-02-14T07:16:14.6767303Z 	at process.processImmediate (node:internal/timers:485:21)
2026-02-14T07:16:15.6762570Z Failed to send message after 2 retries: Error: Persistent failure
2026-02-14T07:16:15.6764662Z 	at Object.postMessage (/home/runner/work/interactive-markdown-table-editor/interactive-markdown-table-editor/out/test/unit/webviewManager.test.js:212:27)
2026-02-14T07:16:15.6766920Z 	at Timeout.attemptSend [as _onTimeout] (/home/runner/work/interactive-markdown-table-editor/interactive-markdown-table-editor/out/src/webviewManager.js:1355:35)
2026-02-14T07:16:15.6768182Z 	at listOnTimeout (node:internal/timers:588:17)
2026-02-14T07:16:15.6768799Z 	at process.processTimers (node:internal/timers:523:7)
2026-02-14T07:16:15.6770110Z   [32m  ✔[0m[90m should handle retry exhaustion[0m[31m (1001ms)[0m
2026-02-14T07:16:15.6770888Z   [32m  ✔[0m[90m should update table data with retry[0m
2026-02-14T07:16:15.6776698Z   [32m  ✔[0m[90m hasActivePanel returns false when no panels[0m
2026-02-14T07:16:15.6781687Z   [32m  ✔[0m[90m getActivePanelUri returns null when no panels[0m
2026-02-14T07:16:15.6804528Z   [32m  ✔[0m[90m getPanel with string returns null for non-existent[0m
2026-02-14T07:16:15.6808846Z   [32m  ✔[0m[90m getPanel with Uri returns null for non-existent[0m
2026-02-14T07:16:15.6815320Z   [32m  ✔[0m[90m getPanelId returns string from uri[0m
2026-02-14T07:16:15.6822289Z   [32m  ✔[0m[90m communicationManagerCount is 0 initially[0m
2026-02-14T07:16:15.6828135Z   [32m  ✔[0m[90m isAutoSaveEnabled returns true by default for unknown panel[0m
2026-02-14T07:16:15.6834465Z   [32m  ✔[0m[90m setDirtyState does not throw for unknown panel[0m
2026-02-14T07:16:15.6835319Z   [32m  ✔[0m[90m setDirtyState with known panel updates state[0m
2026-02-14T07:16:15.6845153Z [WebviewManager] broadcastNotification("testNotify"): No active communication managers
2026-02-14T07:16:15.6846288Z   [32m  ✔[0m[90m broadcastNotification with no managers does not throw[0m
2026-02-14T07:16:15.6847045Z   [32m  ✔[0m[90m broadcastMessage sends to all panels[0m
2026-02-14T07:16:15.6852673Z [WebviewManager] Failed to post message "testCmd" to panel: Error: Failed
2026-02-14T07:16:15.6855886Z 	at Object.postMessage (/home/runner/work/interactive-markdown-table-editor/interactive-markdown-table-editor/out/test/unit/webviewManager.test.js:312:51)
2026-02-14T07:16:15.6859324Z 	at WebviewManager.broadcastMessage (/home/runner/work/interactive-markdown-table-editor/interactive-markdown-table-editor/out/src/webviewManager.js:295:31)
2026-02-14T07:16:15.6861382Z 	at /home/runner/work/interactive-markdown-table-editor/interactive-markdown-table-editor/out/test/unit/webviewManager.test.js:316:28
2026-02-14T07:16:15.6862704Z 	at getActual (node:assert:609:5)
2026-02-14T07:16:15.6864310Z 	at Object.doesNotThrow (node:assert:777:32)
2026-02-14T07:16:15.6871617Z 	at Context.<anonymous> (/home/runner/work/interactive-markdown-table-editor/interactive-markdown-table-editor/out/test/unit/webviewManager.test.js:315:16)
2026-02-14T07:16:15.6873670Z 	at callFn (/home/runner/work/interactive-markdown-table-editor/interactive-markdown-table-editor/node_modules/mocha/lib/runnable.js:364:21)
2026-02-14T07:16:15.6877605Z 	at Runnable.run (/home/runner/work/interactive-markdown-table-editor/interactive-markdown-table-editor/node_modules/mocha/lib/runnable.js:352:5)
2026-02-14T07:16:15.6879817Z 	at Runner.runTest (/home/runner/work/interactive-markdown-table-editor/interactive-markdown-table-editor/node_modules/mocha/lib/runner.js:677:10)
2026-02-14T07:16:15.6881947Z 	at /home/runner/work/interactive-markdown-table-editor/interactive-markdown-table-editor/node_modules/mocha/lib/runner.js:800:12
2026-02-14T07:16:15.6885002Z 	at next (/home/runner/work/interactive-markdown-table-editor/interactive-markdown-table-editor/node_modules/mocha/lib/runner.js:592:14)
2026-02-14T07:16:15.6892137Z 	at /home/runner/work/interactive-markdown-table-editor/interactive-markdown-table-editor/node_modules/mocha/lib/runner.js:602:7
2026-02-14T07:16:15.6894180Z 	at next (/home/runner/work/interactive-markdown-table-editor/interactive-markdown-table-editor/node_modules/mocha/lib/runner.js:485:14)
2026-02-14T07:16:15.6896327Z 	at Immediate._onImmediate (/home/runner/work/interactive-markdown-table-editor/interactive-markdown-table-editor/node_modules/mocha/lib/runner.js:570:5)
2026-02-14T07:16:15.6898098Z 	at process.processImmediate (node:internal/timers:485:21)
2026-02-14T07:16:15.6899375Z   [32m  ✔[0m[90m broadcastMessage handles error in postMessage[0m
2026-02-14T07:16:15.6903391Z   [32m  ✔[0m[90m validateMessage with valid command returns true[0m
2026-02-14T07:16:15.6907378Z   [32m  ✔[0m[90m validateMessage with missing command returns false[0m
2026-02-14T07:16:15.6909056Z   [32m  ✔[0m[90m validateMessage with null returns false[0m
2026-02-14T07:16:15.6916669Z [MTE][Ext] Communication manager not found for sendError
2026-02-14T07:16:15.6918796Z   [32m  ✔[0m[90m sendError without comm manager uses fallback[0m
2026-02-14T07:16:15.6922367Z [MTE][Ext] Communication manager not found for sendOperationSuccess
2026-02-14T07:16:15.6925306Z   [32m  ✔[0m[90m sendOperationSuccess without comm manager uses fallback[0m
2026-02-14T07:16:15.6926704Z [MTE][Ext] Communication manager not found for sendCellUpdateError
2026-02-14T07:16:15.6927968Z   [32m  ✔[0m[90m sendCellUpdateError without comm manager does not throw[0m
2026-02-14T07:16:15.6928889Z [MTE][Ext] Communication manager not found for sendHeaderUpdateError
2026-02-14T07:16:15.6929979Z   [32m  ✔[0m[90m sendHeaderUpdateError without comm manager does not throw[0m
2026-02-14T07:16:15.6932953Z [MTE][Ext] Communication manager not found for panel: 
2026-02-14T07:16:15.6933773Z   [32m  ✔[0m[90m updateTableData without comm manager logs warning[0m
2026-02-14T07:16:15.6935079Z [MTE][Ext] Communication manager not found for updateGitDiff
2026-02-14T07:16:15.6936116Z   [32m  ✔[0m[90m updateGitDiff without comm manager logs warning[0m
2026-02-14T07:16:15.6936878Z [MTE][Ext] Communication manager not found for setActiveTable
2026-02-14T07:16:15.6937646Z   [32m  ✔[0m[90m setActiveTable without comm manager logs warning[0m
2026-02-14T07:16:15.6938481Z   [32m  ✔[0m[90m closePanel with non-existent URI does not throw[0m
2026-02-14T07:16:15.6939248Z   [32m  ✔[0m[90m closeAllPanels with no panels does not throw[0m
2026-02-14T07:16:15.6940108Z   [32m  ✔[0m[90m getPanelsForFile returns empty map for unknown URI[0m
2026-02-14T07:16:15.6941004Z   [32m  ✔[0m[90m getPanelsForFile returns panels matching URI prefix[0m
2026-02-14T07:16:15.6941883Z   [32m  ✔[0m[90m getCommunicationManager returns null for unknown panel[0m
2026-02-14T07:16:15.6942662Z WebviewManager: Starting async initialization...
2026-02-14T07:16:15.6945666Z WebviewManager: Disposing resources...
2026-02-14T07:16:15.6946233Z WebviewManager: Resources disposed
2026-02-14T07:16:15.6946846Z WebviewManager: Starting async initialization...
2026-02-14T07:16:15.6951853Z   [32m  ✔[0m[90m dispose stops health monitoring and clears maps[0m
2026-02-14T07:16:15.6955422Z   [32m  ✔[0m[90m private findPanelId returns empty for unknown panel[0m
2026-02-14T07:16:15.6959099Z   [32m  ✔[0m[90m private findPanelId returns key for known panel[0m
2026-02-14T07:16:15.6960897Z   [32m  ✔[0m[90m private getSafeUriString returns URI string[0m
2026-02-14T07:16:15.6963595Z Invalid URI provided: null
2026-02-14T07:16:15.6967457Z   [32m  ✔[0m[90m private getSafeUriString returns empty for null[0m
2026-02-14T07:16:15.6970904Z   [32m  ✔[0m[90m private buildInitialThemeCssSync returns CSS[0m
2026-02-14T07:16:15.6973412Z   [32m  ✔[0m[90m private getFallbackHtml returns HTML[0m
2026-02-14T07:16:15.6976747Z   [32m  ✔[0m[90m private markConnectionHealthy sets healthy state[0m
2026-02-14T07:16:15.6982662Z   [32m  ✔[0m[90m private markConnectionUnhealthy sets unhealthy state[0m
2026-02-14T07:16:15.6983870Z   [32m  ✔[0m[90m private performHealthCheck handles stale connections[0m
2026-02-14T07:16:15.6985934Z Failed to ping webview ping-err-test: Error: Ping err
2026-02-14T07:16:15.6987491Z 	at Object.postMessage (/home/runner/work/interactive-markdown-table-editor/interactive-markdown-table-editor/out/test/unit/webviewManager.test.js:471:51)
2026-02-14T07:16:15.6989676Z 	at WebviewManager.pingWebview (/home/runner/work/interactive-markdown-table-editor/interactive-markdown-table-editor/out/src/webviewManager.js:1318:27)
2026-02-14T07:16:15.6991844Z 	at Context.<anonymous> (/home/runner/work/interactive-markdown-table-editor/interactive-markdown-table-editor/out/test/unit/webviewManager.test.js:473:24)
2026-02-14T07:16:15.6994299Z 	at callFn (/home/runner/work/interactive-markdown-table-editor/interactive-markdown-table-editor/node_modules/mocha/lib/runnable.js:364:21)
2026-02-14T07:16:15.6996208Z 	at Runnable.run (/home/runner/work/interactive-markdown-table-editor/interactive-markdown-table-editor/node_modules/mocha/lib/runnable.js:352:5)
2026-02-14T07:16:15.6998208Z 	at Runner.runTest (/home/runner/work/interactive-markdown-table-editor/interactive-markdown-table-editor/node_modules/mocha/lib/runner.js:677:10)
2026-02-14T07:16:15.7000128Z 	at /home/runner/work/interactive-markdown-table-editor/interactive-markdown-table-editor/node_modules/mocha/lib/runner.js:800:12
2026-02-14T07:16:15.7001931Z 	at next (/home/runner/work/interactive-markdown-table-editor/interactive-markdown-table-editor/node_modules/mocha/lib/runner.js:592:14)
2026-02-14T07:16:15.7003767Z 	at /home/runner/work/interactive-markdown-table-editor/interactive-markdown-table-editor/node_modules/mocha/lib/runner.js:602:7
2026-02-14T07:16:15.7005948Z 	at next (/home/runner/work/interactive-markdown-table-editor/interactive-markdown-table-editor/node_modules/mocha/lib/runner.js:485:14)
2026-02-14T07:16:15.7008006Z 	at Immediate._onImmediate (/home/runner/work/interactive-markdown-table-editor/interactive-markdown-table-editor/node_modules/mocha/lib/runner.js:570:5)
2026-02-14T07:16:15.7009416Z 	at process.processImmediate (node:internal/timers:485:21)
2026-02-14T07:16:15.7010322Z   [32m  ✔[0m[90m private pingWebview handles error[0m
2026-02-14T07:16:15.7011149Z   [32m  ✔[0m[90m private stopHealthMonitoring clears interval[0m
2026-02-14T07:16:15.7012494Z WebviewManager: React build directory not found, this may cause issues: EntryNotFound (FileSystemError): Error: ENOENT: no such file or directory, stat '/test/out/webview'
2026-02-14T07:16:15.7014849Z 	at Lr.e (file:///home/runner/work/interactive-markdown-table-editor/interactive-markdown-table-editor/.vscode-test/vscode-linux-x64-1.109.3/resources/app/out/vs/workbench/api/node/extensionHostProcess.js:116:18080)
2026-02-14T07:16:15.7017683Z 	at Object.stat (file:///home/runner/work/interactive-markdown-table-editor/interactive-markdown-table-editor/.vscode-test/vscode-linux-x64-1.109.3/resources/app/out/vs/workbench/api/node/extensionHostProcess.js:116:16027)
2026-02-14T07:16:15.7020347Z 	at async WebviewManager.initializeAsync (/home/runner/work/interactive-markdown-table-editor/interactive-markdown-table-editor/out/src/webviewManager.js:110:17)
2026-02-14T07:16:15.7022123Z   [32m  ✔[0m[90m private getAppropriateViewColumn returns correct columns[0m
2026-02-14T07:16:15.7022963Z [0m    createTableEditorPanel[0m
2026-02-14T07:16:15.7024608Z WebviewManager: React build directory not found, this may cause issues: EntryNotFound (FileSystemError): Error: ENOENT: no such file or directory, stat '/test/out/webview'
2026-02-14T07:16:15.7027155Z 	at Lr.e (file:///home/runner/work/interactive-markdown-table-editor/interactive-markdown-table-editor/.vscode-test/vscode-linux-x64-1.109.3/resources/app/out/vs/workbench/api/node/extensionHostProcess.js:116:18080)
2026-02-14T07:16:15.7030204Z 	at Object.stat (file:///home/runner/work/interactive-markdown-table-editor/interactive-markdown-table-editor/.vscode-test/vscode-linux-x64-1.109.3/resources/app/out/vs/workbench/api/node/extensionHostProcess.js:116:16027)
2026-02-14T07:16:15.7032767Z 	at async WebviewManager.initializeAsync (/home/runner/work/interactive-markdown-table-editor/interactive-markdown-table-editor/out/src/webviewManager.js:110:17)
2026-02-14T07:16:15.7034933Z WebviewManager: React build index.html not found: EntryNotFound (FileSystemError): Error: ENOENT: no such file or directory, stat '/test/out/webview/index.html'
2026-02-14T07:16:15.7037215Z 	at Lr.e (file:///home/runner/work/interactive-markdown-table-editor/interactive-markdown-table-editor/.vscode-test/vscode-linux-x64-1.109.3/resources/app/out/vs/workbench/api/node/extensionHostProcess.js:116:18080)
2026-02-14T07:16:15.7040326Z 	at Object.stat (file:///home/runner/work/interactive-markdown-table-editor/interactive-markdown-table-editor/.vscode-test/vscode-linux-x64-1.109.3/resources/app/out/vs/workbench/api/node/extensionHostProcess.js:116:16027)
2026-02-14T07:16:15.7042662Z 	at async WebviewManager.initializeAsync (/home/runner/work/interactive-markdown-table-editor/interactive-markdown-table-editor/out/src/webviewManager.js:119:17)
2026-02-14T07:16:15.7043989Z WebviewManager: Async initialization completed
2026-02-14T07:16:15.7045464Z WebviewManager: React build index.html not found: EntryNotFound (FileSystemError): Error: ENOENT: no such file or directory, stat '/test/out/webview/index.html'
2026-02-14T07:16:15.7047667Z 	at Lr.e (file:///home/runner/work/interactive-markdown-table-editor/interactive-markdown-table-editor/.vscode-test/vscode-linux-x64-1.109.3/resources/app/out/vs/workbench/api/node/extensionHostProcess.js:116:18080)
2026-02-14T07:16:15.7050533Z 	at Object.stat (file:///home/runner/work/interactive-markdown-table-editor/interactive-markdown-table-editor/.vscode-test/vscode-linux-x64-1.109.3/resources/app/out/vs/workbench/api/node/extensionHostProcess.js:116:16027)
2026-02-14T07:16:15.7052909Z 	at async WebviewManager.initializeAsync (/home/runner/work/interactive-markdown-table-editor/interactive-markdown-table-editor/out/src/webviewManager.js:119:17)
2026-02-14T07:16:15.7055017Z 	at async WebviewManager.ensureInitialized (/home/runner/work/interactive-markdown-table-editor/interactive-markdown-table-editor/out/src/webviewManager.js:138:13)
2026-02-14T07:16:15.7057033Z 	at async WebviewManager._createTableEditorPanel (/home/runner/work/interactive-markdown-table-editor/interactive-markdown-table-editor/out/src/webviewManager.js:367:9)
2026-02-14T07:16:15.7058945Z 	at async WebviewManager.createTableEditorPanel (/home/runner/work/interactive-markdown-table-editor/interactive-markdown-table-editor/out/src/webviewManager.js:350:16)
2026-02-14T07:16:15.7060867Z 	at async Context.<anonymous> (/home/runner/work/interactive-markdown-table-editor/interactive-markdown-table-editor/out/test/unit/webviewManager.test.js:516:27)
2026-02-14T07:16:15.7062228Z WebviewManager: Async initialization completed
2026-02-14T07:16:15.8605625Z [MTE][Ext] All communication handlers registered
2026-02-14T07:16:15.8607163Z     [32m  ✔[0m[90m should create panel successfully with mock React build[0m[31m (127ms)[0m
2026-02-14T07:16:15.9247265Z [MTE][Ext] Panel state changed (inactive or hidden): { active: false, visible: false, panelId: '' }
2026-02-14T07:16:15.9454316Z Webview.loadLocalResource - Error using fileReader. requestUri=file:///tmp/mte-test-build/out/webview/assets/index.js, resourceToLoad=file:///tmp/mte-test-build/out/webview/assets/index.js
2026-02-14T07:16:15.9659408Z [MTE][Ext] All communication handlers registered
2026-02-14T07:16:15.9703498Z [ExtComm] Sending updateTableData to webview, preview: { keys: [ 'command', 'data', 'fileInfo', 'gitThemeColors' ] }
2026-02-14T07:16:15.9732066Z     [32m  ✔[0m[90m should reuse existing panel for same file[0m[31m (126ms)[0m
2026-02-14T07:16:16.0040242Z [MTE][Ext] Panel state changed (inactive or hidden): { active: false, visible: false, panelId: '' }
2026-02-14T07:16:16.0239302Z [MTE][Ext] All communication handlers registered
2026-02-14T07:16:16.0248281Z [ExtComm] Disposing communication manager
2026-02-14T07:16:16.0252888Z [MTE][Ext] All communication handlers registered
2026-02-14T07:16:16.0285924Z [ExtComm] Sending updateTableData to webview, preview: { keys: [ 'command', 'data', 'fileInfo', 'gitThemeColors' ] }
2026-02-14T07:16:16.0298020Z     [32m  ✔[0m[90m should reuse existing panel for different file (single panel mode)[0m[33m (70ms)[0m
2026-02-14T07:16:16.0513845Z [MTE][Ext] Panel state changed (inactive or hidden): { active: false, visible: false, panelId: '' }
2026-02-14T07:16:16.0615171Z [MTE][Ext] All communication handlers registered
2026-02-14T07:16:16.0626689Z     [32m  ✔[0m[90m should create new panel when forceNewPanel is true[0m[33m (38ms)[0m
2026-02-14T07:16:16.0646477Z [0m    updatePanelTitle[0m
2026-02-14T07:16:16.0647844Z     [32m  ✔[0m[90m should add dirty indicator when auto save off and dirty[0m
2026-02-14T07:16:16.0649932Z     [32m  ✔[0m[90m should not add dirty indicator when auto save is on[0m
2026-02-14T07:16:16.0651278Z     [32m  ✔[0m[90m should add panel number for multiple panels[0m
2026-02-14T07:16:16.0660886Z [0m    setDirtyState extended[0m
2026-02-14T07:16:16.0669468Z     [32m  ✔[0m[90m should notify comm manager of dirty state[0m
2026-02-14T07:16:16.0677705Z [0m    broadcastNotification[0m
2026-02-14T07:16:16.0685536Z     [32m  ✔[0m[90m should send notification to all comm managers[0m
2026-02-14T07:16:16.0692977Z [WebviewManager] Failed to send notification "testNotif": Error: send fail
2026-02-14T07:16:16.0695430Z 	at Object.sendNotification (/home/runner/work/interactive-markdown-table-editor/interactive-markdown-table-editor/out/test/unit/webviewManager.test.js:642:49)
2026-02-14T07:16:16.0703047Z 	at WebviewManager.broadcastNotification (/home/runner/work/interactive-markdown-table-editor/interactive-markdown-table-editor/out/src/webviewManager.js:314:29)
2026-02-14T07:16:16.0705357Z 	at /home/runner/work/interactive-markdown-table-editor/interactive-markdown-table-editor/out/test/unit/webviewManager.test.js:646:32
2026-02-14T07:16:16.0706375Z 	at getActual (node:assert:609:5)
2026-02-14T07:16:16.0706813Z 	at Object.doesNotThrow (node:assert:777:32)
2026-02-14T07:16:16.0708004Z 	at Context.<anonymous> (/home/runner/work/interactive-markdown-table-editor/interactive-markdown-table-editor/out/test/unit/webviewManager.test.js:645:20)
2026-02-14T07:16:16.0709803Z 	at callFn (/home/runner/work/interactive-markdown-table-editor/interactive-markdown-table-editor/node_modules/mocha/lib/runnable.js:364:21)
2026-02-14T07:16:16.0711413Z 	at Runnable.run (/home/runner/work/interactive-markdown-table-editor/interactive-markdown-table-editor/node_modules/mocha/lib/runnable.js:352:5)
2026-02-14T07:16:16.0713108Z 	at Runner.runTest (/home/runner/work/interactive-markdown-table-editor/interactive-markdown-table-editor/node_modules/mocha/lib/runner.js:677:10)
2026-02-14T07:16:16.0715105Z 	at /home/runner/work/interactive-markdown-table-editor/interactive-markdown-table-editor/node_modules/mocha/lib/runner.js:800:12
2026-02-14T07:16:16.0716933Z 	at next (/home/runner/work/interactive-markdown-table-editor/interactive-markdown-table-editor/node_modules/mocha/lib/runner.js:592:14)
2026-02-14T07:16:16.0718756Z 	at /home/runner/work/interactive-markdown-table-editor/interactive-markdown-table-editor/node_modules/mocha/lib/runner.js:602:7
2026-02-14T07:16:16.0720597Z 	at next (/home/runner/work/interactive-markdown-table-editor/interactive-markdown-table-editor/node_modules/mocha/lib/runner.js:485:14)
2026-02-14T07:16:16.0722547Z 	at Immediate._onImmediate (/home/runner/work/interactive-markdown-table-editor/interactive-markdown-table-editor/node_modules/mocha/lib/runner.js:570:5)
2026-02-14T07:16:16.0723738Z 	at process.processImmediate (node:internal/timers:485:21)
2026-02-14T07:16:16.0724704Z     [32m  ✔[0m[90m should handle error in sendNotification[0m
2026-02-14T07:16:16.0734968Z [0m    applyTableState[0m
2026-02-14T07:16:16.0735963Z     [32m  ✔[0m[90m should execute directFileUpdate command[0m
2026-02-14T07:16:16.0766010Z [0m    performHealthCheck extended[0m
2026-02-14T07:16:16.0772326Z     [32m  ✔[0m[90m should skip healthy connections[0m
2026-02-14T07:16:16.0786923Z     [32m  ✔[0m[90m should handle no panels[0m
2026-02-14T07:16:16.0792530Z [0m    getSafeUriString edge cases[0m
2026-02-14T07:16:16.0800098Z     [32m  ✔[0m[90m should handle Uri with special characters[0m
2026-02-14T07:16:16.0807802Z Invalid URI provided: undefined
2026-02-14T07:16:16.0813971Z     [32m  ✔[0m[90m should handle undefined[0m
2026-02-14T07:16:16.0821990Z [0m    initializeAsync[0m
2026-02-14T07:16:16.0829351Z     [32m  ✔[0m[90m should complete async initialization[0m
2026-02-14T07:16:16.0833174Z [0m    ensureInitialized[0m
2026-02-14T07:16:16.0847386Z     [32m  ✔[0m[90m should resolve when already initialized[0m
2026-02-14T07:16:16.0848322Z [0m    hasActivePanel and getActivePanelUri with panels[0m
2026-02-14T07:16:16.0856514Z     [32m  ✔[0m[90m should return true and URI when panel exists[0m
2026-02-14T07:16:16.0857299Z [0m    getPanel overloads[0m
2026-02-14T07:16:16.0859333Z     [32m  ✔[0m[90m should return panel for matching string panelId[0m
2026-02-14T07:16:16.0861837Z     [32m  ✔[0m[90m should return panel for matching Uri[0m
2026-02-14T07:16:16.0865019Z [0m    createDefaultContext[0m
2026-02-14T07:16:16.0883404Z     [32m  ✔[0m[90m should create default extension context[0m
2026-02-14T07:16:16.0887386Z [0m    updatePanelTitle - panelId lookup[0m
2026-02-14T07:16:16.0891741Z     [32m  ✔[0m[90m should set base title when panel not in panels map[0m
2026-02-14T07:16:16.0898970Z [0m    handleSort[0m
2026-02-14T07:16:16.0899904Z Invalid sort data: null
2026-02-14T07:16:16.0903300Z Invalid sort direction: invalid
2026-02-14T07:16:16.0908023Z     [32m  ✔[0m[90m should reject invalid sort data[0m
2026-02-14T07:16:16.0910011Z [0m    handleMoveRow[0m
2026-02-14T07:16:16.0913564Z Failed to move row: Invalid row indices: from undefined, to -1, indices=undefined
2026-02-14T07:16:16.0919232Z     [32m  ✔[0m[90m should send error for invalid indices[0m
2026-02-14T07:16:16.0922038Z     [32m  ✔[0m[90m should execute command for valid indices[0m
2026-02-14T07:16:16.0924435Z Failed to execute moveRow command: Error: test
2026-02-14T07:16:16.0926228Z     [32m  ✔[0m[90m should handle executeCommand throwing[0m
2026-02-14T07:16:16.0927120Z [0m    handleMoveColumn[0m
2026-02-14T07:16:16.0931379Z Failed to move column: Invalid column indices: from undefined, to -1, indices=undefined
2026-02-14T07:16:16.0934442Z     [32m  ✔[0m[90m should send error for invalid indices[0m
2026-02-14T07:16:16.0936839Z     [32m  ✔[0m[90m should execute command for valid indices[0m
2026-02-14T07:16:16.0958868Z Failed to execute moveColumn command: Error: col-err
2026-02-14T07:16:16.0960295Z     [32m  ✔[0m[90m should handle executeCommand throwing[0m
2026-02-14T07:16:16.0960948Z [0m    handleCellUpdate[0m
2026-02-14T07:16:16.0965232Z     [32m  ✔[0m[90m should execute updateCell command[0m
2026-02-14T07:16:16.0968886Z Failed to create safe URI string for cell update operation
2026-02-14T07:16:16.0972280Z     [32m  ✔[0m[90m should return early when getSafeUriString returns empty[0m
2026-02-14T07:16:16.0975891Z [0m    handleHeaderUpdate[0m
2026-02-14T07:16:16.0982157Z     [32m  ✔[0m[90m should execute updateHeader command[0m
2026-02-14T07:16:16.0983641Z Failed to create safe URI string for header update operation
2026-02-14T07:16:16.0986749Z     [32m  ✔[0m[90m should return early when getSafeUriString returns empty[0m
2026-02-14T07:16:16.0987392Z [0m    handleAddRow[0m
2026-02-14T07:16:16.0990747Z     [32m  ✔[0m[90m should execute addRow command[0m
2026-02-14T07:16:16.0993153Z [0m    handleDeleteRows[0m
2026-02-14T07:16:16.0995507Z     [32m  ✔[0m[90m should execute deleteRows command[0m
2026-02-14T07:16:16.0998733Z [0m    handleAddColumn[0m
2026-02-14T07:16:16.1002989Z     [32m  ✔[0m[90m should execute addColumn command[0m
2026-02-14T07:16:16.1012187Z [0m    handleDeleteColumns[0m
2026-02-14T07:16:16.1016141Z     [32m  ✔[0m[90m should execute deleteColumns command[0m
2026-02-14T07:16:16.1019392Z [0m    handleBulkUpdateCells[0m
2026-02-14T07:16:16.1075305Z [MTE][UndoRedo] Failed to save state: CodeExpectedError: cannot open file:///test/bulk.md. Detail: Unable to read file '/test/bulk.md' (Error: Unable to resolve nonexistent file '/test/bulk.md')
2026-02-14T07:16:16.1081301Z     at Yze.$tryOpenDocument (vscode-file://vscode-app/home/runner/work/interactive-markdown-table-editor/interactive-markdown-table-editor/.vscode-test/vscode-linux-x64-1.109.3/resources/app/out/vs/workbench/workbench.desktop.main.js:542:8529)
2026-02-14T07:16:16.1089735Z     [32m  ✔[0m[90m should execute bulkUpdateCells command[0m
2026-02-14T07:16:16.1090776Z [0m    handleSwitchTable[0m
2026-02-14T07:16:16.1091901Z [MTE][Ext] Handling switchTable to index: 1
2026-02-14T07:16:16.1092877Z [MTE][Ext] Communication manager not found for setActiveTable
2026-02-14T07:16:16.1103592Z     [32m  ✔[0m[90m should execute requestTableData and setActiveTable[0m
2026-02-14T07:16:16.1104621Z [0m    handleExportCSV[0m
2026-02-14T07:16:16.1108337Z     [32m  ✔[0m[90m should execute exportCSV command[0m
2026-02-14T07:16:16.1134941Z [0m    handleImportCSV[0m
2026-02-14T07:16:16.1135606Z     [32m  ✔[0m[90m should execute importCSV command[0m
2026-02-14T07:16:16.1136136Z [0m    handleUndo[0m
2026-02-14T07:16:16.1139611Z [MTE][Ext] Executing custom undo (no focus change required)
2026-02-14T07:16:16.1145273Z [MTE][Ext] Before undo: { undoCount: 0, redoCount: 0 }
2026-02-14T07:16:16.1156711Z     [32m  ✔[0m[90m should call undo and handle success[0m
2026-02-14T07:16:16.1157378Z [0m    handleRedo[0m
2026-02-14T07:16:16.1160417Z [MTE][Ext] Executing custom redo (no focus change required)
2026-02-14T07:16:16.1165253Z [MTE][Ext] Before redo: { undoCount: 0, redoCount: 0 }
2026-02-14T07:16:16.1173855Z     [32m  ✔[0m[90m should call redo and handle no-op[0m
2026-02-14T07:16:16.1178839Z [0m    handleRequestTableData[0m
2026-02-14T07:16:16.1183267Z     [32m  ✔[0m[90m should execute requestTableData command[0m
2026-02-14T07:16:16.1187934Z [0m    handleRequestThemeVariables[0m
2026-02-14T07:16:16.1191624Z [MTE][Ext] Communication manager not found for applyThemeToPanel
2026-02-14T07:16:16.1196952Z     [32m  ✔[0m[90m should not throw[0m
2026-02-14T07:16:16.1206955Z [0m    handleRequestFontSettings[0m
2026-02-14T07:16:16.1211509Z [MTE][Ext] Communication manager not found for applyFontSettingsToPanel
2026-02-14T07:16:16.1216144Z     [32m  ✔[0m[90m should not throw[0m
2026-02-14T07:16:16.1220584Z [0m    refreshPanelData[0m
2026-02-14T07:16:16.1226336Z     [32m  ✔[0m[90m should execute requestTableData command[0m
2026-02-14T07:16:16.1228898Z [0m    getWebviewContent[0m
2026-02-14T07:16:16.1234430Z Reading HTML from path: /test/webview/tableEditor.html
2026-02-14T07:16:16.1240313Z Error reading webview HTML file: Error: ENOENT: no such file or directory, open '/test/webview/tableEditor.html'
2026-02-14T07:16:16.1241425Z 	at Object.readFileSync (node:fs:442:20)
2026-02-14T07:16:16.1242544Z 	at t.readFileSync (node:electron/js2c/node_init:2:11013)
2026-02-14T07:16:16.1243864Z 	at WebviewManager.getWebviewContent (/home/runner/work/interactive-markdown-table-editor/interactive-markdown-table-editor/out/src/webviewManager.js:1173:32)
2026-02-14T07:16:16.1249062Z 	at Context.<anonymous> (/home/runner/work/interactive-markdown-table-editor/interactive-markdown-table-editor/out/test/unit/webviewManager.test.js:1082:41)
2026-02-14T07:16:16.1250849Z 	at callFn (/home/runner/work/interactive-markdown-table-editor/interactive-markdown-table-editor/node_modules/mocha/lib/runnable.js:364:21)
2026-02-14T07:16:16.1252611Z 	at Runnable.run (/home/runner/work/interactive-markdown-table-editor/interactive-markdown-table-editor/node_modules/mocha/lib/runnable.js:352:5)
2026-02-14T07:16:16.1254635Z 	at Runner.runTest (/home/runner/work/interactive-markdown-table-editor/interactive-markdown-table-editor/node_modules/mocha/lib/runner.js:677:10)
2026-02-14T07:16:16.1256727Z 	at /home/runner/work/interactive-markdown-table-editor/interactive-markdown-table-editor/node_modules/mocha/lib/runner.js:800:12
2026-02-14T07:16:16.1258355Z 	at next (/home/runner/work/interactive-markdown-table-editor/interactive-markdown-table-editor/node_modules/mocha/lib/runner.js:592:14)
2026-02-14T07:16:16.1260706Z 	at /home/runner/work/interactive-markdown-table-editor/interactive-markdown-table-editor/node_modules/mocha/lib/runner.js:602:7
2026-02-14T07:16:16.1262277Z 	at next (/home/runner/work/interactive-markdown-table-editor/interactive-markdown-table-editor/node_modules/mocha/lib/runner.js:485:14)
2026-02-14T07:16:16.1264216Z 	at Immediate._onImmediate (/home/runner/work/interactive-markdown-table-editor/interactive-markdown-table-editor/node_modules/mocha/lib/runner.js:570:5)
2026-02-14T07:16:16.1265711Z 	at process.processImmediate (node:internal/timers:485:21)
2026-02-14T07:16:16.1266248Z Using fallback HTML
2026-02-14T07:16:16.1266959Z     [32m  ✔[0m[90m should return fallback HTML when file not found[0m
2026-02-14T07:16:16.1267632Z [0m    setupCommunicationHandlers[0m
2026-02-14T07:16:16.1268117Z [MTE][Ext] All communication handlers registered
2026-02-14T07:16:16.1268849Z     [32m  ✔[0m[90m should register all handlers on comm manager[0m
2026-02-14T07:16:16.1269541Z [MTE][Ext] All communication handlers registered
2026-02-14T07:16:16.1275434Z     [32m  ✔[0m[90m should invoke registered handlers correctly[0m
2026-02-14T07:16:16.1278993Z [0m    updateTableData with comm manager[0m
2026-02-14T07:16:16.1282769Z     [32m  ✔[0m[90m should send via communication manager when available[0m
2026-02-14T07:16:16.1288891Z [MTE][Ext] Failed to send via communication manager: Error: comm fail
2026-02-14T07:16:16.1290610Z 	at Object.updateTableData (/home/runner/work/interactive-markdown-table-editor/interactive-markdown-table-editor/out/test/unit/webviewManager.test.js:1192:48)
2026-02-14T07:16:16.1292683Z 	at WebviewManager.updateTableData (/home/runner/work/interactive-markdown-table-editor/interactive-markdown-table-editor/out/src/webviewManager.js:636:29)
2026-02-14T07:16:16.1294614Z 	at /home/runner/work/interactive-markdown-table-editor/interactive-markdown-table-editor/out/test/unit/webviewManager.test.js:1199:32
2026-02-14T07:16:16.1296349Z 	at getActual (node:assert:609:5)
2026-02-14T07:16:16.1296841Z 	at Object.doesNotThrow (node:assert:777:32)
2026-02-14T07:16:16.1299503Z 	at Context.<anonymous> (/home/runner/work/interactive-markdown-table-editor/interactive-markdown-table-editor/out/test/unit/webviewManager.test.js:1198:20)
2026-02-14T07:16:16.1302221Z 	at callFn (/home/runner/work/interactive-markdown-table-editor/interactive-markdown-table-editor/node_modules/mocha/lib/runnable.js:364:21)
2026-02-14T07:16:16.1304170Z 	at Runnable.run (/home/runner/work/interactive-markdown-table-editor/interactive-markdown-table-editor/node_modules/mocha/lib/runnable.js:352:5)
2026-02-14T07:16:16.1306051Z 	at Runner.runTest (/home/runner/work/interactive-markdown-table-editor/interactive-markdown-table-editor/node_modules/mocha/lib/runner.js:677:10)
2026-02-14T07:16:16.1307757Z 	at /home/runner/work/interactive-markdown-table-editor/interactive-markdown-table-editor/node_modules/mocha/lib/runner.js:800:12
2026-02-14T07:16:16.1309352Z 	at next (/home/runner/work/interactive-markdown-table-editor/interactive-markdown-table-editor/node_modules/mocha/lib/runner.js:592:14)
2026-02-14T07:16:16.1311071Z 	at /home/runner/work/interactive-markdown-table-editor/interactive-markdown-table-editor/node_modules/mocha/lib/runner.js:602:7
2026-02-14T07:16:16.1312647Z 	at next (/home/runner/work/interactive-markdown-table-editor/interactive-markdown-table-editor/node_modules/mocha/lib/runner.js:485:14)
2026-02-14T07:16:16.1318536Z 	at Immediate._onImmediate (/home/runner/work/interactive-markdown-table-editor/interactive-markdown-table-editor/node_modules/mocha/lib/runner.js:570:5)
2026-02-14T07:16:16.1319896Z 	at process.processImmediate (node:internal/timers:485:21)
2026-02-14T07:16:16.1320786Z     [32m  ✔[0m[90m should handle comm manager error gracefully[0m
2026-02-14T07:16:16.1323086Z [0m    updateGitDiff with comm manager[0m
2026-02-14T07:16:16.1323754Z     [32m  ✔[0m[90m should send via communication manager[0m
2026-02-14T07:16:16.1326838Z [0m    setActiveTable with comm manager[0m
2026-02-14T07:16:16.1327554Z     [32m  ✔[0m[90m should send via communication manager[0m
2026-02-14T07:16:16.1328213Z [0m    sendError with comm manager[0m
2026-02-14T07:16:16.1328904Z     [32m  ✔[0m[90m should send via communication manager[0m
2026-02-14T07:16:16.1329597Z [0m    sendOperationSuccess with comm manager[0m
2026-02-14T07:16:16.1336578Z     [32m  ✔[0m[90m should send via communication manager[0m
2026-02-14T07:16:16.1343435Z [0m    sendCellUpdateError with comm manager[0m
2026-02-14T07:16:16.1347759Z     [32m  ✔[0m[90m should send via communication manager[0m
2026-02-14T07:16:16.1350919Z [0m    sendHeaderUpdateError with comm manager[0m
2026-02-14T07:16:16.1354610Z     [32m  ✔[0m[90m should send via communication manager[0m
2026-02-14T07:16:16.1359353Z [0m    closePanel with existing panel[0m
2026-02-14T07:16:16.1363286Z     [32m  ✔[0m[90m should dispose existing panel[0m
2026-02-14T07:16:16.1368806Z [0m    closeAllPanels with panels[0m
2026-02-14T07:16:16.1369486Z     [32m  ✔[0m[90m should dispose all panels[0m
2026-02-14T07:16:16.1372374Z [0m    applyThemeToPanel[0m
2026-02-14T07:16:16.1376324Z     [32m  ✔[0m[90m should apply theme via comm manager[0m
2026-02-14T07:16:16.1384277Z [MTE][Ext] Communication manager not found for applyThemeToPanel
2026-02-14T07:16:16.1387240Z     [32m  ✔[0m[90m should handle missing comm manager[0m
2026-02-14T07:16:16.1391979Z [0m    applyFontSettingsToPanel[0m
2026-02-14T07:16:16.1395553Z     [32m  ✔[0m[90m should apply font via comm manager[0m
2026-02-14T07:16:16.1407178Z [MTE][Ext] Communication manager not found for applyFontSettingsToPanel
2026-02-14T07:16:16.1409010Z     [32m  ✔[0m[90m should handle missing comm manager[0m
2026-02-14T07:16:16.1412394Z [0m    getSafeUriString fallback paths[0m
2026-02-14T07:16:16.1416510Z Invalid URI provided: { scheme: '', path: '/test' }
2026-02-14T07:16:16.1419980Z     [32m  ✔[0m[90m should return empty for URI with no scheme (L42-43)[0m
2026-02-14T07:16:16.1431778Z Invalid URI scheme detected: 123invalid Full URI: 123invalid:///test/file.md
2026-02-14T07:16:16.1435602Z     [32m  ✔[0m[90m should warn for invalid scheme but still return URI string (L53-55)[0m
2026-02-14T07:16:16.1445720Z Failed to create safe URI string: Error: toString failed
2026-02-14T07:16:16.1447120Z 	at Object.toString (/home/runner/work/interactive-markdown-table-editor/interactive-markdown-table-editor/out/test/unit/webviewManager.test.js:1409:41)
2026-02-14T07:16:16.1449110Z 	at WebviewManager.getSafeUriString (/home/runner/work/interactive-markdown-table-editor/interactive-markdown-table-editor/out/src/webviewManager.js:27:35)
2026-02-14T07:16:16.1451040Z 	at Context.<anonymous> (/home/runner/work/interactive-markdown-table-editor/interactive-markdown-table-editor/out/test/unit/webviewManager.test.js:1411:43)
2026-02-14T07:16:16.1452903Z 	at callFn (/home/runner/work/interactive-markdown-table-editor/interactive-markdown-table-editor/node_modules/mocha/lib/runnable.js:364:21)
2026-02-14T07:16:16.1454850Z 	at Runnable.run (/home/runner/work/interactive-markdown-table-editor/interactive-markdown-table-editor/node_modules/mocha/lib/runnable.js:352:5)
2026-02-14T07:16:16.1456651Z 	at Runner.runTest (/home/runner/work/interactive-markdown-table-editor/interactive-markdown-table-editor/node_modules/mocha/lib/runner.js:677:10)
2026-02-14T07:16:16.1458235Z 	at /home/runner/work/interactive-markdown-table-editor/interactive-markdown-table-editor/node_modules/mocha/lib/runner.js:800:12
2026-02-14T07:16:16.1459782Z 	at next (/home/runner/work/interactive-markdown-table-editor/interactive-markdown-table-editor/node_modules/mocha/lib/runner.js:592:14)
2026-02-14T07:16:16.1461282Z 	at /home/runner/work/interactive-markdown-table-editor/interactive-markdown-table-editor/node_modules/mocha/lib/runner.js:602:7
2026-02-14T07:16:16.1462848Z 	at next (/home/runner/work/interactive-markdown-table-editor/interactive-markdown-table-editor/node_modules/mocha/lib/runner.js:485:14)
2026-02-14T07:16:16.1464696Z 	at Immediate._onImmediate (/home/runner/work/interactive-markdown-table-editor/interactive-markdown-table-editor/node_modules/mocha/lib/runner.js:570:5)
2026-02-14T07:16:16.1465944Z 	at process.processImmediate (node:internal/timers:485:21)
2026-02-14T07:16:16.1467521Z Original URI: {
2026-02-14T07:16:16.1467809Z   scheme: 'file',
2026-02-14T07:16:16.1470018Z   path: '/fallback/test.md',
2026-02-14T07:16:16.1470603Z   query: '',
2026-02-14T07:16:16.1470852Z   fragment: '',
2026-02-14T07:16:16.1472761Z   fsPath: '/fallback/test.md'
2026-02-14T07:16:16.1473139Z }
2026-02-14T07:16:16.1473703Z Reconstructed URI: file:///fallback/test.md
2026-02-14T07:16:16.1476193Z     [32m  ✔[0m[90m should enter error fallback when toString throws (L58-74)[0m
2026-02-14T07:16:16.1477055Z Failed to create safe URI string: Error: toString failed
2026-02-14T07:16:16.1478322Z 	at Object.toString (/home/runner/work/interactive-markdown-table-editor/interactive-markdown-table-editor/out/test/unit/webviewManager.test.js:1422:41)
2026-02-14T07:16:16.1480181Z 	at WebviewManager.getSafeUriString (/home/runner/work/interactive-markdown-table-editor/interactive-markdown-table-editor/out/src/webviewManager.js:27:35)
2026-02-14T07:16:16.1482160Z 	at Context.<anonymous> (/home/runner/work/interactive-markdown-table-editor/interactive-markdown-table-editor/out/test/unit/webviewManager.test.js:1424:43)
2026-02-14T07:16:16.1483994Z 	at callFn (/home/runner/work/interactive-markdown-table-editor/interactive-markdown-table-editor/node_modules/mocha/lib/runnable.js:364:21)
2026-02-14T07:16:16.1485910Z 	at Runnable.run (/home/runner/work/interactive-markdown-table-editor/interactive-markdown-table-editor/node_modules/mocha/lib/runnable.js:352:5)
2026-02-14T07:16:16.1487647Z 	at Runner.runTest (/home/runner/work/interactive-markdown-table-editor/interactive-markdown-table-editor/node_modules/mocha/lib/runner.js:677:10)
2026-02-14T07:16:16.1490883Z 	at /home/runner/work/interactive-markdown-table-editor/interactive-markdown-table-editor/node_modules/mocha/lib/runner.js:800:12
2026-02-14T07:16:16.1492585Z 	at next (/home/runner/work/interactive-markdown-table-editor/interactive-markdown-table-editor/node_modules/mocha/lib/runner.js:592:14)
2026-02-14T07:16:16.1494498Z 	at /home/runner/work/interactive-markdown-table-editor/interactive-markdown-table-editor/node_modules/mocha/lib/runner.js:602:7
2026-02-14T07:16:16.1496258Z 	at next (/home/runner/work/interactive-markdown-table-editor/interactive-markdown-table-editor/node_modules/mocha/lib/runner.js:485:14)
2026-02-14T07:16:16.1498215Z 	at Immediate._onImmediate (/home/runner/work/interactive-markdown-table-editor/interactive-markdown-table-editor/node_modules/mocha/lib/runner.js:570:5)
2026-02-14T07:16:16.1499543Z 	at process.processImmediate (node:internal/timers:485:21)
2026-02-14T07:16:16.1500469Z Original URI: { scheme: 'file', path: '', query: '', fragment: '', fsPath: '' }
2026-02-14T07:16:16.1501166Z Reconstructed URI: file:///
2026-02-14T07:16:16.1502053Z     [32m  ✔[0m[90m should return empty when URI has no path and all fallbacks fail[0m
2026-02-14T07:16:16.1502785Z Invalid URI string format: f:/a
2026-02-14T07:16:16.1503421Z Failed to create safe URI string: Error: Invalid URI format
2026-02-14T07:16:16.1505048Z 	at WebviewManager.getSafeUriString (/home/runner/work/interactive-markdown-table-editor/interactive-markdown-table-editor/out/src/webviewManager.js:31:23)
2026-02-14T07:16:16.1507209Z 	at Context.<anonymous> (/home/runner/work/interactive-markdown-table-editor/interactive-markdown-table-editor/out/test/unit/webviewManager.test.js:1437:43)
2026-02-14T07:16:16.1509233Z 	at callFn (/home/runner/work/interactive-markdown-table-editor/interactive-markdown-table-editor/node_modules/mocha/lib/runnable.js:364:21)
2026-02-14T07:16:16.1511164Z 	at Runnable.run (/home/runner/work/interactive-markdown-table-editor/interactive-markdown-table-editor/node_modules/mocha/lib/runnable.js:352:5)
2026-02-14T07:16:16.1513026Z 	at Runner.runTest (/home/runner/work/interactive-markdown-table-editor/interactive-markdown-table-editor/node_modules/mocha/lib/runner.js:677:10)
2026-02-14T07:16:16.1517344Z 	at /home/runner/work/interactive-markdown-table-editor/interactive-markdown-table-editor/node_modules/mocha/lib/runner.js:800:12
2026-02-14T07:16:16.1519073Z 	at next (/home/runner/work/interactive-markdown-table-editor/interactive-markdown-table-editor/node_modules/mocha/lib/runner.js:592:14)
2026-02-14T07:16:16.1520975Z 	at /home/runner/work/interactive-markdown-table-editor/interactive-markdown-table-editor/node_modules/mocha/lib/runner.js:602:7
2026-02-14T07:16:16.1522752Z 	at next (/home/runner/work/interactive-markdown-table-editor/interactive-markdown-table-editor/node_modules/mocha/lib/runner.js:485:14)
2026-02-14T07:16:16.1524744Z 	at Immediate._onImmediate (/home/runner/work/interactive-markdown-table-editor/interactive-markdown-table-editor/node_modules/mocha/lib/runner.js:570:5)
2026-02-14T07:16:16.1525927Z 	at process.processImmediate (node:internal/timers:485:21)
2026-02-14T07:16:16.1529213Z Original URI: { scheme: 'file', path: '/a', query: '', fragment: '', fsPath: '/a' }
2026-02-14T07:16:16.1538051Z Reconstructed URI: file:///a
2026-02-14T07:16:16.1539046Z     [32m  ✔[0m[90m should handle short URI string that triggers format error (L47)[0m
2026-02-14T07:16:16.1539959Z Failed to create safe URI string: Error: toString exploded
2026-02-14T07:16:16.1543608Z 	at Object.toString (/home/runner/work/interactive-markdown-table-editor/interactive-markdown-table-editor/out/test/unit/webviewManager.test.js:1453:41)
2026-02-14T07:16:16.1545821Z 	at WebviewManager.getSafeUriString (/home/runner/work/interactive-markdown-table-editor/interactive-markdown-table-editor/out/src/webviewManager.js:27:35)
2026-02-14T07:16:16.1547975Z 	at Context.<anonymous> (/home/runner/work/interactive-markdown-table-editor/interactive-markdown-table-editor/out/test/unit/webviewManager.test.js:1455:43)
2026-02-14T07:16:16.1549881Z 	at callFn (/home/runner/work/interactive-markdown-table-editor/interactive-markdown-table-editor/node_modules/mocha/lib/runnable.js:364:21)
2026-02-14T07:16:16.1551685Z 	at Runnable.run (/home/runner/work/interactive-markdown-table-editor/interactive-markdown-table-editor/node_modules/mocha/lib/runnable.js:352:5)
2026-02-14T07:16:16.1553558Z 	at Runner.runTest (/home/runner/work/interactive-markdown-table-editor/interactive-markdown-table-editor/node_modules/mocha/lib/runner.js:677:10)
2026-02-14T07:16:16.1555453Z 	at /home/runner/work/interactive-markdown-table-editor/interactive-markdown-table-editor/node_modules/mocha/lib/runner.js:800:12
2026-02-14T07:16:16.1557177Z 	at next (/home/runner/work/interactive-markdown-table-editor/interactive-markdown-table-editor/node_modules/mocha/lib/runner.js:592:14)
2026-02-14T07:16:16.1560336Z 	at /home/runner/work/interactive-markdown-table-editor/interactive-markdown-table-editor/node_modules/mocha/lib/runner.js:602:7
2026-02-14T07:16:16.1562043Z 	at next (/home/runner/work/interactive-markdown-table-editor/interactive-markdown-table-editor/node_modules/mocha/lib/runner.js:485:14)
2026-02-14T07:16:16.1563795Z 	at Immediate._onImmediate (/home/runner/work/interactive-markdown-table-editor/interactive-markdown-table-editor/node_modules/mocha/lib/runner.js:570:5)
2026-02-14T07:16:16.1565220Z 	at process.processImmediate (node:internal/timers:485:21)
2026-02-14T07:16:16.1565715Z Original URI: {
2026-02-14T07:16:16.1568261Z   scheme: 'file',
2026-02-14T07:16:16.1568722Z   path: '/deep/fallback/test.md',
2026-02-14T07:16:16.1569100Z   query: '',
2026-02-14T07:16:16.1569359Z   fragment: '',
2026-02-14T07:16:16.1569701Z   fsPath: '/deep/fallback/test.md'
2026-02-14T07:16:16.1570161Z }
2026-02-14T07:16:16.1572715Z Reconstructed URI: file:///deep/fallback/test.md
2026-02-14T07:16:16.1573671Z     [32m  ✔[0m[90m should use file path fallback when reconstruct fails (L83-87)[0m
2026-02-14T07:16:16.1574460Z Invalid URI provided: {}
2026-02-14T07:16:16.1577576Z     [32m  ✔[0m[90m should return empty when all fallbacks fail (L93-94)[0m
2026-02-14T07:16:16.1578430Z [0m    legacyScriptFiles property[0m
2026-02-14T07:16:16.1581242Z     [32m  ✔[0m[90m should have legacy script files defined[0m
2026-02-14T07:16:16.1582007Z [0m    handleUndo success path[0m
2026-02-14T07:16:16.1582704Z [MTE][Ext] Executing custom undo (no focus change required)
2026-02-14T07:16:16.1583445Z [MTE][Ext] Before undo: { undoCount: 0, redoCount: 0 }
2026-02-14T07:16:16.1587418Z [MTE][Ext] After undo: { undoCount: 0, redoCount: 0 }
2026-02-14T07:16:16.1591336Z [MTE][Ext] Undo completed successfully
2026-02-14T07:16:16.1597044Z     [32m  ✔[0m[90m should refresh panel data on successful undo[0m
2026-02-14T07:16:16.1598696Z [MTE][Ext] Executing custom undo (no focus change required)
2026-02-14T07:16:16.1602412Z [MTE][Ext] Before undo: { undoCount: 0, redoCount: 0 }
2026-02-14T07:16:16.1608189Z     [32m  ✔[0m[90m should show warning when undo returns false[0m
2026-02-14T07:16:16.1611284Z [MTE][Ext] Executing custom undo (no focus change required)
2026-02-14T07:16:16.1613909Z [MTE][Ext] Before undo: { undoCount: 0, redoCount: 0 }
2026-02-14T07:16:16.1640981Z [MTE][Ext] Undo command failed: Error: Undo internal error
2026-02-14T07:16:16.1642711Z 	at undoRedoManager.undo (/home/runner/work/interactive-markdown-table-editor/interactive-markdown-table-editor/out/test/unit/webviewManager.test.js:1525:56)
2026-02-14T07:16:16.1644958Z 	at WebviewManager.handleUndo (/home/runner/work/interactive-markdown-table-editor/interactive-markdown-table-editor/out/src/webviewManager.js:754:56)
2026-02-14T07:16:16.1647242Z 	at Context.<anonymous> (/home/runner/work/interactive-markdown-table-editor/interactive-markdown-table-editor/out/test/unit/webviewManager.test.js:1528:34)
2026-02-14T07:16:16.1649350Z 	at callFn (/home/runner/work/interactive-markdown-table-editor/interactive-markdown-table-editor/node_modules/mocha/lib/runnable.js:364:21)
2026-02-14T07:16:16.1651548Z 	at Runnable.run (/home/runner/work/interactive-markdown-table-editor/interactive-markdown-table-editor/node_modules/mocha/lib/runnable.js:352:5)
2026-02-14T07:16:16.1656057Z 	at Runner.runTest (/home/runner/work/interactive-markdown-table-editor/interactive-markdown-table-editor/node_modules/mocha/lib/runner.js:677:10)
2026-02-14T07:16:16.1657625Z 	at /home/runner/work/interactive-markdown-table-editor/interactive-markdown-table-editor/node_modules/mocha/lib/runner.js:800:12
2026-02-14T07:16:16.1668663Z 	at next (/home/runner/work/interactive-markdown-table-editor/interactive-markdown-table-editor/node_modules/mocha/lib/runner.js:592:14)
2026-02-14T07:16:16.1670546Z 	at /home/runner/work/interactive-markdown-table-editor/interactive-markdown-table-editor/node_modules/mocha/lib/runner.js:602:7
2026-02-14T07:16:16.1672086Z 	at next (/home/runner/work/interactive-markdown-table-editor/interactive-markdown-table-editor/node_modules/mocha/lib/runner.js:485:14)
2026-02-14T07:16:16.1673829Z 	at Immediate.<anonymous> (/home/runner/work/interactive-markdown-table-editor/interactive-markdown-table-editor/node_modules/mocha/lib/runner.js:570:5)
2026-02-14T07:16:16.1675209Z 	at process.processImmediate (node:internal/timers:485:21)
2026-02-14T07:16:16.1676019Z     [32m  ✔[0m[90m should show error when undo throws[0m
2026-02-14T07:16:16.1676614Z [0m    handleRedo success path[0m
2026-02-14T07:16:16.1677351Z [MTE][Ext] Executing custom redo (no focus change required)
2026-02-14T07:16:16.1678054Z [MTE][Ext] Before redo: { undoCount: 0, redoCount: 0 }
2026-02-14T07:16:16.1678646Z [MTE][Ext] After redo: { undoCount: 0, redoCount: 0 }
2026-02-14T07:16:16.1679140Z [MTE][Ext] Redo completed successfully
2026-02-14T07:16:16.1679922Z     [32m  ✔[0m[90m should refresh panel data on successful redo[0m
2026-02-14T07:16:16.1680814Z [MTE][Ext] Executing custom redo (no focus change required)
2026-02-14T07:16:16.1681621Z [MTE][Ext] Before redo: { undoCount: 0, redoCount: 0 }
2026-02-14T07:16:16.1687520Z     [32m  ✔[0m[90m should show warning when redo returns false[0m
2026-02-14T07:16:16.1691296Z [MTE][Ext] Executing custom redo (no focus change required)
2026-02-14T07:16:16.1695343Z [MTE][Ext] Before redo: { undoCount: 0, redoCount: 0 }
2026-02-14T07:16:16.1699628Z [MTE][Ext] Redo command failed: Error: Redo internal error
2026-02-14T07:16:16.1701812Z 	at undoRedoManager.redo (/home/runner/work/interactive-markdown-table-editor/interactive-markdown-table-editor/out/test/unit/webviewManager.test.js:1574:56)
2026-02-14T07:16:16.1712801Z 	at WebviewManager.handleRedo (/home/runner/work/interactive-markdown-table-editor/interactive-markdown-table-editor/out/src/webviewManager.js:784:56)
2026-02-14T07:16:16.1715208Z 	at Context.<anonymous> (/home/runner/work/interactive-markdown-table-editor/interactive-markdown-table-editor/out/test/unit/webviewManager.test.js:1577:34)
2026-02-14T07:16:16.1716987Z 	at callFn (/home/runner/work/interactive-markdown-table-editor/interactive-markdown-table-editor/node_modules/mocha/lib/runnable.js:364:21)
2026-02-14T07:16:16.1718922Z 	at Runnable.run (/home/runner/work/interactive-markdown-table-editor/interactive-markdown-table-editor/node_modules/mocha/lib/runnable.js:352:5)
2026-02-14T07:16:16.1721005Z 	at Runner.runTest (/home/runner/work/interactive-markdown-table-editor/interactive-markdown-table-editor/node_modules/mocha/lib/runner.js:677:10)
2026-02-14T07:16:16.1722872Z 	at /home/runner/work/interactive-markdown-table-editor/interactive-markdown-table-editor/node_modules/mocha/lib/runner.js:800:12
2026-02-14T07:16:16.1724771Z 	at next (/home/runner/work/interactive-markdown-table-editor/interactive-markdown-table-editor/node_modules/mocha/lib/runner.js:592:14)
2026-02-14T07:16:16.1726546Z 	at /home/runner/work/interactive-markdown-table-editor/interactive-markdown-table-editor/node_modules/mocha/lib/runner.js:602:7
2026-02-14T07:16:16.1728172Z 	at next (/home/runner/work/interactive-markdown-table-editor/interactive-markdown-table-editor/node_modules/mocha/lib/runner.js:485:14)
2026-02-14T07:16:16.1729851Z 	at Immediate.<anonymous> (/home/runner/work/interactive-markdown-table-editor/interactive-markdown-table-editor/node_modules/mocha/lib/runner.js:570:5)
2026-02-14T07:16:16.1731112Z 	at process.processImmediate (node:internal/timers:485:21)
2026-02-14T07:16:16.1731957Z     [32m  ✔[0m[90m should show error when redo throws[0m
2026-02-14T07:16:16.1732614Z [0m    handleSort valid operations[0m
2026-02-14T07:16:16.1733361Z     [32m  ✔[0m[90m should execute sort command for valid asc direction[0m
2026-02-14T07:16:16.1734369Z     [32m  ✔[0m[90m should execute sort command for valid desc direction[0m
2026-02-14T07:16:16.1735227Z     [32m  ✔[0m[90m should execute sort command for none direction[0m
2026-02-14T07:16:16.1736042Z     [32m  ✔[0m[90m should pass safeUriString and tableIndex to sort command[0m
2026-02-14T07:16:16.1736710Z [0m    dispose with communication managers[0m
2026-02-14T07:16:16.1737226Z WebviewManager: Starting async initialization...
2026-02-14T07:16:16.1737768Z WebviewManager: Disposing resources...
2026-02-14T07:16:16.1738796Z [MTE][Ext] Communication manager disposed for panel: panel-1
2026-02-14T07:16:16.1770088Z [MTE][Ext] Communication manager disposed for panel: panel-2
2026-02-14T07:16:16.1770750Z WebviewManager: Resources disposed
2026-02-14T07:16:16.1771350Z WebviewManager: Starting async initialization...
2026-02-14T07:16:16.1772177Z     [32m  ✔[0m[90m should dispose all comm managers during dispose[0m
2026-02-14T07:16:16.1775217Z WebviewManager: Starting async initialization...
2026-02-14T07:16:16.1775862Z WebviewManager: Disposing resources...
2026-02-14T07:16:16.1776575Z Error disposing communication manager: Error: dispose fail
2026-02-14T07:16:16.1778090Z 	at Object.dispose (/home/runner/work/interactive-markdown-table-editor/interactive-markdown-table-editor/out/test/unit/webviewManager.test.js:1664:58)
2026-02-14T07:16:16.1781846Z 	at WebviewManager.dispose (/home/runner/work/interactive-markdown-table-editor/interactive-markdown-table-editor/out/src/webviewManager.js:1101:29)
2026-02-14T07:16:16.1783825Z 	at /home/runner/work/interactive-markdown-table-editor/interactive-markdown-table-editor/out/test/unit/webviewManager.test.js:1668:52
2026-02-14T07:16:16.1785014Z 	at getActual (node:assert:609:5)
2026-02-14T07:16:16.1785463Z 	at Object.doesNotThrow (node:assert:777:32)
2026-02-14T07:16:16.1788933Z 	at Context.<anonymous> (/home/runner/work/interactive-markdown-table-editor/interactive-markdown-table-editor/out/test/unit/webviewManager.test.js:1668:20)
2026-02-14T07:16:16.1790833Z 	at callFn (/home/runner/work/interactive-markdown-table-editor/interactive-markdown-table-editor/node_modules/mocha/lib/runnable.js:364:21)
2026-02-14T07:16:16.1795346Z 	at Runnable.run (/home/runner/work/interactive-markdown-table-editor/interactive-markdown-table-editor/node_modules/mocha/lib/runnable.js:352:5)
2026-02-14T07:16:16.1797175Z 	at Runner.runTest (/home/runner/work/interactive-markdown-table-editor/interactive-markdown-table-editor/node_modules/mocha/lib/runner.js:677:10)
2026-02-14T07:16:16.1801386Z 	at /home/runner/work/interactive-markdown-table-editor/interactive-markdown-table-editor/node_modules/mocha/lib/runner.js:800:12
2026-02-14T07:16:16.1803326Z 	at next (/home/runner/work/interactive-markdown-table-editor/interactive-markdown-table-editor/node_modules/mocha/lib/runner.js:592:14)
2026-02-14T07:16:16.1805359Z 	at /home/runner/work/interactive-markdown-table-editor/interactive-markdown-table-editor/node_modules/mocha/lib/runner.js:602:7
2026-02-14T07:16:16.1820895Z 	at next (/home/runner/work/interactive-markdown-table-editor/interactive-markdown-table-editor/node_modules/mocha/lib/runner.js:485:14)
2026-02-14T07:16:16.1822722Z 	at Immediate._onImmediate (/home/runner/work/interactive-markdown-table-editor/interactive-markdown-table-editor/node_modules/mocha/lib/runner.js:570:5)
2026-02-14T07:16:16.1823971Z 	at process.processImmediate (node:internal/timers:485:21)
2026-02-14T07:16:16.1824773Z WebviewManager: Resources disposed
2026-02-14T07:16:16.1825387Z WebviewManager: Starting async initialization...
2026-02-14T07:16:16.1826247Z     [32m  ✔[0m[90m should handle comm manager dispose error gracefully[0m
2026-02-14T07:16:16.1826997Z WebviewManager: Starting async initialization...
2026-02-14T07:16:16.1827611Z WebviewManager: Disposing resources...
2026-02-14T07:16:16.1828251Z Error disposing panel: Error: panel dispose fail
2026-02-14T07:16:16.1829761Z 	at Object.dispose (/home/runner/work/interactive-markdown-table-editor/interactive-markdown-table-editor/out/test/unit/webviewManager.test.js:1675:56)
2026-02-14T07:16:16.1832009Z 	at WebviewManager.dispose (/home/runner/work/interactive-markdown-table-editor/interactive-markdown-table-editor/out/src/webviewManager.js:1112:23)
2026-02-14T07:16:16.1834491Z 	at /home/runner/work/interactive-markdown-table-editor/interactive-markdown-table-editor/out/test/unit/webviewManager.test.js:1677:52
2026-02-14T07:16:16.1835678Z 	at getActual (node:assert:609:5)
2026-02-14T07:16:16.1836210Z 	at Object.doesNotThrow (node:assert:777:32)
2026-02-14T07:16:16.1837637Z 	at Context.<anonymous> (/home/runner/work/interactive-markdown-table-editor/interactive-markdown-table-editor/out/test/unit/webviewManager.test.js:1677:20)
2026-02-14T07:16:16.1839527Z 	at callFn (/home/runner/work/interactive-markdown-table-editor/interactive-markdown-table-editor/node_modules/mocha/lib/runnable.js:364:21)
2026-02-14T07:16:16.1841359Z 	at Runnable.run (/home/runner/work/interactive-markdown-table-editor/interactive-markdown-table-editor/node_modules/mocha/lib/runnable.js:352:5)
2026-02-14T07:16:16.1843242Z 	at Runner.runTest (/home/runner/work/interactive-markdown-table-editor/interactive-markdown-table-editor/node_modules/mocha/lib/runner.js:677:10)
2026-02-14T07:16:16.1847667Z 	at /home/runner/work/interactive-markdown-table-editor/interactive-markdown-table-editor/node_modules/mocha/lib/runner.js:800:12
2026-02-14T07:16:16.1849179Z 	at next (/home/runner/work/interactive-markdown-table-editor/interactive-markdown-table-editor/node_modules/mocha/lib/runner.js:592:14)
2026-02-14T07:16:16.1850738Z 	at /home/runner/work/interactive-markdown-table-editor/interactive-markdown-table-editor/node_modules/mocha/lib/runner.js:602:7
2026-02-14T07:16:16.1852258Z 	at next (/home/runner/work/interactive-markdown-table-editor/interactive-markdown-table-editor/node_modules/mocha/lib/runner.js:485:14)
2026-02-14T07:16:16.1853974Z 	at Immediate._onImmediate (/home/runner/work/interactive-markdown-table-editor/interactive-markdown-table-editor/node_modules/mocha/lib/runner.js:570:5)
2026-02-14T07:16:16.1855351Z 	at process.processImmediate (node:internal/timers:485:21)
2026-02-14T07:16:16.1856199Z WebviewManager: Resources disposed
2026-02-14T07:16:16.1856840Z WebviewManager: Starting async initialization...
2026-02-14T07:16:16.1857689Z     [32m  ✔[0m[90m should handle panel dispose error gracefully[0m
2026-02-14T07:16:16.1858577Z [0m    createPanel panel reuse with health/comm migration[0m
2026-02-14T07:16:16.2010052Z WebviewManager: React build directory not found, this may cause issues: EntryNotFound (FileSystemError): Error: ENOENT: no such file or directory, stat '/test/out/webview'
2026-02-14T07:16:16.2015570Z 	at Lr.e (file:///home/runner/work/interactive-markdown-table-editor/interactive-markdown-table-editor/.vscode-test/vscode-linux-x64-1.109.3/resources/app/out/vs/workbench/api/node/extensionHostProcess.js:116:18080)
2026-02-14T07:16:16.2018654Z 	at Object.stat (file:///home/runner/work/interactive-markdown-table-editor/interactive-markdown-table-editor/.vscode-test/vscode-linux-x64-1.109.3/resources/app/out/vs/workbench/api/node/extensionHostProcess.js:116:16027)
2026-02-14T07:16:16.2021366Z 	at async WebviewManager.initializeAsync (/home/runner/work/interactive-markdown-table-editor/interactive-markdown-table-editor/out/src/webviewManager.js:110:17)
2026-02-14T07:16:16.2038298Z WebviewManager: React build directory not found, this may cause issues: EntryNotFound (FileSystemError): Error: ENOENT: no such file or directory, stat '/test/out/webview'
2026-02-14T07:16:16.2040989Z 	at Lr.e (file:///home/runner/work/interactive-markdown-table-editor/interactive-markdown-table-editor/.vscode-test/vscode-linux-x64-1.109.3/resources/app/out/vs/workbench/api/node/extensionHostProcess.js:116:18080)
2026-02-14T07:16:16.2044341Z 	at Object.stat (file:///home/runner/work/interactive-markdown-table-editor/interactive-markdown-table-editor/.vscode-test/vscode-linux-x64-1.109.3/resources/app/out/vs/workbench/api/node/extensionHostProcess.js:116:16027)
2026-02-14T07:16:16.2046637Z 	at async WebviewManager.initializeAsync (/home/runner/work/interactive-markdown-table-editor/interactive-markdown-table-editor/out/src/webviewManager.js:110:17)
2026-02-14T07:16:16.2048710Z WebviewManager: React build directory not found, this may cause issues: EntryNotFound (FileSystemError): Error: ENOENT: no such file or directory, stat '/test/out/webview'
2026-02-14T07:16:16.2051100Z 	at Lr.e (file:///home/runner/work/interactive-markdown-table-editor/interactive-markdown-table-editor/.vscode-test/vscode-linux-x64-1.109.3/resources/app/out/vs/workbench/api/node/extensionHostProcess.js:116:18080)
2026-02-14T07:16:16.2059390Z 	at Object.stat (file:///home/runner/work/interactive-markdown-table-editor/interactive-markdown-table-editor/.vscode-test/vscode-linux-x64-1.109.3/resources/app/out/vs/workbench/api/node/extensionHostProcess.js:116:16027)
2026-02-14T07:16:16.2062088Z 	at async WebviewManager.initializeAsync (/home/runner/work/interactive-markdown-table-editor/interactive-markdown-table-editor/out/src/webviewManager.js:110:17)
2026-02-14T07:16:16.2064675Z WebviewManager: React build directory not found, this may cause issues: EntryNotFound (FileSystemError): Error: ENOENT: no such file or directory, stat '/test/out/webview'
2026-02-14T07:16:16.2067304Z 	at Lr.e (file:///home/runner/work/interactive-markdown-table-editor/interactive-markdown-table-editor/.vscode-test/vscode-linux-x64-1.109.3/resources/app/out/vs/workbench/api/node/extensionHostProcess.js:116:18080)
2026-02-14T07:16:16.2070361Z 	at Object.stat (file:///home/runner/work/interactive-markdown-table-editor/interactive-markdown-table-editor/.vscode-test/vscode-linux-x64-1.109.3/resources/app/out/vs/workbench/api/node/extensionHostProcess.js:116:16027)
2026-02-14T07:16:16.2073037Z 	at async WebviewManager.initializeAsync (/home/runner/work/interactive-markdown-table-editor/interactive-markdown-table-editor/out/src/webviewManager.js:110:17)
2026-02-14T07:16:16.2075600Z WebviewManager: React build directory not found, this may cause issues: EntryNotFound (FileSystemError): Error: ENOENT: no such file or directory, stat '/test/out/webview'
2026-02-14T07:16:16.2078566Z 	at Lr.e (file:///home/runner/work/interactive-markdown-table-editor/interactive-markdown-table-editor/.vscode-test/vscode-linux-x64-1.109.3/resources/app/out/vs/workbench/api/node/extensionHostProcess.js:116:18080)
2026-02-14T07:16:16.2081583Z 	at Object.stat (file:///home/runner/work/interactive-markdown-table-editor/interactive-markdown-table-editor/.vscode-test/vscode-linux-x64-1.109.3/resources/app/out/vs/workbench/api/node/extensionHostProcess.js:116:16027)
2026-02-14T07:16:16.2084404Z 	at async WebviewManager.initializeAsync (/home/runner/work/interactive-markdown-table-editor/interactive-markdown-table-editor/out/src/webviewManager.js:110:17)
2026-02-14T07:16:16.2086798Z WebviewManager: React build directory not found, this may cause issues: EntryNotFound (FileSystemError): Error: ENOENT: no such file or directory, stat '/test/out/webview'
2026-02-14T07:16:16.2089335Z 	at Lr.e (file:///home/runner/work/interactive-markdown-table-editor/interactive-markdown-table-editor/.vscode-test/vscode-linux-x64-1.109.3/resources/app/out/vs/workbench/api/node/extensionHostProcess.js:116:18080)
2026-02-14T07:16:16.2092393Z 	at Object.stat (file:///home/runner/work/interactive-markdown-table-editor/interactive-markdown-table-editor/.vscode-test/vscode-linux-x64-1.109.3/resources/app/out/vs/workbench/api/node/extensionHostProcess.js:116:16027)
2026-02-14T07:16:16.2095700Z 	at async WebviewManager.initializeAsync (/home/runner/work/interactive-markdown-table-editor/interactive-markdown-table-editor/out/src/webviewManager.js:110:17)
2026-02-14T07:16:16.2098027Z 	at async WebviewManager.ensureInitialized (/home/runner/work/interactive-markdown-table-editor/interactive-markdown-table-editor/out/src/webviewManager.js:138:13)
2026-02-14T07:16:16.2100393Z 	at async WebviewManager._createTableEditorPanel (/home/runner/work/interactive-markdown-table-editor/interactive-markdown-table-editor/out/src/webviewManager.js:367:9)
2026-02-14T07:16:16.2102798Z 	at async WebviewManager.createTableEditorPanel (/home/runner/work/interactive-markdown-table-editor/interactive-markdown-table-editor/out/src/webviewManager.js:350:16)
2026-02-14T07:16:16.2105261Z 	at async Context.<anonymous> (/home/runner/work/interactive-markdown-table-editor/interactive-markdown-table-editor/out/test/unit/webviewManager.test.js:1709:28)
2026-02-14T07:16:16.2120220Z WebviewManager: React build index.html not found: EntryNotFound (FileSystemError): Error: ENOENT: no such file or directory, stat '/test/out/webview/index.html'
2026-02-14T07:16:16.2122830Z 	at Lr.e (file:///home/runner/work/interactive-markdown-table-editor/interactive-markdown-table-editor/.vscode-test/vscode-linux-x64-1.109.3/resources/app/out/vs/workbench/api/node/extensionHostProcess.js:116:18080)
2026-02-14T07:16:16.2125668Z 	at Object.stat (file:///home/runner/work/interactive-markdown-table-editor/interactive-markdown-table-editor/.vscode-test/vscode-linux-x64-1.109.3/resources/app/out/vs/workbench/api/node/extensionHostProcess.js:116:16027)
2026-02-14T07:16:16.2128029Z 	at async WebviewManager.initializeAsync (/home/runner/work/interactive-markdown-table-editor/interactive-markdown-table-editor/out/src/webviewManager.js:119:17)
2026-02-14T07:16:16.2129320Z WebviewManager: Async initialization completed
2026-02-14T07:16:16.2137820Z WebviewManager: React build index.html not found: EntryNotFound (FileSystemError): Error: ENOENT: no such file or directory, stat '/test/out/webview/index.html'
2026-02-14T07:16:16.2154338Z 	at Lr.e (file:///home/runner/work/interactive-markdown-table-editor/interactive-markdown-table-editor/.vscode-test/vscode-linux-x64-1.109.3/resources/app/out/vs/workbench/api/node/extensionHostProcess.js:116:18080)
2026-02-14T07:16:16.2157015Z 	at Object.stat (file:///home/runner/work/interactive-markdown-table-editor/interactive-markdown-table-editor/.vscode-test/vscode-linux-x64-1.109.3/resources/app/out/vs/workbench/api/node/extensionHostProcess.js:116:16027)
2026-02-14T07:16:16.2159387Z 	at async WebviewManager.initializeAsync (/home/runner/work/interactive-markdown-table-editor/interactive-markdown-table-editor/out/src/webviewManager.js:119:17)
2026-02-14T07:16:16.2161007Z WebviewManager: Async initialization completed
2026-02-14T07:16:16.2162383Z WebviewManager: React build index.html not found: EntryNotFound (FileSystemError): Error: ENOENT: no such file or directory, stat '/test/out/webview/index.html'
2026-02-14T07:16:16.2164949Z 	at Lr.e (file:///home/runner/work/interactive-markdown-table-editor/interactive-markdown-table-editor/.vscode-test/vscode-linux-x64-1.109.3/resources/app/out/vs/workbench/api/node/extensionHostProcess.js:116:18080)
2026-02-14T07:16:16.2167851Z 	at Object.stat (file:///home/runner/work/interactive-markdown-table-editor/interactive-markdown-table-editor/.vscode-test/vscode-linux-x64-1.109.3/resources/app/out/vs/workbench/api/node/extensionHostProcess.js:116:16027)
2026-02-14T07:16:16.2170397Z 	at async WebviewManager.initializeAsync (/home/runner/work/interactive-markdown-table-editor/interactive-markdown-table-editor/out/src/webviewManager.js:119:17)
2026-02-14T07:16:16.2171891Z WebviewManager: Async initialization completed
2026-02-14T07:16:16.2173341Z WebviewManager: React build index.html not found: EntryNotFound (FileSystemError): Error: ENOENT: no such file or directory, stat '/test/out/webview/index.html'
2026-02-14T07:16:16.2175940Z 	at Lr.e (file:///home/runner/work/interactive-markdown-table-editor/interactive-markdown-table-editor/.vscode-test/vscode-linux-x64-1.109.3/resources/app/out/vs/workbench/api/node/extensionHostProcess.js:116:18080)
2026-02-14T07:16:16.2178636Z 	at Object.stat (file:///home/runner/work/interactive-markdown-table-editor/interactive-markdown-table-editor/.vscode-test/vscode-linux-x64-1.109.3/resources/app/out/vs/workbench/api/node/extensionHostProcess.js:116:16027)
2026-02-14T07:16:16.2181059Z 	at async WebviewManager.initializeAsync (/home/runner/work/interactive-markdown-table-editor/interactive-markdown-table-editor/out/src/webviewManager.js:119:17)
2026-02-14T07:16:16.2182408Z WebviewManager: Async initialization completed
2026-02-14T07:16:16.2183883Z WebviewManager: React build index.html not found: EntryNotFound (FileSystemError): Error: ENOENT: no such file or directory, stat '/test/out/webview/index.html'
2026-02-14T07:16:16.2186415Z 	at Lr.e (file:///home/runner/work/interactive-markdown-table-editor/interactive-markdown-table-editor/.vscode-test/vscode-linux-x64-1.109.3/resources/app/out/vs/workbench/api/node/extensionHostProcess.js:116:18080)
2026-02-14T07:16:16.2189341Z 	at Object.stat (file:///home/runner/work/interactive-markdown-table-editor/interactive-markdown-table-editor/.vscode-test/vscode-linux-x64-1.109.3/resources/app/out/vs/workbench/api/node/extensionHostProcess.js:116:16027)
2026-02-14T07:16:16.2192128Z 	at async WebviewManager.initializeAsync (/home/runner/work/interactive-markdown-table-editor/interactive-markdown-table-editor/out/src/webviewManager.js:119:17)
2026-02-14T07:16:16.2193495Z WebviewManager: Async initialization completed
2026-02-14T07:16:16.2195120Z WebviewManager: React build index.html not found: EntryNotFound (FileSystemError): Error: ENOENT: no such file or directory, stat '/test/out/webview/index.html'
2026-02-14T07:16:16.2197568Z 	at Lr.e (file:///home/runner/work/interactive-markdown-table-editor/interactive-markdown-table-editor/.vscode-test/vscode-linux-x64-1.109.3/resources/app/out/vs/workbench/api/node/extensionHostProcess.js:116:18080)
2026-02-14T07:16:16.2199587Z 	at Object.stat (file:///home/runner/work/interactive-markdown-table-editor/interactive-markdown-table-editor/.vscode-test/vscode-linux-x64-1.109.3/resources/app/out/vs/workbench/api/node/extensionHostProcess.js:116:16027)
2026-02-14T07:16:16.2200925Z 	at async WebviewManager.initializeAsync (/home/runner/work/interactive-markdown-table-editor/interactive-markdown-table-editor/out/src/webviewManager.js:119:17)
2026-02-14T07:16:16.2202076Z 	at async WebviewManager.ensureInitialized (/home/runner/work/interactive-markdown-table-editor/interactive-markdown-table-editor/out/src/webviewManager.js:138:13)
2026-02-14T07:16:16.2203484Z 	at async WebviewManager._createTableEditorPanel (/home/runner/work/interactive-markdown-table-editor/interactive-markdown-table-editor/out/src/webviewManager.js:367:9)
2026-02-14T07:16:16.2205302Z 	at async WebviewManager.createTableEditorPanel (/home/runner/work/interactive-markdown-table-editor/interactive-markdown-table-editor/out/src/webviewManager.js:350:16)
2026-02-14T07:16:16.2206573Z 	at async Context.<anonymous> (/home/runner/work/interactive-markdown-table-editor/interactive-markdown-table-editor/out/test/unit/webviewManager.test.js:1709:28)
2026-02-14T07:16:16.2207644Z WebviewManager: Async initialization completed
2026-02-14T07:16:16.2414619Z [MTE][Ext] Panel state changed (inactive or hidden): { active: false, visible: false, panelId: '' }
2026-02-14T07:16:16.2521864Z [MTE][Ext] All communication handlers registered
2026-02-14T07:16:16.2531241Z [ExtComm] Disposing communication manager
2026-02-14T07:16:16.2538662Z [MTE][Ext] All communication handlers registered
2026-02-14T07:16:16.2566789Z [ExtComm] Sending updateTableData to webview, preview: { keys: [ 'command', 'data', 'fileInfo', 'gitThemeColors' ] }
2026-02-14T07:16:16.2570571Z     [32m  ✔[0m[90m should migrate health mapping when reusing panel for different file[0m[31m (91ms)[0m
2026-02-14T07:16:16.2817944Z [MTE][Ext] Panel state changed (inactive or hidden): { active: false, visible: false, panelId: '' }
2026-02-14T07:16:16.2939630Z [MTE][Ext] All communication handlers registered
2026-02-14T07:16:16.2941210Z [ExtComm] Disposing communication manager
2026-02-14T07:16:16.2941783Z [MTE][Ext] All communication handlers registered
2026-02-14T07:16:16.2984426Z [ExtComm] Sending updateTableData to webview, preview: { keys: [ 'command', 'data', 'fileInfo', 'gitThemeColors' ] }
2026-02-14T07:16:16.3011777Z     [32m  ✔[0m[90m should dispose old comm manager when reusing panel[0m[33m (44ms)[0m
2026-02-14T07:16:16.3025924Z [0m    createPanel force new panel unique panelId[0m
2026-02-14T07:16:16.3330895Z [MTE][Ext] Panel state changed (inactive or hidden): { active: false, visible: false, panelId: '' }
2026-02-14T07:16:16.3432542Z [MTE][Ext] All communication handlers registered
2026-02-14T07:16:16.3695927Z [MTE][Ext] Panel state changed (inactive or hidden): {
2026-02-14T07:16:16.3696298Z   active: false,
2026-02-14T07:16:16.3696557Z   visible: false,
2026-02-14T07:16:16.3696860Z   panelId: 'file:///test/sample.md_1771053376294'
2026-02-14T07:16:16.3697133Z }
2026-02-14T07:16:16.3842556Z [MTE][Ext] All communication handlers registered
2026-02-14T07:16:16.3853164Z     [32m  ✔[0m[90m should generate unique panelId for forceNewPanel[0m[31m (86ms)[0m
2026-02-14T07:16:16.3855097Z [0m    createPanel HTML processing[0m
2026-02-14T07:16:16.4102278Z [MTE][Ext] Panel state changed (inactive or hidden): { active: false, visible: false, panelId: '' }
2026-02-14T07:16:16.4158768Z [MTE][Ext] All communication handlers registered
2026-02-14T07:16:16.4160936Z     [32m  ✔[0m[90m should replace relative and absolute asset paths[0m
2026-02-14T07:16:16.4431837Z [MTE][Ext] Panel state changed (inactive or hidden): { active: false, visible: false, panelId: '' }
2026-02-14T07:16:16.4471252Z [MTE][Ext] All communication handlers registered
2026-02-14T07:16:16.4475775Z     [32m  ✔[0m[90m should add CSP meta tag to head[0m
2026-02-14T07:16:16.4784411Z [MTE][Ext] Panel state changed (inactive or hidden): { active: false, visible: false, panelId: '' }
2026-02-14T07:16:16.4894882Z [MTE][Ext] All communication handlers registered
2026-02-14T07:16:16.4899476Z     [32m  ✔[0m[90m should remove existing CSP meta tags before adding new one[0m[33m (39ms)[0m
2026-02-14T07:16:16.5189447Z [MTE][Ext] Panel state changed (inactive or hidden): { active: false, visible: false, panelId: '' }
2026-02-14T07:16:16.5230584Z Webview.loadLocalResource - Error using fileReader. requestUri=file:///tmp/mte-test-build/out/webview/assets/index.js, resourceToLoad=file:///tmp/mte-test-build/out/webview/assets/index.js
2026-02-14T07:16:16.5233300Z Webview.loadLocalResource - Error using fileReader. requestUri=file:///tmp/mte-test-build/out/webview/assets/other.js, resourceToLoad=file:///tmp/mte-test-build/out/webview/assets/other.js
2026-02-14T07:16:16.5270337Z [MTE][Ext] All communication handlers registered
2026-02-14T07:16:16.5294808Z     [32m  ✔[0m[90m should add lang attribute to html tag[0m[33m (38ms)[0m
2026-02-14T07:16:16.5505081Z [MTE][Ext] Panel state changed (inactive or hidden): { active: false, visible: false, panelId: '' }
2026-02-14T07:16:16.5521521Z React build directory not found: file:///nonexistent-path-for-test/out/webview
2026-02-14T07:16:16.6523021Z React build directory not found: file:///nonexistent-path-for-test/out/webview
2026-02-14T07:16:16.7531916Z React build directory not found: file:///nonexistent-path-for-test/out/webview
2026-02-14T07:16:16.7535382Z All build loading attempts failed
2026-02-14T07:16:16.7536510Z     [32m  ✔[0m[90m should throw when build directory does not exist[0m[31m (225ms)[0m
2026-02-14T07:16:16.9920957Z All build loading attempts failed
2026-02-14T07:16:16.9923494Z     [32m  ✔[0m[90m should throw when readFile returns empty HTML after retries[0m[31m (238ms)[0m
2026-02-14T07:16:16.9927382Z [0m    setupCommunicationHandlers callback execution[0m
2026-02-14T07:16:16.9929963Z [MTE][Ext] All communication handlers registered
2026-02-14T07:16:16.9933384Z     [32m  ✔[0m[90m requestTableData handler should return success[0m
2026-02-14T07:16:16.9940319Z [MTE][Ext] All communication handlers registered
2026-02-14T07:16:16.9945905Z     [32m  ✔[0m[90m updateCell handler should return success[0m
2026-02-14T07:16:16.9950977Z [MTE][Ext] All communication handlers registered
2026-02-14T07:16:16.9975541Z [MTE][UndoRedo] Failed to save state: CodeExpectedError: cannot open file:///test/handler-cb.md. Detail: Unable to read file '/test/handler-cb.md' (Error: Unable to resolve nonexistent file '/test/handler-cb.md')
2026-02-14T07:16:16.9979903Z     at Yze.$tryOpenDocument (vscode-file://vscode-app/home/runner/work/interactive-markdown-table-editor/interactive-markdown-table-editor/.vscode-test/vscode-linux-x64-1.109.3/resources/app/out/vs/workbench/workbench.desktop.main.js:542:8529)
2026-02-14T07:16:16.9985884Z     [32m  ✔[0m[90m bulkUpdateCells handler should return success[0m
2026-02-14T07:16:16.9986800Z [MTE][Ext] All communication handlers registered
2026-02-14T07:16:16.9991224Z     [32m  ✔[0m[90m updateHeader handler should return success[0m
2026-02-14T07:16:16.9993642Z [MTE][Ext] All communication handlers registered
2026-02-14T07:16:16.9998290Z     [32m  ✔[0m[90m addRow handler should return success[0m
2026-02-14T07:16:17.0000768Z [MTE][Ext] All communication handlers registered
2026-02-14T07:16:17.0005179Z     [32m  ✔[0m[90m deleteRows handler should return success[0m
2026-02-14T07:16:17.0007617Z [MTE][Ext] All communication handlers registered
2026-02-14T07:16:17.0011940Z     [32m  ✔[0m[90m addColumn handler should return success[0m
2026-02-14T07:16:17.0015164Z [MTE][Ext] All communication handlers registered
2026-02-14T07:16:17.0024393Z     [32m  ✔[0m[90m deleteColumns handler should return success[0m
2026-02-14T07:16:17.0028326Z [MTE][Ext] All communication handlers registered
2026-02-14T07:16:17.0034792Z     [32m  ✔[0m[90m sort handler should return success[0m
2026-02-14T07:16:17.0039458Z [MTE][Ext] All communication handlers registered
2026-02-14T07:16:17.0045629Z     [32m  ✔[0m[90m moveRow handler should return success[0m
2026-02-14T07:16:17.0051875Z [MTE][Ext] All communication handlers registered
2026-02-14T07:16:17.0057057Z     [32m  ✔[0m[90m moveColumn handler should return success[0m
2026-02-14T07:16:17.0062745Z [MTE][Ext] All communication handlers registered
2026-02-14T07:16:17.0064803Z     [32m  ✔[0m[90m exportCSV handler should return success[0m
2026-02-14T07:16:17.0066501Z [MTE][Ext] All communication handlers registered
2026-02-14T07:16:17.0072618Z     [32m  ✔[0m[90m importCSV handler should return success[0m
2026-02-14T07:16:17.0075749Z [MTE][Ext] All communication handlers registered
2026-02-14T07:16:17.0083503Z [MTE][Ext] Handling switchTable to index: 1
2026-02-14T07:16:17.0088553Z     [32m  ✔[0m[90m switchTable handler should return success[0m
2026-02-14T07:16:17.0090958Z [MTE][Ext] All communication handlers registered
2026-02-14T07:16:17.0098674Z     [32m  ✔[0m[90m requestThemeVariables handler should return success[0m
2026-02-14T07:16:17.0105402Z [MTE][Ext] All communication handlers registered
2026-02-14T07:16:17.0107311Z     [32m  ✔[0m[90m requestFontSettings handler should return success[0m
2026-02-14T07:16:17.0109986Z [MTE][Ext] All communication handlers registered
2026-02-14T07:16:17.0118985Z [MTE][Ext] Executing custom undo (no focus change required)
2026-02-14T07:16:17.0119895Z [MTE][Ext] Before undo: { undoCount: 0, redoCount: 0 }
2026-02-14T07:16:17.0457790Z     [32m  ✔[0m[90m undo handler should return success[0m
2026-02-14T07:16:17.0462630Z [MTE][Ext] All communication handlers registered
2026-02-14T07:16:17.0466864Z [MTE][Ext] Executing custom redo (no focus change required)
2026-02-14T07:16:17.0470494Z [MTE][Ext] Before redo: { undoCount: 0, redoCount: 0 }
2026-02-14T07:16:17.0668302Z     [32m  ✔[0m[90m redo handler should return success[0m
2026-02-14T07:16:17.0672156Z [MTE][Ext] All communication handlers registered
2026-02-14T07:16:17.0677796Z     [32m  ✔[0m[90m pong handler should mark connection healthy[0m
2026-02-14T07:16:17.0681994Z [MTE][Ext] All communication handlers registered
2026-02-14T07:16:17.0684595Z     [32m  ✔[0m[90m requestSync handler should refresh data[0m
2026-02-14T07:16:17.0685225Z [MTE][Ext] All communication handlers registered
2026-02-14T07:16:17.0688524Z     [32m  ✔[0m[90m stateUpdate handler with ready=true should apply theme and font[0m
2026-02-14T07:16:17.0692385Z [MTE][Ext] All communication handlers registered
2026-02-14T07:16:17.0697781Z     [32m  ✔[0m[90m stateUpdate handler with ready=undefined should apply theme and font[0m
2026-02-14T07:16:17.0700375Z [MTE][Ext] All communication handlers registered
2026-02-14T07:16:17.0705031Z     [32m  ✔[0m[90m stateUpdate handler with ready=false should not apply theme[0m
2026-02-14T07:16:17.0706369Z [MTE][Ext] All communication handlers registered
2026-02-14T07:16:17.0715328Z     [32m  ✔[0m[90m toggleAutoSave handler should update setting and notify[0m
2026-02-14T07:16:17.0716145Z [MTE][Ext] All communication handlers registered
2026-02-14T07:16:17.0720030Z     [32m  ✔[0m[90m toggleAutoSave handler defaults to true when enabled not provided[0m
2026-02-14T07:16:17.0723991Z [MTE][Ext] All communication handlers registered
2026-02-14T07:16:17.0728271Z     [32m  ✔[0m[90m manualSave handler should trigger save when dirty[0m
2026-02-14T07:16:17.0729608Z [MTE][Ext] All communication handlers registered
2026-02-14T07:16:17.0733281Z     [32m  ✔[0m[90m manualSave handler should skip save when not dirty[0m
2026-02-14T07:16:17.0734788Z [0m    handleMoveRow with fromIndex only[0m
2026-02-14T07:16:17.0736545Z     [32m  ✔[0m[90m should use fromIndex when indices not provided[0m
2026-02-14T07:16:17.0739393Z [0m    handleMoveColumn with fromIndex only[0m
2026-02-14T07:16:17.0742683Z     [32m  ✔[0m[90m should use fromIndex when indices not provided[0m
2026-02-14T07:16:17.0745844Z [0m    handleMoveRow with executeCommand throwing[0m
2026-02-14T07:16:17.0748749Z Failed to execute moveRow command: Error: test
2026-02-14T07:16:17.0751864Z     [32m  ✔[0m[90m should send error when executeCommand throws[0m
2026-02-14T07:16:17.0755391Z [0m    handleMoveColumn with executeCommand throwing[0m
2026-02-14T07:16:17.0757888Z Failed to execute moveColumn command: Error: col-err
2026-02-14T07:16:17.0764645Z     [32m  ✔[0m[90m should send error when executeCommand throws[0m
2026-02-14T07:16:17.0765729Z [0m    handleSwitchTable with comm manager[0m
2026-02-14T07:16:17.0767212Z [MTE][Ext] Handling switchTable to index: 2
2026-02-14T07:16:17.0771366Z     [32m  ✔[0m[90m should call setActiveTable via comm manager[0m
2026-02-14T07:16:17.0773516Z [0m    handleExportCSV with all parameters[0m
2026-02-14T07:16:17.0777903Z     [32m  ✔[0m[90m should pass all data fields to command[0m
2026-02-14T07:16:17.0779784Z [0m    handleBulkUpdateCells with tableIndex[0m
2026-02-14T07:16:17.1000335Z [MTE][UndoRedo] Failed to save state: CodeExpectedError: cannot open file:///test/bulk-idx.md. Detail: Unable to read file '/test/bulk-idx.md' (Error: Unable to resolve nonexistent file '/test/bulk-idx.md')
2026-02-14T07:16:17.1003811Z     at Yze.$tryOpenDocument (vscode-file://vscode-app/home/runner/work/interactive-markdown-table-editor/interactive-markdown-table-editor/.vscode-test/vscode-linux-x64-1.109.3/resources/app/out/vs/workbench/workbench.desktop.main.js:542:8529)
2026-02-14T07:16:17.1007888Z     [32m  ✔[0m[90m should pass tableIndex to command[0m[31m (85ms)[0m
2026-02-14T07:16:17.1009740Z [0m    performHealthCheck with no existing health entry[0m
2026-02-14T07:16:17.1014733Z     [32m  ✔[0m[90m should create health entry and ping when no prior entry[0m
2026-02-14T07:16:17.1017104Z [0m    pingWebview success path[0m
2026-02-14T07:16:17.1024440Z     [32m  ✔[0m[90m should post ping message successfully[0m
2026-02-14T07:16:17.1029873Z [0m    getCommunicationManagers[0m
2026-02-14T07:16:17.1036301Z     [32m  ✔[0m[90m should return the internal communication managers map[0m
2026-02-14T07:16:17.1040613Z [0m    ensureInitialized edge case[0m
2026-02-14T07:16:17.1045491Z     [32m  ✔[0m[90m should wait for initialization if not yet done[0m
2026-02-14T07:16:17.1051235Z     [32m  ✔[0m[90m should pass through when no initialization promise[0m
2026-02-14T07:16:17.1056846Z [0m    getSafeUriString Uri.from reconstruction success[0m
2026-02-14T07:16:17.1061717Z Failed to create safe URI string: Error: toString broken
2026-02-14T07:16:17.1064157Z 	at Object.toString (/home/runner/work/interactive-markdown-table-editor/interactive-markdown-table-editor/out/test/unit/webviewManager.test.js:2264:41)
2026-02-14T07:16:17.1066231Z 	at WebviewManager.getSafeUriString (/home/runner/work/interactive-markdown-table-editor/interactive-markdown-table-editor/out/src/webviewManager.js:27:35)
2026-02-14T07:16:17.1068879Z 	at Context.<anonymous> (/home/runner/work/interactive-markdown-table-editor/interactive-markdown-table-editor/out/test/unit/webviewManager.test.js:2266:43)
2026-02-14T07:16:17.1071222Z 	at callFn (/home/runner/work/interactive-markdown-table-editor/interactive-markdown-table-editor/node_modules/mocha/lib/runnable.js:364:21)
2026-02-14T07:16:17.1073392Z 	at Runnable.run (/home/runner/work/interactive-markdown-table-editor/interactive-markdown-table-editor/node_modules/mocha/lib/runnable.js:352:5)
2026-02-14T07:16:17.1076170Z 	at Runner.runTest (/home/runner/work/interactive-markdown-table-editor/interactive-markdown-table-editor/node_modules/mocha/lib/runner.js:677:10)
2026-02-14T07:16:17.1078530Z 	at /home/runner/work/interactive-markdown-table-editor/interactive-markdown-table-editor/node_modules/mocha/lib/runner.js:800:12
2026-02-14T07:16:17.1080779Z 	at next (/home/runner/work/interactive-markdown-table-editor/interactive-markdown-table-editor/node_modules/mocha/lib/runner.js:592:14)
2026-02-14T07:16:17.1082969Z 	at /home/runner/work/interactive-markdown-table-editor/interactive-markdown-table-editor/node_modules/mocha/lib/runner.js:602:7
2026-02-14T07:16:17.1085307Z 	at next (/home/runner/work/interactive-markdown-table-editor/interactive-markdown-table-editor/node_modules/mocha/lib/runner.js:485:14)
2026-02-14T07:16:17.1087123Z 	at Immediate._onImmediate (/home/runner/work/interactive-markdown-table-editor/interactive-markdown-table-editor/node_modules/mocha/lib/runner.js:570:5)
2026-02-14T07:16:17.1088429Z 	at process.processImmediate (node:internal/timers:485:21)
2026-02-14T07:16:17.1089003Z Original URI: {
2026-02-14T07:16:17.1089345Z   scheme: 'file',
2026-02-14T07:16:17.1089756Z   path: '/reconstruct/success.md',
2026-02-14T07:16:17.1090154Z   query: 'q=1',
2026-02-14T07:16:17.1090708Z   fragment: 'frag',
2026-02-14T07:16:17.1091052Z   fsPath: '/reconstruct/success.md'
2026-02-14T07:16:17.1091428Z }
2026-02-14T07:16:17.1092043Z Reconstructed URI: file:///reconstruct/success.md?q%3D1#frag
2026-02-14T07:16:17.1093265Z     [32m  ✔[0m[90m should reconstruct URI via Uri.from when toString throws but components are valid[0m
2026-02-14T07:16:17.1094406Z Failed to create safe URI string: Error: toString broken
2026-02-14T07:16:17.1096758Z 	at Object.toString (/home/runner/work/interactive-markdown-table-editor/interactive-markdown-table-editor/out/test/unit/webviewManager.test.js:2279:41)
2026-02-14T07:16:17.1098824Z 	at WebviewManager.getSafeUriString (/home/runner/work/interactive-markdown-table-editor/interactive-markdown-table-editor/out/src/webviewManager.js:27:35)
2026-02-14T07:16:17.1101005Z 	at Context.<anonymous> (/home/runner/work/interactive-markdown-table-editor/interactive-markdown-table-editor/out/test/unit/webviewManager.test.js:2281:43)
2026-02-14T07:16:17.1103116Z 	at callFn (/home/runner/work/interactive-markdown-table-editor/interactive-markdown-table-editor/node_modules/mocha/lib/runnable.js:364:21)
2026-02-14T07:16:17.1106289Z 	at Runnable.run (/home/runner/work/interactive-markdown-table-editor/interactive-markdown-table-editor/node_modules/mocha/lib/runnable.js:352:5)
2026-02-14T07:16:17.1108295Z 	at Runner.runTest (/home/runner/work/interactive-markdown-table-editor/interactive-markdown-table-editor/node_modules/mocha/lib/runner.js:677:10)
2026-02-14T07:16:17.1110094Z 	at /home/runner/work/interactive-markdown-table-editor/interactive-markdown-table-editor/node_modules/mocha/lib/runner.js:800:12
2026-02-14T07:16:17.1111271Z 	at next (/home/runner/work/interactive-markdown-table-editor/interactive-markdown-table-editor/node_modules/mocha/lib/runner.js:592:14)
2026-02-14T07:16:17.1112186Z 	at /home/runner/work/interactive-markdown-table-editor/interactive-markdown-table-editor/node_modules/mocha/lib/runner.js:602:7
2026-02-14T07:16:17.1113110Z 	at next (/home/runner/work/interactive-markdown-table-editor/interactive-markdown-table-editor/node_modules/mocha/lib/runner.js:485:14)
2026-02-14T07:16:17.1114314Z 	at Immediate._onImmediate (/home/runner/work/interactive-markdown-table-editor/interactive-markdown-table-editor/node_modules/mocha/lib/runner.js:570:5)
2026-02-14T07:16:17.1115475Z 	at process.processImmediate (node:internal/timers:485:21)
2026-02-14T07:16:17.1115922Z Original URI: {
2026-02-14T07:16:17.1116211Z   scheme: 'untitled',
2026-02-14T07:16:17.1116534Z   path: '/untitled/test.md',
2026-02-14T07:16:17.1116851Z   query: '',
2026-02-14T07:16:17.1117123Z   fragment: '',
2026-02-14T07:16:17.1117460Z   fsPath: '/untitled/test.md'
2026-02-14T07:16:17.1117790Z }
2026-02-14T07:16:17.1118154Z Reconstructed URI: file:///untitled/test.md
2026-02-14T07:16:17.1119023Z     [32m  ✔[0m[90m should map untitled scheme to file in reconstruction[0m
2026-02-14T07:16:17.1119879Z [0m    getSafeUriString final fallback smoke[0m
2026-02-14T07:16:17.1120486Z Failed to create safe URI string: Error: toString failed
2026-02-14T07:16:17.1121993Z 	at Object.toString (/home/runner/work/interactive-markdown-table-editor/interactive-markdown-table-editor/out/test/unit/webviewManager.test.js:2298:41)
2026-02-14T07:16:17.1123944Z 	at WebviewManager.getSafeUriString (/home/runner/work/interactive-markdown-table-editor/interactive-markdown-table-editor/out/src/webviewManager.js:27:35)
2026-02-14T07:16:17.1126139Z 	at Context.<anonymous> (/home/runner/work/interactive-markdown-table-editor/interactive-markdown-table-editor/out/test/unit/webviewManager.test.js:2300:43)
2026-02-14T07:16:17.1128404Z 	at callFn (/home/runner/work/interactive-markdown-table-editor/interactive-markdown-table-editor/node_modules/mocha/lib/runnable.js:364:21)
2026-02-14T07:16:17.1129893Z 	at Runnable.run (/home/runner/work/interactive-markdown-table-editor/interactive-markdown-table-editor/node_modules/mocha/lib/runnable.js:352:5)
2026-02-14T07:16:17.1130895Z 	at Runner.runTest (/home/runner/work/interactive-markdown-table-editor/interactive-markdown-table-editor/node_modules/mocha/lib/runner.js:677:10)
2026-02-14T07:16:17.1132139Z 	at /home/runner/work/interactive-markdown-table-editor/interactive-markdown-table-editor/node_modules/mocha/lib/runner.js:800:12
2026-02-14T07:16:17.1133062Z 	at next (/home/runner/work/interactive-markdown-table-editor/interactive-markdown-table-editor/node_modules/mocha/lib/runner.js:592:14)
2026-02-14T07:16:17.1133966Z 	at /home/runner/work/interactive-markdown-table-editor/interactive-markdown-table-editor/node_modules/mocha/lib/runner.js:602:7
2026-02-14T07:16:17.1135070Z 	at next (/home/runner/work/interactive-markdown-table-editor/interactive-markdown-table-editor/node_modules/mocha/lib/runner.js:485:14)
2026-02-14T07:16:17.1136063Z 	at Immediate._onImmediate (/home/runner/work/interactive-markdown-table-editor/interactive-markdown-table-editor/node_modules/mocha/lib/runner.js:570:5)
2026-02-14T07:16:17.1136774Z 	at process.processImmediate (node:internal/timers:485:21)
2026-02-14T07:16:17.1137084Z Original URI: {
2026-02-14T07:16:17.1137286Z   scheme: 'file',
2026-02-14T07:16:17.1137485Z   path: '/final/fail.md',
2026-02-14T07:16:17.1137693Z   query: '',
2026-02-14T07:16:17.1137872Z   fragment: '',
2026-02-14T07:16:17.1138066Z   fsPath: '/final/fail.md'
2026-02-14T07:16:17.1138267Z }
2026-02-14T07:16:17.1138492Z Reconstructed URI: file:///final/fail.md
2026-02-14T07:16:17.1138951Z     [32m  ✔[0m[90m does not throw when uri.toString throws[0m
2026-02-14T07:16:17.1139350Z [0m    initializeAsync failure path[0m
2026-02-14T07:16:17.1139887Z WebviewManager: Starting async initialization...
2026-02-14T07:16:17.1157324Z WebviewManager: React build directory not found, this may cause issues: EntryNotFound (FileSystemError): Error: ENOENT: no such file or directory, stat '/nonexistent-init-async-test/out/webview'
2026-02-14T07:16:17.1159664Z 	at Lr.e (file:///home/runner/work/interactive-markdown-table-editor/interactive-markdown-table-editor/.vscode-test/vscode-linux-x64-1.109.3/resources/app/out/vs/workbench/api/node/extensionHostProcess.js:116:18080)
2026-02-14T07:16:17.1162284Z 	at Object.stat (file:///home/runner/work/interactive-markdown-table-editor/interactive-markdown-table-editor/.vscode-test/vscode-linux-x64-1.109.3/resources/app/out/vs/workbench/api/node/extensionHostProcess.js:116:16027)
2026-02-14T07:16:17.1164982Z 	at async WebviewManager.initializeAsync (/home/runner/work/interactive-markdown-table-editor/interactive-markdown-table-editor/out/src/webviewManager.js:110:17)
2026-02-14T07:16:17.1166874Z 	at async Context.<anonymous> (/home/runner/work/interactive-markdown-table-editor/interactive-markdown-table-editor/out/test/unit/webviewManager.test.js:2316:13)
2026-02-14T07:16:17.1172708Z WebviewManager: React build index.html not found: EntryNotFound (FileSystemError): Error: ENOENT: no such file or directory, stat '/nonexistent-init-async-test/out/webview/index.html'
2026-02-14T07:16:17.1175374Z 	at Lr.e (file:///home/runner/work/interactive-markdown-table-editor/interactive-markdown-table-editor/.vscode-test/vscode-linux-x64-1.109.3/resources/app/out/vs/workbench/api/node/extensionHostProcess.js:116:18080)
2026-02-14T07:16:17.1180493Z 	at Object.stat (file:///home/runner/work/interactive-markdown-table-editor/interactive-markdown-table-editor/.vscode-test/vscode-linux-x64-1.109.3/resources/app/out/vs/workbench/api/node/extensionHostProcess.js:116:16027)
2026-02-14T07:16:17.1183377Z 	at async WebviewManager.initializeAsync (/home/runner/work/interactive-markdown-table-editor/interactive-markdown-table-editor/out/src/webviewManager.js:119:17)
2026-02-14T07:16:17.1187137Z 	at async Context.<anonymous> (/home/runner/work/interactive-markdown-table-editor/interactive-markdown-table-editor/out/test/unit/webviewManager.test.js:2316:13)
2026-02-14T07:16:17.1188766Z WebviewManager: Async initialization completed
2026-02-14T07:16:17.1189322Z WebviewManager: Disposing resources...
2026-02-14T07:16:17.1189852Z WebviewManager: Resources disposed
2026-02-14T07:16:17.1190624Z WebviewManager: Starting async initialization...
2026-02-14T07:16:17.1192642Z     [32m  ✔[0m[90m should set isInitialized true even if build directory check warns[0m
2026-02-14T07:16:17.1195420Z [0m    setDirtyState URI parse failure[0m
2026-02-14T07:16:17.1198824Z     [32m  ✔[0m[90m should handle invalid panelId that fails URI parse gracefully[0m
2026-02-14T07:16:17.1206889Z [0m    createPanel icon path failure[0m
2026-02-14T07:16:17.1209865Z WebviewManager: React build directory not found, this may cause issues: EntryNotFound (FileSystemError): Error: ENOENT: no such file or directory, stat '/test/out/webview'
2026-02-14T07:16:17.1212407Z 	at Lr.e (file:///home/runner/work/interactive-markdown-table-editor/interactive-markdown-table-editor/.vscode-test/vscode-linux-x64-1.109.3/resources/app/out/vs/workbench/api/node/extensionHostProcess.js:116:18080)
2026-02-14T07:16:17.1215400Z 	at Object.stat (file:///home/runner/work/interactive-markdown-table-editor/interactive-markdown-table-editor/.vscode-test/vscode-linux-x64-1.109.3/resources/app/out/vs/workbench/api/node/extensionHostProcess.js:116:16027)
2026-02-14T07:16:17.1217835Z 	at async WebviewManager.initializeAsync (/home/runner/work/interactive-markdown-table-editor/interactive-markdown-table-editor/out/src/webviewManager.js:110:17)
2026-02-14T07:16:17.1219029Z 	at async WebviewManager.ensureInitialized (/home/runner/work/interactive-markdown-table-editor/interactive-markdown-table-editor/out/src/webviewManager.js:138:13)
2026-02-14T07:16:17.1220184Z 	at async WebviewManager._createTableEditorPanel (/home/runner/work/interactive-markdown-table-editor/interactive-markdown-table-editor/out/src/webviewManager.js:367:9)
2026-02-14T07:16:17.1221638Z 	at async WebviewManager.createTableEditorPanel (/home/runner/work/interactive-markdown-table-editor/interactive-markdown-table-editor/out/src/webviewManager.js:350:16)
2026-02-14T07:16:17.1222785Z 	at async Context.<anonymous> (/home/runner/work/interactive-markdown-table-editor/interactive-markdown-table-editor/out/test/unit/webviewManager.test.js:2370:27)
2026-02-14T07:16:17.1223962Z WebviewManager: React build index.html not found: EntryNotFound (FileSystemError): Error: ENOENT: no such file or directory, stat '/test/out/webview/index.html'
2026-02-14T07:16:17.1225550Z 	at Lr.e (file:///home/runner/work/interactive-markdown-table-editor/interactive-markdown-table-editor/.vscode-test/vscode-linux-x64-1.109.3/resources/app/out/vs/workbench/api/node/extensionHostProcess.js:116:18080)
2026-02-14T07:16:17.1227319Z 	at Object.stat (file:///home/runner/work/interactive-markdown-table-editor/interactive-markdown-table-editor/.vscode-test/vscode-linux-x64-1.109.3/resources/app/out/vs/workbench/api/node/extensionHostProcess.js:116:16027)
2026-02-14T07:16:17.1229445Z 	at async WebviewManager.initializeAsync (/home/runner/work/interactive-markdown-table-editor/interactive-markdown-table-editor/out/src/webviewManager.js:119:17)
2026-02-14T07:16:17.1231510Z 	at async WebviewManager.ensureInitialized (/home/runner/work/interactive-markdown-table-editor/interactive-markdown-table-editor/out/src/webviewManager.js:138:13)
2026-02-14T07:16:17.1233736Z 	at async WebviewManager._createTableEditorPanel (/home/runner/work/interactive-markdown-table-editor/interactive-markdown-table-editor/out/src/webviewManager.js:367:9)
2026-02-14T07:16:17.1236121Z 	at async WebviewManager.createTableEditorPanel (/home/runner/work/interactive-markdown-table-editor/interactive-markdown-table-editor/out/src/webviewManager.js:350:16)
2026-02-14T07:16:17.1238333Z 	at async Context.<anonymous> (/home/runner/work/interactive-markdown-table-editor/interactive-markdown-table-editor/out/test/unit/webviewManager.test.js:2370:27)
2026-02-14T07:16:17.1239729Z WebviewManager: Async initialization completed
2026-02-14T07:16:17.1590176Z [MTE][Ext] All communication handlers registered
2026-02-14T07:16:17.1592251Z     [32m  ✔[0m[90m should handle iconPath setting failure gracefully[0m[33m (40ms)[0m
2026-02-14T07:16:17.1593120Z [0m    createPanel index.html not found[0m
2026-02-14T07:16:17.1869076Z [MTE][Ext] Panel state changed (inactive or hidden): { active: false, visible: false, panelId: '' }
2026-02-14T07:16:17.2011504Z React build index.html not found: file:///tmp/mte-test-build/out/webview/index.html
2026-02-14T07:16:17.2961478Z React build index.html not found: file:///tmp/mte-test-build/out/webview/index.html
2026-02-14T07:16:17.3976245Z React build index.html not found: file:///tmp/mte-test-build/out/webview/index.html
2026-02-14T07:16:17.3982048Z All build loading attempts failed
2026-02-14T07:16:17.3983206Z     [32m  ✔[0m[90m should throw when index.html does not exist in build directory[0m[31m (238ms)[0m
2026-02-14T07:16:17.4010046Z [0m    createPanel assets URI fallback[0m
2026-02-14T07:16:17.4427895Z [MTE][Ext] All communication handlers registered
2026-02-14T07:16:17.4438794Z     [32m  ✔[0m[90m should use fallback when getSafeUriString returns empty for assets[0m[33m (39ms)[0m
2026-02-14T07:16:17.4454166Z [0m    createPanel React build load failure catch[0m
2026-02-14T07:16:17.4465180Z     [32m  ✔[0m[90m should throw with descriptive error when asWebviewUri fails[0m
2026-02-14T07:16:17.4489559Z [0m    createPanel onDidDispose callback[0m
2026-02-14T07:16:17.4768723Z [MTE][Ext] Panel state changed (inactive or hidden): { active: false, visible: false, panelId: '' }
2026-02-14T07:16:17.4901315Z Webview.loadLocalResource - Error using fileReader. requestUri=file:///tmp/mte-test-build/out/webview/assets/index.js, resourceToLoad=file:///tmp/mte-test-build/out/webview/assets/index.js
2026-02-14T07:16:17.4911916Z [MTE][Ext] All communication handlers registered
2026-02-14T07:16:17.4918214Z Panel disposed for: file:///test/dispose-test.md
2026-02-14T07:16:17.4923418Z [ExtComm] Disposing communication manager
2026-02-14T07:16:17.4926980Z [MTE][Ext] Communication manager disposed for panel: file:///test/dispose-test.md
2026-02-14T07:16:17.4953844Z     [32m  ✔[0m[90m should clean up panel, health, and comm manager on dispose[0m[33m (48ms)[0m
2026-02-14T07:16:17.5074802Z [0m    createPanel onDidChangeViewState callback[0m
2026-02-14T07:16:17.5304577Z [MTE][Ext] Panel state changed (inactive or hidden): { active: false, visible: false, panelId: '' }
2026-02-14T07:16:17.5345951Z [MTE][Ext] All communication handlers registered
2026-02-14T07:16:17.5352944Z     [32m  ✔[0m[90m should refresh data when panel becomes active and visible[0m[33m (39ms)[0m
2026-02-14T07:16:17.5364891Z [0m    updateTableData Git theme colors failure[0m
2026-02-14T07:16:17.5377420Z     [32m  ✔[0m[90m should handle getGitThemeColors failure gracefully[0m
2026-02-14T07:16:17.5383825Z [0m    handleSort getSafeUriString failure[0m
2026-02-14T07:16:17.5385340Z Failed to create safe URI string for sort operation
2026-02-14T07:16:17.5401560Z     [32m  ✔[0m[90m should return early when getSafeUriString returns empty[0m
2026-02-14T07:16:17.5405607Z [0m    applyThemeToPanel error catch[0m
2026-02-14T07:16:17.5411239Z WebviewManager: Failed to apply theme to panel: Error: theme apply fail
2026-02-14T07:16:17.5413808Z 	at Object.applyThemeVariables (/home/runner/work/interactive-markdown-table-editor/interactive-markdown-table-editor/out/test/unit/webviewManager.test.js:2610:52)
2026-02-14T07:16:17.5422039Z 	at WebviewManager.applyThemeToPanel (/home/runner/work/interactive-markdown-table-editor/interactive-markdown-table-editor/out/src/webviewManager.js:1133:29)
2026-02-14T07:16:17.5425752Z 	at async /home/runner/work/interactive-markdown-table-editor/interactive-markdown-table-editor/out/test/unit/webviewManager.test.js:2618:17
2026-02-14T07:16:17.5431403Z 	at async waitForActual (node:assert:644:5)
2026-02-14T07:16:17.5431984Z 	at async Object.doesNotReject (node:assert:787:33)
2026-02-14T07:16:17.5433271Z 	at async Context.<anonymous> (/home/runner/work/interactive-markdown-table-editor/interactive-markdown-table-editor/out/test/unit/webviewManager.test.js:2617:13)
2026-02-14T07:16:17.5435047Z     [32m  ✔[0m[90m should catch and warn when buildThemeVariablesCss throws[0m
2026-02-14T07:16:17.5436135Z [0m    applyFontSettingsToPanel error catch[0m
2026-02-14T07:16:17.5437129Z WebviewManager: Failed to apply font settings to panel: Error: font apply fail
2026-02-14T07:16:17.5438663Z 	at Object.applyFontSettings (/home/runner/work/interactive-markdown-table-editor/interactive-markdown-table-editor/out/test/unit/webviewManager.test.js:2628:50)
2026-02-14T07:16:17.5440780Z 	at WebviewManager.applyFontSettingsToPanel (/home/runner/work/interactive-markdown-table-editor/interactive-markdown-table-editor/out/src/webviewManager.js:1154:29)
2026-02-14T07:16:17.5442650Z 	at /home/runner/work/interactive-markdown-table-editor/interactive-markdown-table-editor/out/test/unit/webviewManager.test.js:2635:38
2026-02-14T07:16:17.5443719Z 	at waitForActual (node:assert:630:21)
2026-02-14T07:16:17.5444364Z 	at Object.doesNotReject (node:assert:787:39)
2026-02-14T07:16:17.5445634Z 	at Context.<anonymous> (/home/runner/work/interactive-markdown-table-editor/interactive-markdown-table-editor/out/test/unit/webviewManager.test.js:2634:26)
2026-02-14T07:16:17.5447303Z 	at callFn (/home/runner/work/interactive-markdown-table-editor/interactive-markdown-table-editor/node_modules/mocha/lib/runnable.js:364:21)
2026-02-14T07:16:17.5449108Z 	at Runnable.run (/home/runner/work/interactive-markdown-table-editor/interactive-markdown-table-editor/node_modules/mocha/lib/runnable.js:352:5)
2026-02-14T07:16:17.5450868Z 	at Runner.runTest (/home/runner/work/interactive-markdown-table-editor/interactive-markdown-table-editor/node_modules/mocha/lib/runner.js:677:10)
2026-02-14T07:16:17.5452409Z 	at /home/runner/work/interactive-markdown-table-editor/interactive-markdown-table-editor/node_modules/mocha/lib/runner.js:800:12
2026-02-14T07:16:17.5453866Z 	at next (/home/runner/work/interactive-markdown-table-editor/interactive-markdown-table-editor/node_modules/mocha/lib/runner.js:592:14)
2026-02-14T07:16:17.5459773Z 	at /home/runner/work/interactive-markdown-table-editor/interactive-markdown-table-editor/node_modules/mocha/lib/runner.js:602:7
2026-02-14T07:16:17.5461288Z 	at next (/home/runner/work/interactive-markdown-table-editor/interactive-markdown-table-editor/node_modules/mocha/lib/runner.js:485:14)
2026-02-14T07:16:17.5462947Z 	at Immediate._onImmediate (/home/runner/work/interactive-markdown-table-editor/interactive-markdown-table-editor/node_modules/mocha/lib/runner.js:570:5)
2026-02-14T07:16:17.5464259Z 	at process.processImmediate (node:internal/timers:485:21)
2026-02-14T07:16:17.5465154Z     [32m  ✔[0m[90m should catch and warn when applyFontSettings throws[0m
2026-02-14T07:16:17.5465883Z [0m    getWebviewContent fallback[0m
2026-02-14T07:16:17.5466656Z Reading HTML from path: /nonexistent-path-for-getWebviewContent/webview/tableEditor.html
2026-02-14T07:16:17.5467318Z Using fallback HTML
2026-02-14T07:16:17.5468023Z     [32m  ✔[0m[90m should return fallback HTML when fs.readFileSync fails[0m
2026-02-14T07:16:17.5468796Z [0m    stopHealthMonitoring with active interval[0m
2026-02-14T07:16:17.5470108Z Error reading webview HTML file: Error: ENOENT: no such file or directory, open '/nonexistent-path-for-getWebviewContent/webview/tableEditor.html'
2026-02-14T07:16:17.5471083Z 	at Object.readFileSync (node:fs:442:20)
2026-02-14T07:16:17.5474306Z 	at t.readFileSync (node:electron/js2c/node_init:2:11013)
2026-02-14T07:16:17.5475878Z 	at WebviewManager.getWebviewContent (/home/runner/work/interactive-markdown-table-editor/interactive-markdown-table-editor/out/src/webviewManager.js:1173:32)
2026-02-14T07:16:17.5478022Z 	at Context.<anonymous> (/home/runner/work/interactive-markdown-table-editor/interactive-markdown-table-editor/out/test/unit/webviewManager.test.js:2647:41)
2026-02-14T07:16:17.5479789Z 	at callFn (/home/runner/work/interactive-markdown-table-editor/interactive-markdown-table-editor/node_modules/mocha/lib/runnable.js:364:21)
2026-02-14T07:16:17.5481352Z 	at Runnable.run (/home/runner/work/interactive-markdown-table-editor/interactive-markdown-table-editor/node_modules/mocha/lib/runnable.js:352:5)
2026-02-14T07:16:17.5483728Z 	at Runner.runTest (/home/runner/work/interactive-markdown-table-editor/interactive-markdown-table-editor/node_modules/mocha/lib/runner.js:677:10)
2026-02-14T07:16:17.5488701Z 	at /home/runner/work/interactive-markdown-table-editor/interactive-markdown-table-editor/node_modules/mocha/lib/runner.js:800:12
2026-02-14T07:16:17.5490325Z 	at next (/home/runner/work/interactive-markdown-table-editor/interactive-markdown-table-editor/node_modules/mocha/lib/runner.js:592:14)
2026-02-14T07:16:17.5491937Z 	at /home/runner/work/interactive-markdown-table-editor/interactive-markdown-table-editor/node_modules/mocha/lib/runner.js:602:7
2026-02-14T07:16:17.5493548Z 	at next (/home/runner/work/interactive-markdown-table-editor/interactive-markdown-table-editor/node_modules/mocha/lib/runner.js:485:14)
2026-02-14T07:16:17.5495522Z 	at Immediate._onImmediate (/home/runner/work/interactive-markdown-table-editor/interactive-markdown-table-editor/node_modules/mocha/lib/runner.js:570:5)
2026-02-14T07:16:17.5496764Z 	at process.processImmediate (node:internal/timers:485:21)
2026-02-14T07:16:17.5497655Z     [32m  ✔[0m[90m should clear interval when healthCheckInterval is set[0m
2026-02-14T07:16:17.5498434Z [0m    applyTableState failure rethrow[0m
2026-02-14T07:16:17.5499138Z [MTE][Ext] Failed to apply table state: Error: directFileUpdate failed
2026-02-14T07:16:17.5500513Z 	at vscode.commands.executeCommand (/home/runner/work/interactive-markdown-table-editor/interactive-markdown-table-editor/out/test/unit/webviewManager.test.js:2666:60)
2026-02-14T07:16:17.5502633Z 	at WebviewManager.applyTableState (/home/runner/work/interactive-markdown-table-editor/interactive-markdown-table-editor/out/src/webviewManager.js:1388:29)
2026-02-14T07:16:17.5509780Z 	at /home/runner/work/interactive-markdown-table-editor/interactive-markdown-table-editor/out/test/unit/webviewManager.test.js:2673:42
2026-02-14T07:16:17.5510851Z 	at waitForActual (node:assert:630:21)
2026-02-14T07:16:17.5511479Z 	at Object.rejects (node:assert:767:31)
2026-02-14T07:16:17.5512713Z 	at Context.<anonymous> (/home/runner/work/interactive-markdown-table-editor/interactive-markdown-table-editor/out/test/unit/webviewManager.test.js:2672:30)
2026-02-14T07:16:17.5514658Z 	at callFn (/home/runner/work/interactive-markdown-table-editor/interactive-markdown-table-editor/node_modules/mocha/lib/runnable.js:364:21)
2026-02-14T07:16:17.5516632Z 	at Runnable.run (/home/runner/work/interactive-markdown-table-editor/interactive-markdown-table-editor/node_modules/mocha/lib/runnable.js:352:5)
2026-02-14T07:16:17.5518409Z 	at Runner.runTest (/home/runner/work/interactive-markdown-table-editor/interactive-markdown-table-editor/node_modules/mocha/lib/runner.js:677:10)
2026-02-14T07:16:17.5520129Z 	at /home/runner/work/interactive-markdown-table-editor/interactive-markdown-table-editor/node_modules/mocha/lib/runner.js:800:12
2026-02-14T07:16:17.5521815Z 	at next (/home/runner/work/interactive-markdown-table-editor/interactive-markdown-table-editor/node_modules/mocha/lib/runner.js:592:14)
2026-02-14T07:16:17.5526448Z 	at /home/runner/work/interactive-markdown-table-editor/interactive-markdown-table-editor/node_modules/mocha/lib/runner.js:602:7
2026-02-14T07:16:17.5528322Z 	at next (/home/runner/work/interactive-markdown-table-editor/interactive-markdown-table-editor/node_modules/mocha/lib/runner.js:485:14)
2026-02-14T07:16:17.5530359Z 	at Immediate._onImmediate (/home/runner/work/interactive-markdown-table-editor/interactive-markdown-table-editor/node_modules/mocha/lib/runner.js:570:5)
2026-02-14T07:16:17.5534732Z 	at process.processImmediate (node:internal/timers:485:21)
2026-02-14T07:16:17.5535741Z     [32m  ✔[0m[90m should rethrow error when executeCommand fails[0m
2026-02-14T07:16:17.5536564Z [0m    stateUpdate handler error catch[0m
2026-02-14T07:16:17.5537192Z [MTE][Ext] All communication handlers registered
2026-02-14T07:16:17.5538103Z WebviewManager: Failed to apply theme to panel: Error: theme crash
2026-02-14T07:16:17.5539731Z 	at Object.applyThemeVariables (/home/runner/work/interactive-markdown-table-editor/interactive-markdown-table-editor/out/test/unit/webviewManager.test.js:2688:52)
2026-02-14T07:16:17.5542399Z 	at WebviewManager.applyThemeToPanel (/home/runner/work/interactive-markdown-table-editor/interactive-markdown-table-editor/out/src/webviewManager.js:1133:29)
2026-02-14T07:16:17.5544738Z 	at async Object.stateUpdate (/home/runner/work/interactive-markdown-table-editor/interactive-markdown-table-editor/out/src/webviewManager.js:1514:21)
2026-02-14T07:16:17.5546945Z 	at async Context.<anonymous> (/home/runner/work/interactive-markdown-table-editor/interactive-markdown-table-editor/out/test/unit/webviewManager.test.js:2704:28)
2026-02-14T07:16:17.5548797Z     [32m  ✔[0m[90m should catch error in stateUpdate handler when applyThemeToPanel throws[0m
2026-02-14T07:16:17.5549837Z [0m    createDefaultContext usage via getInstance[0m
2026-02-14T07:16:17.5567734Z WebviewManager: Starting async initialization...
2026-02-14T07:16:17.5568424Z WebviewManager: Disposing resources...
2026-02-14T07:16:17.5574357Z WebviewManager: Resources disposed
2026-02-14T07:16:17.5575203Z WebviewManager: Starting async initialization...
2026-02-14T07:16:17.5576343Z     [32m  ✔[0m[90m should create instance with default context when no context provided[0m
2026-02-14T07:16:17.5577206Z [0m    startHealthMonitoring[0m
2026-02-14T07:16:17.5587755Z WebviewManager: Starting async initialization...
2026-02-14T07:16:17.5588436Z WebviewManager: Disposing resources...
2026-02-14T07:16:17.5588978Z WebviewManager: Resources disposed
2026-02-14T07:16:17.5589510Z WebviewManager: Starting async initialization...
2026-02-14T07:16:17.5590391Z     [32m  ✔[0m[90m should set healthCheckInterval on new instance[0m
2026-02-14T07:16:17.5591111Z [0m    createPanel panel creation failure[0m
2026-02-14T07:16:17.5595127Z WebviewManager: React build directory verified
2026-02-14T07:16:17.5625847Z WebviewManager: React build directory not found, this may cause issues: EntryNotFound (FileSystemError): Error: ENOENT: no such file or directory, stat '/test/out/webview'
2026-02-14T07:16:17.5630929Z 	at Lr.e (file:///home/runner/work/interactive-markdown-table-editor/interactive-markdown-table-editor/.vscode-test/vscode-linux-x64-1.109.3/resources/app/out/vs/workbench/api/node/extensionHostProcess.js:116:18080)
2026-02-14T07:16:17.5636436Z 	at Object.stat (file:///home/runner/work/interactive-markdown-table-editor/interactive-markdown-table-editor/.vscode-test/vscode-linux-x64-1.109.3/resources/app/out/vs/workbench/api/node/extensionHostProcess.js:116:16027)
2026-02-14T07:16:17.5639725Z 	at async WebviewManager.initializeAsync (/home/runner/work/interactive-markdown-table-editor/interactive-markdown-table-editor/out/src/webviewManager.js:110:17)
2026-02-14T07:16:17.5652112Z WebviewManager: React build directory not found, this may cause issues: EntryNotFound (FileSystemError): Error: ENOENT: no such file or directory, stat '/test/out/webview'
2026-02-14T07:16:17.5658390Z 	at Lr.e (file:///home/runner/work/interactive-markdown-table-editor/interactive-markdown-table-editor/.vscode-test/vscode-linux-x64-1.109.3/resources/app/out/vs/workbench/api/node/extensionHostProcess.js:116:18080)
2026-02-14T07:16:17.5665158Z 	at Object.stat (file:///home/runner/work/interactive-markdown-table-editor/interactive-markdown-table-editor/.vscode-test/vscode-linux-x64-1.109.3/resources/app/out/vs/workbench/api/node/extensionHostProcess.js:116:16027)
2026-02-14T07:16:17.5667513Z 	at async WebviewManager.initializeAsync (/home/runner/work/interactive-markdown-table-editor/interactive-markdown-table-editor/out/src/webviewManager.js:110:17)
2026-02-14T07:16:17.5669814Z WebviewManager: React build directory not found, this may cause issues: EntryNotFound (FileSystemError): Error: ENOENT: no such file or directory, stat '/test/out/webview'
2026-02-14T07:16:17.5671959Z 	at Lr.e (file:///home/runner/work/interactive-markdown-table-editor/interactive-markdown-table-editor/.vscode-test/vscode-linux-x64-1.109.3/resources/app/out/vs/workbench/api/node/extensionHostProcess.js:116:18080)
2026-02-14T07:16:17.5675276Z 	at Object.stat (file:///home/runner/work/interactive-markdown-table-editor/interactive-markdown-table-editor/.vscode-test/vscode-linux-x64-1.109.3/resources/app/out/vs/workbench/api/node/extensionHostProcess.js:116:16027)
2026-02-14T07:16:17.5678671Z 	at async WebviewManager.initializeAsync (/home/runner/work/interactive-markdown-table-editor/interactive-markdown-table-editor/out/src/webviewManager.js:110:17)
2026-02-14T07:16:17.5680923Z 	at async WebviewManager.ensureInitialized (/home/runner/work/interactive-markdown-table-editor/interactive-markdown-table-editor/out/src/webviewManager.js:138:13)
2026-02-14T07:16:17.5683102Z 	at async WebviewManager._createTableEditorPanel (/home/runner/work/interactive-markdown-table-editor/interactive-markdown-table-editor/out/src/webviewManager.js:367:9)
2026-02-14T07:16:17.5685728Z 	at async WebviewManager.createTableEditorPanel (/home/runner/work/interactive-markdown-table-editor/interactive-markdown-table-editor/out/src/webviewManager.js:350:16)
2026-02-14T07:16:17.5688000Z 	at async /home/runner/work/interactive-markdown-table-editor/interactive-markdown-table-editor/out/test/unit/webviewManager.test.js:2768:21
2026-02-14T07:16:17.5689095Z 	at async waitForActual (node:assert:644:5)
2026-02-14T07:16:17.5689610Z 	at async Object.rejects (node:assert:767:25)
2026-02-14T07:16:17.5690942Z 	at async Context.<anonymous> (/home/runner/work/interactive-markdown-table-editor/interactive-markdown-table-editor/out/test/unit/webviewManager.test.js:2767:17)
2026-02-14T07:16:17.5732828Z WebviewManager: React build index.html verified
2026-02-14T07:16:17.5739255Z WebviewManager: Async initialization completed
2026-02-14T07:16:17.5745361Z WebviewManager: React build index.html not found: EntryNotFound (FileSystemError): Error: ENOENT: no such file or directory, stat '/test/out/webview/index.html'
2026-02-14T07:16:17.5758581Z 	at Lr.e (file:///home/runner/work/interactive-markdown-table-editor/interactive-markdown-table-editor/.vscode-test/vscode-linux-x64-1.109.3/resources/app/out/vs/workbench/api/node/extensionHostProcess.js:116:18080)
2026-02-14T07:16:17.5788674Z 	at Object.stat (file:///home/runner/work/interactive-markdown-table-editor/interactive-markdown-table-editor/.vscode-test/vscode-linux-x64-1.109.3/resources/app/out/vs/workbench/api/node/extensionHostProcess.js:116:16027)
2026-02-14T07:16:17.5791395Z 	at async WebviewManager.initializeAsync (/home/runner/work/interactive-markdown-table-editor/interactive-markdown-table-editor/out/src/webviewManager.js:119:17)
2026-02-14T07:16:17.5796879Z WebviewManager: Async initialization completed
2026-02-14T07:16:17.5797450Z WebviewManager: Async initialization completed
2026-02-14T07:16:17.5798717Z WebviewManager: React build index.html not found: EntryNotFound (FileSystemError): Error: ENOENT: no such file or directory, stat '/test/out/webview/index.html'
2026-02-14T07:16:17.5800990Z 	at Lr.e (file